mu_drc.c:789:13:MGC_AidlBdisTimeout	0	static
mu_drc.c:843:13:MGC_HostResetStart	24	static
mu_drc.c:980:13:MGC_SetHnpSupportIrpComplete	0	static
mu_drc.c:1005:13:MGC_RemoveSuspend	0	static
mu_drc.c:1165:13:MGC_DrcCompleteResume	24	static
mu_drc.c:642:13:MGC_DrcFlushAll	48	static
mu_drc.c:986:13:MGC_SetHnpEnableIrpComplete	24	static
mu_drc.c:864:13:MGC_HostResetComplete	24	static
mu_drc.c:119:9:MGC_DrcInit	112	static
mu_drc.c:307:23:MGC_DrcBindEndpoint	64	static
mu_drc.c:600:10:MGC_DrcResetPort	16	static
mu_drc.c:1017:6:MGC_DrcChangeOtgState	32	static
mu_drc.c:688:6:MGC_DrcOtgTimer	16	static
mu_drc.c:956:13:MGC_BAase0BrstTimeout	16	static
mu_drc.c:817:13:MGC_WaitSessReqTimeout	16	static
mu_drc.c:1859:13:MGC_OtgStateGetId	16	static
mu_drc.c:1147:6:MGC_CompleteOtgTransition	4	static
mu_drc.c:1205:9:MGC_DrcUsbIsr	48	static
mu_drc.c:199:5:MGC_DrcIsr	64	static
mu_drc.c:1353:6:MGC_DrcBsr	48	static
mu_drc.c:1645:9:MGC_DrcServiceHostDefault	32	static
mu_drc.c:423:9:MGC_DrcServiceDefaultEnd	48	static
mu_drc.c:1818:6:MGC_DrcFinishResume	16	static
mu_drc.c:1836:10:MGC_DrcSetHostPower	16	static
mu_drc.c:1899:16:MUSB_RegisterOtgClient	16	static
mu_drc.c:1959:6:MUSB_RelinquishHost	24	static
mu_drc.c:1760:9:MGC_DrcAcceptDevice	16	static
mu_drc.c:1984:9:MUSB_RequestBus	8	static
mu_drc.c:2007:5:MGC_DrcDumpPipe	0	static
