mu_mbot.c:458:16:MGC_BotProtocolStopDevice	0	static
mu_mbot.c:638:13:MGC_BotProtocolSetFormatProgress	0	static
mu_mbot.c:1049:13:MGC_MsdBotMountComplete	0	static
mu_mbot.c:1096:13:MGC_MsdBotDataTransferComplete	0	static
mu_mbot.c:1189:23:MGC_MsdBotFlushDevice	8	static
mu_mbot.c:1209:23:MGC_MsdBotFormatMedium	16	static
mu_mbot.c:1231:16:MGC_MsdBotGetFormatProgress	0	static
mu_mbot.c:1238:23:MGC_MsdBotAbortFormat	8	static
mu_mbot.c:1254:23:MGC_MsdBotUnmountVolume	8	static
mu_mbot.c:1274:23:MGC_MsdBotCheckMedium	8	static
mu_mbot.c:1293:23:MGC_MsdBotCheckMediumNotify	8	static
mu_mbot.c:554:16:MGC_BotProtocolSetMediumInfo	8	static
mu_mbot.c:1085:23:MGC_MsdBotGetMediumInfo	8	static
mu_mbot.c:516:16:MGC_BotProtocolSetDeviceInfo	16	static
mu_mbot.c:568:13:MGC_BotProtocolSetReady	16	static
mu_mbot.c:465:16:MGC_BotProtocolSendCmd	32	static
mu_mbot.c:1147:23:MGC_MsdBotWriteDevice	72	static
mu_mbot.c:1112:23:MGC_MsdBotReadDevice	72	static
mu_mbot.c:679:6:MGC_BotControlIrpComplete	64	static
mu_mbot.c:1059:23:MGC_MsdBotMountVolume	24	static
mu_mbot.c:433:16:MGC_BotProtocolStartDevice	16	static
mu_mbot.c:387:16:MGC_MsdBotReset.part.2	8	static
mu_mbot.c:833:13:MGC_BotCbwComplete	0	static
mu_mbot.c:952:13:MGC_BotCswComplete	32	static
mu_mbot.c:878:13:MGC_BotDataComplete	32	static
mu_mbot.c:272:18:MGC_CreateBotInstance	72	static
mu_mbot.c:357:6:MGC_DestroyBotInstance	24	static
