spi_flash.c:18:5:sf_set_controller	16	static
spi_flash.c:27:12:sf_read_write	48	static
spi_flash.c:56:12:sf_cmd_read	32	static
spi_flash.c:61:12:sf_cmd_write	32	static
spi_flash.c:66:12:sf_cmd	32	static
spi_flash.c:72:12:get_feature	32	static
spi_flash.c:87:12:set_feature	32	static
spi_flash.c:103:12:read_sr	32	static
spi_flash.c:118:12:read_fsr	32	static
spi_flash.c:132:12:sf_sr_ready	16	static
spi_flash.c:144:12:sf_fsr_ready	16	static
spi_flash.c:156:12:sf_ready	24	static
spi_flash.c:197:12:sf_cmd_wait_ready	24	static
spi_flash.c:222:19:sf_cmd_write_enable	8	static
spi_flash.c:227:12:sf_write_common	40	static
spi_flash.c:258:12:read_cr	32	static
spi_flash.c:273:12:write_cr	32	static
spi_flash.c:294:12:spansion_quad_enable	16	static
spi_flash.c:320:12:mx_disable_wp	16	static
spi_flash.c:336:12:mx_quad_enable	16	static
spi_flash.c:354:13:sf_addr	16	static
spi_flash.c:361:13:sf_addr2	16	static
spi_flash.c:368:13:sf_addr_spi_nand	24	static
spi_flash.c:378:5:sf_probe	24	static
spi_flash.c:489:5:sf_read	72	static
spi_flash.c:591:5:sf_write	72	static
spi_flash.c:675:5:sf_erase	48	static
spi_flash.c:741:5:sf_protect	24	static
