io.h:78:20:__raw_writesb	32	static
io.h:86:20:__raw_writesw	32	static
io.h:94:20:__raw_writesl	32	static
io.h:102:20:__raw_readsb	32	static
io.h:109:20:__raw_readsw	32	static
io.h:116:20:__raw_readsl	32	static
dlmalloc.c:1518:7:sbrk	24	static
dlmalloc.c:1538:6:mem_malloc_init	16	static
dlmalloc.c:1666:13:do_check_chunk	24	static
dlmalloc.c:1687:13:do_check_free_chunk	24	static
dlmalloc.c:1720:13:do_check_inuse_chunk	24	static
dlmalloc.c:1752:13:do_check_malloced_chunk	24	static
dlmalloc.c:2000:13:malloc_extend_top	56	static
dlmalloc.c:2174:9:malloc	72	static
dlmalloc.c:2446:6:free	56	static
dlmalloc.c:2584:9:realloc	120	static
dlmalloc.c:2810:9:memalign	56	static
dlmalloc.c:2938:9:valloc	16	static
dlmalloc.c:2953:9:pvalloc	24	static
dlmalloc.c:2969:9:calloc	40	static
dlmalloc.c:3036:6:cfree	16	static
dlmalloc.c:3071:5:malloc_trim	40	static
dlmalloc.c:3140:8:malloc_usable_size	24	static
dlmalloc.c:3167:13:malloc_update_mallinfo	32	static
dlmalloc.c:3224:6:malloc_stats	8	static
dlmalloc.c:3245:17:mallinfo	16	static
dlmalloc.c:3269:5:mallopt	16	static
dlmalloc.c:3294:5:initf_malloc	4	static
