cmd_usb.c:32:14:usb_get_class_desc	16	static
cmd_usb.c:58:13:usb_display_class_sub	16	static
cmd_usb.c:140:13:usb_display_string	312	static
cmd_usb.c:150:13:usb_display_desc	32	static
cmd_usb.c:184:13:usb_display_conf_desc	24	static
cmd_usb.c:199:13:usb_display_if_desc	16	static
cmd_usb.c:216:13:usb_display_ep_desc	24	static
cmd_usb.c:241:13:usb_display_config	40	static
cmd_usb.c:266:27:usb_find_device	24	static
cmd_usb.c:339:13:usb_show_tree_graph	48	static
cmd_usb.c:432:13:usb_show_subtree	48	static
cmd_usb.c:440:6:usb_show_tree	16	static
cmd_usb.c:471:12:usb_test	56	static
cmd_usb.c:536:12:do_usbboot	24	static
cmd_usb.c:543:12:do_usb_stop_keyboard	16	static
cmd_usb.c:554:13:do_usb_start	8	static
cmd_usb.c:623:5:do_usb	96	static
