musb_gadget.c:172:6:musb_g_giveback	64	static
musb_gadget.c:213:13:nuke	40	static
musb_gadget.c:314:13:txstate	96	static
musb_gadget.c:486:6:musb_g_tx	176	static
musb_gadget.c:635:13:rxstate	88	static
musb_gadget.c:905:6:musb_g_rx	152	static
musb_gadget.c:1027:12:musb_gadget_enable	280	static
musb_gadget.c:1212:12:musb_gadget_disable	136	static
musb_gadget.c:1263:21:musb_alloc_request	48	static
musb_gadget.c:1286:6:musb_free_request	32	static
musb_gadget.c:1303:6:musb_ep_restart	32	static
musb_gadget.c:1316:12:musb_gadget_queue	96	static
musb_gadget.c:1371:12:musb_gadget_dequeue	80	static
musb_gadget.c:1428:12:musb_gadget_set_halt	136	static
musb_gadget.c:1527:12:musb_gadget_fifo_status	72	static
musb_gadget.c:1550:13:musb_gadget_fifo_flush	168	static
musb_gadget.c:1612:12:musb_gadget_get_frame	40	static
musb_gadget.c:1619:12:musb_gadget_wakeup	16	static
musb_gadget.c:1698:1:musb_gadget_set_self_powered	32	static
musb_gadget.c:1706:13:musb_pullup	40	static
musb_gadget.c:1737:12:musb_gadget_vbus_draw	16	static
musb_gadget.c:1750:12:musb_gadget_pullup	32	static
musb_gadget.c:1813:1:init_peripheral_ep	56	static
musb_gadget.c:1882:15:musb_gadget_setup	48	static
musb_gadget.c:1936:6:musb_gadget_cleanup	16	static
musb_gadget.c:1960:5:musb_gadget_start	40	static
musb_gadget.c:2042:13:stop_activity	40	static
musb_gadget.c:2139:6:musb_g_resume	16	static
musb_gadget.c:2163:6:musb_g_suspend	16	static
musb_gadget.c:2195:6:musb_g_wakeup	16	static
musb_gadget.c:2201:6:musb_g_disconnect	48	static
musb_gadget.c:2248:6:musb_g_reset	48	static
