f_mass_storage.c:509:13:bulk_in_complete	16	static
f_mass_storage.c:526:13:bulk_out_complete	16	static
f_mass_storage.c:2190:12:do_set_interface	48	static
f_mass_storage.c:2281:12:fsg_set_alt	0	static
f_mass_storage.c:2289:13:fsg_disable	0	static
f_mass_storage.c:549:12:fsg_setup	16	static
f_mass_storage.c:1398:12:halt_bulk_in_endpoint.isra.14	8	static
f_mass_storage.c:667:12:sleep_thread.isra.17	24	static
f_mass_storage.c:703:12:do_read	48	static
f_mass_storage.c:830:12:do_write	72	static
f_mass_storage.c:1617:12:send_status	24	static
f_mass_storage.c:2298:13:handle_exception	24	static
f_mass_storage.c:2570:13:fsg_common_release	32	static
f_mass_storage.c:2656:13:fsg_unbind	24	static
f_mass_storage.c:1677:12:check_command.isra.18	48	static
f_mass_storage.c:1249:12:do_mode_sense.isra.20	40	static
f_mass_storage.c:2767:5:fsg_add	64	static
f_mass_storage.c:287:13:set_bit	0	static
f_mass_storage.c:297:13:clear_bit	0	static
f_mass_storage.c:2406:5:fsg_main_thread	64	static
f_mass_storage.c:2620:1:usb_copy_descriptors	24	static
f_mass_storage.c:2673:12:fsg_bind	16	static
f_mass_storage.c:2785:5:fsg_init	0	static
