composite.c:248:12:count_configs	0	static
composite.c:686:13:composite_setup_complete	0	static
composite.c:910:13:composite_disconnect	16	static
composite.c:1013:1:composite_suspend	16	static
composite.c:1032:1:composite_resume	16	static
g_dnl.c:93:12:g_dnl_unbind	8	static
composite.c:504:12:lookup_string	24	static
composite.c:920:13:composite_unbind	48	static
composite.c:967:12:composite_bind	32	static
g_dnl.c:116:12:g_dnl_do_config	24	static
composite.c:701:1:composite_setup	56	static
composite.c:33:5:usb_add_function	16	static
composite.c:88:5:usb_function_deactivate	8	static
composite.c:111:5:usb_function_activate	0	static
composite.c:150:5:usb_interface_id	0	static
composite.c:417:5:usb_add_config	24	static
composite.c:611:5:usb_string_id	0	static
composite.c:641:5:usb_string_ids_tab	0	static
composite.c:675:5:usb_string_ids_n	0	static
composite.c:1079:5:usb_composite_register	8	static
composite.c:1104:6:usb_composite_unregister	8	static
g_dnl.c:50:6:g_dnl_set_serialnumber	8	static
g_dnl.c:151:5:board_usb_init	0	static
g_dnl.c:157:5:board_usb_cleanup	0	static
g_dnl.c:163:5:g_dnl_bind_fixup	0	static
g_dnl.c:168:12:g_dnl_get_board_bcd_device_number	0	static
g_dnl.c:207:12:g_dnl_bind	24	static
g_dnl.c:173:12:g_dnl_board_usb_cable_connected	0	static
g_dnl.c:180:6:g_dnl_detach	0	static
g_dnl.c:185:6:g_dnl_trigger_detach	0	static
g_dnl.c:190:6:g_dnl_clear_detach	0	static
g_dnl.c:275:5:g_dnl_register	8	static
g_dnl.c:290:6:g_dnl_unregister	8	static
