musb_core.c:716:1:fifo_setup	28	static
musb_core.c:101:5:musb_ulpi_read	0	static
musb_core.c:145:5:musb_ulpi_write	4	static
musb_core.c:190:6:musb_write_fifo	4	static
musb_core.c:232:6:musb_read_fifo	4	static
musb_core.c:292:6:musb_load_testpacket	8	static
musb_core.c:479:5:musb_start	16	static
musb_core.c:571:6:musb_stop	16	static
musb_core.c:1072:13:musb_interrupt	32	static
musb_core.c:1044:20:generic_interrupt	8	static
musb_core.c:1245:6:musb_free	0	static
musb_core.c:1277:1:musb_init_controller	184	static
