musb_uboot.c:22:13:musb_host_complete_urb	0	static
musb_uboot.c:28:13:construct_urb	40	static
musb_uboot.c:190:12:_musb_reset_root_port.isra.1	16	static
musb_uboot.c:59:12:submit_urb.constprop	24	static
musb_uboot.c:214:5:musb_lowlevel_init	24	static
musb_uboot.c:248:5:usb_lowlevel_stop	8	static
musb_uboot.c:259:5:submit_bulk_msg	32	static
musb_uboot.c:265:5:submit_control_msg	40	static
musb_uboot.c:271:5:submit_int_msg	32	static
musb_uboot.c:277:19:create_int_queue	72	static
musb_uboot.c:285:7:poll_int_queue	8	static
musb_uboot.c:290:5:destroy_int_queue	16	static
musb_uboot.c:295:5:usb_reset_root_port	0	static
musb_uboot.c:300:5:usb_lowlevel_init	0	static
musb_uboot.c:308:5:usb_gadget_handle_interrupts	0	static
musb_uboot.c:317:5:usb_gadget_register_driver	16	static
musb_uboot.c:347:5:usb_gadget_unregister_driver	8	static
musb_uboot.c:356:5:musb_register	8	static
musb_uboot.c:385:6:musb_unregister	8	static
