musb_gadget.c:1027:12:musb_gadget_enable	24	static
musb_gadget.c:1527:12:musb_gadget_fifo_status	0	static
musb_gadget.c:1550:13:musb_gadget_fifo_flush	4	static
musb_gadget.c:1612:12:musb_gadget_get_frame	0	static
musb_gadget.c:1619:12:musb_gadget_wakeup	0	static
musb_gadget.c:1698:1:musb_gadget_set_self_powered	0	static
musb_gadget.c:1739:12:musb_gadget_vbus_draw	0	static
musb_gadget.c:314:13:txstate	24	static
musb_gadget.c:1263:21:musb_alloc_request	16	static
musb_gadget.c:1286:6:musb_free_request	0	static
musb_gadget.c:1815:1:init_peripheral_ep	32	static
musb_gadget.c:1752:12:musb_gadget_pullup	16	static
musb_gadget.c:172:6:musb_g_giveback	16	static
musb_gadget.c:635:13:rxstate	32	static
musb_gadget.c:1371:12:musb_gadget_dequeue	8	static
musb_gadget.c:1212:12:musb_gadget_disable	16	static
musb_gadget.c:486:6:musb_g_tx	24	static
musb_gadget.c:905:6:musb_g_rx	8	static
musb_gadget.c:1303:6:musb_ep_restart	0	static
musb_gadget.c:1428:12:musb_gadget_set_halt	16	static
musb_gadget.c:1316:12:musb_gadget_queue	16	static
musb_gadget.c:1884:15:musb_gadget_setup	16	static
musb_gadget.c:1938:6:musb_gadget_cleanup	0	static
musb_gadget.c:1962:5:musb_gadget_start	8	static
musb_gadget.c:2141:6:musb_g_resume	0	static
musb_gadget.c:2165:6:musb_g_suspend	0	static
musb_gadget.c:2197:6:musb_g_wakeup	0	static
musb_gadget.c:2203:6:musb_g_disconnect	48	static
musb_gadget.c:2250:6:musb_g_reset	16	static
