rndis.c:1248:22:rndis_add_response	16	static
rndis.c:983:5:rndis_signal_connect	16	static
rndis.c:991:5:rndis_signal_disconnect	0	static
rndis.c:1019:6:rndis_set_host_mac	0	static
rndis.c:1024:18:rndis_get_state	0	static
rndis.c:1034:5:rndis_msg_parser	24	static
rndis.c:1127:5:rndis_register	0	static
rndis.c:1144:6:rndis_deregister	0	static
rndis.c:1155:5:rndis_set_param_dev	0	static
rndis.c:1172:5:rndis_set_param_vendor	0	static
rndis.c:1186:5:rndis_set_param_medium	0	static
rndis.c:1198:6:rndis_add_hdr	16	static
rndis.c:1210:6:rndis_free_response	32	static
rndis.c:1004:6:rndis_uninit	24	static
rndis.c:1226:5:rndis_get_next_response	0	static
rndis.c:1266:5:rndis_rm_hdr	8	static
rndis.c:1295:5:rndis_init	0	static
rndis.c:1311:6:rndis_exit	0	static
