mini-gmp.c:1108:1:mpn_base_power_of_two_p	0	static
mini-gmp.c:1274:1:mpn_set_str_bits	20	static
mini-gmp.c:3822:1:gmp_popcount_limb	8	static
mini-gmp.c:279:1:gmp_default_free	0	static
mini-gmp.c:245:1:gmp_die	8	static
mini-gmp.c:266:1:gmp_default_realloc	8	static
mini-gmp.c:666:1:mpn_common_scan	8	static
mini-gmp.c:1189:1:mpn_limb_get_str	40	static
mini-gmp.c:330:1:gmp_xrealloc_limbs	8	static
mini-gmp.c:2653:1:mpn_gcd_11	8	static
mini-gmp.c:2354:1:mpz_div_r_2exp	48	static
mini-gmp.c:1148:1:mpn_limb_size_in_base_2	8	static
mini-gmp.c:1158:1:mpn_get_str_bits	32	static
mini-gmp.c:252:1:gmp_default_alloc	8	static
mini-gmp.c:396:1:mpn_add_1.part.3	8	static
mini-gmp.c:3506:1:mpz_abs_add_bit	32	static
mini-gmp.c:1823:1:mpz_abs_add_ui.isra.4	32	static
mini-gmp.c:447:1:mpn_sub_1.part.6	8	static
mini-gmp.c:1848:1:mpz_abs_sub_ui.isra.7	24	static
mini-gmp.c:3547:1:mpz_abs_sub_bit.isra.8	16	static
mini-gmp.c:1575:1:mpz_set_d.part.20	48	static
mini-gmp.c:289:1:mp_get_memory_functions	0	static
mini-gmp.c:304:1:mp_set_memory_functions	12	static
mini-gmp.c:340:1:mpn_copyi	0	static
mini-gmp.c:348:1:mpn_copyd	0	static
mini-gmp.c:355:1:mpn_cmp	0	static
mini-gmp.c:383:1:mpn_zero_p	0	static
mini-gmp.c:389:1:mpn_zero	0	static
mini-gmp.c:396:1:mpn_add_1	8	static
mini-gmp.c:415:1:mpn_add_n	8	static
mini-gmp.c:434:1:mpn_add	24	static
mini-gmp.c:1898:1:mpz_abs_add	40	static
mini-gmp.c:447:1:mpn_sub_1	8	static
mini-gmp.c:468:1:mpn_sub_n	12	static
mini-gmp.c:486:1:mpn_sub	32	static
mini-gmp.c:1920:1:mpz_abs_sub.isra.10	40	static
mini-gmp.c:499:1:mpn_mul_1	24	static
mini-gmp.c:1305:1:mpn_set_str_other	40	static
mini-gmp.c:522:1:mpn_addmul_1	24	static
mini-gmp.c:548:1:mpn_submul_1	32	static
mini-gmp.c:574:1:mpn_mul	32	static
mini-gmp.c:597:1:mpn_mul_n	16	static
mini-gmp.c:603:1:mpn_sqr	16	static
mini-gmp.c:609:1:mpn_lshift	24	static
mini-gmp.c:861:1:mpn_div_qr_1_preinv	48	static
mini-gmp.c:639:1:mpn_rshift	24	static
mini-gmp.c:1051:1:mpn_div_qr_preinv	88	static
mini-gmp.c:686:1:mpn_scan1	16	static
mini-gmp.c:696:1:mpn_scan0	16	static
mini-gmp.c:708:1:mpn_invert_3by2	16	static
mini-gmp.c:797:1:mpn_div_qr_1_invert	8	static
mini-gmp.c:1210:1:mpn_get_str_other	64	static
mini-gmp.c:894:1:mpn_div_qr_1	40	static
mini-gmp.c:2507:1:mpz_div_qr_ui.isra.18	32	static
mini-gmp.c:828:1:mpn_div_qr_invert	8	static
mini-gmp.c:1254:1:mpn_get_str	24	static
mini-gmp.c:1341:1:mpn_set_str	32	static
mini-gmp.c:1363:1:mpz_init	8	static
mini-gmp.c:1373:1:mpz_init2	8	static
mini-gmp.c:1386:1:mpz_clear	8	static
mini-gmp.c:1414:1:mpz_set_si	0	static
mini-gmp.c:1426:1:mpz_set_ui	0	static
mini-gmp.c:1438:1:mpz_set	24	static
mini-gmp.c:1455:1:mpz_init_set_si	16	static
mini-gmp.c:1462:1:mpz_init_set_ui	16	static
mini-gmp.c:1469:1:mpz_init_set	16	static
mini-gmp.c:1476:1:mpz_fits_slong_p	0	static
mini-gmp.c:1489:1:mpz_fits_ulong_p	0	static
mini-gmp.c:1497:1:mpz_get_si	0	static
mini-gmp.c:1510:1:mpz_get_ui	0	static
mini-gmp.c:1516:1:mpz_size	0	static
mini-gmp.c:1522:1:mpz_getlimbn	0	static
mini-gmp.c:1531:1:mpz_realloc2	16	static
mini-gmp.c:1537:1:mpz_limbs_read	0	static
mini-gmp.c:1543:1:mpz_limbs_modify	16	static
mini-gmp.c:1550:1:mpz_limbs_write	0	static
mini-gmp.c:1556:1:mpz_limbs_finish	4	static
mini-gmp.c:1564:1:mpz_roinit_n	4	static
mini-gmp.c:1575:1:mpz_set_d	16	static
mini-gmp.c:1626:1:mpz_init_set_d	16	static
mini-gmp.c:1633:1:mpz_get_d	24	static
mini-gmp.c:1655:1:mpz_cmpabs_d	32	static
mini-gmp.c:1696:1:mpz_cmp_d	16	static
mini-gmp.c:1717:1:mpz_sgn	0	static
mini-gmp.c:1725:1:mpz_cmp_si	0	static
mini-gmp.c:1746:1:mpz_cmp_ui	0	static
mini-gmp.c:1762:1:mpz_cmp	0	static
mini-gmp.c:1776:1:mpz_cmpabs_ui	0	static
mini-gmp.c:1790:1:mpz_cmpabs	0	static
mini-gmp.c:1797:1:mpz_abs	8	static
mini-gmp.c:1804:1:mpz_neg	8	static
mini-gmp.c:1811:1:mpz_swap	12	static
mini-gmp.c:1871:1:mpz_add_ui	8	static
mini-gmp.c:2299:1:mpz_div_q_2exp.isra.21	48	static
mini-gmp.c:2719:1:mpz_make_odd	32	static
mini-gmp.c:1880:1:mpz_sub_ui	8	static
mini-gmp.c:1889:1:mpz_ui_sub	8	static
mini-gmp.c:1945:1:mpz_add	24	static
mini-gmp.c:1958:1:mpz_sub	24	static
mini-gmp.c:2127:1:mpz_div_qr	112	static
mini-gmp.c:1985:1:mpz_mul_ui	40	static
mini-gmp.c:1973:1:mpz_mul_si	8	static
mini-gmp.c:2010:1:mpz_mul	56	static
mini-gmp.c:2048:1:mpz_mul_2exp	48	static
mini-gmp.c:2082:1:mpz_addmul_ui	40	static
mini-gmp.c:2092:1:mpz_submul_ui	40	static
mini-gmp.c:2102:1:mpz_addmul	40	static
mini-gmp.c:2112:1:mpz_submul	40	static
mini-gmp.c:2239:1:mpz_cdiv_qr	16	static
mini-gmp.c:2245:1:mpz_fdiv_qr	16	static
mini-gmp.c:2251:1:mpz_tdiv_qr	16	static
mini-gmp.c:2257:1:mpz_cdiv_q	16	static
mini-gmp.c:2263:1:mpz_fdiv_q	16	static
mini-gmp.c:2269:1:mpz_tdiv_q	16	static
mini-gmp.c:2275:1:mpz_cdiv_r	16	static
mini-gmp.c:2281:1:mpz_fdiv_r	16	static
mini-gmp.c:2287:1:mpz_tdiv_r	16	static
mini-gmp.c:2293:1:mpz_mod	16	static
mini-gmp.c:2441:1:mpz_cdiv_q_2exp	16	static
mini-gmp.c:2447:1:mpz_fdiv_q_2exp	16	static
mini-gmp.c:2453:1:mpz_tdiv_q_2exp	16	static
mini-gmp.c:2459:1:mpz_cdiv_r_2exp	0	static
mini-gmp.c:2465:1:mpz_fdiv_r_2exp	0	static
mini-gmp.c:2471:1:mpz_tdiv_r_2exp	0	static
mini-gmp.c:2477:1:mpz_divexact	16	static
mini-gmp.c:2483:1:mpz_divisible_p	16	static
mini-gmp.c:2489:1:mpz_congruent_p	48	static
mini-gmp.c:2563:1:mpz_cdiv_qr_ui	16	static
mini-gmp.c:2569:1:mpz_fdiv_qr_ui	16	static
mini-gmp.c:2575:1:mpz_tdiv_qr_ui	16	static
mini-gmp.c:2581:1:mpz_cdiv_q_ui	16	static
mini-gmp.c:2587:1:mpz_fdiv_q_ui	16	static
mini-gmp.c:2593:1:mpz_tdiv_q_ui	16	static
mini-gmp.c:2599:1:mpz_cdiv_r_ui	16	static
mini-gmp.c:2609:1:mpz_tdiv_r_ui	16	static
mini-gmp.c:2615:1:mpz_cdiv_ui	16	static
mini-gmp.c:2621:1:mpz_fdiv_ui	16	static
mini-gmp.c:2627:1:mpz_tdiv_ui	16	static
mini-gmp.c:2633:1:mpz_mod_ui	16	static
mini-gmp.c:2604:1:mpz_fdiv_r_ui	0	static
mini-gmp.c:2639:1:mpz_divexact_ui	16	static
mini-gmp.c:2645:1:mpz_divisible_ui_p	16	static
mini-gmp.c:2696:1:mpz_gcd_ui	16	static
mini-gmp.c:2732:1:mpz_gcd	64	static
mini-gmp.c:2977:1:mpz_lcm	40	static
mini-gmp.c:2998:1:mpz_lcm_ui	16	static
mini-gmp.c:3048:1:mpz_pow_ui	48	static
mini-gmp.c:3069:1:mpz_ui_pow_ui	32	static
mini-gmp.c:3324:1:mpz_fac_ui	16	static
mini-gmp.c:3332:1:mpz_bin_uiui	40	static
mini-gmp.c:3473:1:mpz_tstbit	4	static
mini-gmp.c:3568:1:mpz_setbit	16	static
mini-gmp.c:2795:1:mpz_gcdext	128	static
mini-gmp.c:3013:1:mpz_invert	64	static
mini-gmp.c:3076:1:mpz_powm	112	static
mini-gmp.c:3181:1:mpz_powm_ui	32	static
mini-gmp.c:3580:1:mpz_clrbit	16	static
mini-gmp.c:3592:1:mpz_combit	16	static
mini-gmp.c:3601:1:mpz_com	8	static
mini-gmp.c:3608:1:mpz_and	64	static
mini-gmp.c:3680:1:mpz_ior	64	static
mini-gmp.c:3753:1:mpz_xor	64	static
mini-gmp.c:3839:1:mpn_popcount	24	static
mini-gmp.c:3851:1:mpz_popcount	24	static
mini-gmp.c:3864:1:mpz_hamdist	48	static
mini-gmp.c:3915:1:mpz_scan1	24	static
mini-gmp.c:3387:1:mpz_probab_prime_p	80	static
mini-gmp.c:3951:1:mpz_scan0	32	static
mini-gmp.c:3983:1:mpz_sizeinbase	40	static
mini-gmp.c:3189:1:mpz_rootrem	96	static
mini-gmp.c:3253:1:mpz_root	40	static
mini-gmp.c:3280:1:mpz_perfect_square_p	0	static
mini-gmp.c:3289:1:mpn_perfect_square_p	24	static
mini-gmp.c:3268:1:mpz_sqrtrem	0	static
mini-gmp.c:3274:1:mpz_sqrt	0	static
mini-gmp.c:3299:1:mpn_sqrtrem	80	static
mini-gmp.c:4036:1:mpz_get_str	56	static
mini-gmp.c:4101:1:mpz_set_str	48	static
mini-gmp.c:4193:1:mpz_init_set_str	16	static
mini-gmp.c:4200:1:mpz_out_str	16	static
mini-gmp.c:4223:1:mpz_import	48	static
mini-gmp.c:4291:1:mpz_export	56	static
