pka_desc.c:39:6:pka_init_params	8	static
pka_desc.c:47:6:pka_clear_params	8	static
pka_desc.c:55:6:pka_montg_comp_cached	24	static
pka_desc.c:94:6:pka_set_curve_a_b	24	static
pka_desc.c:111:6:pka_set_alg_width	16	static
pka_desc.c:121:6:pka_param_comp_cached	24	static
pka_desc.c:131:12:init	16	static
pka_desc.c:143:13:deinit	16	static
pka_desc.c:150:12:neg	16	static
pka_desc.c:158:12:copy	16	static
pka_desc.c:166:12:init_copy	16	static
pka_desc.c:175:12:set_int	16	static
pka_desc.c:182:22:get_int	16	static
pka_desc.c:188:21:get_digit	16	static
pka_desc.c:194:12:get_digit_count	16	static
pka_desc.c:200:12:compare	24	static
pka_desc.c:215:12:compare_d	24	static
pka_desc.c:229:12:count_bits	16	static
pka_desc.c:235:12:count_lsb_bits	16	static
pka_desc.c:242:12:twoexpt	16	static
pka_desc.c:255:12:read_radix	48	static
pka_desc.c:298:12:write_radix	24	static
pka_desc.c:312:22:unsigned_size	24	static
pka_desc.c:322:12:unsigned_write	32	static
pka_desc.c:331:12:unsigned_read	40	static
pka_desc.c:340:12:add	24	static
pka_desc.c:349:12:addi	24	static
pka_desc.c:358:12:sub	24	static
pka_desc.c:367:12:subi	24	static
pka_desc.c:376:12:mul	24	static
pka_desc.c:385:12:muli	24	static
pka_desc.c:394:12:sqr	16	static
pka_desc.c:403:12:divide	40	static
pka_desc.c:422:12:div_2	16	static
pka_desc.c:431:12:modi	24	static
pka_desc.c:441:12:gcd	24	static
pka_desc.c:451:12:lcm	24	static
pka_desc.c:460:12:addmod	32	static
pka_desc.c:475:12:submod	32	static
pka_desc.c:490:12:mulmod	40	static
pka_desc.c:506:12:sqrmod	40	static
pka_desc.c:522:12:invmod	24	static
pka_desc.c:536:12:montgomery_setup	16	static
pka_desc.c:544:12:montgomery_normalization	16	static
pka_desc.c:552:12:montgomery_reduce	24	static
pka_desc.c:561:13:montgomery_deinit	16	static
pka_desc.c:566:12:exptmod	24	static
pka_desc.c:576:12:isprime	24	static
pka_desc.c:587:12:set_rand	16	static
pka_desc.c:597:12:ecc_mulmod	64	static
pka_desc.c:607:12:ecc_mul2add	72	static
pka_desc.c:620:12:ecc_map	24	static
pka_desc.c:632:12:ecc_add_point	64	static
pka_desc.c:642:12:ecc_dbl_point	48	static
