test_uart.c:1496:12:four_uarts_tx	408	static
test_uart.c:1444:12:console_switch	16	static
test_uart.c:1418:12:uart_cleanup	16	static
test_uart.c:1326:12:uart_reset	24	static
test_uart.c:154:13:uart_generate_random_data	24	static
test_uart.c:818:12:uart_line	24	static
test_uart.c:844:12:uart_line_master	32	static
test_uart.c:684:12:uart_modem	32	static
test_uart.c:404:12:uart_modem_loopback	32	static
test_uart.c:199:12:cmd_help	0	static
test_uart.c:509:6:uart_transfer_int_handler	8	static
test_uart.c:876:6:uart_int_handler	16	static
test_uart.c:1023:6:uart_dma_block_int_handler	32	static
test_uart.c:1103:6:uart_dma_block_echo_int_handler	32	static
test_uart.c:1472:12:uart_reg_dump	32	static
test_uart.c:1389:12:uart_recv	16	static
test_uart.c:35:12:uart_init	48	static
test_uart.c:130:12:uart_cfg	48	static
test_uart.c:340:12:uart_external_loopback	56	static
test_uart.c:271:12:uart_loopback	64	static
test_uart.c:175:12:uart_compare_result.isra.4	24	static
test_uart.c:1193:12:uart_dma_block	56	static
test_uart.c:646:12:uart_echo	16	static
test_uart.c:909:12:uart_int	48	static
test_uart.c:752:12:uart_modem_master	24	static
test_uart.c:618:6:uart_echo_int_handler	72	static
test_uart.c:789:6:uart_line_int_handler	16	static
test_uart.c:580:12:uart_flowctrl	32	static
test_uart.c:529:12:uart_transfer	56	static
test_uart.c:1367:12:uart_send	16	static
test_uart.c:1587:5:uart_test_prepare	16	static
test_uart.c:1681:6:uart_reset_test	24	static
test_uart.c:1724:6:uart_cg_test	24	static
