Archive member included to satisfy reference by file (symbol)

libs/tomcrypt/objs-HC-V2/libtomcrypt.a(aes.o)
                              objs-HC-V2/test_aes.o (aes_desc)
libs/tomcrypt/objs-HC-V2/libtomcrypt.a(ccm_memory.o)
                              objs-HC-V2/test_aes.o (ccm_memory)
libs/tomcrypt/objs-HC-V2/libtomcrypt.a(gcm_memory.o)
                              objs-HC-V2/test_aes.o (gcm_memory)
libs/tomcrypt/objs-HC-V2/libtomcrypt.a(gcm_process.o)
                              libs/tomcrypt/objs-HC-V2/libtomcrypt.a(gcm_memory.o) (gcm_process)
libs/tomcrypt/objs-HC-V2/libtomcrypt.a(sha1.o)
                              objs-HC-V2/test_ecc.o (sha1_desc)
libs/tomcrypt/objs-HC-V2/libtomcrypt.a(sha224.o)
                              objs-HC-V2/test_ecc.o (sha224_desc)
libs/tomcrypt/objs-HC-V2/libtomcrypt.a(sha256.o)
                              objs-HC-V2/test_ecc.o (sha256_desc)
libs/tomcrypt/objs-HC-V2/libtomcrypt.a(sha384.o)
                              objs-HC-V2/test_ecc.o (sha384_desc)
libs/tomcrypt/objs-HC-V2/libtomcrypt.a(sha512.o)
                              objs-HC-V2/test_ecc.o (sha512_desc)
libs/tomcrypt/objs-HC-V2/libtomcrypt.a(omac_memory.o)
                              objs-HC-V2/test_aes.o (omac_memory)
libs/tomcrypt/objs-HC-V2/libtomcrypt.a(omac_init.o)
                              libs/tomcrypt/objs-HC-V2/libtomcrypt.a(omac_memory.o) (omac_init)
libs/tomcrypt/objs-HC-V2/libtomcrypt.a(omac_done.o)
                              libs/tomcrypt/objs-HC-V2/libtomcrypt.a(omac_memory.o) (omac_done)
libs/tomcrypt/objs-HC-V2/libtomcrypt.a(gmp_desc.o)
                              objs-HC-V2/test_ecc.o (gmp_desc)
libs/tomcrypt/objs-HC-V2/libtomcrypt.a(multi.o)
                              objs-HC-V2/test_ecc.o (ltc_init_multi)
libs/tomcrypt/objs-HC-V2/libtomcrypt.a(pka_desc.o)
                              objs-HC-V2/test_ecc.o (pka_set_alg_width)
libs/tomcrypt/objs-HC-V2/libtomcrypt.a(mini-gmp.o)
                              libs/tomcrypt/objs-HC-V2/libtomcrypt.a(gmp_desc.o) (mpz_init)
libs/tomcrypt/objs-HC-V2/libtomcrypt.a(crypt.o)
                              objs-HC-V2/test_ecc.o (crypt_build_settings)
libs/tomcrypt/objs-HC-V2/libtomcrypt.a(crypt_argchk.o)
                              objs-HC-V2/test_ecc.o (crypt_argchk)
libs/tomcrypt/objs-HC-V2/libtomcrypt.a(crypt_cipher_descriptor.o)
                              libs/tomcrypt/objs-HC-V2/libtomcrypt.a(ccm_memory.o) (cipher_descriptor)
libs/tomcrypt/objs-HC-V2/libtomcrypt.a(crypt_cipher_is_valid.o)
                              libs/tomcrypt/objs-HC-V2/libtomcrypt.a(ccm_memory.o) (cipher_is_valid)
libs/tomcrypt/objs-HC-V2/libtomcrypt.a(crypt_find_hash.o)
                              objs-HC-V2/test_ecc.o (find_hash)
libs/tomcrypt/objs-HC-V2/libtomcrypt.a(crypt_find_prng.o)
                              objs-HC-V2/test_ecc.o (find_prng)
libs/tomcrypt/objs-HC-V2/libtomcrypt.a(crypt_hash_descriptor.o)
                              libs/tomcrypt/objs-HC-V2/libtomcrypt.a(crypt_find_hash.o) (hash_descriptor)
libs/tomcrypt/objs-HC-V2/libtomcrypt.a(crypt_ltc_mp_descriptor.o)
                              objs-HC-V2/test_ecc.o (ltc_mp)
libs/tomcrypt/objs-HC-V2/libtomcrypt.a(crypt_prng_descriptor.o)
                              libs/tomcrypt/objs-HC-V2/libtomcrypt.a(crypt_find_prng.o) (prng_descriptor)
libs/tomcrypt/objs-HC-V2/libtomcrypt.a(crypt_register_cipher.o)
                              objs-HC-V2/test_aes.o (register_cipher)
libs/tomcrypt/objs-HC-V2/libtomcrypt.a(crypt_register_hash.o)
                              objs-HC-V2/test_ecc.o (register_hash)
libs/tomcrypt/objs-HC-V2/libtomcrypt.a(crypt_register_prng.o)
                              objs-HC-V2/test_ecc.o (register_prng)
libs/tomcrypt/objs-HC-V2/libtomcrypt.a(crypt_find_cipher.o)
                              objs-HC-V2/test_aes.o (find_cipher)
libs/tomcrypt/objs-HC-V2/libtomcrypt.a(error_to_string.o)
                              objs-HC-V2/test_aes.o (error_to_string)
libs/tomcrypt/objs-HC-V2/libtomcrypt.a(zeromem.o)
                              objs-HC-V2/test_ecc.o (zeromem)
libs/tomcrypt/objs-HC-V2/libtomcrypt.a(mem_neq.o)
                              libs/tomcrypt/objs-HC-V2/libtomcrypt.a(ccm_memory.o) (mem_neq)
libs/tomcrypt/objs-HC-V2/libtomcrypt.a(ecb_decrypt.o)
                              objs-HC-V2/test_aes.o (ecb_decrypt)
libs/tomcrypt/objs-HC-V2/libtomcrypt.a(ecb_encrypt.o)
                              objs-HC-V2/test_aes.o (ecb_encrypt)
libs/tomcrypt/objs-HC-V2/libtomcrypt.a(ecb_start.o)
                              objs-HC-V2/test_aes.o (ecb_start)
libs/tomcrypt/objs-HC-V2/libtomcrypt.a(ecb_done.o)
                              objs-HC-V2/test_aes.o (ecb_done)
libs/tomcrypt/objs-HC-V2/libtomcrypt.a(cbc_decrypt.o)
                              objs-HC-V2/test_aes.o (cbc_decrypt)
libs/tomcrypt/objs-HC-V2/libtomcrypt.a(cbc_encrypt.o)
                              objs-HC-V2/test_aes.o (cbc_encrypt)
libs/tomcrypt/objs-HC-V2/libtomcrypt.a(cbc_start.o)
[...]
Memory Configuration

Name             Origin             Length             Attributes
DDR              0x43f80000         0x04080000         xrw
*default*        0x00000000         0xffffffff

Linker script and memory map

                0x43f80000                ddr_start = 0x43f80000
                0x48000000                ddr_end = 0x48000000
                0x04080000                ddr_size = (ddr_end - ddr_start)

.text           0x43f80000    0xad5b8
                0x43f80000                _text = .
 *(.vectors)
 .vectors       0x43f80000      0x288 objs-HC-V2/start.o
                0x43f80000                _start
                0x43f80020                _undefined_instruction
                0x43f80024                _software_interrupt
                0x43f80028                _prefetch_abort
                0x43f8002c                _data_abort
                0x43f80030                _not_used
                0x43f80034                _irq
                0x43f80038                _fiq
                0x43f800a0                reset
                0x43f801d0                memcpy32_asm
                0x43f801f8                memset32_asm
                0x43f8021c                copy_data
                0x43f80238                clear_bss
 *(.text*)
 .text.cache_enable
                0x43f80288       0x60 objs-HC-V2/main.o
                0x43f80288                cache_enable
 .text.one_device_test
                0x43f802e8       0xfc objs-HC-V2/main.o
                0x43f802e8                one_device_test
 .text.startup.main
                0x43f803e4      0x30c objs-HC-V2/main.o
                0x43f803e4                main
 .text.print_hex_dump
                0x43f806f0      0x104 objs-HC-V2/test_utils.o
                0x43f806f0                print_hex_dump
 .text.dump_memory32
                0x43f807f4       0x98 objs-HC-V2/test_utils.o
                0x43f807f4                dump_memory32
 .text.otp_test_init
                0x43f8088c       0x40 objs-HC-V2/test_otp.o
 .text.otp_int  0x43f808cc      0x138 objs-HC-V2/test_otp.o
 .text.otp_key_dis_chk
                0x43f80a04      0x290 objs-HC-V2/test_otp.o
 .text.otp_key_disable
                0x43f80c94       0x38 objs-HC-V2/test_otp.o
 .text.otp_test
                0x43f80ccc      0x450 objs-HC-V2/test_otp.o
 .text.otp_get_onebyte
                0x43f8111c      0x128 objs-HC-V2/test_otp.o
 .text.otp_set_onebyte
                0x43f81244      0x258 objs-HC-V2/test_otp.o
 .text.otp_get_onebit
                0x43f8149c      0x154 objs-HC-V2/test_otp.o
 .text.otp_set_onebit
                0x43f815f0      0x230 objs-HC-V2/test_otp.o
 .text.otp_secure_show
                0x43f81820      0x3f4 objs-HC-V2/test_otp.o
 .text.cmd_help
                0x43f81c14        0xc objs-HC-V2/test_otp.o
 .text.otp_int_handler
                0x43f81c20       0x50 objs-HC-V2/test_otp.o
                0x43f81c20                otp_int_handler
 .text.otp_config_show
                0x43f81c70      0x370 objs-HC-V2/test_otp.o
 .text.otp_non_secure_show
                0x43f81fe0      0x15c objs-HC-V2/test_otp.o
 .text.otp_reset_test
                0x43f8213c       0x20 objs-HC-V2/test_otp.o
                0x43f8213c                otp_reset_test
 .text.adc_reset_test
                0x43f8215c        0x8 objs-HC-V2/test_adc.o
                0x43f8215c                adc_reset_test
 .text.cmd_help
                0x43f82164        0xc objs-HC-V2/test_aes.o
 .text.aes_print_buffer.part.0
                0x43f82170       0x78 objs-HC-V2/test_aes.o
 .text.aes_print_buffer
                0x43f821e8       0x34 objs-HC-V2/test_aes.o
 .text.aes_test_init
                0x43f8221c       0x50 objs-HC-V2/test_aes.o
                0x43f8221c                aes_test_init
 .text.aes_cmac_multi
                0x43f8226c      0x71c objs-HC-V2/test_aes.o
 .text.aes_gcm_multi
                0x43f82988      0xdd0 objs-HC-V2/test_aes.o
 .text.aes_ccm_multi
                0x43f83758      0xf2c objs-HC-V2/test_aes.o
 .text.aes_ctr_multi
                0x43f84684      0xa68 objs-HC-V2/test_aes.o
 .text.aes_cbc_multi
                0x43f850ec      0xa6c objs-HC-V2/test_aes.o
 .text.aes_ecb_multi
                0x43f85b58      0x958 objs-HC-V2/test_aes.o
 .text.aes_ccm_star
                0x43f864b0     0x14ac objs-HC-V2/test_aes.o
 .text.aes_cmac
                0x43f8795c      0x618 objs-HC-V2/test_aes.o
 .text.aes_gcm_fixdata
                0x43f87f74      0x73c objs-HC-V2/test_aes.o
 .text.aes_gcm  0x43f886b0      0xbbc objs-HC-V2/test_aes.o
 .text.aes_ccm_fixdata
                0x43f8926c      0x6ec objs-HC-V2/test_aes.o
 .text.aes_ccm  0x43f89958      0xc5c objs-HC-V2/test_aes.o
 .text.aes_ctr  0x43f8a5b4      0x944 objs-HC-V2/test_aes.o
 .text.aes_cbc  0x43f8aef8      0xa08 objs-HC-V2/test_aes.o
 .text.aes_ecb  0x43f8b900      0x888 objs-HC-V2/test_aes.o
 .text.KEK_KEY_Generate
                0x43f8c188      0x7d8 objs-HC-V2/test_aes.o
 .text.aes_reset_test
                0x43f8c960       0x98 objs-HC-V2/test_aes.o
                0x43f8c960                aes_reset_test
 .text.cmd_help
                0x43f8c9f8        0xc objs-HC-V2/test_sha.o
 .text.sha_robust
                0x43f8ca04      0x218 objs-HC-V2/test_sha.o
 .text.sha_int  0x43f8cc1c       0xdc objs-HC-V2/test_sha.o
 .text.test_sha256
                0x43f8ccf8      0x1d8 objs-HC-V2/test_sha.o
 .text.test_sha384
                0x43f8ced0      0x1d8 objs-HC-V2/test_sha.o
 .text.sha_int_handler
                0x43f8d0a8       0x3c objs-HC-V2/test_sha.o
                0x43f8d0a8                sha_int_handler
 .text.sha_reset_test
                0x43f8d0e4       0x98 objs-HC-V2/test_sha.o
                0x43f8d0e4                sha_reset_test
 .text.plcrf_spboot_test
                0x43f8d17c      0x3e4 objs-HC-V2/test_ipc.o
 .text.rf_spboot_test
                0x43f8d560      0x23c objs-HC-V2/test_ipc.o
 .text.plc_spboot_test
                0x43f8d79c      0x234 objs-HC-V2/test_ipc.o
 .text.plcrf_boot_test
                0x43f8d9d0      0x36c objs-HC-V2/test_ipc.o
 .text.rf_boot_test
                0x43f8dd3c      0x204 objs-HC-V2/test_ipc.o
 .text.plc_boot_test
                0x43f8df40      0x204 objs-HC-V2/test_ipc.o
 .text.ipc_free_time
                0x43f8e144      0x21c objs-HC-V2/test_ipc.o
 .text.ipc_int  0x43f8e360      0x174 objs-HC-V2/test_ipc.o
 .text.ipc_get_msg
                0x43f8e4d4      0x228 objs-HC-V2/test_ipc.o
 .text.ipc_set_msg
                0x43f8e6fc      0x360 objs-HC-V2/test_ipc.o
 .text.cmd_help
                0x43f8ea5c        0xc objs-HC-V2/test_ipc.o
 .text.a7_ipc_int_rf
                0x43f8ea68       0xb0 objs-HC-V2/test_ipc.o
                0x43f8ea68                a7_ipc_int_rf
 .text.a7_ipc_int_plc
                0x43f8eb18       0xb0 objs-HC-V2/test_ipc.o
                0x43f8eb18                a7_ipc_int_plc
 .text.ipc_test_prepare
                0x43f8ebc8       0xa0 objs-HC-V2/test_ipc.o
                0x43f8ebc8                ipc_test_prepare
 .text.ipc_reset_test
                0x43f8ec68       0xe0 objs-HC-V2/test_ipc.o
                0x43f8ec68                ipc_reset_test
 .text.timer_reload
                0x43f8ed48      0x188 objs-HC-V2/test_timer.o
 .text.cmd_help
                0x43f8eed0        0xc objs-HC-V2/test_timer.o
 .text.timer_int_handler
                0x43f8eedc       0x68 objs-HC-V2/test_timer.o
                0x43f8eedc                timer_int_handler
 .text.timer_int_cmp_handler
                0x43f8ef44       0x78 objs-HC-V2/test_timer.o
                0x43f8ef44                timer_int_cmp_handler
 .text.timer_reg_dump
                0x43f8efbc       0x78 objs-HC-V2/test_timer.o
 .text.timer_pwm
                0x43f8f034      0x29c objs-HC-V2/test_timer.o
 .text.timer_compare
                0x43f8f2d0      0x1fc objs-HC-V2/test_timer.o
 .text.timer_capture_gpio
                0x43f8f4cc      0x2d0 objs-HC-V2/test_timer.o
 .text.timer_capture
                0x43f8f79c      0x27c objs-HC-V2/test_timer.o
 .text.timer_int
                0x43f8fa18      0x1e8 objs-HC-V2/test_timer.o
 .text.timer_div
                0x43f8fc00      0x230 objs-HC-V2/test_timer.o
 .text.timer_check_counter
                0x43f8fe30       0xc4 objs-HC-V2/test_timer.o
 .text.timer_reset
                0x43f8fef4      0x168 objs-HC-V2/test_timer.o
 .text.timer_count_mode
                0x43f9005c      0x214 objs-HC-V2/test_timer.o
 .text.timer_start_stop
                0x43f90270      0x104 objs-HC-V2/test_timer.o
 .text.timer_overflow
                0x43f90374      0x380 objs-HC-V2/test_timer.o
 .text.timer_restore_system.part.8
                0x43f906f4       0x18 objs-HC-V2/test_timer.o
 .text.timer_rtc_capture
                0x43f9070c      0x264 objs-HC-V2/test_timer.o
                0x43f9070c                timer_rtc_capture
 .text.timer_test_cleanup
                0x43f90970       0x58 objs-HC-V2/test_timer.o
                0x43f90970                timer_test_cleanup
 .text.timer_test_prepare
                0x43f909c8       0x14 objs-HC-V2/test_timer.o
                0x43f909c8                timer_test_prepare
 .text.timer_reset_test
                0x43f909dc      0x114 objs-HC-V2/test_timer.o
                0x43f909dc                timer_reset_test
 .text.wdt_reg_dump
                0x43f90af0       0x28 objs-HC-V2/test_wdt.o
 .text.wdt_int  0x43f90b18      0x110 objs-HC-V2/test_wdt.o
 .text.wdt_fly  0x43f90c28      0x124 objs-HC-V2/test_wdt.o
 .text.wdt_div  0x43f90d4c      0x2c0 objs-HC-V2/test_wdt.o
 .text.wdt_reload
                0x43f9100c      0x388 objs-HC-V2/test_wdt.o
 .text.wdt_check_counter
                0x43f91394      0x13c objs-HC-V2/test_wdt.o
 .text.cmd_help
                0x43f914d0        0xc objs-HC-V2/test_wdt.o
 .text.wdt_int_handler
                0x43f914dc       0x40 objs-HC-V2/test_wdt.o
                0x43f914dc                wdt_int_handler
 .text.wdt_interrupt_timeout
                0x43f9151c      0x3b8 objs-HC-V2/test_wdt.o
 .text.wdt_reset
                0x43f918d4      0x20c objs-HC-V2/test_wdt.o
 .text.wdt_start_stop
                0x43f91ae0       0x88 objs-HC-V2/test_wdt.o
 .text.wdt_reset_test
                0x43f91b68       0xcc objs-HC-V2/test_wdt.o
                0x43f91b68                wdt_reset_test
 .text.rtc_set_trim
                0x43f91c34      0x260 objs-HC-V2/test_rtc.o
 .text.rtc_calibration_para_show
                0x43f91e94       0x38 objs-HC-V2/test_rtc.o
 *fill*         0x43f91ecc        0x4 
 .text.rtc_calibrate
                0x43f91ed0      0x2dc objs-HC-V2/test_rtc.o
 .text.cmd_help
                0x43f921ac        0xc objs-HC-V2/test_rtc.o
 .text.display_rtc_time.constprop.4
                0x43f921b8       0xd0 objs-HC-V2/test_rtc.o
 .text.rtc_int_handler
                0x43f92288       0x68 objs-HC-V2/test_rtc.o
                0x43f92288                rtc_int_handler
 .text.rtc_get_mode_hour
                0x43f922f0      0x124 objs-HC-V2/test_rtc.o
                0x43f922f0                rtc_get_mode_hour
 .text.rtc_get_time_robust
                0x43f92414       0xf8 objs-HC-V2/test_rtc.o
 .text.rtc_get_time
                0x43f9250c       0xb8 objs-HC-V2/test_rtc.o
 .text.rtc_set_time
                0x43f925c4      0x1c8 objs-HC-V2/test_rtc.o
 .text.rtc_get_trigger_mode
                0x43f9278c      0x1f0 objs-HC-V2/test_rtc.o
                0x43f9278c                rtc_get_trigger_mode
 .text.rtc_int_for_dsp
                0x43f9297c      0x238 objs-HC-V2/test_rtc.o
 .text.rtc_int  0x43f92bb4      0x2ec objs-HC-V2/test_rtc.o
 .text.rtc_alarm
                0x43f92ea0      0x298 objs-HC-V2/test_rtc.o
 .text.rtc_test_prepare
                0x43f93138       0x24 objs-HC-V2/test_rtc.o
                0x43f93138                rtc_test_prepare
 .text.i2c_int_slave
                0x43f9315c      0x140 objs-HC-V2/test_i2c.o
 .text.i2c_slave
                0x43f9329c      0x150 objs-HC-V2/test_i2c.o
 .text.i2c_int_master
                0x43f933ec      0x22c objs-HC-V2/test_i2c.o
 .text.i2c_real
                0x43f93618      0x350 objs-HC-V2/test_i2c.o
 .text.i2c_robust
                0x43f93968      0x334 objs-HC-V2/test_i2c.o
 .text.i2c_master2
                0x43f93c9c      0x294 objs-HC-V2/test_i2c.o
 .text.i2c_master
                0x43f93f30      0x380 objs-HC-V2/test_i2c.o
 .text.cmd_help
                0x43f942b0        0xc objs-HC-V2/test_i2c.o
 .text.i2c_master_int_test_ISR
                0x43f942bc      0x108 objs-HC-V2/test_i2c.o
                0x43f942bc                i2c_master_int_test_ISR
 .text.i2c_slave_int_test_ISR
                0x43f943c4      0x144 objs-HC-V2/test_i2c.o
                0x43f943c4                i2c_slave_int_test_ISR
 .text.i2c_slave_int_handler
                0x43f94508       0x24 objs-HC-V2/test_i2c.o
                0x43f94508                i2c_slave_int_handler
 .text.i2c_test_prepare
                0x43f9452c      0x13c objs-HC-V2/test_i2c.o
                0x43f9452c                i2c_test_prepare
 .text.i2c_reset_test
                0x43f94668       0xdc objs-HC-V2/test_i2c.o
                0x43f94668                i2c_reset_test
 .text.dma_test_prepare_share_ram
                0x43f94744       0x8c objs-HC-V2/test_dma.o
 .text.dma_prepare_buffer
                0x43f947d0      0x168 objs-HC-V2/test_dma.o
 .text.dma_test_unprepare_share_ram
                0x43f94938       0x38 objs-HC-V2/test_dma.o
 .text.dma_int  0x43f94970      0x3e4 objs-HC-V2/test_dma.o
 .text.cmd_help
                0x43f94d54        0xc objs-HC-V2/test_dma.o
 .text.dma_int_handler
                0x43f94d60      0x258 objs-HC-V2/test_dma.o
                0x43f94d60                dma_int_handler
 .text.dma_check_param_valid.isra.0
                0x43f94fb8      0x120 objs-HC-V2/test_dma.o
 .text.dma_check_buffer_single
                0x43f950d8       0x8c objs-HC-V2/test_dma.o
 .text.dma_check_buffer
                0x43f95164      0x2ec objs-HC-V2/test_dma.o
 .text.dma_mc   0x43f95450      0x424 objs-HC-V2/test_dma.o
 .text.dma_m2m_robust
                0x43f95874      0x3dc objs-HC-V2/test_dma.o
 .text.dma_ch_reset
                0x43f95c50      0x210 objs-HC-V2/test_dma.o
 .text.dma_cfg2
                0x43f95e60      0x968 objs-HC-V2/test_dma.o
 .text.dma_mb   0x43f967c8      0x414 objs-HC-V2/test_dma.o
 .text.dma_cfg  0x43f96bdc      0x45c objs-HC-V2/test_dma.o
 .text.dma_m2m  0x43f97038      0x40c objs-HC-V2/test_dma.o
 .text.dma_test_prepare
                0x43f97444       0xa0 objs-HC-V2/test_dma.o
                0x43f97444                dma_test_prepare
 .text.dma_reset_test
                0x43f974e4       0xc4 objs-HC-V2/test_dma.o
                0x43f974e4                dma_reset_test
 .text.gpio_vec
                0x43f975a8       0x78 objs-HC-V2/test_gpio.o
 .text.cmd_help
                0x43f97620        0xc objs-HC-V2/test_gpio.o
 .text.gpio_int_handler
                0x43f9762c       0xa0 objs-HC-V2/test_gpio.o
                0x43f9762c                gpio_int_handler
 .text.gpio_int_handler_1
                0x43f976cc       0x54 objs-HC-V2/test_gpio.o
                0x43f976cc                gpio_int_handler_1
 .text.gpio_get_port
                0x43f97720      0x108 objs-HC-V2/test_gpio.o
                0x43f97720                gpio_get_port
 .text.gpio_input_pu
                0x43f97828      0x1c4 objs-HC-V2/test_gpio.o
 .text.gpio_output_pu
                0x43f979ec      0x178 objs-HC-V2/test_gpio.o
 .text.gpio_debounce
                0x43f97b64      0x398 objs-HC-V2/test_gpio.o
 .text.gpio_int_type
                0x43f97efc      0x328 objs-HC-V2/test_gpio.o
 .text.gpio_input
                0x43f98224      0x140 objs-HC-V2/test_gpio.o
 .text.gpio_output
                0x43f98364      0x168 objs-HC-V2/test_gpio.o
 .text.gpio_reset_test
                0x43f984cc       0xec objs-HC-V2/test_gpio.o
                0x43f984cc                gpio_reset_test
 .text.cmd_help
                0x43f985b8        0xc objs-HC-V2/test_qspi.o
 .text.qspi_int_handler
                0x43f985c4       0x3c objs-HC-V2/test_qspi.o
                0x43f985c4                qspi_int_handler
 .text.qspi_check_bb
                0x43f98600      0x100 objs-HC-V2/test_qspi.o
 .text.qspi_init_0
                0x43f98700       0xc0 objs-HC-V2/test_qspi.o
                0x43f98700                qspi_init_0
 .text.qspi_detect
                0x43f987c0      0x164 objs-HC-V2/test_qspi.o
                0x43f987c0                qspi_detect
 .text.qspi_init
                0x43f98924      0x1c0 objs-HC-V2/test_qspi.o
 .text.qspi_ecc_test
                0x43f98ae4      0x994 objs-HC-V2/test_qspi.o
 .text.qspi_read_bbt
                0x43f99478      0x104 objs-HC-V2/test_qspi.o
 .text.qspi_write_bbt
                0x43f9957c       0x84 objs-HC-V2/test_qspi.o
 .text.qspi_mark_bb
                0x43f99600       0xcc objs-HC-V2/test_qspi.o
 .text.qspi_scan_bbt
                0x43f996cc      0x104 objs-HC-V2/test_qspi.o
 .text.qspi_erase_all
                0x43f997d0       0xc8 objs-HC-V2/test_qspi.o
 .text.qspi_int
                0x43f99898       0xe4 objs-HC-V2/test_qspi.o
 .text.qspi_mode
                0x43f9997c      0x520 objs-HC-V2/test_qspi.o
 .text.qspi_read
                0x43f99e9c      0x2a8 objs-HC-V2/test_qspi.o
 .text.qspi_write
                0x43f9a144      0x4fc objs-HC-V2/test_qspi.o
 .text.qspi_erase
                0x43f9a640      0x1e0 objs-HC-V2/test_qspi.o
 .text.qspi_probe
                0x43f9a820       0x50 objs-HC-V2/test_qspi.o
 .text.qspi_reset_test
                0x43f9a870       0x98 objs-HC-V2/test_qspi.o
                0x43f9a870                qspi_reset_test
 .text.four_uarts_tx
                0x43f9a908      0x168 objs-HC-V2/test_uart.o
 .text.console_switch
                0x43f9aa70       0xf4 objs-HC-V2/test_uart.o
 .text.uart_cleanup
                0x43f9ab64      0x17c objs-HC-V2/test_uart.o
 .text.uart_reset
                0x43f9ace0      0x10c objs-HC-V2/test_uart.o
 .text.uart_generate_random_data
                0x43f9adec       0x90 objs-HC-V2/test_uart.o
 .text.uart_line
                0x43f9ae7c       0xc8 objs-HC-V2/test_uart.o
 .text.uart_line_master
                0x43f9af44      0x114 objs-HC-V2/test_uart.o
 .text.uart_modem
                0x43f9b058      0x198 objs-HC-V2/test_uart.o
 .text.uart_modem_loopback
                0x43f9b1f0      0x2f8 objs-HC-V2/test_uart.o
 .text.cmd_help
                0x43f9b4e8        0xc objs-HC-V2/test_uart.o
 .text.uart_transfer_int_handler
                0x43f9b4f4       0x4c objs-HC-V2/test_uart.o
                0x43f9b4f4                uart_transfer_int_handler
 .text.uart_int_handler
                0x43f9b540      0x130 objs-HC-V2/test_uart.o
                0x43f9b540                uart_int_handler
 .text.uart_dma_block_int_handler
                0x43f9b670      0x1b4 objs-HC-V2/test_uart.o
                0x43f9b670                uart_dma_block_int_handler
 .text.uart_dma_block_echo_int_handler
                0x43f9b824      0x20c objs-HC-V2/test_uart.o
                0x43f9b824                uart_dma_block_echo_int_handler
 .text.uart_reg_dump
                0x43f9ba30       0x9c objs-HC-V2/test_uart.o
 .text.uart_recv
                0x43f9bacc       0xbc objs-HC-V2/test_uart.o
 .text.uart_init
                0x43f9bb88      0x244 objs-HC-V2/test_uart.o
 .text.uart_cfg
                0x43f9bdcc      0x1bc objs-HC-V2/test_uart.o
 .text.uart_external_loopback
                0x43f9bf88      0x1c0 objs-HC-V2/test_uart.o
 .text.uart_loopback
                0x43f9c148      0x218 objs-HC-V2/test_uart.o
 .text.uart_compare_result.isra.4
                0x43f9c360       0xd8 objs-HC-V2/test_uart.o
 .text.uart_dma_block
                0x43f9c438      0x444 objs-HC-V2/test_uart.o
 .text.uart_echo
                0x43f9c87c       0xf8 objs-HC-V2/test_uart.o
 .text.uart_int
                0x43f9c974      0x3a8 objs-HC-V2/test_uart.o
 .text.uart_modem_master
                0x43f9cd1c      0x1a0 objs-HC-V2/test_uart.o
 .text.uart_echo_int_handler
                0x43f9cebc       0x70 objs-HC-V2/test_uart.o
                0x43f9cebc                uart_echo_int_handler
 .text.uart_line_int_handler
                0x43f9cf2c       0x98 objs-HC-V2/test_uart.o
                0x43f9cf2c                uart_line_int_handler
 .text.uart_flowctrl
                0x43f9cfc4      0x16c objs-HC-V2/test_uart.o
 .text.uart_transfer
                0x43f9d130      0x260 objs-HC-V2/test_uart.o
 .text.uart_send
                0x43f9d390       0x88 objs-HC-V2/test_uart.o
 .text.uart_test_prepare
                0x43f9d418      0x304 objs-HC-V2/test_uart.o
                0x43f9d418                uart_test_prepare
 .text.uart_reset_test
                0x43f9d71c       0xec objs-HC-V2/test_uart.o
                0x43f9d71c                uart_reset_test
 .text.spi_check_data
                0x43f9d808      0x1c8 objs-HC-V2/test_spi.o
 .text.spi_slave_parse_cmd
                0x43f9d9d0      0x11c objs-HC-V2/test_spi.o
 .text.spi_package_xfer
                0x43f9daec       0xc0 objs-HC-V2/test_spi.o
 .text.spi_int  0x43f9dbac      0x3ec objs-HC-V2/test_spi.o
 .text.spi_int_handler
                0x43f9df98       0x6c objs-HC-V2/test_spi.o
 .text.spi_slave_dma_int_handler
                0x43f9e004      0x650 objs-HC-V2/test_spi.o
 .text.cmd_help
                0x43f9e654        0xc objs-HC-V2/test_spi.o
 .text.generate_spi_cmd
                0x43f9e660      0x100 objs-HC-V2/test_spi.o
 .text.spi_test_init
                0x43f9e760      0x108 objs-HC-V2/test_spi.o
 .text.spi_robust
                0x43f9e868      0x2bc objs-HC-V2/test_spi.o
 .text.spi_full_duplex_robust
                0x43f9eb24      0x368 objs-HC-V2/test_spi.o
 .text.spi_debug
                0x43f9ee8c      0x200 objs-HC-V2/test_spi.o
 .text.spi_slave_debug
                0x43f9f08c      0x1a4 objs-HC-V2/test_spi.o
 .text.spi_flash_test
                0x43f9f230      0x224 objs-HC-V2/test_spi.o
 .text.spi_full_duplex
                0x43f9f454      0x374 objs-HC-V2/test_spi.o
 .text.spi_master
                0x43f9f7c8      0x2b4 objs-HC-V2/test_spi.o
 .text.spi_loopback
                0x43f9fa7c      0x1ec objs-HC-V2/test_spi.o
 .text.spi_slave
                0x43f9fc68      0x2cc objs-HC-V2/test_spi.o
 .text.spi_test_prepare
                0x43f9ff34      0x16c objs-HC-V2/test_spi.o
                0x43f9ff34                spi_test_prepare
 .text.spi_reset_test
                0x43fa00a0       0xcc objs-HC-V2/test_spi.o
                0x43fa00a0                spi_reset_test
 .text.mmc_init
                0x43fa016c      0x270 objs-HC-V2/test_mmc.o
 .text.mmc_multi_robust
                0x43fa03dc      0x2bc objs-HC-V2/test_mmc.o
 .text.mmc_multi
                0x43fa0698      0x230 objs-HC-V2/test_mmc.o
 .text.mmc_single
                0x43fa08c8      0x228 objs-HC-V2/test_mmc.o
 .text.cmd_help
                0x43fa0af0        0xc objs-HC-V2/test_mmc.o
 .text.mmc_int_handler
                0x43fa0afc      0x2d0 objs-HC-V2/test_mmc.o
                0x43fa0afc                mmc_int_handler
 .text.mmc_int  0x43fa0dcc      0x12c objs-HC-V2/test_mmc.o
 .text.mmc_probe
                0x43fa0ef8       0x34 objs-HC-V2/test_mmc.o
 .text.mmc_read
                0x43fa0f2c      0x174 objs-HC-V2/test_mmc.o
 .text.mmc_test_prepare
                0x43fa10a0       0xcc objs-HC-V2/test_mmc.o
                0x43fa10a0                mmc_test_prepare
 .text.mmc_reset_test
                0x43fa116c       0xc0 objs-HC-V2/test_mmc.o
                0x43fa116c                mmc_reset_test
 .text.cmd_help
                0x43fa122c        0xc objs-HC-V2/test_nand.o
 .text.nand_int_handler
                0x43fa1238       0x54 objs-HC-V2/test_nand.o
                0x43fa1238                nand_int_handler
 .text.nand_check_bb
                0x43fa128c      0x100 objs-HC-V2/test_nand.o
 .text.nand_detect
                0x43fa138c       0x5c objs-HC-V2/test_nand.o
                0x43fa138c                nand_detect
 .text.nand_init
                0x43fa13e8       0x98 objs-HC-V2/test_nand.o
 .text.nand_read_bbt
                0x43fa1480      0x12c objs-HC-V2/test_nand.o
 .text.nand_write_bbt
                0x43fa15ac       0xa8 objs-HC-V2/test_nand.o
 .text.nand_mark_bb
                0x43fa1654       0xcc objs-HC-V2/test_nand.o
 .text.nand_scan_bbt
                0x43fa1720      0x12c objs-HC-V2/test_nand.o
 .text.nand_erase_all
                0x43fa184c       0xec objs-HC-V2/test_nand.o
 .text.nand_int
                0x43fa1938      0x120 objs-HC-V2/test_nand.o
 .text.nand_ecc
                0x43fa1a58      0x4f8 objs-HC-V2/test_nand.o
 .text.nand_read
                0x43fa1f50      0x288 objs-HC-V2/test_nand.o
 .text.nand_write
                0x43fa21d8      0x4f8 objs-HC-V2/test_nand.o
 .text.nand_erase
                0x43fa26d0      0x1e0 objs-HC-V2/test_nand.o
 .text.nand_probe
                0x43fa28b0       0x50 objs-HC-V2/test_nand.o
 .text.nfc_reset_test
                0x43fa2900       0x9c objs-HC-V2/test_nand.o
                0x43fa2900                nfc_reset_test
 .text.usb      0x43fa299c       0x60 objs-HC-V2/test_usb.o
 .text.usb_host_mass_fix
                0x43fa29fc      0x1d8 objs-HC-V2/test_usb.o
 .text.usb_host_mass
                0x43fa2bd4      0x28c objs-HC-V2/test_usb.o
 .text.ums_test
                0x43fa2e60      0x100 objs-HC-V2/test_usb.o
 .text.cmd_help
                0x43fa2f60        0xc objs-HC-V2/test_usb.o
 .text.usb_int_handler
                0x43fa2f6c      0x1e4 objs-HC-V2/test_usb.o
                0x43fa2f6c                usb_int_handler
 .text.dev_mass_read_sector
                0x43fa3150       0x68 objs-HC-V2/test_usb.o
                0x43fa3150                dev_mass_read_sector
 .text.dev_mass_write_sector
                0x43fa31b8       0x68 objs-HC-V2/test_usb.o
                0x43fa31b8                dev_mass_write_sector
 .text.dev_mass_init
                0x43fa3220      0x194 objs-HC-V2/test_usb.o
                0x43fa3220                dev_mass_init
 .text.usb_int  0x43fa33b4      0x25c objs-HC-V2/test_usb.o
 .text.usb_dev_mass
                0x43fa3610      0x174 objs-HC-V2/test_usb.o
 .text.dev_mass_get_lba
                0x43fa3784       0x44 objs-HC-V2/test_usb.o
                0x43fa3784                dev_mass_get_lba
 .text.usb_test_prepare
                0x43fa37c8       0xec objs-HC-V2/test_usb.o
                0x43fa37c8                usb_test_prepare
 .text.usb_reset_test
                0x43fa38b4       0xc8 objs-HC-V2/test_usb.o
                0x43fa38b4                usb_reset_test
 .text.cmd_help
                0x43fa397c        0xc objs-HC-V2/test_crc.o
 .text.crc_init.part.0
                0x43fa3988       0x40 objs-HC-V2/test_crc.o
 .text.crc_robust
                0x43fa39c8      0x1e4 objs-HC-V2/test_crc.o
 .text.crc_ccitt
                0x43fa3bac      0x1a0 objs-HC-V2/test_crc.o
 .text.crc_multiple
                0x43fa3d4c      0x23c objs-HC-V2/test_crc.o
 .text.crc_xmodem
                0x43fa3f88      0x188 objs-HC-V2/test_crc.o
 .text.crc_reset_test
                0x43fa4110       0x70 objs-HC-V2/test_crc.o
                0x43fa4110                crc_reset_test
 .text.cmd_help
                0x43fa4180        0xc objs-HC-V2/test_ecc.o
 .text.run_cmd  0x43fa418c       0xa8 objs-HC-V2/test_ecc.o
                0x43fa418c                run_cmd
 .text.reg_algs
                0x43fa4234      0x19c objs-HC-V2/test_ecc.o
                0x43fa4234                reg_algs
 .text.libtomcrypt_init
                0x43fa43d0       0x64 objs-HC-V2/test_ecc.o
                0x43fa43d0                libtomcrypt_init
 .text.ecc_test_shamir
                0x43fa4434      0x648 objs-HC-V2/test_ecc.o
 .text.ecc_test_sign_verify
                0x43fa4a7c      0x5f8 objs-HC-V2/test_ecc.o
 .text.ecc_test_basic_ex
                0x43fa5074      0x238 objs-HC-V2/test_ecc.o
                0x43fa5074                ecc_test_basic_ex
 .text.ecc_test_basic
                0x43fa52ac       0x78 objs-HC-V2/test_ecc.o
 .text.ecc_reset_test
                0x43fa5324       0x94 objs-HC-V2/test_ecc.o
                0x43fa5324                ecc_reset_test
 .text.epf_test_ISR_no_hs
                0x43fa53b8      0x104 objs-HC-V2/test_epf.o
 .text.epf_int_handler_noks
                0x43fa54bc       0x30 objs-HC-V2/test_epf.o
                0x43fa54bc                epf_int_handler_noks
 .text.cmd_help
                0x43fa54ec        0xc objs-HC-V2/test_epf.o
 .text.epf_test
                0x43fa54f8      0x23c objs-HC-V2/test_epf.o
 .text.epf_int_handler
                0x43fa5734       0xe4 objs-HC-V2/test_epf.o
                0x43fa5734                epf_int_handler
 .text.get_boot_interface
                0x43fa5818       0x30 objs-HC-V2/test_APIs.o
 .text.aes_print_buffer
                0x43fa5848       0x8c objs-HC-V2/test_APIs.o
 .text.aes_cbc_test
                0x43fa58d4      0x5b4 objs-HC-V2/test_APIs.o
 .text.aes_gcm_test
                0x43fa5e88      0x618 objs-HC-V2/test_APIs.o
 .text.aes_ccm_test
                0x43fa64a0      0x650 objs-HC-V2/test_APIs.o
 .text.aes_func_test
                0x43fa6af0      0x2f8 objs-HC-V2/test_APIs.o
 .text.get_secure_key
                0x43fa6de8       0xe8 objs-HC-V2/test_APIs.o
 .text.cmd_help
                0x43fa6ed0        0xc objs-HC-V2/test_APIs.o
 .text.rng_test
                0x43fa6edc       0xbc objs-HC-V2/test_APIs.o
 .text.image_verify_test
                0x43fa6f98      0x178 objs-HC-V2/test_APIs.o
 .text.get_non_secure_byte
                0x43fa7110       0x7c objs-HC-V2/test_APIs.o
 .text.secure_key_disable
                0x43fa718c       0x6c objs-HC-V2/test_APIs.o
 .text.set_secure_byte
                0x43fa71f8       0x84 objs-HC-V2/test_APIs.o
 .text.set_non_secure_byte
                0x43fa727c       0x84 objs-HC-V2/test_APIs.o
 .text.sec_api_init
                0x43fa7300       0x88 objs-HC-V2/test_APIs.o
                0x43fa7300                sec_api_init
 .text.ecc384_sign_verify_test
                0x43fa7388      0x108 objs-HC-V2/test_APIs.o
                0x43fa7388                ecc384_sign_verify_test
 .text.ecc384_test
                0x43fa7490       0x38 objs-HC-V2/test_APIs.o
 .text.APIs_test_prepare
                0x43fa74c8       0x78 objs-HC-V2/test_APIs.o
                0x43fa74c8                APIs_test_prepare
 .text.tamp_count_clear
                0x43fa7540       0x20 objs-HC-V2/test_tamp.o
 .text.display_tamp_time
                0x43fa7560      0x124 objs-HC-V2/test_tamp.o
 .text.tamp_read
                0x43fa7684       0xd4 objs-HC-V2/test_tamp.o
 .text.tamp_int_handler
                0x43fa7758       0x54 objs-HC-V2/test_tamp.o
                0x43fa7758                tamp_int_handler
 .text.cmd_help
                0x43fa77ac        0xc objs-HC-V2/test_tamp.o
 .text.tamp_int
                0x43fa77b8      0x2c8 objs-HC-V2/test_tamp.o
 .text.misc_chip_id_test
                0x43fa7a80       0x3c objs-HC-V2/test_sys.o
 .text.prcm_reset_test
                0x43fa7abc      0x808 objs-HC-V2/test_sys.o
 .text.cmd_help
                0x43fa82c4        0xc objs-HC-V2/test_sys.o
 .text.mem_dumps
                0x43fa82d0       0x74 objs-HC-V2/test_sys.o
 .text.bram_read_byte
                0x43fa8344      0x100 objs-HC-V2/test_bburam.o
 .text.bram_data_compare
                0x43fa8444      0x188 objs-HC-V2/test_bburam.o
 .text.bram_write_byte
                0x43fa85cc      0x110 objs-HC-V2/test_bburam.o
 .text.cmd_help
                0x43fa86dc        0xc objs-HC-V2/test_bburam.o
 .text.trng_int
                0x43fa86e8      0x1c8 objs-HC-V2/test_dwc_trng.o
 .text.trng_manual_more
                0x43fa88b0      0x104 objs-HC-V2/test_dwc_trng.o
 .text.trng_manual
                0x43fa89b4      0x114 objs-HC-V2/test_dwc_trng.o
 .text.cmd_help
                0x43fa8ac8        0xc objs-HC-V2/test_dwc_trng.o
 .text.dwc_trng_int_test_ISR
                0x43fa8ad4       0xf4 objs-HC-V2/test_dwc_trng.o
                0x43fa8ad4                dwc_trng_int_test_ISR
 .text.trng_kat_test
                0x43fa8bc8       0xd0 objs-HC-V2/test_dwc_trng.o
                0x43fa8bc8                trng_kat_test
 .text.trng_quality
                0x43fa8c98      0x2e4 objs-HC-V2/test_dwc_trng.o
 .text.dwc_trng_reset_test
                0x43fa8f7c       0xc4 objs-HC-V2/test_dwc_trng.o
                0x43fa8f7c                dwc_trng_reset_test
 .text.setup_mix
                0x43fa9040       0x84 libs/tomcrypt/objs-HC-V2/libtomcrypt.a(aes.o)
 .text.rijndael_setup
                0x43fa90c4      0xb70 libs/tomcrypt/objs-HC-V2/libtomcrypt.a(aes.o)
                0x43fa90c4                rijndael_setup
 .text.rijndael_ecb_encrypt
                0x43fa9c34      0x8c4 libs/tomcrypt/objs-HC-V2/libtomcrypt.a(aes.o)
                0x43fa9c34                rijndael_ecb_encrypt
 .text.rijndael_ecb_decrypt
                0x43faa4f8      0x8fc libs/tomcrypt/objs-HC-V2/libtomcrypt.a(aes.o)
                0x43faa4f8                rijndael_ecb_decrypt
 .text.rijndael_test
                0x43faadf4      0x254 libs/tomcrypt/objs-HC-V2/libtomcrypt.a(aes.o)
                0x43faadf4                rijndael_test
 .text.rijndael_done
                0x43fab048       0x20 libs/tomcrypt/objs-HC-V2/libtomcrypt.a(aes.o)
                0x43fab048                rijndael_done
 .text.rijndael_keysize
                0x43fab068       0xb0 libs/tomcrypt/objs-HC-V2/libtomcrypt.a(aes.o)
                0x43fab068                rijndael_keysize
 .text.ccm_memory
                0x43fab118      0x8b4 libs/tomcrypt/objs-HC-V2/libtomcrypt.a(ccm_memory.o)
                0x43fab118                ccm_memory
 .text.gcm_memory
                0x43fab9cc      0x1e4 libs/tomcrypt/objs-HC-V2/libtomcrypt.a(gcm_memory.o)
                0x43fab9cc                gcm_memory
 .text.gcm_process
                0x43fabbb0      0x480 libs/tomcrypt/objs-HC-V2/libtomcrypt.a(gcm_process.o)
                0x43fabbb0                gcm_process
 .text.sha1_compress
                0x43fac030      0xac0 libs/tomcrypt/objs-HC-V2/libtomcrypt.a(sha1.o)
 .text.sha1_init
                0x43facaf0       0xb0 libs/tomcrypt/objs-HC-V2/libtomcrypt.a(sha1.o)
                0x43facaf0                sha1_init
 .text.sha1_process
                0x43facba0      0x218 libs/tomcrypt/objs-HC-V2/libtomcrypt.a(sha1.o)
                0x43facba0                sha1_process
 .text.sha1_done
                0x43facdb8      0x368 libs/tomcrypt/objs-HC-V2/libtomcrypt.a(sha1.o)
                0x43facdb8                sha1_done
 .text.sha1_test
                0x43fad120       0xec libs/tomcrypt/objs-HC-V2/libtomcrypt.a(sha1.o)
                0x43fad120                sha1_test
 .text.sha224_init
                0x43fad20c       0xe0 libs/tomcrypt/objs-HC-V2/libtomcrypt.a(sha224.o)
                0x43fad20c                sha224_init
 .text.sha224_done
                0x43fad2ec       0x90 libs/tomcrypt/objs-HC-V2/libtomcrypt.a(sha224.o)
                0x43fad2ec                sha224_done
 .text.sha224_test
                0x43fad37c       0xd0 libs/tomcrypt/objs-HC-V2/libtomcrypt.a(sha224.o)
                0x43fad37c                sha224_test
 .text.sha256_compress
                0x43fad44c     0x35a8 libs/tomcrypt/objs-HC-V2/libtomcrypt.a(sha256.o)
 .text.sha256_init
                0x43fb09f4       0xe0 libs/tomcrypt/objs-HC-V2/libtomcrypt.a(sha256.o)
                0x43fb09f4                sha256_init
 .text.sha256_process
                0x43fb0ad4      0x218 libs/tomcrypt/objs-HC-V2/libtomcrypt.a(sha256.o)
                0x43fb0ad4                sha256_process
 .text.sha256_done
                0x43fb0cec      0x368 libs/tomcrypt/objs-HC-V2/libtomcrypt.a(sha256.o)
                0x43fb0cec                sha256_done
 .text.sha256_test
                0x43fb1054       0xec libs/tomcrypt/objs-HC-V2/libtomcrypt.a(sha256.o)
                0x43fb1054                sha256_test
 .text.sha384_init
                0x43fb1140      0x120 libs/tomcrypt/objs-HC-V2/libtomcrypt.a(sha384.o)
                0x43fb1140                sha384_init
 .text.sha384_done
                0x43fb1260       0xa4 libs/tomcrypt/objs-HC-V2/libtomcrypt.a(sha384.o)
                0x43fb1260                sha384_done
 .text.sha384_test
                0x43fb1304       0xec libs/tomcrypt/objs-HC-V2/libtomcrypt.a(sha384.o)
                0x43fb1304                sha384_test
 .text.sha512_compress
                0x43fb13f0     0x16b8 libs/tomcrypt/objs-HC-V2/libtomcrypt.a(sha512.o)
 .text.sha512_init
                0x43fb2aa8      0x120 libs/tomcrypt/objs-HC-V2/libtomcrypt.a(sha512.o)
                0x43fb2aa8                sha512_init
 .text.sha512_process
                0x43fb2bc8      0x218 libs/tomcrypt/objs-HC-V2/libtomcrypt.a(sha512.o)
                0x43fb2bc8                sha512_process
 .text.sha512_done
                0x43fb2de0      0x4f8 libs/tomcrypt/objs-HC-V2/libtomcrypt.a(sha512.o)
                0x43fb2de0                sha512_done
 .text.sha512_test
                0x43fb32d8       0xec libs/tomcrypt/objs-HC-V2/libtomcrypt.a(sha512.o)
                0x43fb32d8                sha512_test
 .text.omac_memory
                0x43fb33c4      0x1f0 libs/tomcrypt/objs-HC-V2/libtomcrypt.a(omac_memory.o)
                0x43fb33c4                omac_memory
 .text.omac_init
                0x43fb35b4      0x3a8 libs/tomcrypt/objs-HC-V2/libtomcrypt.a(omac_init.o)
                0x43fb35b4                omac_init
 .text.omac_done
                0x43fb395c      0x330 libs/tomcrypt/objs-HC-V2/libtomcrypt.a(omac_done.o)
                0x43fb395c                omac_done
 .text.init     0x43fb3c8c       0x88 libs/tomcrypt/objs-HC-V2/libtomcrypt.a(gmp_desc.o)
 .text.deinit   0x43fb3d14       0x50 libs/tomcrypt/objs-HC-V2/libtomcrypt.a(gmp_desc.o)
 .text.neg      0x43fb3d64       0x74 libs/tomcrypt/objs-HC-V2/libtomcrypt.a(gmp_desc.o)
 .text.copy     0x43fb3dd8       0x74 libs/tomcrypt/objs-HC-V2/libtomcrypt.a(gmp_desc.o)
 .text.init_copy
                0x43fb3e4c       0x54 libs/tomcrypt/objs-HC-V2/libtomcrypt.a(gmp_desc.o)
 .text.set_int  0x43fb3ea0       0x54 libs/tomcrypt/objs-HC-V2/libtomcrypt.a(gmp_desc.o)
 .text.get_int  0x43fb3ef4       0x4c libs/tomcrypt/objs-HC-V2/libtomcrypt.a(gmp_desc.o)
 .text.get_digit
                0x43fb3f40       0x54 libs/tomcrypt/objs-HC-V2/libtomcrypt.a(gmp_desc.o)
 .text.get_digit_count
                0x43fb3f94       0x4c libs/tomcrypt/objs-HC-V2/libtomcrypt.a(gmp_desc.o)
 .text.compare  0x43fb3fe0       0xa0 libs/tomcrypt/objs-HC-V2/libtomcrypt.a(gmp_desc.o)
 .text.compare_d
                0x43fb4080       0x80 libs/tomcrypt/objs-HC-V2/libtomcrypt.a(gmp_desc.o)
 .text.count_bits
                0x43fb4100       0x50 libs/tomcrypt/objs-HC-V2/libtomcrypt.a(gmp_desc.o)
 .text.count_lsb_bits
                0x43fb4150       0x50 libs/tomcrypt/objs-HC-V2/libtomcrypt.a(gmp_desc.o)
 .text.twoexpt  0x43fb41a0       0x64 libs/tomcrypt/objs-HC-V2/libtomcrypt.a(gmp_desc.o)
 .text.read_radix
                0x43fb4204      0x204 libs/tomcrypt/objs-HC-V2/libtomcrypt.a(gmp_desc.o)
 .text.write_radix
                0x43fb4408       0xa0 libs/tomcrypt/objs-HC-V2/libtomcrypt.a(gmp_desc.o)
 .text.unsigned_size
                0x43fb44a8       0x98 libs/tomcrypt/objs-HC-V2/libtomcrypt.a(gmp_desc.o)
 .text.unsigned_write
                0x43fb4540       0x94 libs/tomcrypt/objs-HC-V2/libtomcrypt.a(gmp_desc.o)
 .text.unsigned_read
                0x43fb45d4       0x98 libs/tomcrypt/objs-HC-V2/libtomcrypt.a(gmp_desc.o)
 .text.add      0x43fb466c       0x9c libs/tomcrypt/objs-HC-V2/libtomcrypt.a(gmp_desc.o)
 .text.addi     0x43fb4708       0x7c libs/tomcrypt/objs-HC-V2/libtomcrypt.a(gmp_desc.o)
 .text.sub      0x43fb4784       0x9c libs/tomcrypt/objs-HC-V2/libtomcrypt.a(gmp_desc.o)
 .text.subi     0x43fb4820       0x7c libs/tomcrypt/objs-HC-V2/libtomcrypt.a(gmp_desc.o)
 .text.mul      0x43fb489c       0x9c libs/tomcrypt/objs-HC-V2/libtomcrypt.a(gmp_desc.o)
 .text.muli     0x43fb4938       0x7c libs/tomcrypt/objs-HC-V2/libtomcrypt.a(gmp_desc.o)
 .text.sqr      0x43fb49b4       0x78 libs/tomcrypt/objs-HC-V2/libtomcrypt.a(gmp_desc.o)
 .text.divide   0x43fb4a2c       0xe0 libs/tomcrypt/objs-HC-V2/libtomcrypt.a(gmp_desc.o)
 .text.div_2    0x43fb4b0c       0x78 libs/tomcrypt/objs-HC-V2/libtomcrypt.a(gmp_desc.o)
 .text.modi     0x43fb4b84       0x84 libs/tomcrypt/objs-HC-V2/libtomcrypt.a(gmp_desc.o)
 .text.gcd      0x43fb4c08       0x9c libs/tomcrypt/objs-HC-V2/libtomcrypt.a(gmp_desc.o)
 .text.lcm      0x43fb4ca4       0x9c libs/tomcrypt/objs-HC-V2/libtomcrypt.a(gmp_desc.o)
 .text.addmod   0x43fb4d40       0xd0 libs/tomcrypt/objs-HC-V2/libtomcrypt.a(gmp_desc.o)
 .text.submod   0x43fb4e10       0xd0 libs/tomcrypt/objs-HC-V2/libtomcrypt.a(gmp_desc.o)
 .text.mulmod   0x43fb4ee0       0xd0 libs/tomcrypt/objs-HC-V2/libtomcrypt.a(gmp_desc.o)
 .text.sqrmod   0x43fb4fb0       0xac libs/tomcrypt/objs-HC-V2/libtomcrypt.a(gmp_desc.o)
 .text.invmod   0x43fb505c       0x9c libs/tomcrypt/objs-HC-V2/libtomcrypt.a(gmp_desc.o)
 .text.montgomery_setup
                0x43fb50f8       0x74 libs/tomcrypt/objs-HC-V2/libtomcrypt.a(gmp_desc.o)
 .text.montgomery_normalization
                0x43fb516c       0x74 libs/tomcrypt/objs-HC-V2/libtomcrypt.a(gmp_desc.o)
 .text.montgomery_reduce
                0x43fb51e0       0x9c libs/tomcrypt/objs-HC-V2/libtomcrypt.a(gmp_desc.o)
 .text.montgomery_deinit
                0x43fb527c       0x20 libs/tomcrypt/objs-HC-V2/libtomcrypt.a(gmp_desc.o)
 .text.exptmod  0x43fb529c       0xc4 libs/tomcrypt/objs-HC-V2/libtomcrypt.a(gmp_desc.o)
 .text.isprime  0x43fb5360       0xac libs/tomcrypt/objs-HC-V2/libtomcrypt.a(gmp_desc.o)
 .text.set_rand
                0x43fb540c       0x54 libs/tomcrypt/objs-HC-V2/libtomcrypt.a(gmp_desc.o)
 .text.ltc_init_multi
                0x43fb5460       0xec libs/tomcrypt/objs-HC-V2/libtomcrypt.a(multi.o)
                0x43fb5460                ltc_init_multi
 .text.ltc_deinit_multi
                0x43fb554c       0x6c libs/tomcrypt/objs-HC-V2/libtomcrypt.a(multi.o)
                0x43fb554c                ltc_deinit_multi
 .text.pka_clear_params
                0x43fb55b8       0x4c libs/tomcrypt/objs-HC-V2/libtomcrypt.a(pka_desc.o)
                0x43fb55b8                pka_clear_params
 .text.pka_montg_comp_cached
                0x43fb5604      0x130 libs/tomcrypt/objs-HC-V2/libtomcrypt.a(pka_desc.o)
                0x43fb5604                pka_montg_comp_cached
 .text.pka_set_curve_a_b
                0x43fb5734       0x90 libs/tomcrypt/objs-HC-V2/libtomcrypt.a(pka_desc.o)
                0x43fb5734                pka_set_curve_a_b
 .text.pka_set_alg_width
                0x43fb57c4       0x64 libs/tomcrypt/objs-HC-V2/libtomcrypt.a(pka_desc.o)
                0x43fb57c4                pka_set_alg_width
 .text.pka_param_comp_cached
                0x43fb5828       0x4c libs/tomcrypt/objs-HC-V2/libtomcrypt.a(pka_desc.o)
                0x43fb5828                pka_param_comp_cached
 .text.init     0x43fb5874       0x88 libs/tomcrypt/objs-HC-V2/libtomcrypt.a(pka_desc.o)
 .text.deinit   0x43fb58fc       0x50 libs/tomcrypt/objs-HC-V2/libtomcrypt.a(pka_desc.o)
 .text.neg      0x43fb594c       0x74 libs/tomcrypt/objs-HC-V2/libtomcrypt.a(pka_desc.o)
 .text.copy     0x43fb59c0       0x74 libs/tomcrypt/objs-HC-V2/libtomcrypt.a(pka_desc.o)
 .text.init_copy
                0x43fb5a34       0x54 libs/tomcrypt/objs-HC-V2/libtomcrypt.a(pka_desc.o)
 .text.set_int  0x43fb5a88       0x54 libs/tomcrypt/objs-HC-V2/libtomcrypt.a(pka_desc.o)
 .text.get_int  0x43fb5adc       0x4c libs/tomcrypt/objs-HC-V2/libtomcrypt.a(pka_desc.o)
 .text.get_digit
                0x43fb5b28       0x54 libs/tomcrypt/objs-HC-V2/libtomcrypt.a(pka_desc.o)
 .text.get_digit_count
                0x43fb5b7c       0x4c libs/tomcrypt/objs-HC-V2/libtomcrypt.a(pka_desc.o)
 .text.compare  0x43fb5bc8       0xa0 libs/tomcrypt/objs-HC-V2/libtomcrypt.a(pka_desc.o)
 .text.compare_d
                0x43fb5c68       0x80 libs/tomcrypt/objs-HC-V2/libtomcrypt.a(pka_desc.o)
 .text.count_bits
                0x43fb5ce8       0x50 libs/tomcrypt/objs-HC-V2/libtomcrypt.a(pka_desc.o)
 .text.count_lsb_bits
                0x43fb5d38       0x50 libs/tomcrypt/objs-HC-V2/libtomcrypt.a(pka_desc.o)
 .text.twoexpt  0x43fb5d88       0x64 libs/tomcrypt/objs-HC-V2/libtomcrypt.a(pka_desc.o)
 .text.read_radix
                0x43fb5dec      0x204 libs/tomcrypt/objs-HC-V2/libtomcrypt.a(pka_desc.o)
 .text.write_radix
                0x43fb5ff0       0xa0 libs/tomcrypt/objs-HC-V2/libtomcrypt.a(pka_desc.o)
 .text.unsigned_size
                0x43fb6090       0x98 libs/tomcrypt/objs-HC-V2/libtomcrypt.a(pka_desc.o)
 .text.unsigned_write
                0x43fb6128       0x94 libs/tomcrypt/objs-HC-V2/libtomcrypt.a(pka_desc.o)
 .text.unsigned_read
                0x43fb61bc       0x98 libs/tomcrypt/objs-HC-V2/libtomcrypt.a(pka_desc.o)
 .text.add      0x43fb6254       0x9c libs/tomcrypt/objs-HC-V2/libtomcrypt.a(pka_desc.o)
 .text.addi     0x43fb62f0       0x7c libs/tomcrypt/objs-HC-V2/libtomcrypt.a(pka_desc.o)
 .text.sub      0x43fb636c       0x9c libs/tomcrypt/objs-HC-V2/libtomcrypt.a(pka_desc.o)
 .text.subi     0x43fb6408       0x7c libs/tomcrypt/objs-HC-V2/libtomcrypt.a(pka_desc.o)
 .text.mul      0x43fb6484       0x9c libs/tomcrypt/objs-HC-V2/libtomcrypt.a(pka_desc.o)
 .text.muli     0x43fb6520       0x7c libs/tomcrypt/objs-HC-V2/libtomcrypt.a(pka_desc.o)
 .text.sqr      0x43fb659c       0x78 libs/tomcrypt/objs-HC-V2/libtomcrypt.a(pka_desc.o)
 .text.divide   0x43fb6614       0xe0 libs/tomcrypt/objs-HC-V2/libtomcrypt.a(pka_desc.o)
 .text.div_2    0x43fb66f4       0x78 libs/tomcrypt/objs-HC-V2/libtomcrypt.a(pka_desc.o)
 .text.modi     0x43fb676c       0x84 libs/tomcrypt/objs-HC-V2/libtomcrypt.a(pka_desc.o)
 .text.gcd      0x43fb67f0       0x9c libs/tomcrypt/objs-HC-V2/libtomcrypt.a(pka_desc.o)
 .text.lcm      0x43fb688c       0x9c libs/tomcrypt/objs-HC-V2/libtomcrypt.a(pka_desc.o)
 .text.addmod   0x43fb6928       0xd4 libs/tomcrypt/objs-HC-V2/libtomcrypt.a(pka_desc.o)
 .text.submod   0x43fb69fc       0xd4 libs/tomcrypt/objs-HC-V2/libtomcrypt.a(pka_desc.o)
 .text.mulmod   0x43fb6ad0      0x104 libs/tomcrypt/objs-HC-V2/libtomcrypt.a(pka_desc.o)
 .text.sqrmod   0x43fb6bd4       0xe0 libs/tomcrypt/objs-HC-V2/libtomcrypt.a(pka_desc.o)
 .text.invmod   0x43fb6cb4       0xa8 libs/tomcrypt/objs-HC-V2/libtomcrypt.a(pka_desc.o)
 .text.montgomery_setup
                0x43fb6d5c       0x28 libs/tomcrypt/objs-HC-V2/libtomcrypt.a(pka_desc.o)
 .text.montgomery_normalization
                0x43fb6d84       0x28 libs/tomcrypt/objs-HC-V2/libtomcrypt.a(pka_desc.o)
 .text.montgomery_reduce
                0x43fb6dac       0x2c libs/tomcrypt/objs-HC-V2/libtomcrypt.a(pka_desc.o)
 .text.montgomery_deinit
                0x43fb6dd8       0x20 libs/tomcrypt/objs-HC-V2/libtomcrypt.a(pka_desc.o)
 .text.exptmod  0x43fb6df8       0xc4 libs/tomcrypt/objs-HC-V2/libtomcrypt.a(pka_desc.o)
 .text.isprime  0x43fb6ebc       0xac libs/tomcrypt/objs-HC-V2/libtomcrypt.a(pka_desc.o)
 .text.set_rand
                0x43fb6f68       0x54 libs/tomcrypt/objs-HC-V2/libtomcrypt.a(pka_desc.o)
 .text.ecc_mulmod
                0x43fb6fbc       0xd0 libs/tomcrypt/objs-HC-V2/libtomcrypt.a(pka_desc.o)
 .text.ecc_mul2add
                0x43fb708c       0xe0 libs/tomcrypt/objs-HC-V2/libtomcrypt.a(pka_desc.o)
 .text.ecc_map  0x43fb716c       0x2c libs/tomcrypt/objs-HC-V2/libtomcrypt.a(pka_desc.o)
 .text.ecc_add_point
                0x43fb7198       0xc8 libs/tomcrypt/objs-HC-V2/libtomcrypt.a(pka_desc.o)
 .text.ecc_dbl_point
                0x43fb7260       0xa8 libs/tomcrypt/objs-HC-V2/libtomcrypt.a(pka_desc.o)
 .text.gmp_die  0x43fb7308       0x24 libs/tomcrypt/objs-HC-V2/libtomcrypt.a(mini-gmp.o)
 .text.gmp_default_alloc
                0x43fb732c       0x74 libs/tomcrypt/objs-HC-V2/libtomcrypt.a(mini-gmp.o)
 .text.gmp_default_realloc
                0x43fb73a0       0x50 libs/tomcrypt/objs-HC-V2/libtomcrypt.a(mini-gmp.o)
 .text.gmp_default_free
                0x43fb73f0       0x28 libs/tomcrypt/objs-HC-V2/libtomcrypt.a(mini-gmp.o)
 .text.gmp_xalloc_limbs
                0x43fb7418       0x3c libs/tomcrypt/objs-HC-V2/libtomcrypt.a(mini-gmp.o)
 .text.gmp_xrealloc_limbs
                0x43fb7454       0x70 libs/tomcrypt/objs-HC-V2/libtomcrypt.a(mini-gmp.o)
 .text.mpn_copyi
                0x43fb74c4       0x78 libs/tomcrypt/objs-HC-V2/libtomcrypt.a(mini-gmp.o)
                0x43fb74c4                mpn_copyi
 .text.mpn_copyd
                0x43fb753c       0x6c libs/tomcrypt/objs-HC-V2/libtomcrypt.a(mini-gmp.o)
                0x43fb753c                mpn_copyd
 .text.mpn_cmp  0x43fb75a8       0xb8 libs/tomcrypt/objs-HC-V2/libtomcrypt.a(mini-gmp.o)
                0x43fb75a8                mpn_cmp
 .text.mpn_cmp4
                0x43fb7660       0x6c libs/tomcrypt/objs-HC-V2/libtomcrypt.a(mini-gmp.o)
 .text.mpn_normalized_size
                0x43fb76cc       0x64 libs/tomcrypt/objs-HC-V2/libtomcrypt.a(mini-gmp.o)
 .text.mpn_zero_p
                0x43fb7730       0x40 libs/tomcrypt/objs-HC-V2/libtomcrypt.a(mini-gmp.o)
                0x43fb7730                mpn_zero_p
 .text.mpn_zero
                0x43fb7770       0x58 libs/tomcrypt/objs-HC-V2/libtomcrypt.a(mini-gmp.o)
                0x43fb7770                mpn_zero
 .text.mpn_add_1
                0x43fb77c8       0xd0 libs/tomcrypt/objs-HC-V2/libtomcrypt.a(mini-gmp.o)
                0x43fb77c8                mpn_add_1
 .text.mpn_add_n
                0x43fb7898      0x10c libs/tomcrypt/objs-HC-V2/libtomcrypt.a(mini-gmp.o)
                0x43fb7898                mpn_add_n
 .text.mpn_add  0x43fb79a4       0xbc libs/tomcrypt/objs-HC-V2/libtomcrypt.a(mini-gmp.o)
                0x43fb79a4                mpn_add
 .text.mpn_sub_1
                0x43fb7a60       0xd8 libs/tomcrypt/objs-HC-V2/libtomcrypt.a(mini-gmp.o)
                0x43fb7a60                mpn_sub_1
 .text.mpn_sub_n
                0x43fb7b38      0x104 libs/tomcrypt/objs-HC-V2/libtomcrypt.a(mini-gmp.o)
                0x43fb7b38                mpn_sub_n
 .text.mpn_sub  0x43fb7c3c       0xbc libs/tomcrypt/objs-HC-V2/libtomcrypt.a(mini-gmp.o)
                0x43fb7c3c                mpn_sub
 .text.mpn_mul_1
                0x43fb7cf8      0x1c4 libs/tomcrypt/objs-HC-V2/libtomcrypt.a(mini-gmp.o)
                0x43fb7cf8                mpn_mul_1
 .text.mpn_addmul_1
                0x43fb7ebc      0x208 libs/tomcrypt/objs-HC-V2/libtomcrypt.a(mini-gmp.o)
                0x43fb7ebc                mpn_addmul_1
 .text.mpn_submul_1
                0x43fb80c4      0x208 libs/tomcrypt/objs-HC-V2/libtomcrypt.a(mini-gmp.o)
                0x43fb80c4                mpn_submul_1
 .text.mpn_mul  0x43fb82cc      0x124 libs/tomcrypt/objs-HC-V2/libtomcrypt.a(mini-gmp.o)
                0x43fb82cc                mpn_mul
 .text.mpn_lshift
                0x43fb83f0      0x190 libs/tomcrypt/objs-HC-V2/libtomcrypt.a(mini-gmp.o)
                0x43fb83f0                mpn_lshift
 .text.mpn_rshift
                0x43fb8580      0x150 libs/tomcrypt/objs-HC-V2/libtomcrypt.a(mini-gmp.o)
                0x43fb8580                mpn_rshift
 .text.mpn_common_scan
                0x43fb86d0      0x1a0 libs/tomcrypt/objs-HC-V2/libtomcrypt.a(mini-gmp.o)
 .text.mpn_invert_3by2
                0x43fb8870      0x3ec libs/tomcrypt/objs-HC-V2/libtomcrypt.a(mini-gmp.o)
                0x43fb8870                mpn_invert_3by2
 .text.mpn_div_qr_1_invert
                0x43fb8c5c       0xf8 libs/tomcrypt/objs-HC-V2/libtomcrypt.a(mini-gmp.o)
 .text.mpn_div_qr_2_invert
                0x43fb8d54      0x138 libs/tomcrypt/objs-HC-V2/libtomcrypt.a(mini-gmp.o)
 .text.mpn_div_qr_invert
                0x43fb8e8c      0x210 libs/tomcrypt/objs-HC-V2/libtomcrypt.a(mini-gmp.o)
 .text.mpn_div_qr_1_preinv
                0x43fb909c      0x2fc libs/tomcrypt/objs-HC-V2/libtomcrypt.a(mini-gmp.o)
 .text.mpn_div_qr_1
                0x43fb9398      0x188 libs/tomcrypt/objs-HC-V2/libtomcrypt.a(mini-gmp.o)
 .text.mpn_div_qr_2_preinv
                0x43fb9520      0x5b4 libs/tomcrypt/objs-HC-V2/libtomcrypt.a(mini-gmp.o)
 .text.mpn_div_qr_pi1
                0x43fb9ad4      0x6dc libs/tomcrypt/objs-HC-V2/libtomcrypt.a(mini-gmp.o)
 .text.mpn_div_qr_preinv
                0x43fba1b0      0x234 libs/tomcrypt/objs-HC-V2/libtomcrypt.a(mini-gmp.o)
 .text.mpn_div_qr
                0x43fba3e4      0x148 libs/tomcrypt/objs-HC-V2/libtomcrypt.a(mini-gmp.o)
 .text.mpn_base_power_of_two_p
                0x43fba52c       0xc4 libs/tomcrypt/objs-HC-V2/libtomcrypt.a(mini-gmp.o)
 .text.mpn_get_base_info
                0x43fba5f0       0x8c libs/tomcrypt/objs-HC-V2/libtomcrypt.a(mini-gmp.o)
 .text.mpn_limb_size_in_base_2
                0x43fba67c       0xbc libs/tomcrypt/objs-HC-V2/libtomcrypt.a(mini-gmp.o)
 .text.mpn_get_str_bits
                0x43fba738      0x178 libs/tomcrypt/objs-HC-V2/libtomcrypt.a(mini-gmp.o)
 .text.mpn_limb_get_str
                0x43fba8b0      0x2c4 libs/tomcrypt/objs-HC-V2/libtomcrypt.a(mini-gmp.o)
 .text.mpn_get_str_other
                0x43fbab74      0x1f8 libs/tomcrypt/objs-HC-V2/libtomcrypt.a(mini-gmp.o)
 .text.mpn_set_str_bits
                0x43fbad6c      0x17c libs/tomcrypt/objs-HC-V2/libtomcrypt.a(mini-gmp.o)
 .text.mpn_set_str_other
                0x43fbaee8      0x204 libs/tomcrypt/objs-HC-V2/libtomcrypt.a(mini-gmp.o)
 .text.mpz_init
                0x43fbb0ec       0x48 libs/tomcrypt/objs-HC-V2/libtomcrypt.a(mini-gmp.o)
                0x43fbb0ec                mpz_init
 .text.mpz_init2
                0x43fbb134       0x80 libs/tomcrypt/objs-HC-V2/libtomcrypt.a(mini-gmp.o)
                0x43fbb134                mpz_init2
 .text.mpz_clear
                0x43fbb1b4       0x64 libs/tomcrypt/objs-HC-V2/libtomcrypt.a(mini-gmp.o)
                0x43fbb1b4                mpz_clear
 .text.mpz_realloc
                0x43fbb218       0x90 libs/tomcrypt/objs-HC-V2/libtomcrypt.a(mini-gmp.o)
 .text.mpz_set_si
                0x43fbb2a8       0x60 libs/tomcrypt/objs-HC-V2/libtomcrypt.a(mini-gmp.o)
                0x43fbb2a8                mpz_set_si
 .text.mpz_set_ui
                0x43fbb308       0x5c libs/tomcrypt/objs-HC-V2/libtomcrypt.a(mini-gmp.o)
                0x43fbb308                mpz_set_ui
 .text.mpz_set  0x43fbb364       0xa0 libs/tomcrypt/objs-HC-V2/libtomcrypt.a(mini-gmp.o)
                0x43fbb364                mpz_set
 .text.mpz_init_set_ui
                0x43fbb404       0x34 libs/tomcrypt/objs-HC-V2/libtomcrypt.a(mini-gmp.o)
                0x43fbb404                mpz_init_set_ui
 .text.mpz_init_set
                0x43fbb438       0x34 libs/tomcrypt/objs-HC-V2/libtomcrypt.a(mini-gmp.o)
                0x43fbb438                mpz_init_set
 .text.mpz_get_ui
                0x43fbb46c       0x44 libs/tomcrypt/objs-HC-V2/libtomcrypt.a(mini-gmp.o)
                0x43fbb46c                mpz_get_ui
 .text.mpz_size
                0x43fbb4b0       0x30 libs/tomcrypt/objs-HC-V2/libtomcrypt.a(mini-gmp.o)
                0x43fbb4b0                mpz_size
 .text.mpz_getlimbn
                0x43fbb4e0       0x6c libs/tomcrypt/objs-HC-V2/libtomcrypt.a(mini-gmp.o)
                0x43fbb4e0                mpz_getlimbn
 .text.mpz_realloc2
                0x43fbb54c       0x54 libs/tomcrypt/objs-HC-V2/libtomcrypt.a(mini-gmp.o)
                0x43fbb54c                mpz_realloc2
 .text.mpz_limbs_finish
                0x43fbb5a0       0x68 libs/tomcrypt/objs-HC-V2/libtomcrypt.a(mini-gmp.o)
                0x43fbb5a0                mpz_limbs_finish
 .text.mpz_roinit_n
                0x43fbb608       0x4c libs/tomcrypt/objs-HC-V2/libtomcrypt.a(mini-gmp.o)
                0x43fbb608                mpz_roinit_n
 .text.mpz_sgn  0x43fbb654       0x54 libs/tomcrypt/objs-HC-V2/libtomcrypt.a(mini-gmp.o)
                0x43fbb654                mpz_sgn
 .text.mpz_cmp_ui
                0x43fbb6a8       0xb4 libs/tomcrypt/objs-HC-V2/libtomcrypt.a(mini-gmp.o)
                0x43fbb6a8                mpz_cmp_ui
 .text.mpz_cmp  0x43fbb75c       0xbc libs/tomcrypt/objs-HC-V2/libtomcrypt.a(mini-gmp.o)
                0x43fbb75c                mpz_cmp
 .text.mpz_cmpabs_ui
                0x43fbb818       0xa8 libs/tomcrypt/objs-HC-V2/libtomcrypt.a(mini-gmp.o)
                0x43fbb818                mpz_cmpabs_ui
 .text.mpz_cmpabs
                0x43fbb8c0       0x58 libs/tomcrypt/objs-HC-V2/libtomcrypt.a(mini-gmp.o)
                0x43fbb8c0                mpz_cmpabs
 .text.mpz_abs  0x43fbb918       0x44 libs/tomcrypt/objs-HC-V2/libtomcrypt.a(mini-gmp.o)
                0x43fbb918                mpz_abs
 .text.mpz_neg  0x43fbb95c       0x40 libs/tomcrypt/objs-HC-V2/libtomcrypt.a(mini-gmp.o)
                0x43fbb95c                mpz_neg
 .text.mpz_swap
                0x43fbb99c       0x9c libs/tomcrypt/objs-HC-V2/libtomcrypt.a(mini-gmp.o)
                0x43fbb99c                mpz_swap
 .text.mpz_abs_add_ui
                0x43fbba38       0xf4 libs/tomcrypt/objs-HC-V2/libtomcrypt.a(mini-gmp.o)
 .text.mpz_abs_sub_ui
                0x43fbbb2c      0x140 libs/tomcrypt/objs-HC-V2/libtomcrypt.a(mini-gmp.o)
 .text.mpz_add_ui
                0x43fbbc6c       0x74 libs/tomcrypt/objs-HC-V2/libtomcrypt.a(mini-gmp.o)
                0x43fbbc6c                mpz_add_ui
 .text.mpz_sub_ui
                0x43fbbce0       0x74 libs/tomcrypt/objs-HC-V2/libtomcrypt.a(mini-gmp.o)
                0x43fbbce0                mpz_sub_ui
 .text.mpz_abs_add
                0x43fbbd54      0x11c libs/tomcrypt/objs-HC-V2/libtomcrypt.a(mini-gmp.o)
 .text.mpz_abs_sub
                0x43fbbe70      0x1c0 libs/tomcrypt/objs-HC-V2/libtomcrypt.a(mini-gmp.o)
 .text.mpz_add  0x43fbc030       0x94 libs/tomcrypt/objs-HC-V2/libtomcrypt.a(mini-gmp.o)
                0x43fbc030                mpz_add
 .text.mpz_sub  0x43fbc0c4       0x94 libs/tomcrypt/objs-HC-V2/libtomcrypt.a(mini-gmp.o)
                0x43fbc0c4                mpz_sub
 .text.mpz_mul_ui
                0x43fbc158      0x120 libs/tomcrypt/objs-HC-V2/libtomcrypt.a(mini-gmp.o)
                0x43fbc158                mpz_mul_ui
 .text.mpz_mul  0x43fbc278      0x1a8 libs/tomcrypt/objs-HC-V2/libtomcrypt.a(mini-gmp.o)
                0x43fbc278                mpz_mul
 .text.mpz_mul_2exp
                0x43fbc420      0x194 libs/tomcrypt/objs-HC-V2/libtomcrypt.a(mini-gmp.o)
                0x43fbc420                mpz_mul_2exp
 .text.mpz_div_qr
                0x43fbc5b4      0x400 libs/tomcrypt/objs-HC-V2/libtomcrypt.a(mini-gmp.o)
 .text.mpz_tdiv_qr
                0x43fbc9b4       0x44 libs/tomcrypt/objs-HC-V2/libtomcrypt.a(mini-gmp.o)
                0x43fbc9b4                mpz_tdiv_qr
 .text.mpz_tdiv_r
                0x43fbc9f8       0x40 libs/tomcrypt/objs-HC-V2/libtomcrypt.a(mini-gmp.o)
                0x43fbc9f8                mpz_tdiv_r
 .text.mpz_mod  0x43fbca38       0x4c libs/tomcrypt/objs-HC-V2/libtomcrypt.a(mini-gmp.o)
                0x43fbca38                mpz_mod
 .text.mpz_div_q_2exp
                0x43fbca84      0x238 libs/tomcrypt/objs-HC-V2/libtomcrypt.a(mini-gmp.o)
 .text.mpz_tdiv_q_2exp
                0x43fbccbc       0x38 libs/tomcrypt/objs-HC-V2/libtomcrypt.a(mini-gmp.o)
                0x43fbccbc                mpz_tdiv_q_2exp
 .text.mpz_divexact
                0x43fbccf4       0x74 libs/tomcrypt/objs-HC-V2/libtomcrypt.a(mini-gmp.o)
                0x43fbccf4                mpz_divexact
 .text.mpz_div_qr_ui
                0x43fbcd68      0x2d0 libs/tomcrypt/objs-HC-V2/libtomcrypt.a(mini-gmp.o)
 .text.mpz_fdiv_ui
                0x43fbd038       0x40 libs/tomcrypt/objs-HC-V2/libtomcrypt.a(mini-gmp.o)
                0x43fbd038                mpz_fdiv_ui
 .text.mpz_tdiv_ui
                0x43fbd078       0x40 libs/tomcrypt/objs-HC-V2/libtomcrypt.a(mini-gmp.o)
                0x43fbd078                mpz_tdiv_ui
 .text.mpz_divexact_ui
                0x43fbd0b8       0x70 libs/tomcrypt/objs-HC-V2/libtomcrypt.a(mini-gmp.o)
                0x43fbd0b8                mpz_divexact_ui
 .text.mpn_gcd_11
                0x43fbd128      0x20c libs/tomcrypt/objs-HC-V2/libtomcrypt.a(mini-gmp.o)
 .text.mpz_gcd_ui
                0x43fbd334       0xb4 libs/tomcrypt/objs-HC-V2/libtomcrypt.a(mini-gmp.o)
                0x43fbd334                mpz_gcd_ui
 .text.mpz_make_odd
                0x43fbd3e8       0x8c libs/tomcrypt/objs-HC-V2/libtomcrypt.a(mini-gmp.o)
 .text.mpz_gcd  0x43fbd474      0x218 libs/tomcrypt/objs-HC-V2/libtomcrypt.a(mini-gmp.o)
                0x43fbd474                mpz_gcd
 .text.mpz_gcdext
                0x43fbd68c      0x664 libs/tomcrypt/objs-HC-V2/libtomcrypt.a(mini-gmp.o)
                0x43fbd68c                mpz_gcdext
 .text.mpz_lcm  0x43fbdcf0       0xb0 libs/tomcrypt/objs-HC-V2/libtomcrypt.a(mini-gmp.o)
                0x43fbdcf0                mpz_lcm
 .text.mpz_invert
                0x43fbdda0      0x130 libs/tomcrypt/objs-HC-V2/libtomcrypt.a(mini-gmp.o)
                0x43fbdda0                mpz_invert
 .text.mpz_powm
                0x43fbded0      0x3ec libs/tomcrypt/objs-HC-V2/libtomcrypt.a(mini-gmp.o)
                0x43fbded0                mpz_powm
 .text.mpz_powm_ui
                0x43fbe2bc       0x50 libs/tomcrypt/objs-HC-V2/libtomcrypt.a(mini-gmp.o)
                0x43fbe2bc                mpz_powm_ui
 .text.gmp_millerrabin
                0x43fbe30c      0x110 libs/tomcrypt/objs-HC-V2/libtomcrypt.a(mini-gmp.o)
 .text.mpz_probab_prime_p
                0x43fbe41c      0x2a4 libs/tomcrypt/objs-HC-V2/libtomcrypt.a(mini-gmp.o)
                0x43fbe41c                mpz_probab_prime_p
 .text.mpz_tstbit
                0x43fbe6c0      0x12c libs/tomcrypt/objs-HC-V2/libtomcrypt.a(mini-gmp.o)
                0x43fbe6c0                mpz_tstbit
 .text.mpz_abs_add_bit
                0x43fbe7ec      0x1e4 libs/tomcrypt/objs-HC-V2/libtomcrypt.a(mini-gmp.o)
 .text.mpz_abs_sub_bit
                0x43fbe9d0      0x124 libs/tomcrypt/objs-HC-V2/libtomcrypt.a(mini-gmp.o)
 .text.mpz_setbit
                0x43fbeaf4       0x64 libs/tomcrypt/objs-HC-V2/libtomcrypt.a(mini-gmp.o)
                0x43fbeaf4                mpz_setbit
 .text.mpz_scan1
                0x43fbeb58      0x13c libs/tomcrypt/objs-HC-V2/libtomcrypt.a(mini-gmp.o)
                0x43fbeb58                mpz_scan1
 .text.mpz_sizeinbase
                0x43fbec94      0x284 libs/tomcrypt/objs-HC-V2/libtomcrypt.a(mini-gmp.o)
                0x43fbec94                mpz_sizeinbase
 .text.mpz_get_str
                0x43fbef18      0x278 libs/tomcrypt/objs-HC-V2/libtomcrypt.a(mini-gmp.o)
                0x43fbef18                mpz_get_str
 .text.mpz_set_str
                0x43fbf190      0x474 libs/tomcrypt/objs-HC-V2/libtomcrypt.a(mini-gmp.o)
                0x43fbf190                mpz_set_str
 .text.gmp_detect_endian
                0x43fbf604       0x34 libs/tomcrypt/objs-HC-V2/libtomcrypt.a(mini-gmp.o)
 .text.mpz_import
                0x43fbf638      0x300 libs/tomcrypt/objs-HC-V2/libtomcrypt.a(mini-gmp.o)
                0x43fbf638                mpz_import
 .text.mpz_export
                0x43fbf938      0x3cc libs/tomcrypt/objs-HC-V2/libtomcrypt.a(mini-gmp.o)
                0x43fbf938                mpz_export
 .text.crypt_argchk
                0x43fbfd04       0x34 libs/tomcrypt/objs-HC-V2/libtomcrypt.a(crypt_argchk.o)
                0x43fbfd04                crypt_argchk
 .text.cipher_is_valid
                0x43fbfd38       0x68 libs/tomcrypt/objs-HC-V2/libtomcrypt.a(crypt_cipher_is_valid.o)
                0x43fbfd38                cipher_is_valid
 .text.find_hash
                0x43fbfda0       0xc4 libs/tomcrypt/objs-HC-V2/libtomcrypt.a(crypt_find_hash.o)
                0x43fbfda0                find_hash
 .text.find_prng
                0x43fbfe64       0xc4 libs/tomcrypt/objs-HC-V2/libtomcrypt.a(crypt_find_prng.o)
                0x43fbfe64                find_prng
 .text.register_cipher
                0x43fbff28      0x130 libs/tomcrypt/objs-HC-V2/libtomcrypt.a(crypt_register_cipher.o)
                0x43fbff28                register_cipher
 .text.register_hash
                0x43fc0058      0x114 libs/tomcrypt/objs-HC-V2/libtomcrypt.a(crypt_register_hash.o)
                0x43fc0058                register_hash
 .text.register_prng
                0x43fc016c      0x114 libs/tomcrypt/objs-HC-V2/libtomcrypt.a(crypt_register_prng.o)
                0x43fc016c                register_prng
 .text.find_cipher
                0x43fc0280       0xc4 libs/tomcrypt/objs-HC-V2/libtomcrypt.a(crypt_find_cipher.o)
                0x43fc0280                find_cipher
 .text.error_to_string
                0x43fc0344       0x54 libs/tomcrypt/objs-HC-V2/libtomcrypt.a(error_to_string.o)
                0x43fc0344                error_to_string
 .text.zeromem  0x43fc0398       0x74 libs/tomcrypt/objs-HC-V2/libtomcrypt.a(zeromem.o)
                0x43fc0398                zeromem
 .text.mem_neq  0x43fc040c      0x12c libs/tomcrypt/objs-HC-V2/libtomcrypt.a(mem_neq.o)
                0x43fc040c                mem_neq
 .text.ecb_decrypt
                0x43fc0538      0x278 libs/tomcrypt/objs-HC-V2/libtomcrypt.a(ecb_decrypt.o)
                0x43fc0538                ecb_decrypt
 .text.ecb_encrypt
                0x43fc07b0      0x278 libs/tomcrypt/objs-HC-V2/libtomcrypt.a(ecb_encrypt.o)
                0x43fc07b0                ecb_encrypt
 .text.ecb_start
                0x43fc0a28       0xf8 libs/tomcrypt/objs-HC-V2/libtomcrypt.a(ecb_start.o)
                0x43fc0a28                ecb_start
 .text.ecb_done
                0x43fc0b20       0xa0 libs/tomcrypt/objs-HC-V2/libtomcrypt.a(ecb_done.o)
                0x43fc0b20                ecb_done
 .text.cbc_decrypt
                0x43fc0bc0      0x2cc libs/tomcrypt/objs-HC-V2/libtomcrypt.a(cbc_decrypt.o)
                0x43fc0bc0                cbc_decrypt
 .text.cbc_encrypt
                0x43fc0e8c      0x300 libs/tomcrypt/objs-HC-V2/libtomcrypt.a(cbc_encrypt.o)
                0x43fc0e8c                cbc_encrypt
 .text.cbc_start
                0x43fc118c      0x184 libs/tomcrypt/objs-HC-V2/libtomcrypt.a(cbc_start.o)
                0x43fc118c                cbc_start
 .text.cbc_done
                0x43fc1310       0xa0 libs/tomcrypt/objs-HC-V2/libtomcrypt.a(cbc_done.o)
                0x43fc1310                cbc_done
 .text.ctr_decrypt
                0x43fc13b0       0xa4 libs/tomcrypt/objs-HC-V2/libtomcrypt.a(ctr_decrypt.o)
                0x43fc13b0                ctr_decrypt
 .text.ctr_done
                0x43fc1454       0xa0 libs/tomcrypt/objs-HC-V2/libtomcrypt.a(ctr_done.o)
                0x43fc1454                ctr_done
 .text.ctr_encrypt
                0x43fc14f4      0x3fc libs/tomcrypt/objs-HC-V2/libtomcrypt.a(ctr_encrypt.o)
                0x43fc14f4                ctr_encrypt
 .text.ctr_start
                0x43fc18f0      0x3c4 libs/tomcrypt/objs-HC-V2/libtomcrypt.a(ctr_start.o)
                0x43fc18f0                ctr_start
 .text.ecc_decrypt_key
                0x43fc1cb4      0x4d0 libs/tomcrypt/objs-HC-V2/libtomcrypt.a(ecc_decrypt_key.o)
                0x43fc1cb4                ecc_decrypt_key
 .text.ecc_encrypt_key
                0x43fc2184      0x3dc libs/tomcrypt/objs-HC-V2/libtomcrypt.a(ecc_encrypt_key.o)
                0x43fc2184                ecc_encrypt_key
 .text.ecc_export
                0x43fc2560      0x234 libs/tomcrypt/objs-HC-V2/libtomcrypt.a(ecc_export.o)
                0x43fc2560                ecc_export
 .text.ecc_free
                0x43fc2794       0x70 libs/tomcrypt/objs-HC-V2/libtomcrypt.a(ecc_free.o)
                0x43fc2794                ecc_free
 .text.is_point
                0x43fc2804      0x3a4 libs/tomcrypt/objs-HC-V2/libtomcrypt.a(ecc_import.o)
 .text.ecc_import
                0x43fc2ba8       0x3c libs/tomcrypt/objs-HC-V2/libtomcrypt.a(ecc_import.o)
                0x43fc2ba8                ecc_import
 .text.ecc_import_ex
                0x43fc2be4      0x414 libs/tomcrypt/objs-HC-V2/libtomcrypt.a(ecc_import.o)
                0x43fc2be4                ecc_import_ex
 .text.ecc_make_key
                0x43fc2ff8      0x124 libs/tomcrypt/objs-HC-V2/libtomcrypt.a(ecc_make_key.o)
                0x43fc2ff8                ecc_make_key
 .text.ecc_make_key_ex
                0x43fc311c      0x474 libs/tomcrypt/objs-HC-V2/libtomcrypt.a(ecc_make_key.o)
                0x43fc311c                ecc_make_key_ex
 .text.ecc_shared_secret
                0x43fc3590      0x2f4 libs/tomcrypt/objs-HC-V2/libtomcrypt.a(ecc_shared_secret.o)
                0x43fc3590                ecc_shared_secret
 .text.ecc_sign_hash_raw
                0x43fc3884      0x3b4 libs/tomcrypt/objs-HC-V2/libtomcrypt.a(ecc_sign_hash.o)
                0x43fc3884                ecc_sign_hash_raw
 .text.ecc_sign_hash
                0x43fc3c38      0x194 libs/tomcrypt/objs-HC-V2/libtomcrypt.a(ecc_sign_hash.o)
                0x43fc3c38                ecc_sign_hash
 .text.ecc_verify_hash_raw
                0x43fc3dcc      0x710 libs/tomcrypt/objs-HC-V2/libtomcrypt.a(ecc_verify_hash.o)
                0x43fc3dcc                ecc_verify_hash_raw
 .text.ecc_verify_hash
                0x43fc44dc      0x17c libs/tomcrypt/objs-HC-V2/libtomcrypt.a(ecc_verify_hash.o)
                0x43fc44dc                ecc_verify_hash
 .text.ltc_ecc_is_valid_idx
                0x43fc4658       0x84 libs/tomcrypt/objs-HC-V2/libtomcrypt.a(ltc_ecc_is_valid_idx.o)
                0x43fc4658                ltc_ecc_is_valid_idx
 .text.ltc_ecc_map
                0x43fc46dc      0x314 libs/tomcrypt/objs-HC-V2/libtomcrypt.a(ltc_ecc_map.o)
                0x43fc46dc                ltc_ecc_map
 .text.ltc_ecc_mul2add
                0x43fc49f0      0x9cc libs/tomcrypt/objs-HC-V2/libtomcrypt.a(ltc_ecc_mul2add.o)
                0x43fc49f0                ltc_ecc_mul2add
 .text.ltc_ecc_mulmod
                0x43fc53bc      0x7e8 libs/tomcrypt/objs-HC-V2/libtomcrypt.a(ltc_ecc_mulmod_timing.o)
                0x43fc53bc                ltc_ecc_mulmod
 .text.ltc_ecc_new_point
                0x43fc5ba4       0x7c libs/tomcrypt/objs-HC-V2/libtomcrypt.a(ltc_ecc_points.o)
                0x43fc5ba4                ltc_ecc_new_point
 .text.ltc_ecc_del_point
                0x43fc5c20       0x50 libs/tomcrypt/objs-HC-V2/libtomcrypt.a(ltc_ecc_points.o)
                0x43fc5c20                ltc_ecc_del_point
 .text.ltc_ecc_projective_add_point
                0x43fc5c70      0xfbc libs/tomcrypt/objs-HC-V2/libtomcrypt.a(ltc_ecc_projective_add_point.o)
                0x43fc5c70                ltc_ecc_projective_add_point
 .text.ltc_ecc_projective_dbl_point
                0x43fc6c2c      0xb60 libs/tomcrypt/objs-HC-V2/libtomcrypt.a(ltc_ecc_projective_dbl_point.o)
                0x43fc6c2c                ltc_ecc_projective_dbl_point
 .text.pka_montg_calc_r_inv
                0x43fc778c       0x94 libs/tomcrypt/objs-HC-V2/libtomcrypt.a(pka_basic_math.o)
                0x43fc778c                pka_montg_calc_r_inv
 .text.pka_montg_calc_mp
                0x43fc7820       0xb8 libs/tomcrypt/objs-HC-V2/libtomcrypt.a(pka_basic_math.o)
                0x43fc7820                pka_montg_calc_mp
 .text.pka_montg_r_sqr
                0x43fc78d8       0xb8 libs/tomcrypt/objs-HC-V2/libtomcrypt.a(pka_basic_math.o)
                0x43fc78d8                pka_montg_r_sqr
 .text.pka_modmult
                0x43fc7990      0x11c libs/tomcrypt/objs-HC-V2/libtomcrypt.a(pka_basic_math.o)
                0x43fc7990                pka_modmult
 .text.pka_modadd
                0x43fc7aac       0xdc libs/tomcrypt/objs-HC-V2/libtomcrypt.a(pka_basic_math.o)
                0x43fc7aac                pka_modadd
 .text.pka_modsub
                0x43fc7b88       0xdc libs/tomcrypt/objs-HC-V2/libtomcrypt.a(pka_basic_math.o)
                0x43fc7b88                pka_modsub
 .text.pka_modinv
                0x43fc7c64       0xbc libs/tomcrypt/objs-HC-V2/libtomcrypt.a(pka_basic_math.o)
                0x43fc7c64                pka_modinv
 .text.pka_set_reg_base
                0x43fc7d20       0x30 libs/tomcrypt/objs-HC-V2/libtomcrypt.a(pka_ctrl.o)
                0x43fc7d20                pka_set_reg_base
 .text.pka_wr_op_blk
                0x43fc7d50      0x10c libs/tomcrypt/objs-HC-V2/libtomcrypt.a(pka_ctrl.o)
                0x43fc7d50                pka_wr_op_blk
 .text.pka_rd_op_blk
                0x43fc7e5c       0xe8 libs/tomcrypt/objs-HC-V2/libtomcrypt.a(pka_ctrl.o)
                0x43fc7e5c                pka_rd_op_blk
 .text.log2i    0x43fc7f44       0xa4 libs/tomcrypt/objs-HC-V2/libtomcrypt.a(pka_ctrl.o)
                0x43fc7f44                log2i
 .text.is_part_radix
                0x43fc7fe8       0x64 libs/tomcrypt/objs-HC-V2/libtomcrypt.a(pka_ctrl.o)
                0x43fc7fe8                is_part_radix
 .text.pka_ctrl
                0x43fc804c      0x128 libs/tomcrypt/objs-HC-V2/libtomcrypt.a(pka_ctrl.o)
                0x43fc804c                pka_ctrl
 .text.pka_pre_check
                0x43fc8174      0x110 libs/tomcrypt/objs-HC-V2/libtomcrypt.a(pka_ctrl.o)
                0x43fc8174                pka_pre_check
 .text.pka_do_clr
                0x43fc8284       0x5c libs/tomcrypt/objs-HC-V2/libtomcrypt.a(pka_ctrl.o)
                0x43fc8284                pka_do_clr
 .text.pka_run_func
                0x43fc82e0       0xe8 libs/tomcrypt/objs-HC-V2/libtomcrypt.a(pka_ctrl.o)
                0x43fc82e0                pka_run_func
 .text.pka_ecc_pmul
                0x43fc83c8      0x1f0 libs/tomcrypt/objs-HC-V2/libtomcrypt.a(pka_ecc_math.o)
                0x43fc83c8                pka_ecc_pmul
 .text.pka_ecc_padd
                0x43fc85b8      0x19c libs/tomcrypt/objs-HC-V2/libtomcrypt.a(pka_ecc_math.o)
                0x43fc85b8                pka_ecc_padd
 .text.pka_ecc_shamir
                0x43fc8754      0x1fc libs/tomcrypt/objs-HC-V2/libtomcrypt.a(pka_ecc_math.o)
                0x43fc8754                pka_ecc_shamir
 .text.pka_ecc_pdbl
                0x43fc8950      0x15c libs/tomcrypt/objs-HC-V2/libtomcrypt.a(pka_ecc_math.o)
                0x43fc8950                pka_ecc_pdbl
 .text.print_hex
                0x43fc8aac      0x17c libs/tomcrypt/objs-HC-V2/libtomcrypt.a(pka_utils.o)
                0x43fc8aac                print_hex
 .text.dmb      0x43fc8c28       0x20 libs/tomcrypt/objs-HC-V2/libtomcrypt.a(pka_utils.o)
                0x43fc8c28                dmb
 .text.mpz_rm_lead0
                0x43fc8c48       0xb4 libs/tomcrypt/objs-HC-V2/libtomcrypt.a(pka_utils.o)
                0x43fc8c48                mpz_rm_lead0
 .text.rng_make_prng
                0x43fc8cfc      0x1bc libs/tomcrypt/objs-HC-V2/libtomcrypt.a(rng_make_prng.o)
                0x43fc8cfc                rng_make_prng
 .text.yarrow_start
                0x43fc8eb8       0xd8 libs/tomcrypt/objs-HC-V2/libtomcrypt.a(yarrow.o)
                0x43fc8eb8                yarrow_start
 .text.yarrow_add_entropy
                0x43fc8f90      0x1dc libs/tomcrypt/objs-HC-V2/libtomcrypt.a(yarrow.o)
                0x43fc8f90                yarrow_add_entropy
 .text.yarrow_ready
                0x43fc916c      0x15c libs/tomcrypt/objs-HC-V2/libtomcrypt.a(yarrow.o)
                0x43fc916c                yarrow_ready
 .text.yarrow_read
                0x43fc92c8       0xa4 libs/tomcrypt/objs-HC-V2/libtomcrypt.a(yarrow.o)
                0x43fc92c8                yarrow_read
 .text.yarrow_done
                0x43fc936c       0x58 libs/tomcrypt/objs-HC-V2/libtomcrypt.a(yarrow.o)
                0x43fc936c                yarrow_done
 .text.yarrow_export
                0x43fc93c4       0xe0 libs/tomcrypt/objs-HC-V2/libtomcrypt.a(yarrow.o)
                0x43fc93c4                yarrow_export
 .text.yarrow_import
                0x43fc94a4       0xb4 libs/tomcrypt/objs-HC-V2/libtomcrypt.a(yarrow.o)
                0x43fc94a4                yarrow_import
 .text.yarrow_test
                0x43fc9558      0x100 libs/tomcrypt/objs-HC-V2/libtomcrypt.a(yarrow.o)
                0x43fc9558                yarrow_test
 .text.gcm_add_aad
                0x43fc9658      0x560 libs/tomcrypt/objs-HC-V2/libtomcrypt.a(gcm_add_aad.o)
                0x43fc9658                gcm_add_aad
 .text.gcm_add_iv
                0x43fc9bb8      0x228 libs/tomcrypt/objs-HC-V2/libtomcrypt.a(gcm_add_iv.o)
                0x43fc9bb8                gcm_add_iv
 .text.gcm_done
                0x43fc9de0      0x560 libs/tomcrypt/objs-HC-V2/libtomcrypt.a(gcm_done.o)
                0x43fc9de0                gcm_done
 .text.gcm_init
                0x43fca340      0x1e8 libs/tomcrypt/objs-HC-V2/libtomcrypt.a(gcm_init.o)
                0x43fca340                gcm_init
 .text.gcm_mult_h
                0x43fca528       0x4c libs/tomcrypt/objs-HC-V2/libtomcrypt.a(gcm_mult_h.o)
                0x43fca528                gcm_mult_h
 .text.hash_memory
                0x43fca574      0x208 libs/tomcrypt/objs-HC-V2/libtomcrypt.a(hash_memory.o)
                0x43fca574                hash_memory
 .text.omac_process
                0x43fca77c      0x274 libs/tomcrypt/objs-HC-V2/libtomcrypt.a(omac_process.o)
                0x43fca77c                omac_process
 .text.find_hash_oid
                0x43fca9f0       0xf8 libs/tomcrypt/objs-HC-V2/libtomcrypt.a(crypt_find_hash_oid.o)
                0x43fca9f0                find_hash_oid
 .text.hash_is_valid
                0x43fcaae8       0x68 libs/tomcrypt/objs-HC-V2/libtomcrypt.a(crypt_hash_is_valid.o)
                0x43fcaae8                hash_is_valid
 .text.prng_is_valid
                0x43fcab50       0x68 libs/tomcrypt/objs-HC-V2/libtomcrypt.a(crypt_prng_is_valid.o)
                0x43fcab50                prng_is_valid
 .text.der_decode_sequence_ex
                0x43fcabb8      0xc7c libs/tomcrypt/objs-HC-V2/libtomcrypt.a(der_decode_sequence_ex.o)
                0x43fcabb8                der_decode_sequence_ex
 .text.der_decode_sequence_multi
                0x43fcb834      0x2c8 libs/tomcrypt/objs-HC-V2/libtomcrypt.a(der_decode_sequence_multi.o)
                0x43fcb834                der_decode_sequence_multi
 .text.der_encode_sequence_multi
                0x43fcbafc      0x2f4 libs/tomcrypt/objs-HC-V2/libtomcrypt.a(der_encode_sequence_multi.o)
                0x43fcbafc                der_encode_sequence_multi
 .text.der_length_sequence
                0x43fcbdf0      0x4f0 libs/tomcrypt/objs-HC-V2/libtomcrypt.a(der_length_sequence.o)
                0x43fcbdf0                der_length_sequence
 .text.der_decode_short_integer
                0x43fcc2e0      0x144 libs/tomcrypt/objs-HC-V2/libtomcrypt.a(der_decode_short_integer.o)
                0x43fcc2e0                der_decode_short_integer
 .text.der_length_short_integer
                0x43fcc424       0xe8 libs/tomcrypt/objs-HC-V2/libtomcrypt.a(der_length_short_integer.o)
                0x43fcc424                der_length_short_integer
 .text.der_decode_teletex_string
                0x43fcc50c      0x27c libs/tomcrypt/objs-HC-V2/libtomcrypt.a(der_decode_teletex_string.o)
                0x43fcc50c                der_decode_teletex_string
 .text.der_teletex_char_encode
                0x43fcc788       0x7c libs/tomcrypt/objs-HC-V2/libtomcrypt.a(der_length_teletex_string.o)
                0x43fcc788                der_teletex_char_encode
 .text.der_teletex_value_decode
                0x43fcc804       0x7c libs/tomcrypt/objs-HC-V2/libtomcrypt.a(der_length_teletex_string.o)
                0x43fcc804                der_teletex_value_decode
 .text.der_length_teletex_string
                0x43fcc880      0x148 libs/tomcrypt/objs-HC-V2/libtomcrypt.a(der_length_teletex_string.o)
                0x43fcc880                der_length_teletex_string
 .text.char_to_int
                0x43fcc9c8       0xb4 libs/tomcrypt/objs-HC-V2/libtomcrypt.a(der_decode_utctime.o)
 .text.der_decode_utctime
                0x43fcca7c      0x778 libs/tomcrypt/objs-HC-V2/libtomcrypt.a(der_decode_utctime.o)
                0x43fcca7c                der_decode_utctime
 .text.der_length_utctime
                0x43fcd1f4       0xa4 libs/tomcrypt/objs-HC-V2/libtomcrypt.a(der_length_utctime.o)
                0x43fcd1f4                der_length_utctime
 .text.der_decode_utf8_string
                0x43fcd298      0x360 libs/tomcrypt/objs-HC-V2/libtomcrypt.a(der_decode_utf8_string.o)
                0x43fcd298                der_decode_utf8_string
 .text.der_utf8_charsize
                0x43fcd5f8       0x60 libs/tomcrypt/objs-HC-V2/libtomcrypt.a(der_length_utf8_string.o)
                0x43fcd5f8                der_utf8_charsize
 .text.der_length_utf8_string
                0x43fcd658      0x174 libs/tomcrypt/objs-HC-V2/libtomcrypt.a(der_length_utf8_string.o)
                0x43fcd658                der_length_utf8_string
 .text.rng_get_bytes
                0x43fcd7cc       0x74 libs/tomcrypt/objs-HC-V2/libtomcrypt.a(rng_get_bytes.o)
                0x43fcd7cc                rng_get_bytes
 .text.gcm_rightshift
                0x43fcd840       0xb4 libs/tomcrypt/objs-HC-V2/libtomcrypt.a(gcm_gf_mult.o)
 .text.gcm_gf_mult
                0x43fcd8f4      0x158 libs/tomcrypt/objs-HC-V2/libtomcrypt.a(gcm_gf_mult.o)
                0x43fcd8f4                gcm_gf_mult
 .text.der_decode_bit_string
                0x43fcda4c      0x2b0 libs/tomcrypt/objs-HC-V2/libtomcrypt.a(der_decode_bit_string.o)
                0x43fcda4c                der_decode_bit_string
 .text.der_decode_raw_bit_string
                0x43fcdcfc      0x2e8 libs/tomcrypt/objs-HC-V2/libtomcrypt.a(der_decode_raw_bit_string.o)
                0x43fcdcfc                der_decode_raw_bit_string
 .text.der_length_bit_string
                0x43fcdfe4       0xe0 libs/tomcrypt/objs-HC-V2/libtomcrypt.a(der_length_bit_string.o)
                0x43fcdfe4                der_length_bit_string
 .text.der_decode_boolean
                0x43fce0c4       0xf4 libs/tomcrypt/objs-HC-V2/libtomcrypt.a(der_decode_boolean.o)
                0x43fce0c4                der_decode_boolean
 .text.der_length_boolean
                0x43fce1b8       0x50 libs/tomcrypt/objs-HC-V2/libtomcrypt.a(der_length_boolean.o)
                0x43fce1b8                der_length_boolean
 .text.der_decode_choice
                0x43fce208      0x8ec libs/tomcrypt/objs-HC-V2/libtomcrypt.a(der_decode_choice.o)
                0x43fce208                der_decode_choice
 .text.der_decode_ia5_string
                0x43fceaf4      0x27c libs/tomcrypt/objs-HC-V2/libtomcrypt.a(der_decode_ia5_string.o)
                0x43fceaf4                der_decode_ia5_string
 .text.der_ia5_char_encode
                0x43fced70       0x7c libs/tomcrypt/objs-HC-V2/libtomcrypt.a(der_length_ia5_string.o)
                0x43fced70                der_ia5_char_encode
 .text.der_ia5_value_decode
                0x43fcedec       0x7c libs/tomcrypt/objs-HC-V2/libtomcrypt.a(der_length_ia5_string.o)
                0x43fcedec                der_ia5_value_decode
 .text.der_length_ia5_string
                0x43fcee68      0x148 libs/tomcrypt/objs-HC-V2/libtomcrypt.a(der_length_ia5_string.o)
                0x43fcee68                der_length_ia5_string
 .text.der_decode_integer
                0x43fcefb0      0x2f8 libs/tomcrypt/objs-HC-V2/libtomcrypt.a(der_decode_integer.o)
                0x43fcefb0                der_decode_integer
 .text.der_length_integer
                0x43fcf2a8      0x210 libs/tomcrypt/objs-HC-V2/libtomcrypt.a(der_length_integer.o)
                0x43fcf2a8                der_length_integer
 .text.der_decode_object_identifier
                0x43fcf4b8      0x320 libs/tomcrypt/objs-HC-V2/libtomcrypt.a(der_decode_object_identifier.o)
                0x43fcf4b8                der_decode_object_identifier
 .text.der_object_identifier_bits
                0x43fcf7d8       0x54 libs/tomcrypt/objs-HC-V2/libtomcrypt.a(der_length_object_identifier.o)
                0x43fcf7d8                der_object_identifier_bits
 .text.der_length_object_identifier
                0x43fcf82c      0x240 libs/tomcrypt/objs-HC-V2/libtomcrypt.a(der_length_object_identifier.o)
                0x43fcf82c                der_length_object_identifier
 .text.der_decode_octet_string
                0x43fcfa6c      0x254 libs/tomcrypt/objs-HC-V2/libtomcrypt.a(der_decode_octet_string.o)
                0x43fcfa6c                der_decode_octet_string
 .text.der_length_octet_string
                0x43fcfcc0       0xd0 libs/tomcrypt/objs-HC-V2/libtomcrypt.a(der_length_octet_string.o)
                0x43fcfcc0                der_length_octet_string
 .text.der_decode_printable_string
                0x43fcfd90      0x27c libs/tomcrypt/objs-HC-V2/libtomcrypt.a(der_decode_printable_string.o)
                0x43fcfd90                der_decode_printable_string
 .text.der_printable_char_encode
                0x43fd000c       0x7c libs/tomcrypt/objs-HC-V2/libtomcrypt.a(der_length_printable_string.o)
                0x43fd000c                der_printable_char_encode
 .text.der_printable_value_decode
                0x43fd0088       0x7c libs/tomcrypt/objs-HC-V2/libtomcrypt.a(der_length_printable_string.o)
                0x43fd0088                der_printable_value_decode
 .text.der_length_printable_string
                0x43fd0104      0x148 libs/tomcrypt/objs-HC-V2/libtomcrypt.a(der_length_printable_string.o)
                0x43fd0104                der_length_printable_string
 .text.der_encode_sequence_ex
                0x43fd024c      0xe10 libs/tomcrypt/objs-HC-V2/libtomcrypt.a(der_encode_sequence_ex.o)
                0x43fd024c                der_encode_sequence_ex
 .text.ltc_to_asn1
                0x43fd105c       0xf4 libs/tomcrypt/objs-HC-V2/libtomcrypt.a(der_encode_set.o)
 .text.qsort_helper
                0x43fd1150       0x88 libs/tomcrypt/objs-HC-V2/libtomcrypt.a(der_encode_set.o)
 .text.der_encode_set
                0x43fd11d8      0x10c libs/tomcrypt/objs-HC-V2/libtomcrypt.a(der_encode_set.o)
                0x43fd11d8                der_encode_set
 .text.qsort_helper
                0x43fd12e4      0x154 libs/tomcrypt/objs-HC-V2/libtomcrypt.a(der_encode_setof.o)
 .text.der_encode_setof
                0x43fd1438      0x3b0 libs/tomcrypt/objs-HC-V2/libtomcrypt.a(der_encode_setof.o)
                0x43fd1438                der_encode_setof
 .text.der_encode_short_integer
                0x43fd17e8      0x24c libs/tomcrypt/objs-HC-V2/libtomcrypt.a(der_encode_short_integer.o)
                0x43fd17e8                der_encode_short_integer
 .text.der_encode_utctime
                0x43fd1a34      0x7ec libs/tomcrypt/objs-HC-V2/libtomcrypt.a(der_encode_utctime.o)
                0x43fd1a34                der_encode_utctime
 .text.der_encode_utf8_string
                0x43fd2220      0x68c libs/tomcrypt/objs-HC-V2/libtomcrypt.a(der_encode_utf8_string.o)
                0x43fd2220                der_encode_utf8_string
 .text.pesudo_rng_readb
                0x43fd28ac       0x68 libs/tomcrypt/objs-HC-V2/libtomcrypt.a(brite_prng.o)
                0x43fd28ac                pesudo_rng_readb
 .text.rng_hw   0x43fd2914       0x70 libs/tomcrypt/objs-HC-V2/libtomcrypt.a(brite_prng.o)
                0x43fd2914                rng_hw
 .text.der_encode_bit_string
                0x43fd2984      0x330 libs/tomcrypt/objs-HC-V2/libtomcrypt.a(der_encode_bit_string.o)
                0x43fd2984                der_encode_bit_string
 .text.der_encode_raw_bit_string
                0x43fd2cb4      0x360 libs/tomcrypt/objs-HC-V2/libtomcrypt.a(der_encode_raw_bit_string.o)
                0x43fd2cb4                der_encode_raw_bit_string
 .text.der_encode_boolean
                0x43fd3014       0xdc libs/tomcrypt/objs-HC-V2/libtomcrypt.a(der_encode_boolean.o)
                0x43fd3014                der_encode_boolean
 .text.der_encode_ia5_string
                0x43fd30f0      0x2fc libs/tomcrypt/objs-HC-V2/libtomcrypt.a(der_encode_ia5_string.o)
                0x43fd30f0                der_encode_ia5_string
 .text.der_encode_integer
                0x43fd33ec      0x564 libs/tomcrypt/objs-HC-V2/libtomcrypt.a(der_encode_integer.o)
                0x43fd33ec                der_encode_integer
 .text.der_encode_object_identifier
                0x43fd3950      0x4c8 libs/tomcrypt/objs-HC-V2/libtomcrypt.a(der_encode_object_identifier.o)
                0x43fd3950                der_encode_object_identifier
 .text.der_encode_octet_string
                0x43fd3e18      0x2e8 libs/tomcrypt/objs-HC-V2/libtomcrypt.a(der_encode_octet_string.o)
                0x43fd3e18                der_encode_octet_string
 .text.der_encode_printable_string
                0x43fd4100      0x2fc libs/tomcrypt/objs-HC-V2/libtomcrypt.a(der_encode_printable_string.o)
                0x43fd4100                der_encode_printable_string
 .text.console_init
                0x43fd43fc       0x54 drivers/objs-HC-V2/libdriver.a(console.o)
                0x43fd43fc                console_init
 .text.console_tstc
                0x43fd4450       0x10 drivers/objs-HC-V2/libdriver.a(console.o)
                0x43fd4450                console_tstc
 .text.console_putc
                0x43fd4460       0x44 drivers/objs-HC-V2/libdriver.a(console.o)
                0x43fd4460                console_putc
 .text.console_getc
                0x43fd44a4       0x10 drivers/objs-HC-V2/libdriver.a(console.o)
                0x43fd44a4                console_getc
 .text.console_puts
                0x43fd44b4       0x28 drivers/objs-HC-V2/libdriver.a(console.o)
                0x43fd44b4                console_puts
 .text.console_gets
                0x43fd44dc       0xe4 drivers/objs-HC-V2/libdriver.a(console.o)
                0x43fd44dc                console_gets
 .text.console_printf
                0x43fd45c0       0x6c drivers/objs-HC-V2/libdriver.a(console.o)
                0x43fd45c0                console_printf
 .text.printf   0x43fd462c       0x6c drivers/objs-HC-V2/libdriver.a(console.o)
                0x43fd462c                printf
 .text.console_check_char
                0x43fd4698       0x38 drivers/objs-HC-V2/libdriver.a(console.o)
                0x43fd4698                console_check_char
 .text.irq_generic_empty_handler
                0x43fd46d0       0x10 drivers/objs-HC-V2/libdriver.a(interrupt.o)
 .text.irq_generic_dispatch_handler
                0x43fd46e0       0x20 drivers/objs-HC-V2/libdriver.a(interrupt.o)
 .text.irq_generic_install_handler
                0x43fd4700       0x44 drivers/objs-HC-V2/libdriver.a(interrupt.o)
                0x43fd4700                irq_generic_install_handler
 .text.irq_generic_remove_handler
                0x43fd4744       0x30 drivers/objs-HC-V2/libdriver.a(interrupt.o)
                0x43fd4744                irq_generic_remove_handler
 .text.irq_generic_enable_int
                0x43fd4774        0xc drivers/objs-HC-V2/libdriver.a(interrupt.o)
                0x43fd4774                irq_generic_enable_int
 .text.irq_generic_disable_int
                0x43fd4780        0xc drivers/objs-HC-V2/libdriver.a(interrupt.o)
                0x43fd4780                irq_generic_disable_int
 .text.irq_generic_config_int
                0x43fd478c        0x4 drivers/objs-HC-V2/libdriver.a(interrupt.o)
                0x43fd478c                irq_generic_config_int
 .text.irq_generic_init
                0x43fd4790       0x44 drivers/objs-HC-V2/libdriver.a(interrupt.o)
                0x43fd4790                irq_generic_init
 .text.irq_generic_handler
                0x43fd47d4        0xc drivers/objs-HC-V2/libdriver.a(interrupt.o)
                0x43fd47d4                irq_generic_handler
 .text.enable_interrupts
                0x43fd47e0       0x10 drivers/objs-HC-V2/libdriver.a(interrupt.o)
                0x43fd47e0                enable_interrupts
 .text.disable_interrupts
                0x43fd47f0       0x18 drivers/objs-HC-V2/libdriver.a(interrupt.o)
                0x43fd47f0                disable_interrupts
 .text.gtimer_timer_init
                0x43fd4808       0x80 drivers/objs-HC-V2/libdriver.a(timer.o)
                0x43fd4808                gtimer_timer_init
 .text.gtime_get_ticks
                0x43fd4888       0x58 drivers/objs-HC-V2/libdriver.a(timer.o)
                0x43fd4888                gtime_get_ticks
                0x43fd4888                get_ticks
 .text.ipc_timer_init
                0x43fd48e0       0x54 drivers/objs-HC-V2/libdriver.a(timer.o)
                0x43fd48e0                ipc_timer_init
 .text.get_timer
                0x43fd4934       0x2c drivers/objs-HC-V2/libdriver.a(timer.o)
                0x43fd4934                get_timer
 .text.udelay   0x43fd4960       0x44 drivers/objs-HC-V2/libdriver.a(timer.o)
                0x43fd4960                udelay
 .text.mdelay   0x43fd49a4       0x24 drivers/objs-HC-V2/libdriver.a(timer.o)
                0x43fd49a4                mdelay
 .text.sf_read_write
                0x43fd49c8      0x108 drivers/objs-HC-V2/libdriver.a(spi_flash.o)
 .text.read_sr  0x43fd4ad0       0x60 drivers/objs-HC-V2/libdriver.a(spi_flash.o)
 .text.get_feature
                0x43fd4b30       0x64 drivers/objs-HC-V2/libdriver.a(spi_flash.o)
 .text.sf_cmd_wait_ready
                0x43fd4b94      0x16c drivers/objs-HC-V2/libdriver.a(spi_flash.o)
 .text.read_cr  0x43fd4d00       0x60 drivers/objs-HC-V2/libdriver.a(spi_flash.o)
 .text.set_feature
                0x43fd4d60       0x6c drivers/objs-HC-V2/libdriver.a(spi_flash.o)
 .text.mx_quad_enable
                0x43fd4dcc       0x34 drivers/objs-HC-V2/libdriver.a(spi_flash.o)
 .text.mx_disable_wp
                0x43fd4e00       0x30 drivers/objs-HC-V2/libdriver.a(spi_flash.o)
 .text.sf_set_controller
                0x43fd4e30       0x38 drivers/objs-HC-V2/libdriver.a(spi_flash.o)
                0x43fd4e30                sf_set_controller
 .text.sf_probe
                0x43fd4e68      0x370 drivers/objs-HC-V2/libdriver.a(spi_flash.o)
                0x43fd4e68                sf_probe
 .text.sf_read  0x43fd51d8      0x25c drivers/objs-HC-V2/libdriver.a(spi_flash.o)
                0x43fd51d8                sf_read
 .text.sf_write
                0x43fd5434      0x25c drivers/objs-HC-V2/libdriver.a(spi_flash.o)
                0x43fd5434                sf_write
 .text.sf_erase