test_aes.c:37:12:cmd_help	0	static
test_aes.c:41:13:aes_print_buffer.part.0	32	static
test_aes.c:41:13:aes_print_buffer	16	static
test_aes.c:62:6:aes_test_init	8	static
test_aes.c:4486:12:aes_cmac_multi	168	static
test_aes.c:4136:12:aes_gcm_multi	256	static
test_aes.c:3776:12:aes_ccm_multi	264	static
test_aes.c:3507:12:aes_ctr_multi	928	static
test_aes.c:3241:12:aes_cbc_multi	840	static
test_aes.c:2993:12:aes_ecb_multi	632	static
test_aes.c:2336:12:aes_ccm_star	1232	static
test_aes.c:2163:12:aes_cmac	152	static
test_aes.c:1921:12:aes_gcm_fixdata	288	static
test_aes.c:1609:12:aes_gcm	224	static
test_aes.c:1398:12:aes_ccm_fixdata	240	static
test_aes.c:1080:12:aes_ccm	232	static
test_aes.c:823:12:aes_ctr	912	static
test_aes.c:548:12:aes_cbc	816	static
test_aes.c:309:12:aes_ecb	608	static
test_aes.c:77:12:KEK_KEY_Generate	592	static
test_aes.c:4718:6:aes_reset_test	16	static
test_aes.c:4749:6:aes_cg_test	16	static
