ether.c:1188:13:eth_setup_complete	0	static
ether.c:1540:13:rx_complete	0	static
ether.c:1609:13:tx_complete	0	static
ether.c:1751:13:eth_unbind	16	static
ether.c:1797:13:eth_resume	0	static
ether.c:2467:6:usb_eth_halt	8	static
ether.c:1963:12:get_ether_addr	16	static
ether.c:1983:12:eth_bind	64	static
ether.c:2378:12:usb_eth_send	24	static
ether.c:990:13:eth_reset_config.part.0	8	static
ether.c:1786:13:eth_disconnect	0	static
ether.c:1925:12:is_eth_addr_valid.part.9	40	static
ether.c:1493:12:rx_submit.isra.2.constprop	16	static
ether.c:2447:12:usb_eth_recv	16	static
ether.c:1229:1:eth_setup	40	static
ether.c:1792:13:eth_suspend	0	static
ether.c:2306:12:usb_eth_init	32	static
ether.c:2519:5:usb_eth_initialize	8	static
