f_fastboot.c:530:13:do_bootm_on_complete	0	static
f_fastboot.c:215:28:fastboot_start_ep	16	static
f_fastboot.c:191:13:fastboot_unbind	0	static
f_fastboot.c:290:12:fastboot_add	16	static
f_fastboot.c:196:13:fastboot_disable	8	static
f_fastboot.c:144:13:fastboot_complete	0	static
f_fastboot.c:554:13:do_exit_on_complete	0	static
f_fastboot.c:368:12:strcmp_l1	16	static
f_fastboot.c:340:12:fastboot_tx_write_str	16	static
f_fastboot.c:678:13:rx_handler_command	24	static
f_fastboot.c:594:13:cb_oem	8	static
f_fastboot.c:559:13:cb_continue	0	static
f_fastboot.c:548:13:cb_boot	0	static
f_fastboot.c:500:13:cb_download	104	static
f_fastboot.c:444:13:rx_handler_dl_image	104	static
f_fastboot.c:375:13:cb_getvar	96	static
f_fastboot.c:345:13:compl_do_reset	0	static
f_fastboot.c:152:12:fastboot_bind	24	static
f_fastboot.c:234:12:fastboot_set_alt	16	static
f_fastboot.c:132:6:fastboot_fail	16	static
f_fastboot.c:138:6:fastboot_okay	16	static
f_fastboot.c:350:12:fb_set_reboot_flag	0	static
f_fastboot.c:355:13:cb_reboot	8	static
