f_mass_storage.c:508:13:bulk_in_complete	16	static
f_mass_storage.c:525:13:bulk_out_complete	16	static
f_mass_storage.c:2189:12:do_set_interface	48	static
f_mass_storage.c:2280:12:fsg_set_alt	0	static
f_mass_storage.c:2288:13:fsg_disable	0	static
f_mass_storage.c:548:12:fsg_setup	16	static
f_mass_storage.c:1397:12:halt_bulk_in_endpoint.isra.14	8	static
f_mass_storage.c:666:12:sleep_thread.isra.17	24	static
f_mass_storage.c:702:12:do_read	48	static
f_mass_storage.c:829:12:do_write	72	static
f_mass_storage.c:1616:12:send_status	24	static
f_mass_storage.c:2297:13:handle_exception	24	static
f_mass_storage.c:2569:13:fsg_common_release	16	static
f_mass_storage.c:2655:13:fsg_unbind	8	static
f_mass_storage.c:1676:12:check_command.isra.18	48	static
f_mass_storage.c:1248:12:do_mode_sense.isra.20	40	static
f_mass_storage.c:2766:5:fsg_add	48	static
f_mass_storage.c:286:13:set_bit	0	static
f_mass_storage.c:296:13:clear_bit	0	static
f_mass_storage.c:2405:5:fsg_main_thread	64	static
f_mass_storage.c:2619:1:usb_copy_descriptors	24	static
f_mass_storage.c:2672:12:fsg_bind	16	static
f_mass_storage.c:2784:5:fsg_init	0	static
