composite.c:32:5:usb_add_function	56	static
composite.c:87:5:usb_function_deactivate	32	static
composite.c:110:5:usb_function_activate	32	static
composite.c:149:5:usb_interface_id	24	static
composite.c:162:12:config_buf	64	static
composite.c:214:12:config_desc	56	static
composite.c:247:12:count_configs	48	static
composite.c:274:13:device_qual	24	static
composite.c:291:13:reset_config	48	static
composite.c:306:12:set_config	104	static
composite.c:416:5:usb_add_config	80	static
composite.c:484:13:collect_langs	32	static
composite.c:503:12:lookup_string	32	static
composite.c:524:12:get_string	96	static
composite.c:610:5:usb_string_id	16	static
composite.c:640:5:usb_string_ids_tab	24	static
composite.c:674:5:usb_string_ids_n	24	static
composite.c:685:13:composite_setup_complete	16	static
composite.c:700:1:composite_setup	136	static
composite.c:909:13:composite_disconnect	24	static
composite.c:919:13:composite_unbind	96	static
composite.c:966:12:composite_bind	56	static
composite.c:1012:1:composite_suspend	40	static
composite.c:1031:1:composite_resume	40	static
composite.c:1078:5:usb_composite_register	24	static
composite.c:1103:6:usb_composite_unregister	16	static
g_dnl.c:49:6:g_dnl_set_serialnumber	16	static
g_dnl.c:92:12:g_dnl_unbind	24	static
g_dnl.c:115:12:g_dnl_do_config	24	static
g_dnl.c:129:12:g_dnl_config_register	24	static
g_dnl.c:150:5:board_usb_init	16	static
g_dnl.c:156:5:board_usb_cleanup	16	static
g_dnl.c:162:5:g_dnl_bind_fixup	16	static
g_dnl.c:167:12:g_dnl_get_board_bcd_device_number	16	static
g_dnl.c:172:12:g_dnl_board_usb_cable_connected	4	static
g_dnl.c:179:6:g_dnl_detach	4	static
g_dnl.c:184:6:g_dnl_trigger_detach	4	static
g_dnl.c:189:6:g_dnl_clear_detach	4	static
g_dnl.c:194:12:g_dnl_get_bcd_device_number	32	static
g_dnl.c:206:12:g_dnl_bind	40	static
g_dnl.c:274:5:g_dnl_register	24	static
g_dnl.c:289:6:g_dnl_unregister	8	static
