musb_uboot.c:22:13:musb_host_complete_urb	0	static
musb_uboot.c:28:13:construct_urb	40	static
musb_uboot.c:179:12:_musb_reset_root_port.isra.1	16	static
musb_uboot.c:59:12:submit_urb.constprop	24	static
musb_uboot.c:203:5:musb_lowlevel_init	24	static
musb_uboot.c:234:5:usb_lowlevel_stop	8	static
musb_uboot.c:245:5:submit_bulk_msg	32	static
musb_uboot.c:251:5:submit_control_msg	40	static
musb_uboot.c:257:5:submit_int_msg	32	static
musb_uboot.c:263:19:create_int_queue	56	static
musb_uboot.c:271:7:poll_int_queue	8	static
musb_uboot.c:276:5:destroy_int_queue	16	static
musb_uboot.c:281:5:usb_reset_root_port	0	static
musb_uboot.c:286:5:usb_lowlevel_init	0	static
musb_uboot.c:294:5:usb_gadget_handle_interrupts	0	static
musb_uboot.c:303:5:usb_gadget_register_driver	16	static
musb_uboot.c:333:5:usb_gadget_unregister_driver	8	static
musb_uboot.c:342:5:musb_register	8	static
musb_uboot.c:371:6:musb_unregister	8	static
