rndis.c:152:12:gen_ndis_query_resp	56	static
rndis.c:654:12:gen_ndis_set_resp	48	static
rndis.c:777:12:rndis_init_response	32	static
rndis.c:816:12:rndis_query_response	64	static
rndis.c:860:12:rndis_set_response	72	static
rndis.c:902:12:rndis_reset_response	24	static
rndis.c:925:12:rndis_keepalive_response	32	static
rndis.c:955:12:rndis_indicate_status_msg	24	static
rndis.c:982:5:rndis_signal_connect	16	static
rndis.c:990:5:rndis_signal_disconnect	16	static
rndis.c:1003:6:rndis_uninit	24	static
rndis.c:1018:6:rndis_set_host_mac	16	static
rndis.c:1023:18:rndis_get_state	16	static
rndis.c:1033:5:rndis_msg_parser	56	static
rndis.c:1126:5:rndis_register	24	static
rndis.c:1143:6:rndis_deregister	16	static
rndis.c:1154:5:rndis_set_param_dev	24	static
rndis.c:1171:5:rndis_set_param_vendor	24	static
rndis.c:1185:5:rndis_set_param_medium	24	static
rndis.c:1197:6:rndis_add_hdr	24	static
rndis.c:1209:6:rndis_free_response	48	static
rndis.c:1225:5:rndis_get_next_response	32	static
rndis.c:1247:22:rndis_add_response	40	static
rndis.c:1265:5:rndis_rm_hdr	56	static
rndis.c:1294:5:rndis_init	16	static
rndis.c:1310:6:rndis_exit	4	static
