usb_storage.c:128:19:usb_stor_get_dev	16	static
usb_storage.c:134:13:usb_show_progress	4	static
usb_storage.c:143:5:usb_stor_info	16	static
usb_storage.c:159:21:usb_get_max_lun	112	static
usb_storage.c:174:12:usb_stor_probe_device	32	static
usb_storage.c:223:6:usb_stor_reset	4	static
usb_storage.c:234:5:usb_stor_scan	24	static
usb_storage.c:261:12:usb_stor_irq	24	static
usb_storage.c:274:13:usb_show_srb	24	static
usb_storage.c:283:13:display_int_status	40	static
usb_storage.c:299:12:us_one_transfer	56	static
usb_storage.c:382:12:usb_stor_BBB_reset	48	static
usb_storage.c:436:12:usb_stor_CB_reset	56	static
usb_storage.c:466:12:usb_stor_BBB_comdat	112	static
usb_storage.c:515:12:usb_stor_CB_comdat	64	static
usb_storage.c:584:12:usb_stor_CBI_get_status	32	static
usb_storage.c:631:12:usb_stor_BBB_clear_endpt_stall	48	static
usb_storage.c:642:12:usb_stor_BBB_transport	128	static
usb_storage.c:765:12:usb_stor_CB_transport	240	dynamic,bounded
usb_storage.c:878:12:usb_inquiry	24	static
usb_storage.c:902:12:usb_request_sense	24	static
usb_storage.c:922:12:usb_test_unit_ready	24	static
usb_storage.c:953:12:usb_read_capacity	24	static
usb_storage.c:971:12:usb_read_10	24	static
usb_storage.c:988:12:usb_write_10	24	static
usb_storage.c:1029:22:usb_stor_read	64	static
usb_storage.c:1100:22:usb_stor_write	64	static
usb_storage.c:1173:5:usb_storage_probe	40	static
usb_storage.c:1291:5:usb_stor_get_info	216	static
