dlmalloc.c:1666:13:do_check_chunk	16	static
dlmalloc.c:1687:13:do_check_free_chunk	16	static
dlmalloc.c:1720:13:do_check_inuse_chunk	16	static
dlmalloc.c:1752:13:do_check_malloced_chunk	24	static
dlmalloc.c:3165:13:malloc_update_mallinfo	32	static
io.h:78:20:__raw_writesb	0	static
io.h:86:20:__raw_writesw	0	static
io.h:94:20:__raw_writesl	0	static
io.h:102:20:__raw_readsb	0	static
io.h:109:20:__raw_readsw	0	static
io.h:116:20:__raw_readsl	0	static
dlmalloc.c:1518:7:sbrk	16	static
dlmalloc.c:1538:6:mem_malloc_init	12	static
dlmalloc.c:3069:5:malloc_trim	24	static
dlmalloc.c:2444:6:free	16	static
dlmalloc.c:2172:9:malloc	40	static
dlmalloc.c:2967:9:calloc	16	static
dlmalloc.c:2582:9:realloc	40	static
dlmalloc.c:2808:9:memalign	24	static
dlmalloc.c:2936:9:valloc	0	static
dlmalloc.c:2951:9:pvalloc	0	static
dlmalloc.c:3034:6:cfree	0	static
dlmalloc.c:3138:8:malloc_usable_size	8	static
dlmalloc.c:3222:6:malloc_stats	8	static
dlmalloc.c:3243:17:mallinfo	8	static
dlmalloc.c:3267:5:mallopt	0	static
dlmalloc.c:3292:5:initf_malloc	0	static
