mu_drc.c:119:9:MGC_DrcInit	112	static
mu_drc.c:199:5:MGC_DrcIsr	72	static
mu_drc.c:307:23:MGC_DrcBindEndpoint	72	static
mu_drc.c:423:9:MGC_DrcServiceDefaultEnd	72	static
mu_drc.c:600:10:MGC_DrcResetPort	24	static
mu_drc.c:642:13:MGC_DrcFlushAll	56	static
mu_drc.c:688:6:MGC_DrcOtgTimer	32	static
mu_drc.c:720:16:MGC_ExitingHost	16	static
mu_drc.c:746:13:MGC_ExitActiveUsbMode	16	static
mu_drc.c:758:13:MGC_SetPowerSave	16	static
mu_drc.c:772:13:MGC_StartPeripheralMode	16	static
mu_drc.c:789:13:MGC_AidlBdisTimeout	32	static
mu_drc.c:817:13:MGC_WaitSessReqTimeout	32	static
mu_drc.c:843:13:MGC_HostResetStart	40	static
mu_drc.c:864:13:MGC_HostResetComplete	40	static
mu_drc.c:915:13:MGC_BSrpFailed	32	static
mu_drc.c:956:13:MGC_BAase0BrstTimeout	32	static
mu_drc.c:980:13:MGC_SetHnpSupportIrpComplete	16	static
mu_drc.c:986:13:MGC_SetHnpEnableIrpComplete	40	static
mu_drc.c:1005:13:MGC_RemoveSuspend	24	static
mu_drc.c:1017:6:MGC_DrcChangeOtgState	56	static
mu_drc.c:1147:6:MGC_CompleteOtgTransition	24	static
mu_drc.c:1165:13:MGC_DrcCompleteResume	48	static
mu_drc.c:1205:9:MGC_DrcUsbIsr	72	static
mu_drc.c:1353:6:MGC_DrcBsr	96	static
mu_drc.c:1645:9:MGC_DrcServiceHostDefault	56	static
mu_drc.c:1760:9:MGC_DrcAcceptDevice	40	static
mu_drc.c:1818:6:MGC_DrcFinishResume	40	static
mu_drc.c:1836:10:MGC_DrcSetHostPower	24	static
mu_drc.c:1859:13:MGC_OtgStateGetId	16	static
mu_drc.c:1899:16:MUSB_RegisterOtgClient	40	static
mu_drc.c:1959:6:MUSB_RelinquishHost	48	static
mu_drc.c:1984:9:MUSB_RequestBus	24	static
mu_drc.c:2007:5:MGC_DrcDumpPipe	16	static
