mu_hdr.c:137:9:MGC_HdrcInit	32	static
mu_hdr.c:242:6:MGC_HdrcDynamicFifoLocation	16	static
mu_hdr.c:315:5:MGC_HdrcIsr	40	static
mu_hdr.c:361:10:MGC_HdrcStart	48	static
mu_hdr.c:391:10:MGC_HdrcStop	24	static
mu_hdr.c:409:10:MGC_HdrcDestroy	24	static
mu_hdr.c:422:10:MGC_HdrcReadBusState	32	static
mu_hdr.c:480:10:MGC_HdrcProgramBusState	48	static
mu_hdr.c:591:23:MGC_HdrcBindEndpoint	56	static
mu_hdr.c:774:10:MGC_HdrcStartRx	64	static
mu_hdr.c:1024:10:MGC_HdrcStartTx	56	static
mu_hdr.c:1175:10:MGC_HdrcFlushEndpoint	56	static
mu_hdr.c:1262:10:MGC_HdrcHaltEndpoint	40	static
mu_hdr.c:1383:10:MGC_HdrcDefaultEndResponse	48	static
mu_hdr.c:1437:9:MGC_HdrcServiceDefaultEnd	48	static
mu_hdr.c:1602:9:MGC_HdrcServiceTransmitAvail	56	static
mu_hdr.c:1755:9:MGC_HdrcServiceReceiveReady	64	static
mu_hdr.c:1953:13:MGC_HdrcResetOff	32	static
mu_hdr.c:1964:13:MGC_HdrcResumeOff	32	static
mu_hdr.c:1978:6:MGC_HdrcSetPortTestMode	88	static
mu_hdr.c:2109:9:MGC_HdrcLoadFifo	56	static
mu_hdr.c:2142:9:MGC_HdrcUnloadFifo	48	static
mu_hdr.c:2172:9:MGC_HdrcUlpiVbusControl	32	static
mu_hdr.c:2190:9:MGC_HdrcReadUlpiReg	40	static
mu_hdr.c:2216:9:MGC_HdrcWriteUlpiReg	32	static
mu_hdr.c:2241:9:MGC_HdrcDmaChannelStatusChanged	16	static
mu_hdr.c:2351:5:MGC_HdrcDumpState	16	static
mu_hdr.c:2360:5:MGC_HdrcDumpEndpoint	16	static
