tst_msd.c:159:13:MGC_MsdNewOtgState	32	static
tst_msd.c:188:13:MGC_MsdOtgError	24	static
tst_msd.c:212:16:MGC_TestDisplayStatus	16	static
tst_msd.c:219:13:MGC_TestMsdNewBlockSet	48	static
tst_msd.c:244:13:MGC_TestMsdNewIteration	24	static
tst_msd.c:261:13:MGC_TestMsdNewRun	32	static
tst_msd.c:289:17:MGC_TestMsdCompareData	136	static
tst_msd.c:369:13:MGC_TestMsdDisplayData	136	static
tst_msd.c:412:13:MGC_TestMsdFillBuffer	32	static
tst_msd.c:426:13:MGC_TestMsdPrintSummary	24	static
tst_msd.c:445:13:MGC_TestMsdMountComplete	24	static
tst_msd.c:461:13:MGC_TestMsdTransferComplete	40	static
tst_msd.c:545:13:MGC_TestMsdMediumCheckComplete	24	static
tst_msd.c:551:13:MGC_TestMsdStart	72	static
tst_msd.c:807:13:MGC_TestMsdPrintMediumInfo	64	static
tst_msd.c:851:13:MGC_TestMsdCheckTest	112	static
tst_msd.c:989:13:MGC_TestMsdEndTest	16	static
tst_msd.c:998:13:MGC_CheckMedium	8	static
tst_msd.c:1010:1:MUSB_HfiAddDevice	32	static
tst_msd.c:1035:1:MUSB_HfiMediumInserted	24	static
tst_msd.c:1048:6:MUSB_HfiMediumRemoved	24	static
tst_msd.c:1056:6:MUSB_HfiDeviceRemoved	24	static
tst_msd.c:1067:5:msd_main	56	static
