mu_hst.c:219:13:MGC_HostSetDeviceAddress	48	static
mu_hst.c:250:13:MGC_HostGetShortDescriptor	32	static
mu_hst.c:275:13:MGC_HostGetFullDescriptor	32	static
mu_hst.c:299:13:MGC_HostGetConfig	48	static
mu_hst.c:324:13:MGC_HostGetDeviceStatus	32	static
mu_hst.c:346:13:MGC_EhsetSuspend	24	static
mu_hst.c:354:13:MGC_EhsetResume	24	static
mu_hst.c:362:13:MGC_EhsetGetDescriptorSetup	40	static
mu_hst.c:380:13:MGC_EhsetGetDescriptorIn	24	static
mu_hst.c:390:13:MGC_EhsetGetDescriptorStatus	24	static
mu_hst.c:400:13:MGC_Ehset	40	static
mu_hst.c:479:17:MGC_SkipEntry	24	static
mu_hst.c:518:20:MGC_HostFindDriver	48	static
mu_hst.c:706:13:MGC_HostRetryEnum	32	static
mu_hst.c:719:13:MGC_HostEnumerator	104	static
mu_hst.c:1070:9:MGC_AllocateAddress	24	static
mu_hst.c:1113:6:MGC_ReleaseAddress	24	static
mu_hst.c:1124:9:MGC_EnumerateDevice	56	static
mu_hst.c:1173:9:MGC_HostDestroy	24	static
mu_hst.c:1231:6:MUSB_RejectDevice	40	static
mu_hst.c:1297:6:MUSB_RejectInterfaces	80	static
mu_hst.c:1432:6:MUSB_DeviceDisconnected	32	static
mu_hst.c:1465:10:MUSB_SetTreeSuspend	16	static
mu_hst.c:1475:9:MGC_StartNextControlTransfer	48	static
mu_hst.c:1509:9:MGC_RunScheduledTransfers	16	static
mu_hst.c:1609:13:MGC_FreeScheduleContents	40	static
mu_hst.c:1735:26:MGC_FindScheduleSlot	32	static
mu_hst.c:1785:17:MGC_ComputeBandwidth	24	static
mu_hst.c:1842:16:MGC_CommitBandwidth	72	static
mu_hst.c:1991:11:MUSB_OpenPipe	80	static
mu_hst.c:2083:10:MUSB_ClosePipe	64	static
mu_hst.c:2139:10:MUSB_StartControlTransfer	48	static
mu_hst.c:2184:10:MUSB_CancelControlTransfer	56	static
mu_hst.c:2253:13:MGC_DriverTimerExpired	32	static
mu_hst.c:2267:10:MUSB_ArmTimer	56	static
mu_hst.c:2291:10:MUSB_CancelTimer	32	static
mu_hst.c:2302:10:MGC_HostSetMaxPower	16	static
