gmp_desc.c:20:12:init	16	static
gmp_desc.c:32:13:deinit	16	static
gmp_desc.c:39:12:neg	16	static
gmp_desc.c:47:12:copy	16	static
gmp_desc.c:55:12:init_copy	16	static
gmp_desc.c:64:12:set_int	16	static
gmp_desc.c:71:22:get_int	16	static
gmp_desc.c:77:21:get_digit	16	static
gmp_desc.c:83:12:get_digit_count	16	static
gmp_desc.c:89:12:compare	24	static
gmp_desc.c:104:12:compare_d	24	static
gmp_desc.c:118:12:count_bits	16	static
gmp_desc.c:124:12:count_lsb_bits	16	static
gmp_desc.c:131:12:twoexpt	16	static
gmp_desc.c:144:12:read_radix	48	static
gmp_desc.c:187:12:write_radix	24	static
gmp_desc.c:201:22:unsigned_size	24	static
gmp_desc.c:211:12:unsigned_write	32	static
gmp_desc.c:220:12:unsigned_read	40	static
gmp_desc.c:229:12:add	24	static
gmp_desc.c:238:12:addi	24	static
gmp_desc.c:247:12:sub	24	static
gmp_desc.c:256:12:subi	24	static
gmp_desc.c:265:12:mul	24	static
gmp_desc.c:274:12:muli	24	static
gmp_desc.c:283:12:sqr	16	static
gmp_desc.c:292:12:divide	40	static
gmp_desc.c:311:12:div_2	16	static
gmp_desc.c:320:12:modi	24	static
gmp_desc.c:330:12:gcd	24	static
gmp_desc.c:340:12:lcm	24	static
gmp_desc.c:349:12:addmod	24	static
gmp_desc.c:360:12:submod	24	static
gmp_desc.c:371:12:mulmod	24	static
gmp_desc.c:382:12:sqrmod	24	static
gmp_desc.c:393:12:invmod	24	static
gmp_desc.c:403:12:montgomery_setup	16	static
gmp_desc.c:412:12:montgomery_normalization	16	static
gmp_desc.c:421:12:montgomery_reduce	24	static
gmp_desc.c:431:13:montgomery_deinit	16	static
gmp_desc.c:436:12:exptmod	24	static
gmp_desc.c:446:12:isprime	24	static
gmp_desc.c:457:12:set_rand	16	static
