mmc.c:34:12:wrapper_send_cmd	32	static
mmc.c:42:13:wrapper_set_ios	24	static
mmc.c:53:12:wrapper_init_hw	24	static
mmc.c:61:12:wrapper_getcd	24	static
mmc.c:69:12:wrapper_getwp	24	static
mmc.c:87:12:mmc_getwp	24	static
mmc.c:102:12:mmc_getcd	24	static
mmc.c:118:12:mmc_send_cmd	32	static
mmc.c:170:12:mmc_send_status	56	static
mmc.c:218:12:mmc_go_idle	48	static
mmc.c:239:12:mmc_send_if_cond	48	static
mmc.c:262:12:mmc_send_op_cond_iter	48	static
mmc.c:282:12:mmc_send_op_cond	24	static
mmc.c:303:12:mmc_complete_op_cond	56	static
mmc.c:348:12:mmc_send_ext_csd	64	static
mmc.c:369:12:mmc_switch	56	static
mmc.c:389:12:mmc_change_freq	536	static
mmc.c:448:12:mmc_set_capacity	16	static
mmc.c:476:12:sd_send_op_cond	56	static
mmc.c:545:12:sd_switch	72	static
mmc.c:565:12:sd_change_freq	152	static
mmc.c:693:12:mmc_set_blocklen	48	static
mmc.c:707:12:mmc_read_blocks	72	static
mmc.c:746:15:mmc_bread	40	static
mmc.c:784:14:mmc_write_blocks	72	static
mmc.c:842:15:mmc_bwrite	40	static
mmc.c:871:13:mmc_set_ios	16	static
mmc.c:877:6:mmc_set_clock	16	static
mmc.c:890:13:mmc_set_bus_width	16	static
mmc.c:897:12:mmc_startup	1224	static
mmc.c:1393:13:mmc_create	24	static
mmc.c:1424:12:mmc_start_init	24	static
mmc.c:1479:12:mmc_complete_init	24	static
mmc.c:1496:5:mmc_init_card	24	static
