cdl_ipc.c:14:6:ipc_writel	0	static
cdl_ipc.c:18:15:ipc_readl	0	static
cdl_ipc.c:24:5:a7_ipc_get_int_status_rf	0	static
cdl_ipc.c:29:5:a7_ipc_get_int_status_plc	0	static
cdl_ipc.c:34:5:a7_ipc_clear_plc_int	0	static
cdl_ipc.c:40:5:a7_ipc_clear_rf_int	0	static
cdl_ipc.c:46:6:ipc_clear_plctoa7_flag	0	static
cdl_ipc.c:51:6:ipc_clear_rftoa7_flag	0	static
cdl_ipc.c:56:5:shared_status	0	static
cdl_ipc.c:70:5:a7_set_page_ownership	8	static
cdl_ipc.c:82:5:a7_get_sram_page	8	static
cdl_ipc.c:101:5:a7_free_page	8	static
cdl_ipc.c:120:5:ipc_set_event_a7torf	8	static
cdl_ipc.c:141:5:ipc_set_event_a7toplc	8	static
cdl_ipc.c:161:5:ipc_set_msg_a7toplc	32	static
cdl_ipc.c:210:5:ipc_set_msg_a7torf	32	static
cdl_ipc.c:259:5:ipc_get_msg_plctoa7	16	static
cdl_ipc.c:289:5:ipc_get_msg_rftoa7	16	static
cdl_ipc.c:356:20:ipc_get_time	0	static
