cdl_uart.c:14:13:dw_uart_writel	0	static
cdl_uart.c:19:22:dw_uart_readl	0	static
cdl_uart.c:27:15:dw_uart_calc_divisor	0	static
cdl_uart.c:61:6:dw_uart_set_line_control	0	static
cdl_uart.c:73:6:dw_uart_set_break	0	static
cdl_uart.c:81:6:dw_uart_setbrg	0	static
cdl_uart.c:92:6:dw_uart_set_modem_ctrl	0	static
cdl_uart.c:97:6:dw_uart_set_modem_ctl_bits	0	static
cdl_uart.c:107:15:dw_uart_get_modem_status	0	static
cdl_uart.c:112:15:dw_uart_get_line_status	0	static
cdl_uart.c:117:6:dw_uart_enable_interrupt	0	static
cdl_uart.c:122:15:dw_uart_get_int_status	0	static
cdl_uart.c:131:15:dw_uart_get_rcv_fifo_level	0	static
cdl_uart.c:140:6:dw_uart_set_fcr_rx_thres	0	static
cdl_uart.c:150:6:dw_uart_init	16	static
cdl_uart.c:173:6:dw_uart_init_no_modem	16	static
cdl_uart.c:194:6:dw_uart_flush	0	static
cdl_uart.c:200:6:dw_uart_putc	0	static
cdl_uart.c:207:6:dw_uart_getc	0	static
cdl_uart.c:213:6:dw_uart_read_rbr	0	static
cdl_uart.c:218:6:dw_uart_empty_fifo	0	static
cdl_uart.c:226:5:dw_uart_tstc	0	static
cdl_uart.c:314:5:dw_uart_write	56	static
cdl_uart.c:332:5:dw_uart_read	64	static
cdl_uart.c:353:5:dw_uart_read_non_block	64	static
cdl_uart.c:510:5:dw_uart_write_mb	80	static
cdl_uart.c:518:5:dw_uart_read_mb	80	static
