cdl_rtc.c:67:15:mktime	16	static
cdl_rtc.c:91:5:rtc_month_days	4	static
cdl_rtc.c:99:5:rtc_year_days	8	static
cdl_rtc.c:104:5:check_time	16	static
cdl_rtc.c:132:6:rtc_time_to_tm	32	static
cdl_rtc.c:175:5:rtc_tm_to_time	16	static
cdl_rtc.c:217:6:stop_rtc_write	0	static
cdl_rtc.c:334:6:alarm_set_mask	0	static
cdl_rtc.c:342:6:alarm_clear_mask	0	static
cdl_rtc.c:350:6:alarm_enable	0	static
cdl_rtc.c:379:5:brite_rtc_init	24	static
cdl_rtc.c:402:6:brite_rtc_gettime	56	static
cdl_rtc.c:452:6:brite_rtc_settime	24	static
cdl_rtc.c:475:5:rtc_calculation_week	24	static
cdl_rtc.c:494:6:brite_rtc_get_trigger_mode	0	static
cdl_rtc.c:521:6:brite_rtc_getalarm	20	static
cdl_rtc.c:581:6:brite_rtc_setalarm	16	static
cdl_rtc.c:634:15:brite_rtc_get_int_status	0	static
cdl_rtc.c:638:15:brite_rtc_get_raw_int_status	0	static
cdl_rtc.c:642:6:brite_rtc_set_int_mask	0	static
cdl_rtc.c:646:6:brite_rtc_clear_int	0	static
cdl_rtc.c:652:8:rtc_read_trim	0	static
cdl_rtc.c:657:6:rtc_write_trim	0	static
cdl_rtc.c:662:6:rtc_trim_ctrl	0	static
cdl_rtc.c:667:6:rtc_trim_vld_ctrl	0	static
cdl_rtc.c:672:9:rtc_read_trim_mode	0	static
cdl_rtc.c:677:6:rtc_write_trim_mode	0	static
