cdl_timer.c:13:5:gtimer_read	0	static
cdl_timer.c:23:6:gtimer_write	0	static
cdl_timer.c:33:6:gtimer_init	16	static
cdl_timer.c:48:6:gtimer_init_1	24	static
cdl_timer.c:63:6:gtimer_reset	0	static
cdl_timer.c:75:6:gtimer_config_default	16	static
cdl_timer.c:105:6:gtimer_start	0	static
cdl_timer.c:113:6:gtimer_stop	0	static
cdl_timer.c:122:6:gtimer_set_mode	4	static
cdl_timer.c:138:6:gtimer_set_div	0	static
cdl_timer.c:157:6:gtimer_reload	0	static
cdl_timer.c:162:6:gtimer_set_load	0	static
cdl_timer.c:167:6:gtimer_set_count	0	static
cdl_timer.c:172:6:gtimer_set_compare	0	static
cdl_timer.c:177:15:gtimer_get_count	0	static
cdl_timer.c:182:6:gtimer_clear_raw_status	0	static
cdl_timer.c:188:6:gtimer_set_capture_mode	0	static
cdl_timer.c:205:5:gtimer_check_capture_done	0	static
cdl_timer.c:212:6:gtimer_get_capture_data	0	static
cdl_timer.c:218:6:gtimer_clear_capture	0	static
cdl_timer.c:223:6:gtimer_set_pwm_mode	4	static
cdl_timer.c:244:6:gtimer_set_compare_mode	0	static
cdl_timer.c:257:6:gtimer_set_int_mask	0	static
cdl_timer.c:262:15:gtimer_get_int_status	0	static
cdl_timer.c:267:15:gtimer_get_raw_int_status	0	static
cdl_timer.c:272:6:gtimer_clear_int	0	static
