cdl_qspi_nand.c:72:6:qspi_nand_set_drir	0	static
cdl_qspi_nand.c:91:6:qspi_nand_set_dwir	0	static
cdl_qspi_nand.c:116:6:qspi_nand_set_ddr	0	static
cdl_qspi_nand.c:148:6:qspi_nand_set_dsr	0	static
cdl_qspi_nand.c:153:9:qspi_get_brdiv	16	static
cdl_qspi_nand.c:230:6:qspi_nand_set_cfgr	0	static
cdl_qspi_nand.c:345:6:qspi_nand_init	8	static
cdl_qspi_nand.c:456:11:qspi_nand_get_feature	16	static
cdl_qspi_nand.c:495:11:qspi_nand_wr_ctrl	8	static
cdl_qspi_nand.c:640:11:qspi_nand_chk_st	24	static
cdl_qspi_nand.c:404:11:qspi_nand_set_feature	24	static
cdl_qspi_nand.c:256:9:qspi_nand_quad_enable	16	static
cdl_qspi_nand.c:320:9:qspi_nand_blk_protect_ctrl	8	static
cdl_qspi_nand.c:522:9:qspi_nand_ecc_ctrl	24	static
cdl_qspi_nand.c:557:9:qspi_nand_buf_mode_ctrl	24	static
cdl_qspi_nand.c:592:9:qspi_nand_otp_enter_ctrl	16	static
cdl_qspi_nand.c:685:11:qspi_nand_sel_die	16	static
cdl_qspi_nand.c:740:11:qspi_nand_reset	16	static
cdl_qspi_nand.c:780:11:qspi_nand_read_id	16	static
cdl_qspi_nand.c:823:11:qspi_nand_blk_erase	24	static
cdl_qspi_nand.c:905:11:qspi_nand_page_write	48	static
cdl_qspi_nand.c:1035:11:qspi_nand_page_read	48	static
cdl_qspi_nand.c:1150:11:qspi_nand_page_read_without_oob	48	static
cdl_qspi_nand.c:1281:11:qspi_nand_param_page_read	48	static
cdl_qspi_nand.c:1361:6:qspi_nand_ONFI_param_init	32	static
cdl_qspi_nand.c:1459:11:qspi_nand_raw_data_write	56	static
cdl_qspi_nand.c:1606:11:qspi_nand_raw_data_read	48	static
cdl_qspi_nand.c:1732:11:qspi_nand_spare_read	48	static
cdl_qspi_nand.c:1840:11:qspi_nand_page_read_1	48	static
