cdl_i2c.c:148:12:dw_i2c_wait_for_bb.isra.0	16	static
cdl_i2c.c:195:12:dw_i2c_xfer_finish	16	static
cdl_i2c.c:176:12:dw_i2c_xfer_init	24	static
cdl_i2c.c:542:13:dw_i2c_init_hw	20	static
cdl_i2c.c:13:6:dw_i2c_writel	0	static
cdl_i2c.c:18:15:dw_i2c_readl	0	static
cdl_i2c.c:302:5:dw_i2c_read	56	static
cdl_i2c.c:367:5:e2prom_i2c_read	48	static
cdl_i2c.c:482:5:dw_i2c_write	56	static
cdl_i2c.c:590:6:dw_i2c_init	0	static
cdl_i2c.c:601:6:dw_i2c_init_master	0	static
cdl_i2c.c:607:6:dw_i2c_init_slave	8	static
cdl_i2c.c:627:5:dw_i2c_slave_recv_data	12	static
cdl_i2c.c:657:5:dw_i2c_slave_transfer	8	static
cdl_i2c.c:724:15:dw_i2c_get_int_status	0	static
cdl_i2c.c:728:15:dw_i2c_get_raw_int_status	0	static
cdl_i2c.c:732:6:dw_i2c_set_int_mask	0	static
cdl_i2c.c:736:6:dw_i2c_clear_int	0	static
cdl_i2c.c:740:6:dw_i2c_clear_all_int	0	static
cdl_i2c.c:748:15:dw_i2c_get_abrt_source	0	static
cdl_i2c.c:753:6:dw_i2c_tx_abort_recovery	16	static
