cdl_rtc.c:67:15:mktime	16	static
cdl_rtc.c:91:5:rtc_month_days	4	static
cdl_rtc.c:99:5:rtc_year_days	8	static
cdl_rtc.c:105:5:check_time	16	static
cdl_rtc.c:147:6:rtc_time_to_tm	32	static
cdl_rtc.c:190:5:rtc_tm_to_time	16	static
cdl_rtc.c:232:6:stop_rtc_write	0	static
cdl_rtc.c:356:6:alarm_set_mask	0	static
cdl_rtc.c:364:6:alarm_clear_mask	0	static
cdl_rtc.c:372:6:alarm_enable	0	static
cdl_rtc.c:401:5:brite_rtc_init	24	static
cdl_rtc.c:424:6:brite_rtc_gettime	56	static
cdl_rtc.c:474:6:brite_rtc_settime	24	static
cdl_rtc.c:506:5:rtc_calculation_week	24	static
cdl_rtc.c:525:6:brite_rtc_get_trigger_mode	16	static
cdl_rtc.c:556:6:brite_rtc_getalarm	20	static
cdl_rtc.c:616:6:brite_rtc_setalarm	16	static
cdl_rtc.c:677:15:brite_rtc_get_int_status	0	static
cdl_rtc.c:681:15:brite_rtc_get_raw_int_status	0	static
cdl_rtc.c:685:6:brite_rtc_set_int_mask	0	static
cdl_rtc.c:689:6:brite_rtc_clear_int	0	static
cdl_rtc.c:695:8:rtc_read_trim	0	static
cdl_rtc.c:700:6:rtc_write_trim	0	static
cdl_rtc.c:705:6:rtc_trim_ctrl	0	static
cdl_rtc.c:710:6:rtc_trim_vld_ctrl	0	static
cdl_rtc.c:715:9:rtc_read_trim_mode	0	static
cdl_rtc.c:720:6:rtc_write_trim_mode	0	static
