cdl_timer.c:16:5:gtimer_read	0	static
cdl_timer.c:26:6:gtimer_write	0	static
cdl_timer.c:36:6:gtimer_init	16	static
cdl_timer.c:51:6:gtimer_init_1	24	static
cdl_timer.c:66:6:gtimer_reset	0	static
cdl_timer.c:79:6:gtimer_config_default	16	static
cdl_timer.c:109:6:gtimer_start	0	static
cdl_timer.c:117:6:gtimer_stop	0	static
cdl_timer.c:126:6:gtimer_set_mode	4	static
cdl_timer.c:142:6:gtimer_set_div	0	static
cdl_timer.c:161:6:gtimer_reload	0	static
cdl_timer.c:166:6:gtimer_set_load	0	static
cdl_timer.c:171:6:gtimer_set_count	0	static
cdl_timer.c:176:6:gtimer_set_compare	0	static
cdl_timer.c:181:15:gtimer_get_count	0	static
cdl_timer.c:186:6:gtimer_clear_raw_status	0	static
cdl_timer.c:192:6:gtimer_set_capture_mode	0	static
cdl_timer.c:209:5:gtimer_check_capture_done	0	static
cdl_timer.c:216:6:gtimer_get_capture_data	0	static
cdl_timer.c:222:6:gtimer_clear_capture	0	static
cdl_timer.c:227:6:gtimer_set_pwm_mode	4	static
cdl_timer.c:248:6:gtimer_set_compare_mode	0	static
cdl_timer.c:261:6:gtimer_set_int_mask	0	static
cdl_timer.c:266:15:gtimer_get_int_status	0	static
cdl_timer.c:271:15:gtimer_get_raw_int_status	0	static
cdl_timer.c:276:6:gtimer_clear_int	0	static
cdl_timer.c:281:6:gtimer_save_context	32	static
cdl_timer.c:298:6:gtimer_restore_context	24	static
