cdl_sys.c:45:6:mem_cpy8	0	static
cdl_sys.c:76:6:mem_cpy32	0	static
cdl_sys.c:109:6:mem_set8	0	static
cdl_sys.c:141:6:mem_set32	0	static
cdl_sys.c:175:5:mem_cmp8	0	static
cdl_sys.c:214:10:mem_cmp32	4	static
cdl_sys.c:236:6:mem_set_seq	0	static
cdl_sys.c:245:6:mem_printf	16	static
cdl_sys.c:255:6:mem_print_line	32	static
cdl_sys.c:295:9:power	0	static
cdl_sys.c:310:6:prcm_var_init	8	static
cdl_sys.c:317:6:misc_var_init	8	static
cdl_sys.c:337:10:prcm_pwd_read	8	static
cdl_sys.c:379:6:prcm_pwd_hs_keeping_ctrl	0	static
cdl_sys.c:402:6:prcm_fail_safe_timer_init	0	static
cdl_sys.c:425:10:prcm_pmu_int_st_read	0	static
cdl_sys.c:443:6:prcm_pmu_int_st_clr	0	static
cdl_sys.c:465:6:prcm_reset	8	static
cdl_sys.c:536:6:prcm_blk_cg	0	static
cdl_sys.c:5758:6:misc_uart_pin_init	0	static
cdl_sys.c:5763:6:misc_sdio_pin_init	0	static
cdl_sys.c:5768:6:misc_spi_pin_init	0	static
cdl_sys.c:5773:6:misc_i2c_pin_init	0	static
cdl_sys.c:5778:6:misc_gpio_pin_init	0	static
cdl_sys.c:5783:6:misc_timer_input_pin_init	0	static
cdl_sys.c:5788:6:misc_timer_output_pin_init	0	static
cdl_sys.c:5793:6:misc_rtc_clkout_pin_init	0	static
cdl_sys.c:5797:6:misc_rtc_cal_clkout_pin_init	0	static
cdl_sys.c:5801:6:misc_clkout_pin_init	0	static
cdl_sys.c:5805:6:misc_host_low_power_out_pin_init	0	static
cdl_sys.c:5809:6:misc_epf_failsafe_timer_out_pin_init	0	static
cdl_sys.c:5813:6:misc_sleep_mode_done_pin_init	0	static
cdl_sys.c:5817:6:misc_usb_oc_pin_init	0	static
cdl_sys.c:5839:6:misc_uart_ds	8	static
cdl_sys.c:5914:6:misc_i2c_ds	8	static
