cdl_aes.c:27:13:aes_config_key	16	static
cdl_aes.c:231:12:aes_zero_exec	8	static
cdl_aes.c:164:12:aes_dma_tx	56	static
cdl_aes.c:197:12:aes_dma_rx	64	static
cdl_aes.c:266:12:aes_simple_exec	32	static
cdl_aes.c:326:12:aes_exec	48	static
cdl_aes.c:54:13:aes_set_key	0	static
cdl_aes.c:593:6:aes_init	16	static
cdl_aes.c:625:5:aes_ecb_start	8	static
cdl_aes.c:642:5:aes_cbc_start	16	static
cdl_aes.c:651:5:aes_cbc_enc	16	static
cdl_aes.c:665:5:aes_cbc_dec	16	static
cdl_aes.c:680:5:aes_ctr_start	16	static
cdl_aes.c:689:5:aes_ctr_enc	0	static
cdl_aes.c:633:5:aes_ecb_enc	0	static
cdl_aes.c:693:5:aes_ctr_dec	0	static
cdl_aes.c:637:5:aes_ecb_dec	0	static
cdl_aes.c:698:5:aes_ccm_start	80	static
cdl_aes.c:733:5:aes_ccm_enc	32	static
cdl_aes.c:759:5:aes_ccm_dec	24	static
cdl_aes.c:788:5:aes_gcm_start	64	static
cdl_aes.c:823:5:aes_gcm_enc	32	static
cdl_aes.c:852:5:aes_gcm_dec	16	static
cdl_aes.c:878:6:aes_gcm_done	8	static
cdl_aes.c:781:6:aes_ccm_done	0	static
cdl_aes.c:885:5:aes_cmac_start	16	static
cdl_aes.c:898:5:aes_cmac_enc	48	static
