cdl_qspi_nand.c:71:6:qspi_nand_set_drir	0	static
cdl_qspi_nand.c:90:6:qspi_nand_set_dwir	0	static
cdl_qspi_nand.c:115:6:qspi_nand_set_ddr	0	static
cdl_qspi_nand.c:147:6:qspi_nand_set_dsr	0	static
cdl_qspi_nand.c:152:9:qspi_get_brdiv	16	static
cdl_qspi_nand.c:229:6:qspi_nand_set_cfgr	0	static
cdl_qspi_nand.c:344:6:qspi_nand_init	8	static
cdl_qspi_nand.c:455:11:qspi_nand_get_feature	16	static
cdl_qspi_nand.c:494:11:qspi_nand_wr_ctrl	8	static
cdl_qspi_nand.c:639:11:qspi_nand_chk_st	24	static
cdl_qspi_nand.c:403:11:qspi_nand_set_feature	24	static
cdl_qspi_nand.c:255:9:qspi_nand_quad_enable	16	static
cdl_qspi_nand.c:319:9:qspi_nand_blk_protect_ctrl	8	static
cdl_qspi_nand.c:521:9:qspi_nand_ecc_ctrl	24	static
cdl_qspi_nand.c:556:9:qspi_nand_buf_mode_ctrl	24	static
cdl_qspi_nand.c:591:9:qspi_nand_otp_enter_ctrl	16	static
cdl_qspi_nand.c:684:11:qspi_nand_sel_die	16	static
cdl_qspi_nand.c:739:11:qspi_nand_reset	16	static
cdl_qspi_nand.c:779:11:qspi_nand_read_id	16	static
cdl_qspi_nand.c:819:11:qspi_nand_blk_erase	24	static
cdl_qspi_nand.c:901:11:qspi_nand_page_write	48	static
cdl_qspi_nand.c:1024:11:qspi_nand_page_read	48	static
cdl_qspi_nand.c:1154:11:qspi_nand_param_page_read	48	static
cdl_qspi_nand.c:1234:6:qspi_nand_ONFI_param_init	32	static
cdl_qspi_nand.c:1332:11:qspi_nand_raw_data_write	56	static
cdl_qspi_nand.c:1479:11:qspi_nand_raw_data_read	48	static
cdl_qspi_nand.c:1605:11:qspi_nand_spare_read	48	static
cdl_qspi_nand.c:1713:11:qspi_nand_page_read_1	48	static
