cdl_i2c.c:164:12:dw_i2c_wait_for_bb.isra.0	16	static
cdl_i2c.c:192:12:dw_i2c_xfer_init	24	static
cdl_i2c.c:211:12:dw_i2c_xfer_finish	16	static
cdl_i2c.c:558:13:dw_i2c_init_hw	24	static
cdl_i2c.c:16:6:dw_i2c_writel	0	static
cdl_i2c.c:21:15:dw_i2c_readl	0	static
cdl_i2c.c:318:5:dw_i2c_read	48	static
cdl_i2c.c:383:5:e2prom_i2c_read	48	static
cdl_i2c.c:498:5:dw_i2c_write	48	static
cdl_i2c.c:606:6:dw_i2c_init	0	static
cdl_i2c.c:617:6:dw_i2c_init_master	0	static
cdl_i2c.c:623:6:dw_i2c_init_slave	8	static
cdl_i2c.c:643:5:dw_i2c_slave_recv_data	12	static
cdl_i2c.c:673:5:dw_i2c_slave_transfer	8	static
cdl_i2c.c:740:15:dw_i2c_get_int_status	0	static
cdl_i2c.c:744:15:dw_i2c_get_raw_int_status	0	static
cdl_i2c.c:748:6:dw_i2c_set_int_mask	0	static
cdl_i2c.c:752:6:dw_i2c_clear_int	0	static
cdl_i2c.c:756:6:dw_i2c_clear_all_int	0	static
cdl_i2c.c:764:15:dw_i2c_get_abrt_source	0	static
cdl_i2c.c:769:6:dw_i2c_tx_abort_recovery	16	static
