cdl_qspi_nand.c:147:13:qspi_apb_delay	8	static
cdl_qspi_nand.c:84:13:qspi_config_baudrate_div	16	static
cdl_qspi_nand.c:274:6:qspi_nand_set_drir	0	static
cdl_qspi_nand.c:293:6:qspi_nand_set_dwir	0	static
cdl_qspi_nand.c:318:6:qspi_nand_set_ddr	0	static
cdl_qspi_nand.c:350:6:qspi_nand_set_dsr	0	static
cdl_qspi_nand.c:355:9:qspi_get_brdiv	16	static
cdl_qspi_nand.c:516:6:qspi_nand_init	16	static
cdl_qspi_nand.c:629:11:qspi_nand_get_feature	16	static
cdl_qspi_nand.c:668:11:qspi_nand_wr_ctrl	8	static
cdl_qspi_nand.c:813:11:qspi_nand_chk_st	24	static
cdl_qspi_nand.c:577:11:qspi_nand_set_feature	24	static
cdl_qspi_nand.c:425:9:qspi_nand_quad_enable	16	static
cdl_qspi_nand.c:489:9:qspi_nand_blk_protect_ctrl	8	static
cdl_qspi_nand.c:695:9:qspi_nand_ecc_ctrl	24	static
cdl_qspi_nand.c:730:9:qspi_nand_buf_mode_ctrl	24	static
cdl_qspi_nand.c:765:9:qspi_nand_otp_enter_ctrl	16	static
cdl_qspi_nand.c:858:11:qspi_nand_sel_die	16	static
cdl_qspi_nand.c:913:11:qspi_nand_reset	16	static
cdl_qspi_nand.c:953:11:qspi_nand_read_id	16	static
cdl_qspi_nand.c:189:9:qspi_calibration	40	static
cdl_qspi_nand.c:996:11:qspi_nand_blk_erase	24	static
cdl_qspi_nand.c:1078:11:qspi_nand_page_write	48	static
cdl_qspi_nand.c:1208:11:qspi_nand_page_read	48	static
cdl_qspi_nand.c:1323:11:qspi_nand_page_read_without_oob	48	static
cdl_qspi_nand.c:1454:11:qspi_nand_param_page_read	48	static
cdl_qspi_nand.c:1534:6:qspi_nand_ONFI_param_init	32	static
cdl_qspi_nand.c:1632:11:qspi_nand_raw_data_write	56	static
cdl_qspi_nand.c:1779:11:qspi_nand_raw_data_read	48	static
cdl_qspi_nand.c:1905:11:qspi_nand_spare_read	48	static
cdl_qspi_nand.c:2013:11:qspi_nand_page_read_1	48	static
