cdl_mmc.c:96:13:dwmci_reset	24	static
cdl_mmc.c:627:6:dwmci_setup_bus.part.5	16	static
cdl_mmc.c:718:12:dwmci_init_hw	8	static
cdl_mmc.c:689:13:dwmci_set_ios	8	static
cdl_mmc.c:420:12:dwmci_send_cmd	96	static
cdl_mmc.c:627:6:dwmci_setup_bus	0	static
cdl_mmc.c:768:5:dw_mmc_init	12	static
cdl_mmc.c:787:15:dwmci_get_raw_int_status	0	static
cdl_mmc.c:791:15:dwmci_get_int_status	0	static
cdl_mmc.c:795:6:dwmci_clear_int_status	0	static
cdl_mmc.c:799:6:dwmci_set_int_mask	0	static
cdl_mmc.c:803:6:dwmci_enable_int	0	static
cdl_mmc.c:814:6:dwmci_display_config	8	static
