cdl_sys.c:48:6:mem_cpy8	0	static
cdl_sys.c:79:6:mem_cpy32	0	static
cdl_sys.c:112:6:mem_set8	0	static
cdl_sys.c:144:6:mem_set32	0	static
cdl_sys.c:178:5:mem_cmp8	0	static
cdl_sys.c:217:10:mem_cmp32	4	static
cdl_sys.c:239:6:mem_set_seq	0	static
cdl_sys.c:248:6:mem_printf	16	static
cdl_sys.c:258:6:mem_print_line	32	static
cdl_sys.c:298:9:power	0	static
cdl_sys.c:313:6:sw_udelay_10x	0	static
cdl_sys.c:324:5:sw_mutex_lock	24	static
cdl_sys.c:339:5:sw_mutex_unlock	8	static
cdl_sys.c:348:6:prcm_var_init	8	static
cdl_sys.c:355:6:misc_var_init	8	static
cdl_sys.c:375:10:prcm_pwd_read	8	static
cdl_sys.c:417:6:prcm_pwd_hs_keeping_ctrl	0	static
cdl_sys.c:440:6:prcm_fail_safe_timer_init	0	static
cdl_sys.c:463:10:prcm_pmu_int_st_read	0	static
cdl_sys.c:481:6:prcm_pmu_int_st_clr	0	static
cdl_sys.c:503:6:prcm_reset	8	static
cdl_sys.c:574:6:prcm_blk_cg	0	static
cdl_sys.c:5426:6:misc_enable_dma_err_resp	4	static
cdl_sys.c:5450:6:misc_disable_dma_err_resp	0	static
cdl_sys.c:5475:6:misc_trng_sel	0	static
cdl_sys.c:5498:6:misc_uart_pin_init	8	static
cdl_sys.c:5541:6:misc_sdio_pin_init	8	static
cdl_sys.c:5581:6:misc_spi_pin_init	8	static
cdl_sys.c:5621:6:misc_i2c_pin_init	8	static
cdl_sys.c:5669:6:misc_gpio_pin_init	16	static
cdl_sys.c:5719:6:misc_timer_input_pin_init	8	static
cdl_sys.c:5765:6:misc_timer_output_pin_init	24	static
cdl_sys.c:5806:6:misc_rtc_clkout_pin_init	0	static
cdl_sys.c:5833:6:misc_rtc_cal_clkout_pin_init	0	static
cdl_sys.c:5860:6:misc_clkout_pin_init	0	static
cdl_sys.c:5887:6:misc_host_low_power_out_pin_init	0	static
cdl_sys.c:5914:6:misc_epf_failsafe_timer_out_pin_init	0	static
cdl_sys.c:5941:6:misc_sleep_mode_done_pin_init	0	static
cdl_sys.c:5969:6:misc_usb_oc_pin_init	8	static
cdl_sys.c:5991:6:misc_wdt_rstn_pin_init	0	static
cdl_sys.c:6082:6:misc_uart_ds	8	static
cdl_sys.c:6157:6:misc_i2c_ds	8	static
cdl_sys.c:6218:6:misc_dma_ext_int_src_sel	8	static
