cdl_rtc.c:291:13:start_rtc_read	16	static
cdl_rtc.c:312:13:stop_rtc_read	16	static
cdl_rtc.c:145:15:mktime	16	static
cdl_rtc.c:169:5:rtc_month_days	4	static
cdl_rtc.c:177:5:rtc_year_days	8	static
cdl_rtc.c:183:5:check_time	16	static
cdl_rtc.c:227:6:rtc_time_to_tm	32	static
cdl_rtc.c:270:5:rtc_tm_to_time	16	static
cdl_rtc.c:354:6:stop_rtc_write	16	static
cdl_rtc.c:492:6:alarm_set_mask	32	static
cdl_rtc.c:500:6:alarm_clear_mask	32	static
cdl_rtc.c:508:6:alarm_enable	32	static
cdl_rtc.c:554:5:brite_rtc_init	40	static
cdl_rtc.c:590:6:brite_rtc_gettime_internal	40	static
cdl_rtc.c:664:6:brite_rtc_gettime	24	static
cdl_rtc.c:709:6:brite_rtc_settime	48	static
cdl_rtc.c:755:5:rtc_calculation_week	24	static
cdl_rtc.c:787:6:brite_rtc_get_trigger_mode	16	static
cdl_rtc.c:817:6:brite_rtc_get_trigger_mode_multi	16	static
cdl_rtc.c:869:6:brite_rtc_getalarm	20	static
cdl_rtc.c:940:6:brite_rtc_setalarm	40	static
cdl_rtc.c:1014:15:brite_rtc_get_int_status	0	static
cdl_rtc.c:1032:15:brite_rtc_get_raw_int_status	0	static
cdl_rtc.c:1050:6:brite_rtc_set_int_mask	32	static
cdl_rtc.c:1068:6:brite_rtc_clear_int	32	static
cdl_rtc.c:1086:8:rtc_read_trim	0	static
cdl_rtc.c:1104:6:rtc_write_trim	32	static
cdl_rtc.c:1122:6:rtc_trim_ctrl	32	static
cdl_rtc.c:1140:6:rtc_trim_vld_ctrl	32	static
cdl_rtc.c:1158:9:rtc_read_trim_mode	0	static
cdl_rtc.c:1177:6:rtc_write_trim_mode	32	static
