cdl_aes.c:31:13:aes_config_key	16	static
cdl_aes.c:198:12:aes_dma_tx	48	static
cdl_aes.c:231:12:aes_dma_rx	56	static
cdl_aes.c:58:13:aes_set_key	0	static
cdl_aes.c:159:13:aes_wait_ingress_dma_done	16	static
cdl_aes.c:174:13:aes_wait_engress_dma_done	16	static
cdl_aes.c:144:13:aes_wait_done	16	static
cdl_aes.c:300:12:aes_simple_exec	32	static
cdl_aes.c:360:12:aes_exec	56	static
cdl_aes.c:265:12:aes_zero_exec	8	static
cdl_aes.c:627:6:aes_init	16	static
cdl_aes.c:659:5:aes_ecb_start	8	static
cdl_aes.c:667:5:aes_ecb_enc	0	static
cdl_aes.c:671:5:aes_ecb_dec	0	static
cdl_aes.c:676:5:aes_cbc_start	16	static
cdl_aes.c:685:5:aes_cbc_enc	16	static
cdl_aes.c:699:5:aes_cbc_dec	16	static
cdl_aes.c:714:5:aes_ccm_start	80	static
cdl_aes.c:749:5:aes_ccm_enc	32	static
cdl_aes.c:775:5:aes_ccm_dec	24	static
cdl_aes.c:797:6:aes_ccm_done	8	static
cdl_aes.c:804:5:aes_gcm_start	64	static
cdl_aes.c:839:5:aes_gcm_enc	32	static
cdl_aes.c:868:5:aes_gcm_dec	16	static
cdl_aes.c:894:6:aes_gcm_done	8	static
cdl_aes.c:901:5:aes_cmac_start	16	static
cdl_aes.c:914:5:aes_cmac_enc	56	static
