cdl_nfc.c:121:6:nfc_init	16	static
cdl_nfc.c:164:10:nfc_chk_st	24	static
cdl_nfc.c:207:10:nfc_chk_st_1	24	static
cdl_nfc.c:245:9:nfc_chk_rd_dma_st	24	static
cdl_nfc.c:293:9:nfc_chk_wr_dma_st	24	static
cdl_nfc.c:334:10:nfc_reset	0	static
cdl_nfc.c:364:9:nfc_read_id	16	static
cdl_nfc.c:420:9:nfc_get_feature	16	static
cdl_nfc.c:471:9:nfc_set_feature	8	static
cdl_nfc.c:41:9:nfc_set_mode	16	static
cdl_nfc.c:512:9:nfc_set_array_op_mode	16	static
cdl_nfc.c:545:9:nfc_param_page_read	32	static
cdl_nfc.c:621:9:nfc_blk_erase	8	static
cdl_nfc.c:661:9:nfc_raw_data_write	8	static
cdl_nfc.c:710:9:nfc_raw_data_read	8	static
cdl_nfc.c:759:9:nfc_page_write	16	static
cdl_nfc.c:811:9:nfc_page_read	16	static
cdl_nfc.c:864:9:nfc_otp_page_write	32	static
cdl_nfc.c:904:9:nfc_otp_page_read	32	static
cdl_nfc.c:940:9:nfc_otp_protect	24	static
cdl_nfc.c:997:9:nfc_spare_read	16	static
cdl_nfc.c:1044:6:nfc_param_init	24	static
cdl_nfc.c:1153:9:nfc_raw_data_read_1	8	static
cdl_nfc.c:1176:10:nfc_read_int_st	0	static
cdl_nfc.c:1181:6:nfc_clr_int_st	0	static
cdl_nfc.c:1188:6:nfc_set_int_mask	0	static
cdl_nfc.c:1197:6:nfc_int_ctrl	0	static
