cdl_dmac.c:79:13:dw_dmac_channel_config_hw	20	static
cdl_dmac.c:48:5:dw_dmac_channel_select	32	static
cdl_dmac.c:133:5:dw_dmac_init	0	static
cdl_dmac.c:155:5:dw_dmac_channel_config	40	static
cdl_dmac.c:224:5:dw_dmac_channel_single_transfer	40	static
cdl_dmac.c:234:5:dw_dmac_channel_wait_done	32	static
cdl_dmac.c:182:5:dw_dmac_channel_single_transfer_poll	48	static
cdl_dmac.c:254:5:dw_dmac_channel_check_done	0	static
cdl_dmac.c:271:5:dw_dmac_channel_get_transfered	0	static
cdl_dmac.c:279:5:dw_dmac_channel_abort	32	static
cdl_dmac.c:338:5:dw_dmac_channel_lli_transfer	16	static
cdl_dmac.c:322:5:dw_dmac_channel_lli_transfer_poll	16	static
cdl_dmac.c:379:15:dw_dmac_get_ch_raw_int_status	0	static
cdl_dmac.c:385:15:dw_dmac_get_ch_int_status	0	static
cdl_dmac.c:391:15:dw_dmac_get_ch_int_mask	0	static
cdl_dmac.c:397:6:dw_dmac_set_ch_int_mask	4	static
cdl_dmac.c:404:6:dw_dmac_set_ch_int_clear	0	static
cdl_dmac.c:409:15:dw_dmac_get_int_status	0	static
cdl_dmac.c:414:15:dw_dmac_config_lli_ctl	0	static
cdl_dmac.c:429:5:dw_dmac_config_lli_item	16	static
cdl_dmac.c:564:6:dw_dmac_dump_status	104	static
cdl_dmac.c:663:6:dump_dma_regs	24	static
cdl_dmac.c:690:10:dma_chk_st	24	static
cdl_dmac.c:786:6:dma_xfer_common	96	static
cdl_dmac.c:876:6:dma_qspi_copy_m2p	64	static
cdl_dmac.c:916:6:dma_qspi_copy_p2m	64	static
cdl_dmac.c:926:6:dma_hs_config	4	static
cdl_dmac.c:940:6:dma_hs_per_config	4	static
cdl_dmac.c:955:6:dw_dmac_channel_single_transfer_ext	40	static
