cdl_i2c.c:149:12:dw_i2c_wait_for_bb.isra.0	16	static
cdl_i2c.c:196:12:dw_i2c_xfer_finish	16	static
cdl_i2c.c:177:12:dw_i2c_xfer_init	24	static
cdl_i2c.c:543:13:dw_i2c_init_hw	20	static
cdl_i2c.c:14:6:dw_i2c_writel	0	static
cdl_i2c.c:19:15:dw_i2c_readl	0	static
cdl_i2c.c:303:5:dw_i2c_read	56	static
cdl_i2c.c:368:5:e2prom_i2c_read	48	static
cdl_i2c.c:483:5:dw_i2c_write	56	static
cdl_i2c.c:591:6:dw_i2c_init	0	static
cdl_i2c.c:602:6:dw_i2c_init_master	0	static
cdl_i2c.c:608:6:dw_i2c_init_slave	8	static
cdl_i2c.c:628:5:dw_i2c_slave_recv_data	12	static
cdl_i2c.c:658:5:dw_i2c_slave_transfer	8	static
cdl_i2c.c:725:15:dw_i2c_get_int_status	0	static
cdl_i2c.c:729:15:dw_i2c_get_raw_int_status	0	static
cdl_i2c.c:733:6:dw_i2c_set_int_mask	0	static
cdl_i2c.c:737:6:dw_i2c_clear_int	0	static
cdl_i2c.c:741:6:dw_i2c_clear_all_int	0	static
cdl_i2c.c:749:15:dw_i2c_get_abrt_source	0	static
cdl_i2c.c:754:6:dw_i2c_tx_abort_recovery	16	static
