cdl_dmac.c:79:13:dw_dmac_channel_config_hw	20	static
cdl_dmac.c:48:12:dw_dmac_channel_select	32	static
cdl_dmac.c:135:5:dw_dmac_init	0	static
cdl_dmac.c:157:5:dw_dmac_channel_config	40	static
cdl_dmac.c:228:5:dw_dmac_channel_single_transfer	40	static
cdl_dmac.c:238:5:dw_dmac_channel_wait_done	32	static
cdl_dmac.c:186:5:dw_dmac_channel_single_transfer_poll	48	static
cdl_dmac.c:258:5:dw_dmac_channel_check_done	0	static
cdl_dmac.c:275:5:dw_dmac_channel_get_transfered	0	static
cdl_dmac.c:283:5:dw_dmac_channel_abort	32	static
cdl_dmac.c:342:5:dw_dmac_channel_lli_transfer	16	static
cdl_dmac.c:326:5:dw_dmac_channel_lli_transfer_poll	16	static
cdl_dmac.c:383:15:dw_dmac_get_ch_raw_int_status	0	static
cdl_dmac.c:389:15:dw_dmac_get_ch_int_status	0	static
cdl_dmac.c:395:15:dw_dmac_get_ch_int_mask	0	static
cdl_dmac.c:401:6:dw_dmac_set_ch_int_mask	4	static
cdl_dmac.c:408:6:dw_dmac_set_ch_int_clear	0	static
cdl_dmac.c:413:15:dw_dmac_get_int_status	0	static
cdl_dmac.c:418:15:dw_dmac_config_lli_ctl	4	static
cdl_dmac.c:433:5:dw_dmac_config_lli_item	16	static
cdl_dmac.c:568:6:dw_dmac_dump_status	104	static
cdl_dmac.c:667:6:dump_dma_regs	24	static
cdl_dmac.c:694:10:dma_chk_st	32	static
cdl_dmac.c:790:6:dma_xfer_common	36	static
cdl_dmac.c:865:6:dma_qspi_copy_m2p	64	static
cdl_dmac.c:905:6:dma_qspi_copy_p2m	64	static
