cdl_dwc_trng.c:9:6:dwc_trng_writel	0	static
cdl_dwc_trng.c:14:15:dwc_trng_readl	0	static
cdl_dwc_trng.c:140:5:dwc_trng_set_keylen	4	static
cdl_dwc_trng.c:164:5:dwc_trng_set_addin_present	0	static
cdl_dwc_trng.c:181:5:dwc_trng_set_pred_resist	0	static
cdl_dwc_trng.c:201:5:dwc_trng_set_kat	4	static
cdl_dwc_trng.c:221:5:dwc_trng_set_nonce	0	static
cdl_dwc_trng.c:238:5:dwc_trng_set_secure	0	static
cdl_dwc_trng.c:255:5:dwc_trng_cmd_zeroize	16	static
cdl_dwc_trng.c:32:12:dwc_trng_get_alarms	8	static
cdl_dwc_trng.c:55:12:dwc_trng_wait_on_	12	static
cdl_dwc_trng.c:86:5:dwc_trng_init	24	static
cdl_dwc_trng.c:284:5:dwc_trng_cmd_seed	16	static
cdl_dwc_trng.c:331:5:dwc_trng_cmd_create_state	64	static
cdl_dwc_trng.c:376:5:dwc_trng_cmd_renew_state	16	static
cdl_dwc_trng.c:455:5:dwc_trng_cmd_advance_state	16	static
cdl_dwc_trng.c:406:5:dwc_trng_cmd_gen_random	32	static
cdl_dwc_trng.c:484:5:dwc_trng_cmd_refresh_addin	16	static
cdl_dwc_trng.c:519:5:dwc_trng_cmd_kat	16	static
cdl_dwc_trng.c:554:6:dwc_trng_enable_interrupt	0	static
cdl_dwc_trng.c:559:10:dwc_trng_get_interrupt_status	0	static
cdl_dwc_trng.c:564:6:dwc_trng_clear_int_status	0	static
