cdl_nfc.c:38:6:nfc_init	16	static
cdl_nfc.c:81:10:nfc_chk_st	24	static
cdl_nfc.c:126:9:nfc_chk_rd_dma_st	24	static
cdl_nfc.c:174:9:nfc_chk_wr_dma_st	24	static
cdl_nfc.c:215:10:nfc_reset	0	static
cdl_nfc.c:245:9:nfc_read_id	16	static
cdl_nfc.c:301:9:nfc_get_feature	16	static
cdl_nfc.c:352:9:nfc_set_feature	8	static
cdl_nfc.c:393:9:nfc_set_array_op_mode	16	static
cdl_nfc.c:426:9:nfc_param_page_read	32	static
cdl_nfc.c:502:9:nfc_blk_erase	8	static
cdl_nfc.c:546:9:nfc_raw_data_write	8	static
cdl_nfc.c:595:9:nfc_raw_data_read	8	static
cdl_nfc.c:644:9:nfc_page_write	16	static
cdl_nfc.c:696:9:nfc_page_read	16	static
cdl_nfc.c:749:9:nfc_otp_page_write	32	static
cdl_nfc.c:789:9:nfc_otp_page_read	32	static
cdl_nfc.c:825:9:nfc_otp_protect	24	static
cdl_nfc.c:882:9:nfc_spare_read	16	static
cdl_nfc.c:929:6:nfc_param_init	24	static
cdl_nfc.c:1038:9:nfc_raw_data_read_1	8	static
cdl_nfc.c:1067:10:nfc_read_int_st	0	static
cdl_nfc.c:1072:6:nfc_clr_int_st	0	static
cdl_nfc.c:1079:6:nfc_set_int_mask	0	static
cdl_nfc.c:1088:6:nfc_int_ctrl	0	static
