cdl_pll.c:15:5:root_xtal_24mhz_get_rate	0	static
cdl_pll.c:19:5:root_xtal_36mhz_get_rate	0	static
cdl_pll.c:23:5:root_rosc_100mhz_get_rate	0	static
cdl_pll.c:27:5:root_rosc_25mhz_get_rate	0	static
cdl_pll.c:38:5:clk_rate_change_cb	16	static
cdl_pll.c:349:13:brite_get_pll_rate_table	0	static
cdl_pll.c:441:12:brite_pll_round_rate	0	static
cdl_pll.c:559:5:brite_arm_pll_set_rate	24	static
cdl_pll.c:521:5:brite_arm_pll_set_parent	24	static
cdl_pll.c:763:5:brite_set_arm_clk_parent	16	static
cdl_pll.c:31:5:clk_get_parent_rate	0	static
cdl_pll.c:462:5:brite_arm_pll_get_rate	8	static
cdl_pll.c:792:5:brite_get_arm_clk_rate	0	static
cdl_pll.c:984:5:brite_get_uart_clk_rate_2.part.3	8	static
cdl_pll.c:984:5:brite_get_uart_clk_rate_2	0	static
cdl_pll.c:168:6:clk_register_callback	0	static
cdl_pll.c:189:14:clk_name_to_clk	24	static
cdl_pll.c:200:6:print_clk_name	16	static
cdl_pll.c:492:5:brite_arm_pll_get_actual_rate	8	static
cdl_pll.c:507:5:brite_arm_pll_get_current_xin_type	0	static
cdl_pll.c:624:5:brite_ddr_pll_get_rate	4	static
cdl_pll.c:665:5:brite_ddr_pll_set_rate	16	static
cdl_pll.c:748:5:brite_arm_clk_get_current_xin_type	0	static
cdl_pll.c:803:5:brite_get_arm_clk_child_div	0	static
cdl_pll.c:810:5:brite_set_arm_clk_child_div	4	static
cdl_pll.c:824:5:brite_get_arm_clk_child_rate	16	static
cdl_pll.c:876:5:brite_get_arm_axi_clk_rate	0	static
cdl_pll.c:889:5:brite_get_arm_ahb_clk_rate	0	static
cdl_pll.c:903:5:brite_get_arm_apb0_clk_rate	0	static
cdl_pll.c:916:5:brite_get_arm_apb1_clk_rate	0	static
cdl_pll.c:929:5:brite_get_arm_rom_clk_rate	0	static
cdl_pll.c:942:5:brite_get_sdmmc_clk_rate	0	static
cdl_pll.c:955:5:brite_get_nfc_clk_rate	0	static
cdl_pll.c:839:5:brite_set_arm_clk_child_rate	24	static
cdl_pll.c:881:5:brite_set_arm_axi_clk_rate	0	static
cdl_pll.c:894:5:brite_set_arm_ahb_clk_rate	0	static
cdl_pll.c:908:5:brite_set_arm_apb0_clk_rate	0	static
cdl_pll.c:921:5:brite_set_arm_apb1_clk_rate	0	static
cdl_pll.c:934:5:brite_set_arm_rom_clk_rate	0	static
cdl_pll.c:947:5:brite_set_sdmmc_clk_rate	0	static
cdl_pll.c:960:5:brite_set_nfc_clk_rate	0	static
cdl_pll.c:967:5:brite_get_uart_clk_div	0	static
cdl_pll.c:972:5:brite_set_uart_clk_div	0	static
cdl_pll.c:1006:5:brite_get_uart_clk_rate	0	static
cdl_pll.c:1011:6:brite_uart_clk_div_block_reset	0	static
cdl_pll.c:1024:5:brite_set_all_clock_default	8	static
cdl_pll.c:1077:6:brite_get_all_clock_rate	32	static
cdl_pll.c:1129:6:brite_pll_init	16	static
