cdl_aes.c:28:13:aes_config_key	16	static
cdl_aes.c:232:12:aes_zero_exec	8	static
cdl_aes.c:165:12:aes_dma_tx	56	static
cdl_aes.c:198:12:aes_dma_rx	64	static
cdl_aes.c:267:12:aes_simple_exec	32	static
cdl_aes.c:327:12:aes_exec	48	static
cdl_aes.c:55:13:aes_set_key	0	static
cdl_aes.c:594:6:aes_init	16	static
cdl_aes.c:626:5:aes_ecb_start	8	static
cdl_aes.c:643:5:aes_cbc_start	16	static
cdl_aes.c:652:5:aes_cbc_enc	16	static
cdl_aes.c:666:5:aes_cbc_dec	16	static
cdl_aes.c:681:5:aes_ctr_start	16	static
cdl_aes.c:690:5:aes_ctr_enc	0	static
cdl_aes.c:634:5:aes_ecb_enc	0	static
cdl_aes.c:694:5:aes_ctr_dec	0	static
cdl_aes.c:638:5:aes_ecb_dec	0	static
cdl_aes.c:699:5:aes_ccm_start	80	static
cdl_aes.c:734:5:aes_ccm_enc	32	static
cdl_aes.c:760:5:aes_ccm_dec	24	static
cdl_aes.c:782:6:aes_ccm_done	8	static
cdl_aes.c:789:5:aes_gcm_start	64	static
cdl_aes.c:824:5:aes_gcm_enc	32	static
cdl_aes.c:853:5:aes_gcm_dec	16	static
cdl_aes.c:879:6:aes_gcm_done	8	static
cdl_aes.c:886:5:aes_cmac_start	16	static
cdl_aes.c:899:5:aes_cmac_enc	48	static
