gmp_desc.c:431:13:montgomery_deinit	0	static
gmp_desc.c:144:12:read_radix	32	static
gmp_desc.c:403:12:montgomery_setup	8	static
gmp_desc.c:457:12:set_rand	8	static
gmp_desc.c:247:12:sub	8	static
gmp_desc.c:360:12:submod	16	static
gmp_desc.c:421:12:montgomery_reduce	8	static
gmp_desc.c:349:12:addmod	16	static
gmp_desc.c:229:12:add	8	static
gmp_desc.c:446:12:isprime	8	static
gmp_desc.c:436:12:exptmod	8	static
gmp_desc.c:412:12:montgomery_normalization	8	static
gmp_desc.c:64:12:set_int	8	static
gmp_desc.c:393:12:invmod	8	static
gmp_desc.c:382:12:sqrmod	16	static
gmp_desc.c:371:12:mulmod	16	static
gmp_desc.c:283:12:sqr	8	static
gmp_desc.c:265:12:mul	8	static
gmp_desc.c:340:12:lcm	8	static
gmp_desc.c:330:12:gcd	8	static
gmp_desc.c:320:12:modi	8	static
gmp_desc.c:311:12:div_2	8	static
gmp_desc.c:47:12:copy	8	static
gmp_desc.c:292:12:divide	40	static
gmp_desc.c:274:12:muli	8	static
gmp_desc.c:256:12:subi	8	static
gmp_desc.c:238:12:addi	8	static
gmp_desc.c:220:12:unsigned_read	24	static
gmp_desc.c:211:12:unsigned_write	24	static
gmp_desc.c:118:12:count_bits	8	static
gmp_desc.c:201:22:unsigned_size	16	static
gmp_desc.c:104:12:compare_d	8	static
gmp_desc.c:187:12:write_radix	8	static
gmp_desc.c:32:13:deinit	8	static
gmp_desc.c:131:12:twoexpt	16	static
gmp_desc.c:124:12:count_lsb_bits	8	static
gmp_desc.c:89:12:compare	8	static
gmp_desc.c:83:12:get_digit_count	8	static
gmp_desc.c:77:21:get_digit	8	static
gmp_desc.c:71:22:get_int	8	static
gmp_desc.c:39:12:neg	8	static
gmp_desc.c:20:12:init	8	static
gmp_desc.c:55:12:init_copy	16	static
