f_dfu.c:127:13:dfu_set_poll_timeout	24	static
f_dfu.c:156:13:dnload_request_complete	24	static
f_dfu.c:169:13:dnload_request_flush	24	static
f_dfu.c:181:13:handle_getstatus	40	static
f_dfu.c:215:13:handle_getstate	24	static
f_dfu.c:238:12:handle_upload	24	static
f_dfu.c:246:12:handle_dnload	32	static
f_dfu.c:262:12:state_app_idle	32	static
f_dfu.c:290:12:state_app_detach	32	static
f_dfu.c:314:12:state_dfu_idle	40	static
f_dfu.c:375:12:state_dfu_dnload_sync	32	static
f_dfu.c:399:12:state_dfu_dnbusy	32	static
f_dfu.c:420:12:state_dfu_dnload_idle	32	static
f_dfu.c:455:12:state_dfu_manifest_sync	32	static
f_dfu.c:483:12:state_dfu_manifest	32	static
f_dfu.c:510:12:state_dfu_upload_idle	32	static
f_dfu.c:548:12:state_dfu_error	32	static
f_dfu.c:593:1:dfu_handle	64	static
f_dfu.c:632:1:dfu_prepare_strings	24	static
f_dfu.c:660:12:dfu_prepare_function	24	static
f_dfu.c:698:12:dfu_bind	56	static
f_dfu.c:739:13:dfu_unbind	40	static
f_dfu.c:765:12:dfu_set_alt	40	static
f_dfu.c:778:12:__dfu_get_alt	32	static
f_dfu.c:786:13:dfu_disable	32	static
f_dfu.c:797:12:dfu_bind_config	24	static
f_dfu.c:824:5:dfu_add	24	static
