storage_common.c:535:1:fsg_ep_desc	32	static
storage_common.c:567:12:fsg_lun_open	32	static
storage_common.c:583:13:fsg_lun_close	16	static
storage_common.c:593:12:fsg_lun_fsync_sub	16	static
storage_common.c:598:13:store_cdrom_address	56	static
f_mass_storage.c:286:13:set_bit	24	static
f_mass_storage.c:296:13:clear_bit	24	static
f_mass_storage.c:427:12:exception_in_progress	16	static
f_mass_storage.c:433:13:set_bulk_out_req_length	32	static
f_mass_storage.c:451:12:fsg_set_halt	24	static
f_mass_storage.c:470:13:wakeup_thread	16	static
f_mass_storage.c:475:13:raise_exception	16	static
f_mass_storage.c:489:12:ep0_queue	32	static
f_mass_storage.c:508:13:bulk_in_complete	32	static
f_mass_storage.c:525:13:bulk_out_complete	32	static
f_mass_storage.c:548:12:fsg_setup	88	static
f_mass_storage.c:602:13:start_transfer	40	static
f_mass_storage.c:638:13:busy_indicator	8	static
f_mass_storage.c:666:12:sleep_thread	32	static
f_mass_storage.c:702:12:do_read	136	static
f_mass_storage.c:829:12:do_write	152	static
f_mass_storage.c:1004:12:do_synchronize_cache	16	static
f_mass_storage.c:1011:12:do_verify	104	static
f_mass_storage.c:1099:12:do_inquiry	32	static
f_mass_storage.c:1127:12:do_request_sense	72	static
f_mass_storage.c:1178:12:do_read_capacity	104	static
f_mass_storage.c:1197:12:do_read_header	40	static
f_mass_storage.c:1220:12:do_read_toc	32	static
f_mass_storage.c:1248:12:do_mode_sense	120	static
f_mass_storage.c:1329:12:do_start_stop	24	static
f_mass_storage.c:1343:12:do_prevent_allow	24	static
f_mass_storage.c:1366:12:do_read_format_capacities	88	static
f_mass_storage.c:1384:12:do_mode_select	24	static
f_mass_storage.c:1397:12:halt_bulk_in_endpoint	24	static
f_mass_storage.c:1416:12:wedge_bulk_in_endpoint	24	static
f_mass_storage.c:1434:12:pad_with_zeros	48	static
f_mass_storage.c:1465:12:throw_away_data	56	static
f_mass_storage.c:1520:12:finish_reply	80	static
f_mass_storage.c:1616:12:send_status	64	static
f_mass_storage.c:1676:12:check_command	56	static
f_mass_storage.c:1790:12:do_scsi_command	128	static
f_mass_storage.c:2061:12:received_cbw	56	static
f_mass_storage.c:2125:12:get_next_command	56	static
f_mass_storage.c:2166:12:enable_endpoint	40	static
f_mass_storage.c:2178:12:alloc_request	32	static
f_mass_storage.c:2189:12:do_set_interface	88	static
f_mass_storage.c:2280:12:fsg_set_alt	40	static
f_mass_storage.c:2288:13:fsg_disable	32	static
f_mass_storage.c:2297:13:handle_exception	120	static
f_mass_storage.c:2405:5:fsg_main_thread	24	static
f_mass_storage.c:2451:27:fsg_common_init	80	static
f_mass_storage.c:2567:13:fsg_common_release	56	static
f_mass_storage.c:2616:1:usb_copy_descriptors	40	static
f_mass_storage.c:2652:13:fsg_unbind	32	static
f_mass_storage.c:2667:12:fsg_bind	48	static
f_mass_storage.c:2727:12:fsg_bind_config	40	static
f_mass_storage.c:2761:5:fsg_add	24	static
f_mass_storage.c:2779:5:fsg_init	16	static
