f_thor.c:55:13:send_rsp	16	static
f_thor.c:63:13:send_data_rsp	120	static
f_thor.c:77:12:process_rqt_info	16448	static
f_thor.c:114:12:process_rqt_cmd	16440	static
f_thor.c:144:22:download_head	72	static
f_thor.c:211:12:download_tail	40	static
f_thor.c:253:22:process_rqt_download	16456	static
f_thor.c:322:12:process_data	65584	static
f_thor.c:512:28:alloc_ep_req	40	static
f_thor.c:530:12:thor_rx_data	40	static
f_thor.c:562:13:thor_tx_data	48	static
f_thor.c:590:13:thor_rx_tx_complete	24	static
f_thor.c:619:28:thor_start_ep	24	static
f_thor.c:635:13:thor_setup_complete	16	static
f_thor.c:643:1:thor_func_setup	48	static
f_thor.c:684:13:thor_set_dma	24	static
f_thor.c:695:5:thor_init	24	static
f_thor.c:725:5:thor_handle	16	static
f_thor.c:751:12:thor_func_bind	72	static
f_thor.c:863:13:free_ep_req	24	static
f_thor.c:869:13:thor_unbind	32	static
f_thor.c:879:13:thor_func_disable	56	static
f_thor.c:906:12:thor_eps_setup	104	static
f_thor.c:958:12:thor_func_set_alt	32	static
f_thor.c:983:12:thor_func_init	24	static
f_thor.c:1010:5:thor_add	16	static
