musb_host.c:80:13:musb_h_tx_flush_fifo	72	static
musb_host.c:104:13:musb_h_ep0_flush_fifo	72	static
musb_host.c:159:13:musb_ep_set_qh	24	static
musb_host.c:167:24:musb_ep_get_qh	16	static
musb_host.c:179:1:musb_start_urb	160	static
musb_host.c:262:13:musb_giveback	64	static
musb_host.c:308:13:musb_advance_schedule	120	static
musb_host.c:390:12:musb_h_flush_rxfifo	48	static
musb_host.c:413:1:musb_host_packet_rx	96	static
musb_host.c:486:1:musb_rx_reinit	216	static
musb_host.c:548:13:musb_tx_dma_program	40	static
musb_host.c:614:13:musb_ep_program	344	static
musb_host.c:820:13:musb_h_ep0_continue	64	static
musb_host.c:896:13:musb_h_ep0_irq	176	static
musb_host.c:1034:6:musb_host_tx	256	static
musb_host.c:1321:13:musb_bulk_rx_nak_timeout	192	static
musb_host.c:1366:6:musb_host_rx	248	static
musb_host.c:1717:12:musb_schedule	112	static
musb_host.c:1835:12:tt_needed	24	static
musb_host.c:1845:5:musb_urb_enqueue	176	static
musb_host.c:2036:12:musb_cleanup_urb	104	static
musb_host.c:2096:5:musb_urb_dequeue	72	static
