musb_uboot.c:22:13:musb_host_complete_urb	16	static
musb_uboot.c:28:13:construct_urb	40	static
musb_uboot.c:59:12:submit_urb	32	static
musb_uboot.c:85:12:_musb_submit_control_msg	56	static
musb_uboot.c:99:12:_musb_submit_bulk_msg	48	static
musb_uboot.c:107:12:_musb_submit_int_msg	48	static
musb_uboot.c:116:26:_musb_create_int_queue	64	static
musb_uboot.c:151:12:_musb_destroy_int_queue	32	static
musb_uboot.c:165:14:_musb_poll_int_queue	24	static
musb_uboot.c:179:12:_musb_reset_root_port	80	static
musb_uboot.c:203:5:musb_lowlevel_init	40	static
musb_uboot.c:234:5:usb_lowlevel_stop	16	static
musb_uboot.c:245:5:submit_bulk_msg	32	static
musb_uboot.c:251:5:submit_control_msg	32	static
musb_uboot.c:257:5:submit_int_msg	32	static
musb_uboot.c:263:19:create_int_queue	40	static
musb_uboot.c:271:7:poll_int_queue	16	static
musb_uboot.c:276:5:destroy_int_queue	16	static
musb_uboot.c:281:5:usb_reset_root_port	16	static
musb_uboot.c:286:5:usb_lowlevel_init	24	static
musb_uboot.c:294:5:usb_gadget_handle_interrupts	16	static
musb_uboot.c:303:5:usb_gadget_register_driver	24	static
musb_uboot.c:333:5:usb_gadget_unregister_driver	16	static
musb_uboot.c:342:5:musb_register	32	static
