usb.c:57:5:usb_init	32	static
usb.c:131:5:usb_stop	16	static
usb.c:152:5:usb_detect_change	24	static
usb.c:180:5:usb_disable_asynch	24	static
usb.c:198:5:usb_submit_int_msg	32	static
usb.c:213:5:usb_control_msg	104	static
usb.c:265:5:usb_bulk_msg	24	static
usb.c:294:5:usb_maxpacket	16	static
usb.c:315:1:usb_set_maxpacket_ep	48	static
usb.c:355:12:usb_set_maxpacket	24	static
usb.c:371:12:usb_parse_config	88	static
usb.c:525:5:usb_clear_halt	48	static
usb.c:554:12:usb_get_descriptor	56	static
usb.c:568:5:usb_get_configuration_len	104	static
usb.c:591:5:usb_get_configuration_no	40	static
usb.c:610:12:usb_set_address	48	static
usb.c:625:5:usb_set_interface	64	static
usb.c:663:12:usb_set_configuration	48	static
usb.c:683:5:usb_set_protocol	48	static
usb.c:693:5:usb_set_idle	48	static
usb.c:703:5:usb_get_report	48	static
usb.c:715:5:usb_get_class_descriptor	48	static
usb.c:726:12:usb_get_string	56	static
usb.c:747:13:usb_try_string_workarounds	24	static
usb.c:762:12:usb_string_sub	40	static
usb.c:802:5:usb_string	592	static
usb.c:862:20:usb_get_dev_index	16	static
usb.c:870:5:usb_alloc_new_device	24	static
usb.c:896:6:usb_free_device	16	static
usb.c:910:12:usb_alloc_device	16	static
usb.c:915:12:usb_hub_port_reset	24	static
usb.c:934:12:get_descriptor_len	592	static
usb.c:959:12:usb_setup_descriptor	24	static
usb.c:1033:12:usb_prepare_device	32	static
usb.c:1071:5:usb_select_config	32	static
usb.c:1138:5:usb_setup_device	32	static
usb.c:1164:5:usb_new_device	24	static
usb.c:1189:5:board_usb_init	16	static
usb.c:1195:5:board_usb_cleanup	16	static
usb.c:1200:6:usb_device_has_child_on_port	16	static
usb.c:1206:6:usb_find_usb2_hub_address_port	24	static
