test_nand.c:112:12:cmd_help	0	static
test_nand.c:558:6:nand_int_handler	8	static
test_nand.c:792:12:nand_check_bb	16	static
test_nand.c:30:6:nand_detect	32	static
test_nand.c:58:12:nand_init	264	static
test_nand.c:952:12:nand_read_bbt	40	static
test_nand.c:914:12:nand_write_bbt	16	static
test_nand.c:880:12:nand_mark_bb	16	static
test_nand.c:829:12:nand_scan_bbt	40	static
test_nand.c:221:12:nand_erase_all	24	static
test_nand.c:574:12:nand_int	24	static
test_nand.c:632:12:nand_ecc	56	static
test_nand.c:451:12:nand_read	48	static
test_nand.c:268:12:nand_write	64	static
test_nand.c:141:12:nand_erase	40	static
test_nand.c:117:12:nand_probe	16	static
test_nand.c:1029:6:nfc_reset_test	16	static
test_nand.c:1062:6:nfc_cg_test	16	static
