test_APIs.c:391:13:aes_print_buffer	32	static
test_APIs.c:553:12:aes_cbc_test	560	static
test_APIs.c:775:12:aes_gcm_test	584	static
test_APIs.c:1014:12:aes_ccm_test	640	static
test_APIs.c:1284:12:aes_func_test	280	static
test_APIs.c:267:12:get_secure_key	64	static
test_APIs.c:213:12:cmd_help	0	static
test_APIs.c:1351:12:rng_test	80	static
test_APIs.c:1298:12:image_verify_test	32	static
test_APIs.c:342:12:get_non_secure_byte	8	static
test_APIs.c:319:12:secure_key_disable	8	static
test_APIs.c:294:12:set_secure_byte	16	static
test_APIs.c:362:12:set_non_secure_byte	16	static
test_APIs.c:218:5:sec_api_init	64	static
test_APIs.c:1418:6:ecc384_sign_verify_test	16	dynamic
test_APIs.c:1454:12:ecc384_test	8	static
test_APIs.c:1503:5:APIs_test_prepare	16	static
test_APIs.c:1519:5:APIs_test_cleanup	8	static
