test_ddr.c:262:13:regions_cmp	48	static
test_ddr.c:733:13:walkbits1_cmp	72	static
test_ddr.c:691:13:walkbits0_cmp	72	static
test_ddr.c:653:13:bitflip_cmp	72	static
test_ddr.c:608:13:bitspread_cmp	88	static
test_ddr.c:572:13:chkboard_cmp	64	static
test_ddr.c:539:13:blockseq_cmp	64	static
test_ddr.c:503:13:solidbits_cmp	64	static
test_ddr.c:230:13:ddr_post_addrline	24	static
test_ddr.c:1690:12:ddr_walkbits1_cmp_test	16	static
test_ddr.c:1637:12:ddr_walkbits0_cmp_test	16	static
test_ddr.c:1584:12:ddr_bitflip_cmp_test	16	static
test_ddr.c:1531:12:ddr_bitspread_cmp_test	16	static
test_ddr.c:1478:12:ddr_chkboard_cmp_test	16	static
test_ddr.c:1425:12:ddr_blockseq_cmp_test	16	static
test_ddr.c:1372:12:ddr_solidbits_cmp_test	16	static
test_ddr.c:899:12:ddr_addrline_probe	16	static
test_ddr.c:825:13:wide16bits_random_cmp	64	static
test_ddr.c:1796:12:ddr_wide16bits_cmp_test	16	static
test_ddr.c:775:13:wide8bits_random_cmp	64	static
test_ddr.c:1743:12:ddr_wide8bits_cmp_test	16	static
test_ddr.c:479:13:seqinc_cmp	64	static
test_ddr.c:1319:12:ddr_seqinc_cmp_test	16	static
test_ddr.c:452:13:and_cmp	64	static
test_ddr.c:1266:12:ddr_and_cmp_test	16	static
test_ddr.c:425:13:or_cmp	64	static
test_ddr.c:1213:12:ddr_or_cmp_test	16	static
test_ddr.c:393:13:div_cmp	64	static
test_ddr.c:1160:12:ddr_div_cmp_test	16	static
test_ddr.c:366:13:mul_cmp	64	static
test_ddr.c:1107:12:ddr_mul_cmp_test	16	static
test_ddr.c:339:13:sub_cmp	64	static
test_ddr.c:1054:12:ddr_sub_cmp_test	16	static
test_ddr.c:312:13:xor_cmp	64	static
test_ddr.c:1001:12:ddr_xor_cmp_test	16	static
test_ddr.c:290:13:random_value_cmp	48	static
test_ddr.c:948:12:ddr_random_value_test	16	static
test_ddr.c:49:12:cmd_help	0	static
test_ddr.c:875:12:ddr_dataline_probe	80	static
test_ddr.c:1885:5:ddr_test_prepare	16	static
