test_dma.c:491:12:dma_test_prepare_share_ram	16	static
test_dma.c:48:13:dma_prepare_buffer	56	static
test_dma.c:510:12:dma_test_unprepare_share_ram	16	static
test_dma.c:1317:12:dma_int	112	static
test_dma.c:1838:12:cmd_help	0	static
test_dma.c:1234:6:dma_int_handler	24	static
test_dma.c:453:12:dma_check_param_valid.isra.0	8	static
test_dma.c:161:12:dma_check_buffer_single	16	static
test_dma.c:313:12:dma_check_buffer	40	static
test_dma.c:1455:12:dma_mc	128	static
test_dma.c:521:12:dma_m2m_robust	96	static
test_dma.c:1114:12:dma_cfg2	120	static
test_dma.c:1591:12:dma_mb	80	static
test_dma.c:815:12:dma_cfg	80	static
test_dma.c:671:12:dma_m2m	72	static
test_dma.c:1867:5:dma_test_prepare	16	static
test_dma.c:1895:6:dma_reset_test	24	static
test_dma.c:1934:6:dma_cg_test	24	static
