Archive member included to satisfy reference by file (symbol)

libs/tomcrypt/objs-EVB/libtomcrypt.a(aes.o)
                              objs-EVB/test_aes.o (aes_desc)
libs/tomcrypt/objs-EVB/libtomcrypt.a(ccm_memory.o)
                              objs-EVB/test_aes.o (ccm_memory)
libs/tomcrypt/objs-EVB/libtomcrypt.a(gcm_memory.o)
                              objs-EVB/test_aes.o (gcm_memory)
libs/tomcrypt/objs-EVB/libtomcrypt.a(gcm_process.o)
                              libs/tomcrypt/objs-EVB/libtomcrypt.a(gcm_memory.o) (gcm_process)
libs/tomcrypt/objs-EVB/libtomcrypt.a(sha1.o)
                              objs-EVB/test_ecc.o (sha1_desc)
libs/tomcrypt/objs-EVB/libtomcrypt.a(sha224.o)
                              objs-EVB/test_ecc.o (sha224_desc)
libs/tomcrypt/objs-EVB/libtomcrypt.a(sha256.o)
                              objs-EVB/test_sha.o (sha256_done)
libs/tomcrypt/objs-EVB/libtomcrypt.a(sha384.o)
                              objs-EVB/test_sha.o (sha384_init)
libs/tomcrypt/objs-EVB/libtomcrypt.a(sha512.o)
                              libs/tomcrypt/objs-EVB/libtomcrypt.a(sha384.o) (sha512_done)
libs/tomcrypt/objs-EVB/libtomcrypt.a(omac_memory.o)
                              objs-EVB/test_aes.o (omac_memory)
libs/tomcrypt/objs-EVB/libtomcrypt.a(omac_init.o)
                              libs/tomcrypt/objs-EVB/libtomcrypt.a(omac_memory.o) (omac_init)
libs/tomcrypt/objs-EVB/libtomcrypt.a(omac_done.o)
                              libs/tomcrypt/objs-EVB/libtomcrypt.a(omac_memory.o) (omac_done)
libs/tomcrypt/objs-EVB/libtomcrypt.a(gmp_desc.o)
                              objs-EVB/test_ecc.o (gmp_desc)
libs/tomcrypt/objs-EVB/libtomcrypt.a(multi.o)
                              objs-EVB/test_ecc.o (ltc_init_multi)
libs/tomcrypt/objs-EVB/libtomcrypt.a(pka_desc.o)
                              objs-EVB/test_ecc.o (pka_set_alg_width)
libs/tomcrypt/objs-EVB/libtomcrypt.a(mini-gmp.o)
                              libs/tomcrypt/objs-EVB/libtomcrypt.a(gmp_desc.o) (mpz_init)
libs/tomcrypt/objs-EVB/libtomcrypt.a(crypt.o)
                              objs-EVB/test_ecc.o (crypt_build_settings)
libs/tomcrypt/objs-EVB/libtomcrypt.a(crypt_argchk.o)
                              objs-EVB/test_ecc.o (crypt_argchk)
libs/tomcrypt/objs-EVB/libtomcrypt.a(crypt_cipher_descriptor.o)
                              libs/tomcrypt/objs-EVB/libtomcrypt.a(ccm_memory.o) (cipher_descriptor)
libs/tomcrypt/objs-EVB/libtomcrypt.a(crypt_cipher_is_valid.o)
                              libs/tomcrypt/objs-EVB/libtomcrypt.a(ccm_memory.o) (cipher_is_valid)
libs/tomcrypt/objs-EVB/libtomcrypt.a(crypt_find_hash.o)
                              objs-EVB/test_ecc.o (find_hash)
libs/tomcrypt/objs-EVB/libtomcrypt.a(crypt_find_prng.o)
                              objs-EVB/test_ecc.o (find_prng)
libs/tomcrypt/objs-EVB/libtomcrypt.a(crypt_hash_descriptor.o)
                              libs/tomcrypt/objs-EVB/libtomcrypt.a(crypt_find_hash.o) (hash_descriptor)
libs/tomcrypt/objs-EVB/libtomcrypt.a(crypt_ltc_mp_descriptor.o)
                              objs-EVB/test_ecc.o (ltc_mp)
libs/tomcrypt/objs-EVB/libtomcrypt.a(crypt_prng_descriptor.o)
                              libs/tomcrypt/objs-EVB/libtomcrypt.a(crypt_find_prng.o) (prng_descriptor)
libs/tomcrypt/objs-EVB/libtomcrypt.a(crypt_register_cipher.o)
                              objs-EVB/test_aes.o (register_cipher)
libs/tomcrypt/objs-EVB/libtomcrypt.a(crypt_register_hash.o)
                              objs-EVB/test_ecc.o (register_hash)
libs/tomcrypt/objs-EVB/libtomcrypt.a(crypt_register_prng.o)
                              objs-EVB/test_ecc.o (register_prng)
libs/tomcrypt/objs-EVB/libtomcrypt.a(crypt_find_cipher.o)
                              objs-EVB/test_aes.o (find_cipher)
libs/tomcrypt/objs-EVB/libtomcrypt.a(error_to_string.o)
                              objs-EVB/test_aes.o (error_to_string)
libs/tomcrypt/objs-EVB/libtomcrypt.a(zeromem.o)
                              objs-EVB/test_ecc.o (zeromem)
libs/tomcrypt/objs-EVB/libtomcrypt.a(mem_neq.o)
                              libs/tomcrypt/objs-EVB/libtomcrypt.a(ccm_memory.o) (mem_neq)
libs/tomcrypt/objs-EVB/libtomcrypt.a(ecb_decrypt.o)
                              objs-EVB/test_aes.o (ecb_decrypt)
libs/tomcrypt/objs-EVB/libtomcrypt.a(ecb_encrypt.o)
                              objs-EVB/test_aes.o (ecb_encrypt)
libs/tomcrypt/objs-EVB/libtomcrypt.a(ecb_start.o)
                              objs-EVB/test_aes.o (ecb_start)
libs/tomcrypt/objs-EVB/libtomcrypt.a(ecb_done.o)
                              objs-EVB/test_aes.o (ecb_done)
libs/tomcrypt/objs-EVB/libtomcrypt.a(cbc_decrypt.o)
                              objs-EVB/test_aes.o (cbc_decrypt)
libs/tomcrypt/objs-EVB/libtomcrypt.a(cbc_encrypt.o)
                              objs-EVB/test_aes.o (cbc_encrypt)
libs/tomcrypt/objs-EVB/libtomcrypt.a(cbc_start.o)
                              objs-EVB/test_aes.o (cbc_start)
libs/tomcrypt/objs-EVB/libtomcrypt.a(cbc_done.o)
[...]
Memory Configuration

Name             Origin             Length             Attributes
DDR              0x43f80000         0x04080000         xrw
*default*        0x00000000         0xffffffff

Linker script and memory map

                0x43f80000                ddr_start = 0x43f80000
                0x48000000                ddr_end = 0x48000000
                0x04080000                ddr_size = (ddr_end - ddr_start)

.text           0x43f80000    0x9b50c
                0x43f80000                _text = .
 *(.vectors)
 .vectors       0x43f80000      0x288 objs-EVB/start.o
                0x43f80000                _start
                0x43f80020                _undefined_instruction
                0x43f80024                _software_interrupt
                0x43f80028                _prefetch_abort
                0x43f8002c                _data_abort
                0x43f80030                _not_used
                0x43f80034                _irq
                0x43f80038                _fiq
                0x43f800a0                reset
                0x43f801d0                memcpy32_asm
                0x43f801f8                memset32_asm
                0x43f8021c                copy_data
                0x43f80238                clear_bss
 *(.text*)
 .text.cache_enable
                0x43f80288       0x60 objs-EVB/main.o
                0x43f80288                cache_enable
 .text.one_device_test
                0x43f802e8       0xfc objs-EVB/main.o
                0x43f802e8                one_device_test
 .text.startup.main
                0x43f803e4      0x384 objs-EVB/main.o
                0x43f803e4                main
 .text.print_hex_dump
                0x43f80768      0x104 objs-EVB/test_utils.o
                0x43f80768                print_hex_dump
 .text.dump_memory32
                0x43f8086c       0x98 objs-EVB/test_utils.o
                0x43f8086c                dump_memory32
 .text.otp_test_init
                0x43f80904       0x40 objs-EVB/test_otp.o
 .text.otp_int  0x43f80944      0x138 objs-EVB/test_otp.o
 .text.otp_key_disable
                0x43f80a7c      0x224 objs-EVB/test_otp.o
 .text.otp_test
                0x43f80ca0      0x414 objs-EVB/test_otp.o
 .text.otp_get_onebyte
                0x43f810b4      0x128 objs-EVB/test_otp.o
 .text.otp_get_onebit
                0x43f811dc      0x154 objs-EVB/test_otp.o
 .text.otp_set_onebit
                0x43f81330      0x230 objs-EVB/test_otp.o
 .text.otp_secure_show
                0x43f81560      0x310 objs-EVB/test_otp.o
 .text.otp_config_show
                0x43f81870      0x32c objs-EVB/test_otp.o
 .text.otp_non_secure_show
                0x43f81b9c      0x108 objs-EVB/test_otp.o
 .text.cmd_help
                0x43f81ca4        0xc objs-EVB/test_otp.o
 .text.otp_int_handler
                0x43f81cb0       0x50 objs-EVB/test_otp.o
                0x43f81cb0                otp_int_handler
 .text.otp_set_onebyte
                0x43f81d00      0x204 objs-EVB/test_otp.o
 .text.otp_reset_test
                0x43f81f04       0x20 objs-EVB/test_otp.o
                0x43f81f04                otp_reset_test
 .text.otp_cg_test
                0x43f81f24       0xf8 objs-EVB/test_otp.o
                0x43f81f24                otp_cg_test
 .text.FindOneInNumber
                0x43f8201c       0x78 objs-EVB/test_adc.o
 .text.adc_int  0x43f82094      0x1b4 objs-EVB/test_adc.o
 .text.adc_single_mode_test
                0x43f82248      0x22c objs-EVB/test_adc.o
 .text.cmd_help
                0x43f82474        0xc objs-EVB/test_adc.o
 .text.adc_int_handler
                0x43f82480       0x44 objs-EVB/test_adc.o
                0x43f82480                adc_int_handler
 .text.adc_continue_mode_test
                0x43f824c4      0x21c objs-EVB/test_adc.o
 .text.adc_reset_test
                0x43f826e0       0xfc objs-EVB/test_adc.o
                0x43f826e0                adc_reset_test
 .text.adc_cg_test
                0x43f827dc      0x14c objs-EVB/test_adc.o
                0x43f827dc                adc_cg_test
 .text.rng_manual_more
                0x43f82928      0x128 objs-EVB/test_rng.o
 .text.cmd_help
                0x43f82a50        0xc objs-EVB/test_rng.o
 .text.rng_manual
                0x43f82a5c       0xb8 objs-EVB/test_rng.o
 .text.rng_quality
                0x43f82b14      0x3e0 objs-EVB/test_rng.o
 .text.rng_reset_test
                0x43f82ef4       0xb4 objs-EVB/test_rng.o
                0x43f82ef4                rng_reset_test
 .text.rng_cg_test
                0x43f82fa8      0x104 objs-EVB/test_rng.o
                0x43f82fa8                rng_cg_test
 .text.cmd_help
                0x43f830ac        0xc objs-EVB/test_aes.o
 .text.aes_print_buffer.part.0
                0x43f830b8       0x78 objs-EVB/test_aes.o
 .text.aes_print_buffer
                0x43f83130       0x34 objs-EVB/test_aes.o
 .text.aes_test_init
                0x43f83164       0x4c objs-EVB/test_aes.o
                0x43f83164                aes_test_init
 .text.aes_cmac_multi
                0x43f831b0      0x780 objs-EVB/test_aes.o
 .text.aes_gcm_multi
                0x43f83930      0xf4c objs-EVB/test_aes.o
 .text.aes_ccm_multi
                0x43f8487c     0x1074 objs-EVB/test_aes.o
 .text.aes_ctr_multi
                0x43f858f0      0xb64 objs-EVB/test_aes.o
 .text.aes_cbc_multi
                0x43f86454      0xb68 objs-EVB/test_aes.o
 .text.aes_ecb_multi
                0x43f86fbc      0xa54 objs-EVB/test_aes.o
 .text.aes_ccm_star
                0x43f87a10     0x14ac objs-EVB/test_aes.o
 .text.aes_cmac
                0x43f88ebc      0x67c objs-EVB/test_aes.o
 .text.aes_gcm_fixdata
                0x43f89538      0x73c objs-EVB/test_aes.o
 .text.aes_gcm  0x43f89c74      0xd44 objs-EVB/test_aes.o
 .text.aes_ccm_fixdata
                0x43f8a9b8      0x70c objs-EVB/test_aes.o
 .text.aes_ccm  0x43f8b0c4      0xde8 objs-EVB/test_aes.o
 .text.aes_ctr  0x43f8beac      0xa24 objs-EVB/test_aes.o
 .text.aes_cbc  0x43f8c8d0      0xafc objs-EVB/test_aes.o
 .text.aes_ecb  0x43f8d3cc      0x980 objs-EVB/test_aes.o
 .text.KEK_KEY_Generate
                0x43f8dd4c      0x8a0 objs-EVB/test_aes.o
 .text.aes_reset_test
                0x43f8e5ec       0x98 objs-EVB/test_aes.o
                0x43f8e5ec                aes_reset_test
 .text.aes_cg_test
                0x43f8e684       0xe0 objs-EVB/test_aes.o
                0x43f8e684                aes_cg_test
 .text.cmd_help
                0x43f8e764        0xc objs-EVB/test_sha.o
 .text.sha_robust
                0x43f8e770      0x218 objs-EVB/test_sha.o
 .text.sha_int  0x43f8e988       0xdc objs-EVB/test_sha.o
 .text.test_sha256
                0x43f8ea64      0x1d8 objs-EVB/test_sha.o
 .text.test_sha384
                0x43f8ec3c      0x1d8 objs-EVB/test_sha.o
 .text.sha_int_handler
                0x43f8ee14       0x3c objs-EVB/test_sha.o
                0x43f8ee14                sha_int_handler
 .text.sha_reset_test
                0x43f8ee50       0x98 objs-EVB/test_sha.o
                0x43f8ee50                sha_reset_test
 .text.sha_cg_test
                0x43f8eee8       0xe0 objs-EVB/test_sha.o
                0x43f8eee8                sha_cg_test
 .text.plcrf_spboot_test
                0x43f8efc8      0x3e4 objs-EVB/test_ipc.o
 .text.rf_spboot_test
                0x43f8f3ac      0x23c objs-EVB/test_ipc.o
 .text.plc_spboot_test
                0x43f8f5e8      0x234 objs-EVB/test_ipc.o
 .text.plcrf_boot_test
                0x43f8f81c      0x36c objs-EVB/test_ipc.o
 .text.rf_boot_test
                0x43f8fb88      0x204 objs-EVB/test_ipc.o
 .text.plc_boot_test
                0x43f8fd8c      0x204 objs-EVB/test_ipc.o
 .text.ipc_free_time
                0x43f8ff90       0xa0 objs-EVB/test_ipc.o
 .text.ipc_int  0x43f90030      0x174 objs-EVB/test_ipc.o
 .text.ipc_get_msg
                0x43f901a4      0x228 objs-EVB/test_ipc.o
 .text.ipc_set_msg
                0x43f903cc      0x360 objs-EVB/test_ipc.o
 .text.cmd_help
                0x43f9072c        0xc objs-EVB/test_ipc.o
 .text.a7_ipc_int_rf
                0x43f90738       0xb0 objs-EVB/test_ipc.o
                0x43f90738                a7_ipc_int_rf
 .text.a7_ipc_int_plc
                0x43f907e8       0xb0 objs-EVB/test_ipc.o
                0x43f907e8                a7_ipc_int_plc
 .text.ipc_test_prepare
                0x43f90898       0xa0 objs-EVB/test_ipc.o
                0x43f90898                ipc_test_prepare
 .text.ipc_reset_test
                0x43f90938       0xe0 objs-EVB/test_ipc.o
                0x43f90938                ipc_reset_test
 .text.ipc_cg_test
                0x43f90a18      0x130 objs-EVB/test_ipc.o
                0x43f90a18                ipc_cg_test
 .text.timer_reload
                0x43f90b48      0x188 objs-EVB/test_timer.o
 .text.cmd_help
                0x43f90cd0        0xc objs-EVB/test_timer.o
 .text.timer_int_handler
                0x43f90cdc       0x68 objs-EVB/test_timer.o
                0x43f90cdc                timer_int_handler
 .text.timer_int_cmp_handler
                0x43f90d44       0x88 objs-EVB/test_timer.o
                0x43f90d44                timer_int_cmp_handler
 .text.timer_reg_dump
                0x43f90dcc       0x78 objs-EVB/test_timer.o
 .text.timer_pwm
                0x43f90e44      0x29c objs-EVB/test_timer.o
 .text.timer_compare
                0x43f910e0      0x240 objs-EVB/test_timer.o
 .text.timer_capture_gpio
                0x43f91320      0x2dc objs-EVB/test_timer.o
 .text.timer_capture
                0x43f915fc      0x28c objs-EVB/test_timer.o
 .text.timer_int
                0x43f91888      0x220 objs-EVB/test_timer.o
 .text.timer_div
                0x43f91aa8      0x25c objs-EVB/test_timer.o
 .text.timer_check_counter
                0x43f91d04       0xc4 objs-EVB/test_timer.o
 .text.timer_reset
                0x43f91dc8      0x168 objs-EVB/test_timer.o
 .text.timer_count_mode
                0x43f91f30      0x214 objs-EVB/test_timer.o
 .text.timer_start_stop
                0x43f92144      0x104 objs-EVB/test_timer.o
 .text.timer_overflow
                0x43f92248      0x380 objs-EVB/test_timer.o
 .text.timer_restore_system.part.8
                0x43f925c8       0x34 objs-EVB/test_timer.o
 .text.timer_rtc_capture
                0x43f925fc      0x27c objs-EVB/test_timer.o
                0x43f925fc                timer_rtc_capture
 .text.timer_test_cleanup
                0x43f92878       0x58 objs-EVB/test_timer.o
                0x43f92878                timer_test_cleanup
 .text.timer_test_prepare
                0x43f928d0       0x14 objs-EVB/test_timer.o
                0x43f928d0                timer_test_prepare
 .text.timer_reset_test
                0x43f928e4      0x114 objs-EVB/test_timer.o
                0x43f928e4                timer_reset_test
 .text.timer_cg_test
                0x43f929f8      0x168 objs-EVB/test_timer.o
                0x43f929f8                timer_cg_test
 .text.wdt_reg_dump
                0x43f92b60       0x28 objs-EVB/test_wdt.o
 .text.wdt_int  0x43f92b88      0x11c objs-EVB/test_wdt.o
 .text.wdt_fly  0x43f92ca4      0x130 objs-EVB/test_wdt.o
 .text.wdt_div  0x43f92dd4      0x2d0 objs-EVB/test_wdt.o
 .text.wdt_reload
                0x43f930a4      0x394 objs-EVB/test_wdt.o
 .text.wdt_check_counter
                0x43f93438      0x13c objs-EVB/test_wdt.o
 .text.cmd_help
                0x43f93574        0xc objs-EVB/test_wdt.o
 .text.wdt_int_handler
                0x43f93580       0x40 objs-EVB/test_wdt.o
                0x43f93580                wdt_int_handler
 .text.wdt_interrupt_timeout
                0x43f935c0      0x3c4 objs-EVB/test_wdt.o
 .text.wdt_reset
                0x43f93984      0x218 objs-EVB/test_wdt.o
 .text.wdt_start_stop
                0x43f93b9c       0x94 objs-EVB/test_wdt.o
 .text.wdt_reset_test
                0x43f93c30       0xd8 objs-EVB/test_wdt.o
                0x43f93c30                wdt_reset_test
 .text.wdt_cg_test
                0x43f93d08      0x128 objs-EVB/test_wdt.o
                0x43f93d08                wdt_cg_test
 .text.rtc_set_trim
                0x43f93e30      0x260 objs-EVB/test_rtc.o
 .text.rtc_calibration_para_show
                0x43f94090       0x38 objs-EVB/test_rtc.o
 .text.rtc_calibrate
                0x43f940c8      0x31c objs-EVB/test_rtc.o
 .text.cmd_help
                0x43f943e4        0xc objs-EVB/test_rtc.o
 .text.display_rtc_time.constprop.4
                0x43f943f0       0xd0 objs-EVB/test_rtc.o
 .text.rtc_int_handler
                0x43f944c0       0x68 objs-EVB/test_rtc.o
                0x43f944c0                rtc_int_handler
 .text.rtc_get_mode_hour
                0x43f94528      0x124 objs-EVB/test_rtc.o
                0x43f94528                rtc_get_mode_hour
 .text.rtc_get_time_robust
                0x43f9464c       0xf8 objs-EVB/test_rtc.o
 .text.rtc_get_time
                0x43f94744       0xb8 objs-EVB/test_rtc.o
 .text.rtc_set_time
                0x43f947fc      0x1b8 objs-EVB/test_rtc.o
 .text.rtc_get_trigger_mode
                0x43f949b4      0x1d4 objs-EVB/test_rtc.o
                0x43f949b4                rtc_get_trigger_mode
 .text.rtc_int_for_dsp
                0x43f94b88      0x210 objs-EVB/test_rtc.o
 .text.rtc_int  0x43f94d98      0x2c0 objs-EVB/test_rtc.o
 .text.rtc_alarm
                0x43f95058      0x26c objs-EVB/test_rtc.o
 .text.rtc_test_prepare
                0x43f952c4       0x24 objs-EVB/test_rtc.o
                0x43f952c4                rtc_test_prepare
 .text.i2c_int_slave
                0x43f952e8      0x140 objs-EVB/test_i2c.o
 .text.i2c_slave
                0x43f95428      0x150 objs-EVB/test_i2c.o
 .text.i2c_int_master
                0x43f95578      0x22c objs-EVB/test_i2c.o
 .text.i2c_real
                0x43f957a4      0x350 objs-EVB/test_i2c.o
 .text.i2c_robust
                0x43f95af4      0x334 objs-EVB/test_i2c.o
 .text.i2c_master2
                0x43f95e28      0x294 objs-EVB/test_i2c.o
 .text.i2c_master
                0x43f960bc      0x380 objs-EVB/test_i2c.o
 .text.cmd_help
                0x43f9643c        0xc objs-EVB/test_i2c.o
 .text.i2c_master_int_test_ISR
                0x43f96448      0x108 objs-EVB/test_i2c.o
                0x43f96448                i2c_master_int_test_ISR
 .text.i2c_slave_int_test_ISR
                0x43f96550      0x144 objs-EVB/test_i2c.o
                0x43f96550                i2c_slave_int_test_ISR
 .text.i2c_slave_int_handler
                0x43f96694       0x24 objs-EVB/test_i2c.o
                0x43f96694                i2c_slave_int_handler
 .text.i2c_test_prepare
                0x43f966b8      0x158 objs-EVB/test_i2c.o
                0x43f966b8                i2c_test_prepare
 .text.i2c_reset_test
                0x43f96810       0xdc objs-EVB/test_i2c.o
                0x43f96810                i2c_reset_test
 .text.i2c_cg_test
                0x43f968ec      0x134 objs-EVB/test_i2c.o
                0x43f968ec                i2c_cg_test
 .text.dma_test_prepare_share_ram
                0x43f96a20       0x8c objs-EVB/test_dma.o
 .text.dma_prepare_buffer
                0x43f96aac      0x168 objs-EVB/test_dma.o
 .text.dma_test_unprepare_share_ram
                0x43f96c14       0x38 objs-EVB/test_dma.o
 .text.dma_int  0x43f96c4c      0x3e4 objs-EVB/test_dma.o
 .text.cmd_help
                0x43f97030        0xc objs-EVB/test_dma.o
 .text.dma_int_handler
                0x43f9703c      0x258 objs-EVB/test_dma.o
                0x43f9703c                dma_int_handler
 .text.dma_check_param_valid.isra.0
                0x43f97294      0x120 objs-EVB/test_dma.o
 .text.dma_check_buffer_single
                0x43f973b4       0x8c objs-EVB/test_dma.o
 .text.dma_check_buffer
                0x43f97440      0x2ec objs-EVB/test_dma.o
 .text.dma_mc   0x43f9772c      0x424 objs-EVB/test_dma.o
 .text.dma_m2m_robust
                0x43f97b50      0x3dc objs-EVB/test_dma.o
 .text.dma_cfg2
                0x43f97f2c      0x968 objs-EVB/test_dma.o
 .text.dma_mb   0x43f98894      0x43c objs-EVB/test_dma.o
 .text.dma_cfg  0x43f98cd0      0x45c objs-EVB/test_dma.o
 .text.dma_m2m  0x43f9912c      0x40c objs-EVB/test_dma.o
 .text.dma_test_prepare
                0x43f99538       0xa0 objs-EVB/test_dma.o
                0x43f99538                dma_test_prepare
 .text.dma_reset_test
                0x43f995d8       0xc4 objs-EVB/test_dma.o
                0x43f995d8                dma_reset_test
 .text.dma_cg_test
                0x43f9969c      0x114 objs-EVB/test_dma.o
                0x43f9969c                dma_cg_test
 .text.gpio_vec
                0x43f997b0       0x78 objs-EVB/test_gpio.o
 .text.cmd_help
                0x43f99828        0xc objs-EVB/test_gpio.o
 .text.gpio_int_handler
                0x43f99834       0xa0 objs-EVB/test_gpio.o
                0x43f99834                gpio_int_handler
 .text.gpio_int_handler_1
                0x43f998d4       0x54 objs-EVB/test_gpio.o
                0x43f998d4                gpio_int_handler_1
 .text.gpio_get_port
                0x43f99928      0x108 objs-EVB/test_gpio.o
                0x43f99928                gpio_get_port
 .text.gpio_input_pu
                0x43f99a30      0x1d0 objs-EVB/test_gpio.o
 .text.gpio_output_pu
                0x43f99c00      0x184 objs-EVB/test_gpio.o
 .text.gpio_debounce
                0x43f99d84      0x40c objs-EVB/test_gpio.o
 .text.gpio_int_type
                0x43f9a190      0x334 objs-EVB/test_gpio.o
 .text.gpio_input
                0x43f9a4c4      0x14c objs-EVB/test_gpio.o
 .text.gpio_output
                0x43f9a610      0x174 objs-EVB/test_gpio.o
 .text.gpio_reset_test
                0x43f9a784       0xfc objs-EVB/test_gpio.o
                0x43f9a784                gpio_reset_test
 .text.gpio_cg_test
                0x43f9a880      0x150 objs-EVB/test_gpio.o
                0x43f9a880                gpio_cg_test
 .text.cmd_help
                0x43f9a9d0        0xc objs-EVB/test_qspi.o
 .text.qspi_int_handler
                0x43f9a9dc       0x3c objs-EVB/test_qspi.o
                0x43f9a9dc                qspi_int_handler
 .text.qspi_check_bb
                0x43f9aa18      0x100 objs-EVB/test_qspi.o
 .text.qspi_init_0
                0x43f9ab18       0xd0 objs-EVB/test_qspi.o
                0x43f9ab18                qspi_init_0
 .text.qspi_detect
                0x43f9abe8      0x164 objs-EVB/test_qspi.o
                0x43f9abe8                qspi_detect
 .text.qspi_init
                0x43f9ad4c      0x1c8 objs-EVB/test_qspi.o
 .text.qspi_ecc_test
                0x43f9af14      0x994 objs-EVB/test_qspi.o
 .text.qspi_read_bbt
                0x43f9b8a8      0x104 objs-EVB/test_qspi.o
 .text.qspi_write_bbt
                0x43f9b9ac       0x84 objs-EVB/test_qspi.o
 .text.qspi_mark_bb
                0x43f9ba30       0xcc objs-EVB/test_qspi.o
 .text.qspi_scan_bbt
                0x43f9bafc      0x104 objs-EVB/test_qspi.o
 .text.qspi_erase_all
                0x43f9bc00       0xc8 objs-EVB/test_qspi.o
 .text.qspi_int
                0x43f9bcc8       0xe4 objs-EVB/test_qspi.o
 .text.qspi_mode
                0x43f9bdac      0x520 objs-EVB/test_qspi.o
 .text.qspi_read
                0x43f9c2cc      0x2a8 objs-EVB/test_qspi.o
 .text.qspi_write
                0x43f9c574      0x4fc objs-EVB/test_qspi.o
 .text.qspi_erase
                0x43f9ca70      0x1e0 objs-EVB/test_qspi.o
 .text.qspi_probe
                0x43f9cc50       0x50 objs-EVB/test_qspi.o
 .text.qspi_reset_test
                0x43f9cca0       0x98 objs-EVB/test_qspi.o
                0x43f9cca0                qspi_reset_test
 .text.qspi_cg_test
                0x43f9cd38       0xe0 objs-EVB/test_qspi.o
                0x43f9cd38                qspi_cg_test
 .text.four_uarts_tx
                0x43f9ce18      0x190 objs-EVB/test_uart.o
 .text.console_switch
                0x43f9cfa8      0x11c objs-EVB/test_uart.o
 .text.uart_cleanup
                0x43f9d0c4      0x17c objs-EVB/test_uart.o
 .text.uart_reset
                0x43f9d240      0x10c objs-EVB/test_uart.o
 .text.uart_generate_random_data
                0x43f9d34c       0x90 objs-EVB/test_uart.o
 .text.uart_line
                0x43f9d3dc       0xc8 objs-EVB/test_uart.o
 .text.uart_line_master
                0x43f9d4a4      0x114 objs-EVB/test_uart.o
 .text.uart_modem
                0x43f9d5b8      0x198 objs-EVB/test_uart.o
 .text.uart_modem_loopback
                0x43f9d750      0x2f8 objs-EVB/test_uart.o
 .text.cmd_help
                0x43f9da48        0xc objs-EVB/test_uart.o
 .text.uart_transfer_int_handler
                0x43f9da54       0x4c objs-EVB/test_uart.o
                0x43f9da54                uart_transfer_int_handler
 .text.uart_int_handler
                0x43f9daa0      0x130 objs-EVB/test_uart.o
                0x43f9daa0                uart_int_handler
 .text.uart_dma_block_int_handler
                0x43f9dbd0      0x18c objs-EVB/test_uart.o
                0x43f9dbd0                uart_dma_block_int_handler
 .text.uart_dma_block_echo_int_handler
                0x43f9dd5c      0x208 objs-EVB/test_uart.o
                0x43f9dd5c                uart_dma_block_echo_int_handler
 .text.uart_reg_dump
                0x43f9df64       0x9c objs-EVB/test_uart.o
 .text.uart_recv
                0x43f9e000       0xbc objs-EVB/test_uart.o
 .text.uart_init
                0x43f9e0bc      0x254 objs-EVB/test_uart.o
 .text.uart_cfg
                0x43f9e310      0x16c objs-EVB/test_uart.o
 .text.uart_external_loopback
                0x43f9e47c      0x1c0 objs-EVB/test_uart.o
 .text.uart_loopback
                0x43f9e63c      0x218 objs-EVB/test_uart.o
 .text.uart_compare_result
                0x43f9e854       0xd4 objs-EVB/test_uart.o
 .text.uart_dma_block
                0x43f9e928      0x640 objs-EVB/test_uart.o
 .text.uart_echo
                0x43f9ef68       0xf8 objs-EVB/test_uart.o
 .text.uart_int
                0x43f9f060      0x3fc objs-EVB/test_uart.o
 .text.uart_modem_master
                0x43f9f45c      0x1a0 objs-EVB/test_uart.o
 .text.uart_echo_int_handler
                0x43f9f5fc       0xa0 objs-EVB/test_uart.o
                0x43f9f5fc                uart_echo_int_handler
 .text.uart_line_int_handler
                0x43f9f69c       0x98 objs-EVB/test_uart.o
                0x43f9f69c                uart_line_int_handler
 .text.uart_flowctrl
                0x43f9f734      0x168 objs-EVB/test_uart.o
 .text.uart_transfer
                0x43f9f89c      0x25c objs-EVB/test_uart.o
 .text.uart_send
                0x43f9faf8       0x88 objs-EVB/test_uart.o
 .text.uart_test_prepare
                0x43f9fb80      0x310 objs-EVB/test_uart.o
                0x43f9fb80                uart_test_prepare
 .text.uart_reset_test
                0x43f9fe90       0xec objs-EVB/test_uart.o
                0x43f9fe90                uart_reset_test
 .text.uart_cg_test
                0x43f9ff7c      0x140 objs-EVB/test_uart.o
                0x43f9ff7c                uart_cg_test
 .text.spi_check_data
                0x43fa00bc      0x1c8 objs-EVB/test_spi.o
 .text.spi_slave_parse_cmd
                0x43fa0284      0x11c objs-EVB/test_spi.o
 .text.spi_package_xfer
                0x43fa03a0       0xc0 objs-EVB/test_spi.o
 .text.spi_int  0x43fa0460      0x3ec objs-EVB/test_spi.o
 .text.spi_int_handler
                0x43fa084c       0x6c objs-EVB/test_spi.o
 .text.spi_slave_dma_int_handler
                0x43fa08b8      0x650 objs-EVB/test_spi.o
 .text.cmd_help
                0x43fa0f08        0xc objs-EVB/test_spi.o
 .text.generate_spi_cmd
                0x43fa0f14      0x100 objs-EVB/test_spi.o
 .text.spi_test_init
                0x43fa1014      0x108 objs-EVB/test_spi.o
 .text.spi_robust
                0x43fa111c      0x2bc objs-EVB/test_spi.o
 .text.spi_full_duplex_robust
                0x43fa13d8      0x368 objs-EVB/test_spi.o
 .text.spi_debug
                0x43fa1740      0x200 objs-EVB/test_spi.o
 .text.spi_slave_debug
                0x43fa1940      0x1a4 objs-EVB/test_spi.o
 .text.spi_flash_test
                0x43fa1ae4      0x224 objs-EVB/test_spi.o
 .text.spi_full_duplex
                0x43fa1d08      0x374 objs-EVB/test_spi.o
 .text.spi_master
                0x43fa207c      0x2b4 objs-EVB/test_spi.o
 .text.spi_loopback
                0x43fa2330      0x1ec objs-EVB/test_spi.o
 .text.spi_slave
                0x43fa251c      0x2cc objs-EVB/test_spi.o
 .text.spi_test_prepare
                0x43fa27e8      0x190 objs-EVB/test_spi.o
                0x43fa27e8                spi_test_prepare
 .text.spi_reset_test
                0x43fa2978       0xcc objs-EVB/test_spi.o
                0x43fa2978                spi_reset_test
 .text.spi_cg_test
                0x43fa2a44      0x124 objs-EVB/test_spi.o
                0x43fa2a44                spi_cg_test
 .text.mmc_init
                0x43fa2b68      0x270 objs-EVB/test_mmc.o
 .text.mmc_multi_robust
                0x43fa2dd8      0x2bc objs-EVB/test_mmc.o
 .text.mmc_multi
                0x43fa3094      0x230 objs-EVB/test_mmc.o
 .text.mmc_single
                0x43fa32c4      0x228 objs-EVB/test_mmc.o
 .text.cmd_help
                0x43fa34ec        0xc objs-EVB/test_mmc.o
 .text.mmc_int_handler
                0x43fa34f8      0x2d0 objs-EVB/test_mmc.o
                0x43fa34f8                mmc_int_handler
 .text.mmc_int  0x43fa37c8      0x138 objs-EVB/test_mmc.o
 .text.mmc_probe
                0x43fa3900       0x34 objs-EVB/test_mmc.o
 .text.mmc_read
                0x43fa3934      0x174 objs-EVB/test_mmc.o
 .text.mmc_test_prepare
                0x43fa3aa8       0xe8 objs-EVB/test_mmc.o
                0x43fa3aa8                mmc_test_prepare
 .text.mmc_reset_test
                0x43fa3b90       0xc0 objs-EVB/test_mmc.o
                0x43fa3b90                mmc_reset_test
 .text.mmc_cg_test
                0x43fa3c50      0x10c objs-EVB/test_mmc.o
                0x43fa3c50                mmc_cg_test
 .text.cmd_help
                0x43fa3d5c        0xc objs-EVB/test_nand.o
 .text.nand_int_handler
                0x43fa3d68       0x54 objs-EVB/test_nand.o
                0x43fa3d68                nand_int_handler
 .text.nand_check_bb
                0x43fa3dbc      0x100 objs-EVB/test_nand.o
 .text.nand_detect
                0x43fa3ebc       0x5c objs-EVB/test_nand.o
                0x43fa3ebc                nand_detect
 .text.nand_init
                0x43fa3f18       0x98 objs-EVB/test_nand.o
 .text.nand_read_bbt
                0x43fa3fb0      0x12c objs-EVB/test_nand.o
 .text.nand_write_bbt
                0x43fa40dc       0xa8 objs-EVB/test_nand.o
 .text.nand_mark_bb
                0x43fa4184       0xcc objs-EVB/test_nand.o
 .text.nand_scan_bbt
                0x43fa4250      0x12c objs-EVB/test_nand.o
 .text.nand_erase_all
                0x43fa437c       0xec objs-EVB/test_nand.o
 .text.nand_int
                0x43fa4468      0x120 objs-EVB/test_nand.o
 .text.nand_ecc
                0x43fa4588      0x4f8 objs-EVB/test_nand.o
 .text.nand_read
                0x43fa4a80      0x288 objs-EVB/test_nand.o
 .text.nand_write
                0x43fa4d08      0x4f8 objs-EVB/test_nand.o
 .text.nand_erase
                0x43fa5200      0x1e0 objs-EVB/test_nand.o
 .text.nand_probe
                0x43fa53e0       0x50 objs-EVB/test_nand.o
 .text.nfc_reset_test
                0x43fa5430       0x9c objs-EVB/test_nand.o
                0x43fa5430                nfc_reset_test
 .text.nfc_cg_test
                0x43fa54cc       0xe0 objs-EVB/test_nand.o
                0x43fa54cc                nfc_cg_test
 .text.usb      0x43fa55ac       0x60 objs-EVB/test_usb.o
 .text.usb_host_mass_fix
                0x43fa560c      0x1d8 objs-EVB/test_usb.o
 .text.usb_host_mass
                0x43fa57e4      0x2c0 objs-EVB/test_usb.o
 .text.ums_test
                0x43fa5aa4      0x100 objs-EVB/test_usb.o
 .text.cmd_help
                0x43fa5ba4        0xc objs-EVB/test_usb.o
 .text.usb_int_handler
                0x43fa5bb0      0x16c objs-EVB/test_usb.o
                0x43fa5bb0                usb_int_handler
 .text.dev_mass_read_sector
                0x43fa5d1c       0x68 objs-EVB/test_usb.o
                0x43fa5d1c                dev_mass_read_sector
 .text.dev_mass_write_sector
                0x43fa5d84       0x68 objs-EVB/test_usb.o
                0x43fa5d84                dev_mass_write_sector
 .text.dev_mass_init
                0x43fa5dec      0x1c8 objs-EVB/test_usb.o
                0x43fa5dec                dev_mass_init
 .text.usb_int  0x43fa5fb4      0x1b8 objs-EVB/test_usb.o
 .text.usb_dev_mass
                0x43fa616c      0x174 objs-EVB/test_usb.o
 .text.dev_mass_get_lba
                0x43fa62e0       0x44 objs-EVB/test_usb.o
                0x43fa62e0                dev_mass_get_lba
 .text.usb_test_prepare
                0x43fa6324       0xec objs-EVB/test_usb.o
                0x43fa6324                usb_test_prepare
 .text.usb_reset_test
                0x43fa6410       0xc8 objs-EVB/test_usb.o
                0x43fa6410                usb_reset_test
 .text.usb_cg_test
                0x43fa64d8      0x124 objs-EVB/test_usb.o
                0x43fa64d8                usb_cg_test
 .text.cmd_help
                0x43fa65fc        0xc objs-EVB/test_crc.o
 .text.crc_init.part.0
                0x43fa6608       0x40 objs-EVB/test_crc.o
 .text.crc_robust
                0x43fa6648      0x1e4 objs-EVB/test_crc.o
 .text.crc_ccitt
                0x43fa682c      0x1a0 objs-EVB/test_crc.o
 .text.crc_multiple
                0x43fa69cc      0x23c objs-EVB/test_crc.o
 .text.crc_xmodem
                0x43fa6c08      0x188 objs-EVB/test_crc.o
 .text.crc_reset_test
                0x43fa6d90       0x70 objs-EVB/test_crc.o
                0x43fa6d90                crc_reset_test
 .text.crc_cg_test
                0x43fa6e00       0xec objs-EVB/test_crc.o
                0x43fa6e00                crc_cg_test
 .text.cmd_help
                0x43fa6eec        0xc objs-EVB/test_ecc.o
 .text.run_cmd  0x43fa6ef8       0xa8 objs-EVB/test_ecc.o
                0x43fa6ef8                run_cmd
 .text.reg_algs
                0x43fa6fa0      0x19c objs-EVB/test_ecc.o
                0x43fa6fa0                reg_algs
 .text.libtomcrypt_init
                0x43fa713c       0x64 objs-EVB/test_ecc.o
                0x43fa713c                libtomcrypt_init
 .text.ecc_test_shamir
                0x43fa71a0      0x67c objs-EVB/test_ecc.o
 .text.ecc_test_sign_verify
                0x43fa781c      0x63c objs-EVB/test_ecc.o
 .text.ecc_test_basic_ex
                0x43fa7e58      0x240 objs-EVB/test_ecc.o
                0x43fa7e58                ecc_test_basic_ex
 .text.ecc_test_basic
                0x43fa8098       0x9c objs-EVB/test_ecc.o
 .text.ecc_reset_test
                0x43fa8134       0x94 objs-EVB/test_ecc.o
                0x43fa8134                ecc_reset_test
 .text.ecc_cg_test
                0x43fa81c8       0xe0 objs-EVB/test_ecc.o
                0x43fa81c8                ecc_cg_test
 .text.epf_test_ISR_no_hs
                0x43fa82a8      0x104 objs-EVB/test_epf.o
 .text.epf_int_handler_noks
                0x43fa83ac       0x30 objs-EVB/test_epf.o
                0x43fa83ac                epf_int_handler_noks
 .text.cmd_help
                0x43fa83dc        0xc objs-EVB/test_epf.o
 .text.epf_test
                0x43fa83e8      0x23c objs-EVB/test_epf.o
 .text.epf_int_handler
                0x43fa8624       0xc4 objs-EVB/test_epf.o
                0x43fa8624                epf_int_handler
 .text.aes_print_buffer
                0x43fa86e8       0x8c objs-EVB/test_APIs.o
 .text.aes_cbc_test
                0x43fa8774      0x5b4 objs-EVB/test_APIs.o
 .text.aes_gcm_test
                0x43fa8d28      0x618 objs-EVB/test_APIs.o
 .text.aes_ccm_test
                0x43fa9340      0x650 objs-EVB/test_APIs.o
 .text.aes_func_test
                0x43fa9990      0x2f8 objs-EVB/test_APIs.o
 .text.get_secure_key
                0x43fa9c88       0xe8 objs-EVB/test_APIs.o
 .text.cmd_help
                0x43fa9d70        0xc objs-EVB/test_APIs.o
 .text.rng_test
                0x43fa9d7c       0xbc objs-EVB/test_APIs.o
 .text.image_verify_test
                0x43fa9e38      0x114 objs-EVB/test_APIs.o
 .text.get_non_secure_byte
                0x43fa9f4c       0x7c objs-EVB/test_APIs.o
 .text.secure_key_disable
                0x43fa9fc8       0x6c objs-EVB/test_APIs.o
 .text.set_secure_byte
                0x43faa034       0x84 objs-EVB/test_APIs.o
 .text.set_non_secure_byte
                0x43faa0b8       0x84 objs-EVB/test_APIs.o
 .text.sec_api_init
                0x43faa13c       0x88 objs-EVB/test_APIs.o
                0x43faa13c                sec_api_init
 .text.ecc384_sign_verify_test
                0x43faa1c4       0xf4 objs-EVB/test_APIs.o
                0x43faa1c4                ecc384_sign_verify_test
 .text.ecc384_test
                0x43faa2b8       0x38 objs-EVB/test_APIs.o
 .text.APIs_test_prepare
                0x43faa2f0       0x88 objs-EVB/test_APIs.o
                0x43faa2f0                APIs_test_prepare
 .text.APIs_test_cleanup
                0x43faa378       0x48 objs-EVB/test_APIs.o
                0x43faa378                APIs_test_cleanup
 .text.tamp_count_clear
                0x43faa3c0       0x20 objs-EVB/test_tamp.o
 .text.display_tamp_time
                0x43faa3e0      0x124 objs-EVB/test_tamp.o
 .text.tamp_read
                0x43faa504       0xd4 objs-EVB/test_tamp.o
 .text.tamp_int_handler
                0x43faa5d8       0x54 objs-EVB/test_tamp.o
                0x43faa5d8                tamp_int_handler
 .text.cmd_help
                0x43faa62c        0xc objs-EVB/test_tamp.o
 .text.tamp_int
                0x43faa638      0x2c8 objs-EVB/test_tamp.o
 .text.clk_status
                0x43faa900       0x10 objs-EVB/test_pll.o
 .text.arm_child_rate_div
                0x43faa910      0x210 objs-EVB/test_pll.o
 .text.periph_rate_div
                0x43faab20        0xc objs-EVB/test_pll.o
 .text.bus_rate_div
                0x43faab2c        0xc objs-EVB/test_pll.o
 .text.arm_clk_switch
                0x43faab38      0x1a4 objs-EVB/test_pll.o
 .text.pll_freq_src
                0x43faacdc      0x238 objs-EVB/test_pll.o
 .text.cmd_help
                0x43faaf14        0xc objs-EVB/test_pll.o
 .text.uart_tune_clk_for_baud
                0x43faaf20       0x34 objs-EVB/test_pll.o
                0x43faaf20                uart_tune_clk_for_baud
 .text.console_pclk_change_cb
                0x43faaf54       0x1c objs-EVB/test_pll.o
                0x43faaf54                console_pclk_change_cb
 .text.system_timer_pclk_change_cb
                0x43faaf70       0x54 objs-EVB/test_pll.o
                0x43faaf70                system_timer_pclk_change_cb
 .text.regions_cmp
                0x43faafc4      0x100 objs-EVB/test_ddr.o
 .text.walkbits1_cmp
                0x43fab0c4      0x158 objs-EVB/test_ddr.o
 .text.walkbits0_cmp
                0x43fab21c      0x158 objs-EVB/test_ddr.o
 .text.bitflip_cmp
                0x43fab374      0x140 objs-EVB/test_ddr.o
 .text.bitspread_cmp
                0x43fab4b4      0x1a0 objs-EVB/test_ddr.o
 .text.chkboard_cmp
                0x43fab654      0x130 objs-EVB/test_ddr.o
 .text.blockseq_cmp
                0x43fab784      0x12c objs-EVB/test_ddr.o
 .text.solidbits_cmp
                0x43fab8b0      0x128 objs-EVB/test_ddr.o
 .text.ddr_post_addrline
                0x43fab9d8       0x88 objs-EVB/test_ddr.o
 .text.ddr_walkbits1_cmp_test
                0x43faba60      0x100 objs-EVB/test_ddr.o
 .text.ddr_walkbits0_cmp_test
                0x43fabb60      0x100 objs-EVB/test_ddr.o
 .text.ddr_bitflip_cmp_test
                0x43fabc60      0x100 objs-EVB/test_ddr.o
 .text.ddr_bitspread_cmp_test
                0x43fabd60      0x100 objs-EVB/test_ddr.o
 .text.ddr_chkboard_cmp_test
                0x43fabe60      0x100 objs-EVB/test_ddr.o
 .text.ddr_blockseq_cmp_test
                0x43fabf60      0x100 objs-EVB/test_ddr.o
 .text.ddr_solidbits_cmp_test
                0x43fac060      0x100 objs-EVB/test_ddr.o
 .text.ddr_addrline_probe
                0x43fac160       0xf4 objs-EVB/test_ddr.o
 .text.wide16bits_random_cmp
                0x43fac254      0x170 objs-EVB/test_ddr.o
 .text.ddr_wide16bits_cmp_test
                0x43fac3c4      0x100 objs-EVB/test_ddr.o
 .text.wide8bits_random_cmp
                0x43fac4c4      0x17c objs-EVB/test_ddr.o
 .text.ddr_wide8bits_cmp_test
                0x43fac640      0x100 objs-EVB/test_ddr.o
 .text.seqinc_cmp
                0x43fac740       0xec objs-EVB/test_ddr.o
 .text.ddr_seqinc_cmp_test
                0x43fac82c      0x100 objs-EVB/test_ddr.o
 .text.and_cmp  0x43fac92c       0xf0 objs-EVB/test_ddr.o
 .text.ddr_and_cmp_test
                0x43faca1c      0x100 objs-EVB/test_ddr.o
 .text.or_cmp   0x43facb1c       0xf0 objs-EVB/test_ddr.o
 .text.ddr_or_cmp_test
                0x43facc0c      0x100 objs-EVB/test_ddr.o
 .text.div_cmp  0x43facd0c       0xf8 objs-EVB/test_ddr.o
 .text.ddr_div_cmp_test
                0x43face04      0x100 objs-EVB/test_ddr.o
 .text.mul_cmp  0x43facf04       0xf0 objs-EVB/test_ddr.o
 .text.ddr_mul_cmp_test
                0x43facff4      0x100 objs-EVB/test_ddr.o
 .text.sub_cmp  0x43fad0f4       0xf0 objs-EVB/test_ddr.o
 .text.ddr_sub_cmp_test
                0x43fad1e4      0x100 objs-EVB/test_ddr.o
 .text.xor_cmp  0x43fad2e4       0xf0 objs-EVB/test_ddr.o
 .text.ddr_xor_cmp_test
                0x43fad3d4      0x100 objs-EVB/test_ddr.o
 .text.random_value_cmp
                0x43fad4d4       0xd4 objs-EVB/test_ddr.o
 .text.ddr_random_value_test
                0x43fad5a8      0x100 objs-EVB/test_ddr.o
 .text.cmd_help
                0x43fad6a8        0xc objs-EVB/test_ddr.o
 .text.ddr_dataline_probe
                0x43fad6b4       0x98 objs-EVB/test_ddr.o
 .text.ddr_test_prepare
                0x43fad74c       0x5c objs-EVB/test_ddr.o
                0x43fad74c                ddr_test_prepare
 .text.misc_chip_id_test
                0x43fad7a8       0x3c objs-EVB/test_sys.o
 .text.prcm_reset_test
                0x43fad7e4      0x834 objs-EVB/test_sys.o
 .text.cmd_help
                0x43fae018        0xc objs-EVB/test_sys.o
 .text.mem_dumps
                0x43fae024       0x74 objs-EVB/test_sys.o
 .text.misc_io_ds_test
                0x43fae098      0x4ec objs-EVB/test_sys.o
 .text.prcm_blk_cg_test
                0x43fae584      0x76c objs-EVB/test_sys.o
 .text.bram_read_byte
                0x43faecf0      0x100 objs-EVB/test_bburam.o
 .text.bram_data_compare
                0x43faedf0      0x188 objs-EVB/test_bburam.o
 .text.bram_write_byte
                0x43faef78      0x110 objs-EVB/test_bburam.o
 .text.cmd_help
                0x43faf088        0xc objs-EVB/test_bburam.o
 .text.rijndael_done
                0x43faf094        0x4 libs/tomcrypt/objs-EVB/libtomcrypt.a(aes.o)
                0x43faf094                rijndael_done
 .text.rijndael_ecb_encrypt
                0x43faf098      0x504 libs/tomcrypt/objs-EVB/libtomcrypt.a(aes.o)
                0x43faf098                rijndael_ecb_encrypt
 .text.rijndael_ecb_decrypt
                0x43faf59c      0x514 libs/tomcrypt/objs-EVB/libtomcrypt.a(aes.o)
                0x43faf59c                rijndael_ecb_decrypt
 .text.rijndael_setup
                0x43fafab0      0x664 libs/tomcrypt/objs-EVB/libtomcrypt.a(aes.o)
                0x43fafab0                rijndael_setup
 .text.rijndael_test
                0x43fb0114      0x134 libs/tomcrypt/objs-EVB/libtomcrypt.a(aes.o)
                0x43fb0114                rijndael_test
 .text.rijndael_keysize
                0x43fb0248       0x68 libs/tomcrypt/objs-EVB/libtomcrypt.a(aes.o)
                0x43fb0248                rijndael_keysize
 .text.ccm_memory
                0x43fb02b0      0x938 libs/tomcrypt/objs-EVB/libtomcrypt.a(ccm_memory.o)
                0x43fb02b0                ccm_memory
 .text.gcm_memory
                0x43fb0be8      0x1b4 libs/tomcrypt/objs-EVB/libtomcrypt.a(gcm_memory.o)
                0x43fb0be8                gcm_memory
 .text.gcm_process
                0x43fb0d9c      0x23c libs/tomcrypt/objs-EVB/libtomcrypt.a(gcm_process.o)
                0x43fb0d9c                gcm_process
 .text.sha1_compress
                0x43fb0fd8      0x4c8 libs/tomcrypt/objs-EVB/libtomcrypt.a(sha1.o)
 .text.sha1_done
                0x43fb14a0      0x188 libs/tomcrypt/objs-EVB/libtomcrypt.a(sha1.o)
                0x43fb14a0                sha1_done
 .text.sha1_init
                0x43fb1628       0x7c libs/tomcrypt/objs-EVB/libtomcrypt.a(sha1.o)
                0x43fb1628                sha1_init
 .text.sha1_process
                0x43fb16a4      0x150 libs/tomcrypt/objs-EVB/libtomcrypt.a(sha1.o)
                0x43fb16a4                sha1_process
 .text.sha1_test
                0x43fb17f4       0xd0 libs/tomcrypt/objs-EVB/libtomcrypt.a(sha1.o)
                0x43fb17f4                sha1_test
 .text.sha224_init
                0x43fb18c4       0xa0 libs/tomcrypt/objs-EVB/libtomcrypt.a(sha224.o)
                0x43fb18c4                sha224_init
 .text.sha224_done
                0x43fb1964       0x70 libs/tomcrypt/objs-EVB/libtomcrypt.a(sha224.o)
                0x43fb1964                sha224_done
 .text.sha224_test
                0x43fb19d4       0xf4 libs/tomcrypt/objs-EVB/libtomcrypt.a(sha224.o)
                0x43fb19d4                sha224_test
 .text.sha256_compress
                0x43fb1ac8     0x1830 libs/tomcrypt/objs-EVB/libtomcrypt.a(sha256.o)
 .text.sha256_done
                0x43fb32f8      0x188 libs/tomcrypt/objs-EVB/libtomcrypt.a(sha256.o)
                0x43fb32f8                sha256_done
 .text.sha256_init
                0x43fb3480       0xa0 libs/tomcrypt/objs-EVB/libtomcrypt.a(sha256.o)
                0x43fb3480                sha256_init
 .text.sha256_process
                0x43fb3520      0x150 libs/tomcrypt/objs-EVB/libtomcrypt.a(sha256.o)
                0x43fb3520                sha256_process
 .text.sha256_test
                0x43fb3670       0xf4 libs/tomcrypt/objs-EVB/libtomcrypt.a(sha256.o)
                0x43fb3670                sha256_test
 *fill*         0x43fb3764        0x4 
 .text.sha384_init
                0x43fb3768       0xe0 libs/tomcrypt/objs-EVB/libtomcrypt.a(sha384.o)
                0x43fb3768                sha384_init
 .text.sha384_done
                0x43fb3848       0x84 libs/tomcrypt/objs-EVB/libtomcrypt.a(sha384.o)
                0x43fb3848                sha384_done
 .text.sha384_test
                0x43fb38cc       0x88 libs/tomcrypt/objs-EVB/libtomcrypt.a(sha384.o)
                0x43fb38cc                sha384_test
 *fill*         0x43fb3954        0x4 
 .text.sha512_compress
                0x43fb3958     0x1498 libs/tomcrypt/objs-EVB/libtomcrypt.a(sha512.o)
 .text.sha512_done
                0x43fb4df0      0x1a8 libs/tomcrypt/objs-EVB/libtomcrypt.a(sha512.o)
                0x43fb4df0                sha512_done
 .text.sha512_init
                0x43fb4f98       0xe0 libs/tomcrypt/objs-EVB/libtomcrypt.a(sha512.o)
                0x43fb4f98                sha512_init
 .text.sha512_process
                0x43fb5078      0x150 libs/tomcrypt/objs-EVB/libtomcrypt.a(sha512.o)
                0x43fb5078                sha512_process
 .text.sha512_test
                0x43fb51c8       0x88 libs/tomcrypt/objs-EVB/libtomcrypt.a(sha512.o)
                0x43fb51c8                sha512_test
 .text.omac_memory
                0x43fb5250      0x188 libs/tomcrypt/objs-EVB/libtomcrypt.a(omac_memory.o)
                0x43fb5250                omac_memory
 .text.omac_init
                0x43fb53d8      0x1c0 libs/tomcrypt/objs-EVB/libtomcrypt.a(omac_init.o)
                0x43fb53d8                omac_init
 .text.omac_done
                0x43fb5598      0x1e4 libs/tomcrypt/objs-EVB/libtomcrypt.a(omac_done.o)
                0x43fb5598                omac_done
 .text.montgomery_deinit
                0x43fb577c        0x4 libs/tomcrypt/objs-EVB/libtomcrypt.a(gmp_desc.o)
 .text.read_radix
                0x43fb5780      0x168 libs/tomcrypt/objs-EVB/libtomcrypt.a(gmp_desc.o)
 .text.montgomery_setup
                0x43fb58e8       0x50 libs/tomcrypt/objs-EVB/libtomcrypt.a(gmp_desc.o)
 .text.set_rand
                0x43fb5938       0x38 libs/tomcrypt/objs-EVB/libtomcrypt.a(gmp_desc.o)
 .text.sub      0x43fb5970       0x74 libs/tomcrypt/objs-EVB/libtomcrypt.a(gmp_desc.o)
 .text.submod   0x43fb59e4       0xa8 libs/tomcrypt/objs-EVB/libtomcrypt.a(gmp_desc.o)
 .text.montgomery_reduce
                0x43fb5a8c       0x70 libs/tomcrypt/objs-EVB/libtomcrypt.a(gmp_desc.o)
 .text.addmod   0x43fb5afc       0xa8 libs/tomcrypt/objs-EVB/libtomcrypt.a(gmp_desc.o)
 .text.add      0x43fb5ba4       0x74 libs/tomcrypt/objs-EVB/libtomcrypt.a(gmp_desc.o)
 .text.isprime  0x43fb5c18       0x68 libs/tomcrypt/objs-EVB/libtomcrypt.a(gmp_desc.o)
 .text.exptmod  0x43fb5c80       0x94 libs/tomcrypt/objs-EVB/libtomcrypt.a(gmp_desc.o)
 .text.montgomery_normalization
                0x43fb5d14       0x50 libs/tomcrypt/objs-EVB/libtomcrypt.a(gmp_desc.o)
 .text.set_int  0x43fb5d64       0x30 libs/tomcrypt/objs-EVB/libtomcrypt.a(gmp_desc.o)
 .text.invmod   0x43fb5d94       0x74 libs/tomcrypt/objs-EVB/libtomcrypt.a(gmp_desc.o)
 .text.sqrmod   0x43fb5e08       0x8c libs/tomcrypt/objs-EVB/libtomcrypt.a(gmp_desc.o)
 .text.mulmod   0x43fb5e94       0xa8 libs/tomcrypt/objs-EVB/libtomcrypt.a(gmp_desc.o)
 .text.sqr      0x43fb5f3c       0x54 libs/tomcrypt/objs-EVB/libtomcrypt.a(gmp_desc.o)
 .text.mul      0x43fb5f90       0x74 libs/tomcrypt/objs-EVB/libtomcrypt.a(gmp_desc.o)
 .text.lcm      0x43fb6004       0x74 libs/tomcrypt/objs-EVB/libtomcrypt.a(gmp_desc.o)
 .text.gcd      0x43fb6078       0x74 libs/tomcrypt/objs-EVB/libtomcrypt.a(gmp_desc.o)
 .text.modi     0x43fb60ec       0x54 libs/tomcrypt/objs-EVB/libtomcrypt.a(gmp_desc.o)
 .text.div_2    0x43fb6140       0x58 libs/tomcrypt/objs-EVB/libtomcrypt.a(gmp_desc.o)
 .text.copy     0x43fb6198       0x54 libs/tomcrypt/objs-EVB/libtomcrypt.a(gmp_desc.o)
 .text.divide   0x43fb61ec       0xc4 libs/tomcrypt/objs-EVB/libtomcrypt.a(gmp_desc.o)
 .text.muli     0x43fb62b0       0x58 libs/tomcrypt/objs-EVB/libtomcrypt.a(gmp_desc.o)
 .text.subi     0x43fb6308       0x58 libs/tomcrypt/objs-EVB/libtomcrypt.a(gmp_desc.o)
 .text.addi     0x43fb6360       0x58 libs/tomcrypt/objs-EVB/libtomcrypt.a(gmp_desc.o)
 .text.unsigned_read
                0x43fb63b8       0x6c libs/tomcrypt/objs-EVB/libtomcrypt.a(gmp_desc.o)
 .text.unsigned_write
                0x43fb6424       0x70 libs/tomcrypt/objs-EVB/libtomcrypt.a(gmp_desc.o)
 .text.count_bits
                0x43fb6494       0x2c libs/tomcrypt/objs-EVB/libtomcrypt.a(gmp_desc.o)
 .text.unsigned_size
                0x43fb64c0       0x54 libs/tomcrypt/objs-EVB/libtomcrypt.a(gmp_desc.o)
 .text.compare_d
                0x43fb6514       0x44 libs/tomcrypt/objs-EVB/libtomcrypt.a(gmp_desc.o)
 .text.write_radix
                0x43fb6558       0x64 libs/tomcrypt/objs-EVB/libtomcrypt.a(gmp_desc.o)
 .text.deinit   0x43fb65bc       0x54 libs/tomcrypt/objs-EVB/libtomcrypt.a(gmp_desc.o)
 .text.twoexpt  0x43fb6610       0x44 libs/tomcrypt/objs-EVB/libtomcrypt.a(gmp_desc.o)
 .text.count_lsb_bits
                0x43fb6654       0x2c libs/tomcrypt/objs-EVB/libtomcrypt.a(gmp_desc.o)
 .text.compare  0x43fb6680       0x60 libs/tomcrypt/objs-EVB/libtomcrypt.a(gmp_desc.o)
 .text.get_digit_count
                0x43fb66e0       0x28 libs/tomcrypt/objs-EVB/libtomcrypt.a(gmp_desc.o)
 .text.get_digit
                0x43fb6708       0x28 libs/tomcrypt/objs-EVB/libtomcrypt.a(gmp_desc.o)
 .text.get_int  0x43fb6730       0x28 libs/tomcrypt/objs-EVB/libtomcrypt.a(gmp_desc.o)
 .text.neg      0x43fb6758       0x54 libs/tomcrypt/objs-EVB/libtomcrypt.a(gmp_desc.o)
 .text.init     0x43fb67ac       0x70 libs/tomcrypt/objs-EVB/libtomcrypt.a(gmp_desc.o)
 .text.init_copy
                0x43fb681c       0x30 libs/tomcrypt/objs-EVB/libtomcrypt.a(gmp_desc.o)
 .text.ltc_init_multi
                0x43fb684c       0xbc libs/tomcrypt/objs-EVB/libtomcrypt.a(multi.o)
                0x43fb684c                ltc_init_multi
 .text.ltc_deinit_multi
                0x43fb6908       0x54 libs/tomcrypt/objs-EVB/libtomcrypt.a(multi.o)
                0x43fb6908                ltc_deinit_multi
 .text.montgomery_normalization
                0x43fb695c        0x8 libs/tomcrypt/objs-EVB/libtomcrypt.a(pka_desc.o)
 .text.montgomery_deinit
                0x43fb6964        0x4 libs/tomcrypt/objs-EVB/libtomcrypt.a(pka_desc.o)
 .text.ecc_map  0x43fb6968        0x8 libs/tomcrypt/objs-EVB/libtomcrypt.a(pka_desc.o)
 .text.read_radix
                0x43fb6970      0x168 libs/tomcrypt/objs-EVB/libtomcrypt.a(pka_desc.o)
 .text.subi     0x43fb6ad8       0x58 libs/tomcrypt/objs-EVB/libtomcrypt.a(pka_desc.o)
 .text.compare  0x43fb6b30       0x60 libs/tomcrypt/objs-EVB/libtomcrypt.a(pka_desc.o)
 .text.set_rand
                0x43fb6b90       0x38 libs/tomcrypt/objs-EVB/libtomcrypt.a(pka_desc.o)
 .text.submod   0x43fb6bc8       0xac libs/tomcrypt/objs-EVB/libtomcrypt.a(pka_desc.o)
 .text.addmod   0x43fb6c74       0xac libs/tomcrypt/objs-EVB/libtomcrypt.a(pka_desc.o)
 .text.isprime  0x43fb6d20       0x68 libs/tomcrypt/objs-EVB/libtomcrypt.a(pka_desc.o)
 .text.exptmod  0x43fb6d88       0x94 libs/tomcrypt/objs-EVB/libtomcrypt.a(pka_desc.o)
 .text.invmod   0x43fb6e1c       0x80 libs/tomcrypt/objs-EVB/libtomcrypt.a(pka_desc.o)
 .text.lcm      0x43fb6e9c       0x74 libs/tomcrypt/objs-EVB/libtomcrypt.a(pka_desc.o)
 .text.gcd      0x43fb6f10       0x74 libs/tomcrypt/objs-EVB/libtomcrypt.a(pka_desc.o)
 .text.modi     0x43fb6f84       0x54 libs/tomcrypt/objs-EVB/libtomcrypt.a(pka_desc.o)
 .text.div_2    0x43fb6fd8       0x58 libs/tomcrypt/objs-EVB/libtomcrypt.a(pka_desc.o)
 .text.divide   0x43fb7030       0xc4 libs/tomcrypt/objs-EVB/libtomcrypt.a(pka_desc.o)
 .text.copy     0x43fb70f4       0x54 libs/tomcrypt/objs-EVB/libtomcrypt.a(pka_desc.o)
 .text.sqr      0x43fb7148       0x54 libs/tomcrypt/objs-EVB/libtomcrypt.a(pka_desc.o)
 .text.mul      0x43fb719c       0x74 libs/tomcrypt/objs-EVB/libtomcrypt.a(pka_desc.o)
 .text.muli     0x43fb7210       0x58 libs/tomcrypt/objs-EVB/libtomcrypt.a(pka_desc.o)
 .text.sub      0x43fb7268       0x74 libs/tomcrypt/objs-EVB/libtomcrypt.a(pka_desc.o)
 .text.addi     0x43fb72dc       0x58 libs/tomcrypt/objs-EVB/libtomcrypt.a(pka_desc.o)
 .text.add      0x43fb7334       0x74 libs/tomcrypt/objs-EVB/libtomcrypt.a(pka_desc.o)
 .text.unsigned_read
                0x43fb73a8       0x6c libs/tomcrypt/objs-EVB/libtomcrypt.a(pka_desc.o)
 .text.unsigned_write
                0x43fb7414       0x70 libs/tomcrypt/objs-EVB/libtomcrypt.a(pka_desc.o)
 .text.count_bits
                0x43fb7484       0x2c libs/tomcrypt/objs-EVB/libtomcrypt.a(pka_desc.o)
 .text.unsigned_size
                0x43fb74b0       0x54 libs/tomcrypt/objs-EVB/libtomcrypt.a(pka_desc.o)
 .text.compare_d
                0x43fb7504       0x44 libs/tomcrypt/objs-EVB/libtomcrypt.a(pka_desc.o)
 .text.write_radix
                0x43fb7548       0x64 libs/tomcrypt/objs-EVB/libtomcrypt.a(pka_desc.o)
 .text.deinit   0x43fb75ac       0x54 libs/tomcrypt/objs-EVB/libtomcrypt.a(pka_desc.o)
 .text.set_int  0x43fb7600       0x30 libs/tomcrypt/objs-EVB/libtomcrypt.a(pka_desc.o)
 .text.twoexpt  0x43fb7630       0x44 libs/tomcrypt/objs-EVB/libtomcrypt.a(pka_desc.o)
 .text.count_lsb_bits
                0x43fb7674       0x2c libs/tomcrypt/objs-EVB/libtomcrypt.a(pka_desc.o)
 .text.get_digit_count
                0x43fb76a0       0x28 libs/tomcrypt/objs-EVB/libtomcrypt.a(pka_desc.o)
 .text.get_digit
                0x43fb76c8       0x28 libs/tomcrypt/objs-EVB/libtomcrypt.a(pka_desc.o)
 .text.get_int  0x43fb76f0       0x28 libs/tomcrypt/objs-EVB/libtomcrypt.a(pka_desc.o)
 .text.neg      0x43fb7718       0x54 libs/tomcrypt/objs-EVB/libtomcrypt.a(pka_desc.o)
 .text.init     0x43fb776c       0x70 libs/tomcrypt/objs-EVB/libtomcrypt.a(pka_desc.o)
 .text.init_copy
                0x43fb77dc       0x30 libs/tomcrypt/objs-EVB/libtomcrypt.a(pka_desc.o)
 .text.pka_set_curve_a_b.part.36
                0x43fb780c       0x44 libs/tomcrypt/objs-EVB/libtomcrypt.a(pka_desc.o)
 .text.montgomery_reduce
                0x43fb7850        0x8 libs/tomcrypt/objs-EVB/libtomcrypt.a(pka_desc.o)
 .text.montgomery_setup
                0x43fb7858        0x8 libs/tomcrypt/objs-EVB/libtomcrypt.a(pka_desc.o)
 .text.pka_clear_params
                0x43fb7860       0x38 libs/tomcrypt/objs-EVB/libtomcrypt.a(pka_desc.o)
                0x43fb7860                pka_clear_params
 .text.pka_montg_comp_cached
                0x43fb7898       0xe8 libs/tomcrypt/objs-EVB/libtomcrypt.a(pka_desc.o)
                0x43fb7898                pka_montg_comp_cached
 .text.pka_set_alg_width
                0x43fb7980       0x54 libs/tomcrypt/objs-EVB/libtomcrypt.a(pka_desc.o)
                0x43fb7980                pka_set_alg_width
 .text.ecc_mul2add
                0x43fb79d4       0x9c libs/tomcrypt/objs-EVB/libtomcrypt.a(pka_desc.o)
 .text.ecc_dbl_point
                0x43fb7a70       0x74 libs/tomcrypt/objs-EVB/libtomcrypt.a(pka_desc.o)
 .text.ecc_add_point
                0x43fb7ae4       0x84 libs/tomcrypt/objs-EVB/libtomcrypt.a(pka_desc.o)
 .text.ecc_mulmod
                0x43fb7b68       0x98 libs/tomcrypt/objs-EVB/libtomcrypt.a(pka_desc.o)
 .text.sqrmod   0x43fb7c00       0xbc libs/tomcrypt/objs-EVB/libtomcrypt.a(pka_desc.o)
 .text.mulmod   0x43fb7cbc       0xdc libs/tomcrypt/objs-EVB/libtomcrypt.a(pka_desc.o)
 .text.mpn_base_power_of_two_p
                0x43fb7d98       0x90 libs/tomcrypt/objs-EVB/libtomcrypt.a(mini-gmp.o)
 .text.mpn_set_str_bits
                0x43fb7e28       0xb0 libs/tomcrypt/objs-EVB/libtomcrypt.a(mini-gmp.o)
 .text.gmp_default_free
                0x43fb7ed8       0x28 libs/tomcrypt/objs-EVB/libtomcrypt.a(mini-gmp.o)
 .text.unlikely.gmp_die
                0x43fb7f00       0x18 libs/tomcrypt/objs-EVB/libtomcrypt.a(mini-gmp.o)
 .text.gmp_default_realloc
                0x43fb7f18       0x44 libs/tomcrypt/objs-EVB/libtomcrypt.a(mini-gmp.o)
 .text.mpn_common_scan
                0x43fb7f5c       0xf8 libs/tomcrypt/objs-EVB/libtomcrypt.a(mini-gmp.o)
 .text.mpn_limb_get_str
                0x43fb8054       0xe8 libs/tomcrypt/objs-EVB/libtomcrypt.a(mini-gmp.o)
 .text.gmp_xrealloc_limbs
                0x43fb813c       0x44 libs/tomcrypt/objs-EVB/libtomcrypt.a(mini-gmp.o)
 .text.mpn_gcd_11
                0x43fb8180       0xf8 libs/tomcrypt/objs-EVB/libtomcrypt.a(mini-gmp.o)
 .text.mpn_limb_size_in_base_2
                0x43fb8278       0x64 libs/tomcrypt/objs-EVB/libtomcrypt.a(mini-gmp.o)
 .text.mpn_get_str_bits
                0x43fb82dc       0xa0 libs/tomcrypt/objs-EVB/libtomcrypt.a(mini-gmp.o)
 .text.gmp_default_alloc
                0x43fb837c       0x64 libs/tomcrypt/objs-EVB/libtomcrypt.a(mini-gmp.o)
 .text.unlikely.mpn_add_1.part.3
                0x43fb83e0       0x24 libs/tomcrypt/objs-EVB/libtomcrypt.a(mini-gmp.o)
 .text.mpz_abs_add_bit
                0x43fb8404      0x168 libs/tomcrypt/objs-EVB/libtomcrypt.a(mini-gmp.o)
 .text.mpz_abs_add_ui.isra.4
                0x43fb856c       0xcc libs/tomcrypt/objs-EVB/libtomcrypt.a(mini-gmp.o)
 .text.unlikely.mpn_sub_1.part.6
                0x43fb8638       0x24 libs/tomcrypt/objs-EVB/libtomcrypt.a(mini-gmp.o)
 .text.mpz_abs_sub_ui.isra.7
                0x43fb865c      0x12c libs/tomcrypt/objs-EVB/libtomcrypt.a(mini-gmp.o)
 .text.mpz_abs_sub_bit.isra.8
                0x43fb8788       0xd8 libs/tomcrypt/objs-EVB/libtomcrypt.a(mini-gmp.o)
 .text.mpn_add  0x43fb8860       0xc4 libs/tomcrypt/objs-EVB/libtomcrypt.a(mini-gmp.o)
                0x43fb8860                mpn_add
 .text.mpz_abs_add
                0x43fb8924       0xc0 libs/tomcrypt/objs-EVB/libtomcrypt.a(mini-gmp.o)
 .text.mpn_sub  0x43fb89e4       0xd0 libs/tomcrypt/objs-EVB/libtomcrypt.a(mini-gmp.o)
                0x43fb89e4                mpn_sub
 .text.mpz_abs_sub.isra.10
                0x43fb8ab4      0x220 libs/tomcrypt/objs-EVB/libtomcrypt.a(mini-gmp.o)
 .text.mpn_mul_1
                0x43fb8cd4       0x90 libs/tomcrypt/objs-EVB/libtomcrypt.a(mini-gmp.o)
                0x43fb8cd4                mpn_mul_1
 .text.mpn_set_str_other
                0x43fb8d64      0x144 libs/tomcrypt/objs-EVB/libtomcrypt.a(mini-gmp.o)
 .text.mpn_addmul_1
                0x43fb8ea8       0x9c libs/tomcrypt/objs-EVB/libtomcrypt.a(mini-gmp.o)
                0x43fb8ea8                mpn_addmul_1
 .text.mpn_submul_1
                0x43fb8f44       0xa8 libs/tomcrypt/objs-EVB/libtomcrypt.a(mini-gmp.o)
                0x43fb8f44                mpn_submul_1
 .text.mpn_mul  0x43fb8fec       0xa0 libs/tomcrypt/objs-EVB/libtomcrypt.a(mini-gmp.o)
                0x43fb8fec                mpn_mul
 .text.mpn_lshift
                0x43fb908c       0xc4 libs/tomcrypt/objs-EVB/libtomcrypt.a(mini-gmp.o)
                0x43fb908c                mpn_lshift
 .text.mpn_div_qr_1_preinv
                0x43fb9150      0x144 libs/tomcrypt/objs-EVB/libtomcrypt.a(mini-gmp.o)
 .text.mpn_rshift
                0x43fb9294       0xb8 libs/tomcrypt/objs-EVB/libtomcrypt.a(mini-gmp.o)
                0x43fb9294                mpn_rshift
 .text.mpn_div_qr_preinv
                0x43fb934c      0x6a8 libs/tomcrypt/objs-EVB/libtomcrypt.a(mini-gmp.o)
 .text.mpn_invert_3by2
                0x43fb99f4      0x158 libs/tomcrypt/objs-EVB/libtomcrypt.a(mini-gmp.o)
                0x43fb99f4                mpn_invert_3by2
 .text.mpn_div_qr_1_invert
                0x43fb9b4c       0x80 libs/tomcrypt/objs-EVB/libtomcrypt.a(mini-gmp.o)
 .text.mpn_get_str_other
                0x43fb9bcc      0x100 libs/tomcrypt/objs-EVB/libtomcrypt.a(mini-gmp.o)
 .text.mpn_div_qr_1
                0x43fb9ccc      0x110 libs/tomcrypt/objs-EVB/libtomcrypt.a(mini-gmp.o)
 .text.mpz_div_qr_ui.isra.18
                0x43fb9ddc      0x1f4 libs/tomcrypt/objs-EVB/libtomcrypt.a(mini-gmp.o)
 .text.mpn_div_qr_invert
                0x43fb9fd0      0x1a8 libs/tomcrypt/objs-EVB/libtomcrypt.a(mini-gmp.o)
 .text.mpz_init
                0x43fba178       0x30 libs/tomcrypt/objs-EVB/libtomcrypt.a(mini-gmp.o)
                0x43fba178                mpz_init
 .text.mpz_clear
                0x43fba1a8       0x34 libs/tomcrypt/objs-EVB/libtomcrypt.a(mini-gmp.o)
                0x43fba1a8                mpz_clear
 .text.mpz_set_ui
                0x43fba1dc       0x1c libs/tomcrypt/objs-EVB/libtomcrypt.a(mini-gmp.o)
                0x43fba1dc                mpz_set_ui
 .text.mpz_set  0x43fba1f8       0x9c libs/tomcrypt/objs-EVB/libtomcrypt.a(mini-gmp.o)
                0x43fba1f8                mpz_set
 .text.mpz_init_set
                0x43fba294       0x40 libs/tomcrypt/objs-EVB/libtomcrypt.a(mini-gmp.o)
                0x43fba294                mpz_init_set
 .text.mpz_get_ui
                0x43fba2d4       0x18 libs/tomcrypt/objs-EVB/libtomcrypt.a(mini-gmp.o)
                0x43fba2d4                mpz_get_ui
 .text.mpz_size
                0x43fba2ec       0x10 libs/tomcrypt/objs-EVB/libtomcrypt.a(mini-gmp.o)
                0x43fba2ec                mpz_size
 .text.mpz_getlimbn
                0x43fba2fc       0x30 libs/tomcrypt/objs-EVB/libtomcrypt.a(mini-gmp.o)
                0x43fba2fc                mpz_getlimbn
 .text.mpz_realloc2
                0x43fba32c       0x50 libs/tomcrypt/objs-EVB/libtomcrypt.a(mini-gmp.o)
                0x43fba32c                mpz_realloc2
 .text.mpz_cmp_ui
                0x43fba37c       0x5c libs/tomcrypt/objs-EVB/libtomcrypt.a(mini-gmp.o)
                0x43fba37c                mpz_cmp_ui
 .text.mpz_cmp  0x43fba3d8       0xa0 libs/tomcrypt/objs-EVB/libtomcrypt.a(mini-gmp.o)
                0x43fba3d8                mpz_cmp
 .text.mpz_cmpabs
                0x43fba478       0x70 libs/tomcrypt/objs-EVB/libtomcrypt.a(mini-gmp.o)
                0x43fba478                mpz_cmpabs
 .text.mpz_neg  0x43fba4e8       0x1c libs/tomcrypt/objs-EVB/libtomcrypt.a(mini-gmp.o)
                0x43fba4e8                mpz_neg
 .text.mpz_add_ui
                0x43fba504       0x38 libs/tomcrypt/objs-EVB/libtomcrypt.a(mini-gmp.o)
                0x43fba504                mpz_add_ui
 .text.mpz_div_q_2exp.isra.21
                0x43fba53c      0x1e4 libs/tomcrypt/objs-EVB/libtomcrypt.a(mini-gmp.o)
 .text.mpz_make_odd
                0x43fba720       0x80 libs/tomcrypt/objs-EVB/libtomcrypt.a(mini-gmp.o)
 .text.mpz_sub_ui
                0x43fba7a0       0x38 libs/tomcrypt/objs-EVB/libtomcrypt.a(mini-gmp.o)
                0x43fba7a0                mpz_sub_ui
 .text.mpz_add  0x43fba7d8       0x54 libs/tomcrypt/objs-EVB/libtomcrypt.a(mini-gmp.o)
                0x43fba7d8                mpz_add
 .text.mpz_sub  0x43fba82c       0x54 libs/tomcrypt/objs-EVB/libtomcrypt.a(mini-gmp.o)
                0x43fba82c                mpz_sub
 .text.mpz_div_qr
                0x43fba880      0x498 libs/tomcrypt/objs-EVB/libtomcrypt.a(mini-gmp.o)
 .text.mpz_mul_ui
                0x43fbad18       0xb8 libs/tomcrypt/objs-EVB/libtomcrypt.a(mini-gmp.o)
                0x43fbad18                mpz_mul_ui
 .text.mpz_mul  0x43fbadd0       0xf8 libs/tomcrypt/objs-EVB/libtomcrypt.a(mini-gmp.o)
                0x43fbadd0                mpz_mul
 .text.mpz_mul_2exp
                0x43fbaec8      0x128 libs/tomcrypt/objs-EVB/libtomcrypt.a(mini-gmp.o)
                0x43fbaec8                mpz_mul_2exp
 .text.mpz_mod  0x43fbaff0       0x30 libs/tomcrypt/objs-EVB/libtomcrypt.a(mini-gmp.o)
                0x43fbaff0                mpz_mod
 .text.mpz_divexact
                0x43fbb020       0x50 libs/tomcrypt/objs-EVB/libtomcrypt.a(mini-gmp.o)
                0x43fbb020                mpz_divexact
 .text.mpz_fdiv_ui
                0x43fbb070       0x2c libs/tomcrypt/objs-EVB/libtomcrypt.a(mini-gmp.o)
                0x43fbb070                mpz_fdiv_ui
 .text.mpz_divexact_ui
                0x43fbb09c       0x54 libs/tomcrypt/objs-EVB/libtomcrypt.a(mini-gmp.o)
                0x43fbb09c                mpz_divexact_ui
 .text.mpz_gcd_ui
                0x43fbb0f0       0xa0 libs/tomcrypt/objs-EVB/libtomcrypt.a(mini-gmp.o)
                0x43fbb0f0                mpz_gcd_ui
 .text.mpz_gcd  0x43fbb190      0x2c8 libs/tomcrypt/objs-EVB/libtomcrypt.a(mini-gmp.o)
                0x43fbb190                mpz_gcd
 .text.mpz_lcm  0x43fbb458       0xd8 libs/tomcrypt/objs-EVB/libtomcrypt.a(mini-gmp.o)
                0x43fbb458                mpz_lcm
 .text.mpz_tstbit
                0x43fbb530       0x7c libs/tomcrypt/objs-EVB/libtomcrypt.a(mini-gmp.o)
                0x43fbb530                mpz_tstbit
 .text.mpz_setbit
                0x43fbb5ac       0x48 libs/tomcrypt/objs-EVB/libtomcrypt.a(mini-gmp.o)
                0x43fbb5ac                mpz_setbit
 .text.mpz_gcdext
                0x43fbb5f4      0x700 libs/tomcrypt/objs-EVB/libtomcrypt.a(mini-gmp.o)
                0x43fbb5f4                mpz_gcdext
 .text.mpz_invert
                0x43fbbcf4      0x1c4 libs/tomcrypt/objs-EVB/libtomcrypt.a(mini-gmp.o)
                0x43fbbcf4                mpz_invert
 .text.mpz_powm
                0x43fbbeb8      0x478 libs/tomcrypt/objs-EVB/libtomcrypt.a(mini-gmp.o)
                0x43fbbeb8                mpz_powm
 .text.mpz_powm_ui
                0x43fbc330       0x38 libs/tomcrypt/objs-EVB/libtomcrypt.a(mini-gmp.o)
                0x43fbc330                mpz_powm_ui
 .text.mpz_scan1
                0x43fbc368       0xd4 libs/tomcrypt/objs-EVB/libtomcrypt.a(mini-gmp.o)
                0x43fbc368                mpz_scan1
 .text.mpz_probab_prime_p
                0x43fbc43c      0x398 libs/tomcrypt/objs-EVB/libtomcrypt.a(mini-gmp.o)
                0x43fbc43c                mpz_probab_prime_p
 .text.mpz_sizeinbase
                0x43fbc7d4      0x200 libs/tomcrypt/objs-EVB/libtomcrypt.a(mini-gmp.o)
                0x43fbc7d4                mpz_sizeinbase
 .text.mpz_get_str
                0x43fbc9d4      0x1b8 libs/tomcrypt/objs-EVB/libtomcrypt.a(mini-gmp.o)
                0x43fbc9d4                mpz_get_str
 .text.mpz_set_str
                0x43fbcb8c      0x2ec libs/tomcrypt/objs-EVB/libtomcrypt.a(mini-gmp.o)
                0x43fbcb8c                mpz_set_str
 .text.mpz_import
                0x43fbce78      0x23c libs/tomcrypt/objs-EVB/libtomcrypt.a(mini-gmp.o)
                0x43fbce78                mpz_import
 .text.mpz_export
                0x43fbd0b4      0x218 libs/tomcrypt/objs-EVB/libtomcrypt.a(mini-gmp.o)
                0x43fbd0b4                mpz_export
 .text.crypt_argchk
                0x43fbd2cc       0x1c libs/tomcrypt/objs-EVB/libtomcrypt.a(crypt_argchk.o)
                0x43fbd2cc                crypt_argchk
 .text.cipher_is_valid
                0x43fbd2e8       0x34 libs/tomcrypt/objs-EVB/libtomcrypt.a(crypt_cipher_is_valid.o)
                0x43fbd2e8                cipher_is_valid
 .text.find_hash
                0x43fbd31c       0x74 libs/tomcrypt/objs-EVB/libtomcrypt.a(crypt_find_hash.o)
                0x43fbd31c                find_hash
 .text.find_prng
                0x43fbd390       0x74 libs/tomcrypt/objs-EVB/libtomcrypt.a(crypt_find_prng.o)
                0x43fbd390                find_prng
 .text.register_cipher
                0x43fbd404       0xa4 libs/tomcrypt/objs-EVB/libtomcrypt.a(crypt_register_cipher.o)
                0x43fbd404                register_cipher
 .text.register_hash
                0x43fbd4a8       0xb0 libs/tomcrypt/objs-EVB/libtomcrypt.a(crypt_register_hash.o)
                0x43fbd4a8                register_hash
 .text.register_prng
                0x43fbd558       0xb0 libs/tomcrypt/objs-EVB/libtomcrypt.a(crypt_register_prng.o)
                0x43fbd558                register_prng
 .text.find_cipher
                0x43fbd608       0x74 libs/tomcrypt/objs-EVB/libtomcrypt.a(crypt_find_cipher.o)
                0x43fbd608                find_cipher
 .text.error_to_string
                0x43fbd67c       0x1c libs/tomcrypt/objs-EVB/libtomcrypt.a(error_to_string.o)
                0x43fbd67c                error_to_string
 .text.zeromem  0x43fbd698       0x4c libs/tomcrypt/objs-EVB/libtomcrypt.a(zeromem.o)
                0x43fbd698                zeromem
 .text.mem_neq  0x43fbd6e4       0x8c libs/tomcrypt/objs-EVB/libtomcrypt.a(mem_neq.o)
                0x43fbd6e4                mem_neq
 .text.ecb_decrypt
                0x43fbd770      0x134 libs/tomcrypt/objs-EVB/libtomcrypt.a(ecb_decrypt.o)
                0x43fbd770                ecb_decrypt
 .text.ecb_encrypt
                0x43fbd8a4      0x134 libs/tomcrypt/objs-EVB/libtomcrypt.a(ecb_encrypt.o)
                0x43fbd8a4                ecb_encrypt
 .text.ecb_start
                0x43fbd9d8       0x98 libs/tomcrypt/objs-EVB/libtomcrypt.a(ecb_start.o)
                0x43fbd9d8                ecb_start
 .text.ecb_done
                0x43fbda70       0x5c libs/tomcrypt/objs-EVB/libtomcrypt.a(ecb_done.o)
                0x43fbda70                ecb_done
 .text.cbc_decrypt
                0x43fbdacc      0x180 libs/tomcrypt/objs-EVB/libtomcrypt.a(cbc_decrypt.o)
                0x43fbdacc                cbc_decrypt
 .text.cbc_encrypt
                0x43fbdc4c      0x18c libs/tomcrypt/objs-EVB/libtomcrypt.a(cbc_encrypt.o)
                0x43fbdc4c                cbc_encrypt
 .text.cbc_start
                0x43fbddd8       0xe4 libs/tomcrypt/objs-EVB/libtomcrypt.a(cbc_start.o)
                0x43fbddd8                cbc_start
 .text.cbc_done
                0x43fbdebc       0x5c libs/tomcrypt/objs-EVB/libtomcrypt.a(cbc_done.o)
                0x43fbdebc                cbc_done
 .text.ctr_decrypt
                0x43fbdf18       0x64 libs/tomcrypt/objs-EVB/libtomcrypt.a(ctr_decrypt.o)
                0x43fbdf18                ctr_decrypt
 .text.ctr_done
                0x43fbdf7c       0x5c libs/tomcrypt/objs-EVB/libtomcrypt.a(ctr_done.o)
                0x43fbdf7c                ctr_done
 .text.ctr_encrypt
                0x43fbdfd8      0x26c libs/tomcrypt/objs-EVB/libtomcrypt.a(ctr_encrypt.o)
                0x43fbdfd8                ctr_encrypt
 .text.ctr_start
                0x43fbe244      0x24c libs/tomcrypt/objs-EVB/libtomcrypt.a(ctr_start.o)
                0x43fbe244                ctr_start
 .text.ecc_decrypt_key
                0x43fbe490      0x3a0 libs/tomcrypt/objs-EVB/libtomcrypt.a(ecc_decrypt_key.o)
                0x43fbe490                ecc_decrypt_key
 .text.ecc_encrypt_key
                0x43fbe830      0x374 libs/tomcrypt/objs-EVB/libtomcrypt.a(ecc_encrypt_key.o)
                0x43fbe830                ecc_encrypt_key
 .text.ecc_export
                0x43fbeba4      0x19c libs/tomcrypt/objs-EVB/libtomcrypt.a(ecc_export.o)
                0x43fbeba4                ecc_export
 .text.ecc_free
                0x43fbed40       0x48 libs/tomcrypt/objs-EVB/libtomcrypt.a(ecc_free.o)
                0x43fbed40                ecc_free
 .text.ecc_import_ex
                0x43fbed88      0x4a4 libs/tomcrypt/objs-EVB/libtomcrypt.a(ecc_import.o)
                0x43fbed88                ecc_import_ex
 .text.ecc_import
                0x43fbf22c        0x8 libs/tomcrypt/objs-EVB/libtomcrypt.a(ecc_import.o)
                0x43fbf22c                ecc_import
 .text.ecc_make_key_ex
                0x43fbf234      0x314 libs/tomcrypt/objs-EVB/libtomcrypt.a(ecc_make_key.o)
                0x43fbf234                ecc_make_key_ex
 .text.ecc_make_key
                0x43fbf548       0x98 libs/tomcrypt/objs-EVB/libtomcrypt.a(ecc_make_key.o)
                0x43fbf548                ecc_make_key
 .text.ecc_shared_secret
                0x43fbf5e0      0x1dc libs/tomcrypt/objs-EVB/libtomcrypt.a(ecc_shared_secret.o)
                0x43fbf5e0                ecc_shared_secret
 .text.ecc_sign_hash_raw
                0x43fbf7bc      0x284 libs/tomcrypt/objs-EVB/libtomcrypt.a(ecc_sign_hash.o)
                0x43fbf7bc                ecc_sign_hash_raw
 .text.ecc_sign_hash
                0x43fbfa40      0x14c libs/tomcrypt/objs-EVB/libtomcrypt.a(ecc_sign_hash.o)
                0x43fbfa40                ecc_sign_hash
 .text.ecc_verify_hash_raw
                0x43fbfb8c      0x4c0 libs/tomcrypt/objs-EVB/libtomcrypt.a(ecc_verify_hash.o)
                0x43fbfb8c                ecc_verify_hash_raw
 .text.ecc_verify_hash
                0x43fc004c      0x138 libs/tomcrypt/objs-EVB/libtomcrypt.a(ecc_verify_hash.o)
                0x43fc004c                ecc_verify_hash
 .text.ltc_ecc_is_valid_idx
                0x43fc0184       0x44 libs/tomcrypt/objs-EVB/libtomcrypt.a(ltc_ecc_is_valid_idx.o)
                0x43fc0184                ltc_ecc_is_valid_idx
 .text.ltc_ecc_map
                0x43fc01c8      0x1e0 libs/tomcrypt/objs-EVB/libtomcrypt.a(ltc_ecc_map.o)
                0x43fc01c8                ltc_ecc_map
 .text.ltc_ecc_mul2add
                0x43fc03a8      0x6e0 libs/tomcrypt/objs-EVB/libtomcrypt.a(ltc_ecc_mul2add.o)
                0x43fc03a8                ltc_ecc_mul2add
 .text.ltc_ecc_mulmod
                0x43fc0a88      0x50c libs/tomcrypt/objs-EVB/libtomcrypt.a(ltc_ecc_mulmod_timing.o)
                0x43fc0a88                ltc_ecc_mulmod
 .text.ltc_ecc_new_point
                0x43fc0f94       0x78 libs/tomcrypt/objs-EVB/libtomcrypt.a(ltc_ecc_points.o)
                0x43fc0f94                ltc_ecc_new_point
 .text.ltc_ecc_del_point
                0x43fc100c       0x50 libs/tomcrypt/objs-EVB/libtomcrypt.a(ltc_ecc_points.o)
                0x43fc100c                ltc_ecc_del_point
 .text.ltc_ecc_projective_add_point
                0x43fc105c      0x9b4 libs/tomcrypt/objs-EVB/libtomcrypt.a(ltc_ecc_projective_add_point.o)
                0x43fc105c                ltc_ecc_projective_add_point
 .text.ltc_ecc_projective_dbl_point
                0x43fc1a10      0x680 libs/tomcrypt/objs-EVB/libtomcrypt.a(ltc_ecc_projective_dbl_point.o)
                0x43fc1a10                ltc_ecc_projective_dbl_point
 .text.pka_montg_calc_r_inv
                0x43fc2090       0x60 libs/tomcrypt/objs-EVB/libtomcrypt.a(pka_basic_math.o)
                0x43fc2090                pka_montg_calc_r_inv
 .text.pka_montg_calc_mp
                0x43fc20f0       0x7c libs/tomcrypt/objs-EVB/libtomcrypt.a(pka_basic_math.o)
                0x43fc20f0                pka_montg_calc_mp
 .text.pka_montg_r_sqr
                0x43fc216c       0x7c libs/tomcrypt/objs-EVB/libtomcrypt.a(pka_basic_math.o)
                0x43fc216c                pka_montg_r_sqr
 .text.pka_modmult
                0x43fc21e8       0xc4 libs/tomcrypt/objs-EVB/libtomcrypt.a(pka_basic_math.o)
                0x43fc21e8                pka_modmult
 .text.pka_modadd
                0x43fc22ac       0x94 libs/tomcrypt/objs-EVB/libtomcrypt.a(pka_basic_math.o)
                0x43fc22ac                pka_modadd
 .text.pka_modsub
                0x43fc2340       0x94 libs/tomcrypt/objs-EVB/libtomcrypt.a(pka_basic_math.o)
                0x43fc2340                pka_modsub
 .text.pka_modinv
                0x43fc23d4       0x7c libs/tomcrypt/objs-EVB/libtomcrypt.a(pka_basic_math.o)
                0x43fc23d4                pka_modinv
 .text.pka_set_reg_base
                0x43fc2450       0x10 libs/tomcrypt/objs-EVB/libtomcrypt.a(pka_ctrl.o)
                0x43fc2450                pka_set_reg_base
 .text.pka_wr_op_blk
                0x43fc2460       0x74 libs/tomcrypt/objs-EVB/libtomcrypt.a(pka_ctrl.o)
                0x43fc2460                pka_wr_op_blk
 .text.pka_rd_op_blk
                0x43fc24d4       0x6c libs/tomcrypt/objs-EVB/libtomcrypt.a(pka_ctrl.o)
                0x43fc24d4                pka_rd_op_blk
 .text.log2i    0x43fc2540       0x58 libs/tomcrypt/objs-EVB/libtomcrypt.a(pka_ctrl.o)
                0x43fc2540                log2i
 .text.pka_ctrl
                0x43fc2598       0xa8 libs/tomcrypt/objs-EVB/libtomcrypt.a(pka_ctrl.o)
                0x43fc2598                pka_ctrl
 .text.pka_pre_check
                0x43fc2640       0xc0 libs/tomcrypt/objs-EVB/libtomcrypt.a(pka_ctrl.o)
                0x43fc2640                pka_pre_check
 .text.pka_run_func
                0x43fc2700       0x94 libs/tomcrypt/objs-EVB/libtomcrypt.a(pka_ctrl.o)
                0x43fc2700                pka_run_func
 .text.pka_ecc_pmul
                0x43fc2794      0x158 libs/tomcrypt/objs-EVB/libtomcrypt.a(pka_ecc_math.o)
                0x43fc2794                pka_ecc_pmul
 .text.pka_ecc_padd
                0x43fc28ec      0x124 libs/tomcrypt/objs-EVB/libtomcrypt.a(pka_ecc_math.o)
                0x43fc28ec                pka_ecc_padd
 .text.pka_ecc_shamir
                0x43fc2a10      0x160 libs/tomcrypt/objs-EVB/libtomcrypt.a(pka_ecc_math.o)
                0x43fc2a10                pka_ecc_shamir
 .text.pka_ecc_pdbl
                0x43fc2b70       0xf4 libs/tomcrypt/objs-EVB/libtomcrypt.a(pka_ecc_math.o)
                0x43fc2b70                pka_ecc_pdbl
 .text.print_hex
                0x43fc2c64      0x110 libs/tomcrypt/objs-EVB/libtomcrypt.a(pka_utils.o)
                0x43fc2c64                print_hex
 .text.dmb      0x43fc2d74        0xc libs/tomcrypt/objs-EVB/libtomcrypt.a(pka_utils.o)
                0x43fc2d74                dmb
 .text.mpz_rm_lead0
                0x43fc2d80       0x58 libs/tomcrypt/objs-EVB/libtomcrypt.a(pka_utils.o)
                0x43fc2d80                mpz_rm_lead0
 .text.rng_make_prng
                0x43fc2dd8       0xd8 libs/tomcrypt/objs-EVB/libtomcrypt.a(rng_make_prng.o)
                0x43fc2dd8                rng_make_prng
 .text.yarrow_add_entropy
                0x43fc2eb0       0xf4 libs/tomcrypt/objs-EVB/libtomcrypt.a(yarrow.o)
                0x43fc2eb0                yarrow_add_entropy
 .text.yarrow_start
                0x43fc2fa4       0x78 libs/tomcrypt/objs-EVB/libtomcrypt.a(yarrow.o)
                0x43fc2fa4                yarrow_start
 .text.yarrow_test
                0x43fc301c       0x70 libs/tomcrypt/objs-EVB/libtomcrypt.a(yarrow.o)
                0x43fc301c                yarrow_test
 .text.yarrow_import
                0x43fc308c       0x88 libs/tomcrypt/objs-EVB/libtomcrypt.a(yarrow.o)
                0x43fc308c                yarrow_import
 .text.yarrow_ready
                0x43fc3114       0xb8 libs/tomcrypt/objs-EVB/libtomcrypt.a(yarrow.o)
                0x43fc3114                yarrow_ready
 .text.yarrow_read
                0x43fc31cc       0x70 libs/tomcrypt/objs-EVB/libtomcrypt.a(yarrow.o)
                0x43fc31cc                yarrow_read
 .text.yarrow_export
                0x43fc323c       0x98 libs/tomcrypt/objs-EVB/libtomcrypt.a(yarrow.o)
                0x43fc323c                yarrow_export
 .text.yarrow_done
                0x43fc32d4       0x2c libs/tomcrypt/objs-EVB/libtomcrypt.a(yarrow.o)
                0x43fc32d4                yarrow_done
 .text.gcm_add_aad
                0x43fc3300      0x2cc libs/tomcrypt/objs-EVB/libtomcrypt.a(gcm_add_aad.o)
                0x43fc3300                gcm_add_aad
 .text.gcm_add_iv
                0x43fc35cc      0x14c libs/tomcrypt/objs-EVB/libtomcrypt.a(gcm_add_iv.o)
                0x43fc35cc                gcm_add_iv
 .text.gcm_done
                0x43fc3718      0x224 libs/tomcrypt/objs-EVB/libtomcrypt.a(gcm_done.o)
                0x43fc3718                gcm_done
 .text.gcm_init
                0x43fc393c      0x118 libs/tomcrypt/objs-EVB/libtomcrypt.a(gcm_init.o)
                0x43fc393c                gcm_init
 .text.gcm_mult_h
                0x43fc3a54       0x30 libs/tomcrypt/objs-EVB/libtomcrypt.a(gcm_mult_h.o)
                0x43fc3a54                gcm_mult_h
 .text.hash_memory
                0x43fc3a84      0x160 libs/tomcrypt/objs-EVB/libtomcrypt.a(hash_memory.o)
                0x43fc3a84                hash_memory
 .text.omac_process
                0x43fc3be4      0x14c libs/tomcrypt/objs-EVB/libtomcrypt.a(omac_process.o)
                0x43fc3be4                omac_process
 .text.find_hash_oid
                0x43fc3d30       0x8c libs/tomcrypt/objs-EVB/libtomcrypt.a(crypt_find_hash_oid.o)
                0x43fc3d30                find_hash_oid
 .text.hash_is_valid
                0x43fc3dbc       0x34 libs/tomcrypt/objs-EVB/libtomcrypt.a(crypt_hash_is_valid.o)
                0x43fc3dbc                hash_is_valid
 .text.prng_is_valid
                0x43fc3df0       0x34 libs/tomcrypt/objs-EVB/libtomcrypt.a(crypt_prng_is_valid.o)
                0x43fc3df0                prng_is_valid
 .text.der_decode_sequence_ex
                0x43fc3e24      0x5bc libs/tomcrypt/objs-EVB/libtomcrypt.a(der_decode_sequence_ex.o)
                0x43fc3e24                der_decode_sequence_ex
 .text.der_decode_sequence_multi
                0x43fc43e0      0x1a4 libs/tomcrypt/objs-EVB/libtomcrypt.a(der_decode_sequence_multi.o)
                0x43fc43e0                der_decode_sequence_multi
 .text.der_encode_sequence_multi
                0x43fc4584      0x214 libs/tomcrypt/objs-EVB/libtomcrypt.a(der_encode_sequence_multi.o)
                0x43fc4584                der_encode_sequence_multi
 .text.der_length_sequence
                0x43fc4798      0x248 libs/tomcrypt/objs-EVB/libtomcrypt.a(der_length_sequence.o)
                0x43fc4798                der_length_sequence
 .text.der_decode_short_integer
                0x43fc49e0       0xa4 libs/tomcrypt/objs-EVB/libtomcrypt.a(der_decode_short_integer.o)
                0x43fc49e0                der_decode_short_integer
 .text.der_length_short_integer
                0x43fc4a84       0x80 libs/tomcrypt/objs-EVB/libtomcrypt.a(der_length_short_integer.o)
                0x43fc4a84                der_length_short_integer
 .text.der_decode_teletex_string
                0x43fc4b04      0x14c libs/tomcrypt/objs-EVB/libtomcrypt.a(der_decode_teletex_string.o)
                0x43fc4b04                der_decode_teletex_string
 .text.der_teletex_value_decode
                0x43fc4c50       0x48 libs/tomcrypt/objs-EVB/libtomcrypt.a(der_length_teletex_string.o)
                0x43fc4c50                der_teletex_value_decode
 .text.der_length_teletex_string
                0x43fc4c98       0xfc libs/tomcrypt/objs-EVB/libtomcrypt.a(der_length_teletex_string.o)
                0x43fc4c98                der_length_teletex_string
 .text.der_decode_utctime
                0x43fc4d94      0x570 libs/tomcrypt/objs-EVB/libtomcrypt.a(der_decode_utctime.o)
                0x43fc4d94                der_decode_utctime
 .text.der_length_utctime
                0x43fc5304       0x78 libs/tomcrypt/objs-EVB/libtomcrypt.a(der_length_utctime.o)
                0x43fc5304                der_length_utctime
 .text.der_decode_utf8_string
                0x43fc537c      0x1d4 libs/tomcrypt/objs-EVB/libtomcrypt.a(der_decode_utf8_string.o)
                0x43fc537c                der_decode_utf8_string
 .text.der_utf8_charsize
                0x43fc5550       0x30 libs/tomcrypt/objs-EVB/libtomcrypt.a(der_length_utf8_string.o)
                0x43fc5550                der_utf8_charsize
 .text.der_length_utf8_string
                0x43fc5580      0x124 libs/tomcrypt/objs-EVB/libtomcrypt.a(der_length_utf8_string.o)
                0x43fc5580                der_length_utf8_string
 .text.rng_get_bytes
                0x43fc56a4       0x28 libs/tomcrypt/objs-EVB/libtomcrypt.a(rng_get_bytes.o)
                0x43fc56a4                rng_get_bytes
 .text.gcm_gf_mult
                0x43fc56cc       0xe4 libs/tomcrypt/objs-EVB/libtomcrypt.a(gcm_gf_mult.o)
                0x43fc56cc                gcm_gf_mult
 .text.der_decode_bit_string
                0x43fc57b0      0x168 libs/tomcrypt/objs-EVB/libtomcrypt.a(der_decode_bit_string.o)
                0x43fc57b0                der_decode_bit_string
 .text.der_decode_raw_bit_string
                0x43fc5918      0x164 libs/tomcrypt/objs-EVB/libtomcrypt.a(der_decode_raw_bit_string.o)
                0x43fc5918                der_decode_raw_bit_string
 .text.der_length_bit_string
                0x43fc5a7c       0x7c libs/tomcrypt/objs-EVB/libtomcrypt.a(der_length_bit_string.o)
                0x43fc5a7c                der_length_bit_string
 .text.der_decode_boolean
                0x43fc5af8       0x94 libs/tomcrypt/objs-EVB/libtomcrypt.a(der_decode_boolean.o)
                0x43fc5af8                der_decode_boolean
 .text.der_length_boolean
                0x43fc5b8c       0x34 libs/tomcrypt/objs-EVB/libtomcrypt.a(der_length_boolean.o)
                0x43fc5b8c                der_length_boolean
 .text.der_decode_choice
                0x43fc5bc0      0x434 libs/tomcrypt/objs-EVB/libtomcrypt.a(der_decode_choice.o)
                0x43fc5bc0                der_decode_choice
 .text.der_decode_ia5_string
                0x43fc5ff4      0x14c libs/tomcrypt/objs-EVB/libtomcrypt.a(der_decode_ia5_string.o)
                0x43fc5ff4                der_decode_ia5_string
 .text.der_ia5_char_encode
                0x43fc6140       0x44 libs/tomcrypt/objs-EVB/libtomcrypt.a(der_length_ia5_string.o)
                0x43fc6140                der_ia5_char_encode
 .text.der_ia5_value_decode
                0x43fc6184       0x48 libs/tomcrypt/objs-EVB/libtomcrypt.a(der_length_ia5_string.o)
                0x43fc6184                der_ia5_value_decode
 .text.der_length_ia5_string
                0x43fc61cc       0xfc libs/tomcrypt/objs-EVB/libtomcrypt.a(der_length_ia5_string.o)
                0x43fc61cc                der_length_ia5_string
 .text.der_decode_integer
                0x43fc62c8      0x1ac libs/tomcrypt/objs-EVB/libtomcrypt.a(der_decode_integer.o)
                0x43fc62c8                der_decode_integer
 .text.der_length_integer
                0x43fc6474      0x120 libs/tomcrypt/objs-EVB/libtomcrypt.a(der_length_integer.o)
                0x43fc6474                der_length_integer
 .text.der_decode_object_identifier
                0x43fc6594      0x16c libs/tomcrypt/objs-EVB/libtomcrypt.a(der_decode_object_identifier.o)
                0x43fc6594                der_decode_object_identifier
 .text.der_object_identifier_bits
                0x43fc6700       0x24 libs/tomcrypt/objs-EVB/libtomcrypt.a(der_length_object_identifier.o)
                0x43fc6700                der_object_identifier_bits
 .text.der_length_object_identifier
                0x43fc6724      0x130 libs/tomcrypt/objs-EVB/libtomcrypt.a(der_length_object_identifier.o)
                0x43fc6724                der_length_object_identifier
 .text.der_decode_octet_string
                0x43fc6854      0x120 libs/tomcrypt/objs-EVB/libtomcrypt.a(der_decode_octet_string.o)
                0x43fc6854                der_decode_octet_string
 .text.der_length_octet_string
                0x43fc6974       0x84 libs/tomcrypt/objs-EVB/libtomcrypt.a(der_length_octet_string.o)
                0x43fc6974                der_length_octet_string
 .text.der_decode_printable_string
                0x43fc69f8      0x14c libs/tomcrypt/objs-EVB/libtomcrypt.a(der_decode_printable_string.o)
                0x43fc69f8                der_decode_printable_string
 .text.der_printable_char_encode
                0x43fc6b44       0x44 libs/tomcrypt/objs-EVB/libtomcrypt.a(der_length_printable_string.o)
                0x43fc6b44                der_printable_char_encode
 .text.der_printable_value_decode
                0x43fc6b88       0x48 libs/tomcrypt/objs-EVB/libtomcrypt.a(der_length_printable_string.o)
                0x43fc6b88                der_printable_value_decode
 .text.der_length_printable_string
                0x43fc6bd0       0xfc libs/tomcrypt/objs-EVB/libtomcrypt.a(der_length_printable_string.o)
                0x43fc6bd0                der_length_printable_string
 .text.der_encode_sequence_ex
                0x43fc6ccc      0x5f0 libs/tomcrypt/objs-EVB/libtomcrypt.a(der_encode_sequence_ex.o)
                0x43fc6ccc                der_encode_sequence_ex
 .text.qsort_helper
                0x43fc72bc       0x68 libs/tomcrypt/objs-EVB/libtomcrypt.a(der_encode_set.o)
 .text.der_encode_set
                0x43fc7324       0xec libs/tomcrypt/objs-EVB/libtomcrypt.a(der_encode_set.o)
                0x43fc7324                der_encode_set
 .text.qsort_helper
                0x43fc7410       0xc0 libs/tomcrypt/objs-EVB/libtomcrypt.a(der_encode_setof.o)
 .text.der_encode_setof
                0x43fc74d0      0x26c libs/tomcrypt/objs-EVB/libtomcrypt.a(der_encode_setof.o)
                0x43fc74d0                der_encode_setof
 .text.der_encode_short_integer
                0x43fc773c      0x154 libs/tomcrypt/objs-EVB/libtomcrypt.a(der_encode_short_integer.o)
                0x43fc773c                der_encode_short_integer
 .text.der_encode_utctime
                0x43fc7890      0x324 libs/tomcrypt/objs-EVB/libtomcrypt.a(der_encode_utctime.o)
                0x43fc7890                der_encode_utctime
 .text.der_encode_utf8_string
                0x43fc7bb4      0x2e8 libs/tomcrypt/objs-EVB/libtomcrypt.a(der_encode_utf8_string.o)
                0x43fc7bb4                der_encode_utf8_string
 .text.rng_hw   0x43fc7e9c       0x6c libs/tomcrypt/objs-EVB/libtomcrypt.a(brite_prng.o)
                0x43fc7e9c                rng_hw
 .text.der_encode_bit_string
                0x43fc7f08      0x198 libs/tomcrypt/objs-EVB/libtomcrypt.a(der_encode_bit_string.o)
                0x43fc7f08                der_encode_bit_string
 .text.der_encode_raw_bit_string
                0x43fc80a0      0x1a0 libs/tomcrypt/objs-EVB/libtomcrypt.a(der_encode_raw_bit_string.o)
                0x43fc80a0                der_encode_raw_bit_string
 .text.der_encode_boolean
                0x43fc8240       0x88 libs/tomcrypt/objs-EVB/libtomcrypt.a(der_encode_boolean.o)
                0x43fc8240                der_encode_boolean
 .text.der_encode_ia5_string
                0x43fc82c8      0x160 libs/tomcrypt/objs-EVB/libtomcrypt.a(der_encode_ia5_string.o)
                0x43fc82c8                der_encode_ia5_string
 .text.der_encode_integer
                0x43fc8428      0x33c libs/tomcrypt/objs-EVB/libtomcrypt.a(der_encode_integer.o)
                0x43fc8428                der_encode_integer
 .text.der_encode_object_identifier
                0x43fc8764      0x268 libs/tomcrypt/objs-EVB/libtomcrypt.a(der_encode_object_identifier.o)
                0x43fc8764                der_encode_object_identifier
 .text.der_encode_octet_string
                0x43fc89cc      0x160 libs/tomcrypt/objs-EVB/libtomcrypt.a(der_encode_octet_string.o)
                0x43fc89cc                der_encode_octet_string
 .text.der_encode_printable_string
                0x43fc8b2c      0x160 libs/tomcrypt/objs-EVB/libtomcrypt.a(der_encode_printable_string.o)
                0x43fc8b2c                der_encode_printable_string
 .text.console_init
                0x43fc8c8c       0x54 drivers/objs-EVB/libdriver.a(console.o)
                0x43fc8c8c                console_init
 .text.console_reinit_baud
                0x43fc8ce0       0x3c drivers/objs-EVB/libdriver.a(console.o)
                0x43fc8ce0                console_reinit_baud
 .text.console_tstc
                0x43fc8d1c       0x10 drivers/objs-EVB/libdriver.a(console.o)
                0x43fc8d1c                console_tstc
 .text.console_flush
                0x43fc8d2c       0x10 drivers/objs-EVB/libdriver.a(console.o)
                0x43fc8d2c                console_flush
 .text.console_baud
                0x43fc8d3c       0x14 drivers/objs-EVB/libdriver.a(console.o)
                0x43fc8d3c                console_baud
 .text.console_putc
                0x43fc8d50       0x44 drivers/objs-EVB/libdriver.a(console.o)
                0x43fc8d50                console_putc
 .text.console_getc
                0x43fc8d94       0x10 drivers/objs-EVB/libdriver.a(console.o)
                0x43fc8d94                console_getc
 .text.console_puts
                0x43fc8da4       0x28 drivers/objs-EVB/libdriver.a(console.o)
                0x43fc8da4                console_puts
 .text.console_gets
                0x43fc8dcc       0xe4 drivers/objs-EVB/libdriver.a(console.o)
                0x43fc8dcc                console_gets
 .text.console_printf
                0x43fc8eb0       0x6c drivers/objs-EVB/libdriver.a(console.o)
                0x43fc8eb0                console_printf
 .text.printf   0x43fc8f1c       0x6c drivers/objs-EVB/libdriver.a(console.o)
                0x43fc8f1c                printf
 .text.console_check_char
                0x43fc8f88       0x38 drivers/objs-EVB/libdriver.a(console.o)
                0x43fc8f88                console_check_char
 .text.irq_generic_empty_handler
                0x43fc8fc0       0x10 drivers/objs-EVB/libdriver.a(interrupt.o)
 .text.irq_generic_dispatch_handler
                0x43fc8fd0       0x20 drivers/objs-EVB/libdriver.a(interrupt.o)
 .text.irq_generic_install_handler
                0x43fc8ff0       0x44 drivers/objs-EVB/libdriver.a(interrupt.o)
                0x43fc8ff0                irq_generic_install_handler
 .text.irq_generic_remove_handler
                0x43fc9034       0x30 drivers/objs-EVB/libdriver.a(interrupt.o)
                0x43fc9034                irq_generic_remove_handler
 .text.irq_generic_enable_int
                0x43fc9064        0xc drivers/objs-EVB/libdriver.a(interrupt.o)
                0x43fc9064                irq_generic_enable_int
 .text.irq_generic_disable_int
                0x43fc9070        0xc drivers/objs-EVB/libdriver.a(interrupt.o)
                0x43fc9070                irq_generic_disable_int
 .text.irq_generic_config_int
                0x43fc907c        0x4 drivers/objs-EVB/libdriver.a(interrupt.o)
                0x43fc907c                irq_generic_config_int
 .text.irq_generic_init
                0x43fc9080       0x44 drivers/objs-EVB/libdriver.a(interrupt.o)
                0x43fc9080                irq_generic_init
 .text.irq_generic_handler
                0x43fc90c4        0xc drivers/objs-EVB/libdriver.a(interrupt.o)
                0x43fc90c4                irq_generic_handler
 .text.enable_interrupts
                0x43fc90d0       0x10 drivers/objs-EVB/libdriver.a(interrupt.o)
                0x43fc90d0                enable_interrupts
 .text.disable_interrupts
                0x43fc90e0       0x18 drivers/objs-EVB/libdriver.a(interrupt.o)
                0x43fc90e0                disable_interrupts
 .text.gtimer_timer_init
                0x43fc90f8       0x80 drivers/objs-EVB/libdriver.a(timer.o)
                0x43fc90f8                gtimer_timer_init
 .text.gtime_get_ticks
                0x43fc9178       0x58 drivers/objs-EVB/libdriver.a(timer.o)
                0x43fc9178                gtime_get_ticks
                0x43fc9178                get_ticks
 .text.ipc_timer_init
                0x43fc91d0       0x54 drivers/objs-EVB/libdriver.a(timer.o)
                0x43fc91d0                ipc_timer_init
 .text.get_timer
                0x43fc9224       0x2c drivers/objs-EVB/libdriver.a(timer.o)
                0x43fc9224                get_timer
 .text.udelay   0x43fc9250       0x44 drivers/objs-EVB/libdriver.a(timer.o)
                0x43fc9250                udelay
 .text.mdelay   0x43fc9294       0x24 drivers/objs-EVB/libdriver.a(timer.o)
                0x43fc9294                mdelay
 .text.sf_read_write
                0x43fc92b8      0x108 drivers/objs-EVB/libdriver.a(spi_flash.o)
 .text.read_sr  0x43fc93c0       0x60 drivers/objs-EVB/libdriver.a(spi_flash.o)
 .text.get_feature
                0x43fc9420       0x64 drivers/objs-EVB/libdriver.a(spi_flash.o)
 .text.sf_cmd_wait_ready
                0x43fc9484      0x16c drivers/objs-EVB/libdriver.a(spi_flash.o)
 .text.read_cr  0x43fc95f0       0x60 drivers/objs-EVB/libdriver.a(spi_flash.o)
 .text.set_feature
                0x43fc9650       0x6c drivers/objs-EVB/libdriver.a(spi_flash.o)
 .text.mx_quad_enable
                0x43fc96bc       0x34 drivers/objs-EVB/libdriver.a(spi_flash.o)
 .text.mx_disable_wp
                0x43fc96f0       0x30 drivers/objs-EVB/libdriver.a(spi_flash.o)
 .text.sf_set_controller
                0x43fc9720       0x38 drivers/objs-EVB/libdriver.a(spi_flash.o)
                0x43fc9720                sf_set_controller
 .text.sf_probe
                0x43fc9758      0x370 drivers/objs-EVB/libdriver.a(spi_flash.o)
                0x43fc9758                sf_probe
 .text.sf_read  0x43fc9ac8      0x25c drivers/objs-EVB/libdriver.a(spi_flash.o)
                0x43fc9ac8                sf_read
 .text.sf_write