test_qspi.c:73:12:cmd_help	0	static
test_qspi.c:672:6:qspi_int_handler	8	static
test_qspi.c:1007:12:qspi_check_bb	16	static
test_qspi.c:33:6:qspi_init_0	24	static
test_qspi.c:78:6:qspi_detect	40	static
test_qspi.c:135:12:qspi_init	296	static
test_qspi.c:1118:12:qspi_ecc_test	96	static
test_qspi.c:1075:12:qspi_read_bbt	40	static
test_qspi.c:1044:12:qspi_write_bbt	16	static
test_qspi.c:973:12:qspi_mark_bb	16	static
test_qspi.c:930:12:qspi_scan_bbt	40	static
test_qspi.c:336:12:qspi_erase_all	24	static
test_qspi.c:687:12:qspi_int	16	static
test_qspi.c:736:12:qspi_mode	72	static
test_qspi.c:561:12:qspi_read	48	static
test_qspi.c:377:12:qspi_write	64	static
test_qspi.c:256:12:qspi_erase	40	static
test_qspi.c:232:12:qspi_probe	16	static
test_qspi.c:1454:6:qspi_reset_test	16	static
test_qspi.c:1486:6:qspi_cg_test	16	static
