test_uart.c:1552:12:four_uarts_tx	408	static
test_uart.c:1500:12:console_switch	16	static
test_uart.c:1474:12:uart_cleanup	16	static
test_uart.c:1382:12:uart_reset	24	static
test_uart.c:161:13:uart_generate_random_data	24	static
test_uart.c:821:12:uart_line	24	static
test_uart.c:847:12:uart_line_master	32	static
test_uart.c:687:12:uart_modem	32	static
test_uart.c:411:12:uart_modem_loopback	32	static
test_uart.c:206:12:cmd_help	0	static
test_uart.c:516:6:uart_transfer_int_handler	8	static
test_uart.c:879:6:uart_int_handler	16	static
test_uart.c:1029:6:uart_dma_block_int_handler	32	static
test_uart.c:1109:6:uart_dma_block_echo_int_handler	32	static
test_uart.c:1528:12:uart_reg_dump	32	static
test_uart.c:1445:12:uart_recv	16	static
test_uart.c:42:12:uart_init	48	static
test_uart.c:137:12:uart_cfg	32	static
test_uart.c:347:12:uart_external_loopback	56	static
test_uart.c:278:12:uart_loopback	64	static
test_uart.c:182:12:uart_compare_result	24	static
test_uart.c:1201:12:uart_dma_block	56	static
test_uart.c:649:12:uart_echo	16	static
test_uart.c:912:12:uart_int	48	static
test_uart.c:755:12:uart_modem_master	24	static
test_uart.c:621:6:uart_echo_int_handler	80	static
test_uart.c:792:6:uart_line_int_handler	16	static
test_uart.c:587:12:uart_flowctrl	32	static
test_uart.c:536:12:uart_transfer	56	static
test_uart.c:1423:12:uart_send	16	static
test_uart.c:1643:5:uart_test_prepare	24	static
test_uart.c:1737:6:uart_reset_test	24	static
test_uart.c:1780:6:uart_cg_test	24	static
