test_aes.c:38:12:cmd_help	0	static
test_aes.c:42:13:aes_print_buffer.part.0	32	static
test_aes.c:42:13:aes_print_buffer	16	static
test_aes.c:63:6:aes_test_init	8	static
test_aes.c:4492:12:aes_cmac_multi	168	static
test_aes.c:4142:12:aes_gcm_multi	272	static
test_aes.c:3782:12:aes_ccm_multi	280	static
test_aes.c:3513:12:aes_ctr_multi	928	static
test_aes.c:3247:12:aes_cbc_multi	840	static
test_aes.c:2999:12:aes_ecb_multi	632	static
test_aes.c:2342:12:aes_ccm_star	1232	static
test_aes.c:2169:12:aes_cmac	152	static
test_aes.c:1927:12:aes_gcm_fixdata	288	static
test_aes.c:1614:12:aes_gcm	240	static
test_aes.c:1402:12:aes_ccm_fixdata	240	static
test_aes.c:1082:12:aes_ccm	240	static
test_aes.c:825:12:aes_ctr	920	static
test_aes.c:550:12:aes_cbc	816	static
test_aes.c:310:12:aes_ecb	616	static
test_aes.c:78:12:KEK_KEY_Generate	608	static
test_aes.c:4724:6:aes_reset_test	16	static
test_aes.c:4755:6:aes_cg_test	16	static
