test_timer.c:152:12:timer_reload	24	static
test_timer.c:99:12:cmd_help	0	static
test_timer.c:643:6:timer_int_handler	16	static
test_timer.c:665:6:timer_int_cmp_handler	16	static
test_timer.c:1283:12:timer_reg_dump	16	static
test_timer.c:1055:12:timer_pwm	32	static
test_timer.c:970:12:timer_compare	24	static
test_timer.c:867:12:timer_capture_gpio	40	static
test_timer.c:766:12:timer_capture	32	static
test_timer.c:684:12:timer_int	32	static
test_timer.c:514:12:timer_div	32	static
test_timer.c:41:12:timer_check_counter	32	static
test_timer.c:448:12:timer_reset	32	static
test_timer.c:232:12:timer_count_mode	56	static
test_timer.c:105:12:timer_start_stop	16	static
test_timer.c:314:12:timer_overflow	56	static
test_timer.c:29:13:timer_restore_system.part.8	8	static
test_timer.c:1150:5:timer_rtc_capture	56	static
test_timer.c:1264:5:timer_test_cleanup	8	static
test_timer.c:1331:5:timer_test_prepare	8	static
test_timer.c:1338:6:timer_reset_test	24	static
test_timer.c:1386:6:timer_cg_test	24	static
