mini-gmp.c:244:1:gmp_die	16	static
mini-gmp.c:251:1:gmp_default_alloc	24	static
mini-gmp.c:265:1:gmp_default_realloc	32	static
mini-gmp.c:278:1:gmp_default_free	16	static
mini-gmp.c:288:1:mp_get_memory_functions	24	static
mini-gmp.c:303:1:mp_set_memory_functions	24	static
mini-gmp.c:323:1:gmp_xalloc_limbs	16	static
mini-gmp.c:329:1:gmp_xrealloc_limbs	16	static
mini-gmp.c:339:1:mpn_copyi	32	static
mini-gmp.c:347:1:mpn_copyd	24	static
mini-gmp.c:354:1:mpn_cmp	24	static
mini-gmp.c:365:1:mpn_cmp4	24	static
mini-gmp.c:374:1:mpn_normalized_size	16	static
mini-gmp.c:382:1:mpn_zero_p	16	static
mini-gmp.c:388:1:mpn_zero	16	static
mini-gmp.c:395:1:mpn_add_1	32	static
mini-gmp.c:414:1:mpn_add_n	48	static
mini-gmp.c:433:1:mpn_add	32	static
mini-gmp.c:446:1:mpn_sub_1	40	static
mini-gmp.c:467:1:mpn_sub_n	40	static
mini-gmp.c:485:1:mpn_sub	32	static
mini-gmp.c:498:1:mpn_mul_1	80	static
mini-gmp.c:521:1:mpn_addmul_1	88	static
mini-gmp.c:547:1:mpn_submul_1	88	static
mini-gmp.c:573:1:mpn_mul	32	static
mini-gmp.c:596:1:mpn_mul_n	32	static
mini-gmp.c:602:1:mpn_sqr	32	static
mini-gmp.c:608:1:mpn_lshift	40	static
mini-gmp.c:638:1:mpn_rshift	40	static
mini-gmp.c:665:1:mpn_common_scan	48	static
mini-gmp.c:685:1:mpn_scan1	32	static
mini-gmp.c:695:1:mpn_scan0	32	static
mini-gmp.c:707:1:mpn_invert_3by2	96	static
mini-gmp.c:796:1:mpn_div_qr_1_invert	32	static
mini-gmp.c:808:1:mpn_div_qr_2_invert	40	static
mini-gmp.c:827:1:mpn_div_qr_invert	48	static
mini-gmp.c:860:1:mpn_div_qr_1_preinv	104	static
mini-gmp.c:893:1:mpn_div_qr_1	64	static
mini-gmp.c:923:1:mpn_div_qr_2_preinv	184	static
mini-gmp.c:987:1:mpn_div_qr_pi1	168	static
mini-gmp.c:1050:1:mpn_div_qr_preinv	56	static
mini-gmp.c:1084:1:mpn_div_qr	56	static
mini-gmp.c:1107:1:mpn_base_power_of_two_p	16	static
mini-gmp.c:1132:1:mpn_get_base_info	32	static
mini-gmp.c:1147:1:mpn_limb_size_in_base_2	32	static
mini-gmp.c:1157:1:mpn_get_str_bits	56	static
mini-gmp.c:1188:1:mpn_limb_get_str	104	static
mini-gmp.c:1209:1:mpn_get_str_other	80	static
mini-gmp.c:1253:1:mpn_get_str	48	static
mini-gmp.c:1273:1:mpn_set_str_bits	40	static
mini-gmp.c:1304:1:mpn_set_str_other	48	static
mini-gmp.c:1340:1:mpn_set_str	48	static
mini-gmp.c:1362:1:mpz_init	16	static
mini-gmp.c:1372:1:mpz_init2	24	static
mini-gmp.c:1385:1:mpz_clear	16	static
mini-gmp.c:1393:1:mpz_realloc	16	static
mini-gmp.c:1413:1:mpz_set_si	16	static
mini-gmp.c:1425:1:mpz_set_ui	16	static
mini-gmp.c:1437:1:mpz_set	24	static
mini-gmp.c:1454:1:mpz_init_set_si	16	static
mini-gmp.c:1461:1:mpz_init_set_ui	16	static
mini-gmp.c:1468:1:mpz_init_set	16	static
mini-gmp.c:1475:1:mpz_fits_slong_p	24	static
mini-gmp.c:1488:1:mpz_fits_ulong_p	24	static
mini-gmp.c:1496:1:mpz_get_si	24	static
mini-gmp.c:1509:1:mpz_get_ui	16	static
mini-gmp.c:1515:1:mpz_size	16	static
mini-gmp.c:1521:1:mpz_getlimbn	16	static
mini-gmp.c:1530:1:mpz_realloc2	16	static
mini-gmp.c:1536:1:mpz_limbs_read	16	static
mini-gmp.c:1542:1:mpz_limbs_modify	16	static
mini-gmp.c:1549:1:mpz_limbs_write	16	static
mini-gmp.c:1555:1:mpz_limbs_finish	24	static
mini-gmp.c:1563:1:mpz_roinit_n	24	static
mini-gmp.c:1574:1:mpz_set_d	72	static
mini-gmp.c:1625:1:mpz_init_set_d	24	static
mini-gmp.c:1632:1:mpz_get_d	48	static
mini-gmp.c:1654:1:mpz_cmpabs_d	64	static
mini-gmp.c:1695:1:mpz_cmp_d	24	static
mini-gmp.c:1716:1:mpz_sgn	24	static
mini-gmp.c:1724:1:mpz_cmp_si	24	static
mini-gmp.c:1745:1:mpz_cmp_ui	24	static
mini-gmp.c:1761:1:mpz_cmp	24	static
mini-gmp.c:1775:1:mpz_cmpabs_ui	24	static
mini-gmp.c:1789:1:mpz_cmpabs	16	static
mini-gmp.c:1796:1:mpz_abs	16	static
mini-gmp.c:1803:1:mpz_neg	16	static
mini-gmp.c:1810:1:mpz_swap	32	static
mini-gmp.c:1822:1:mpz_abs_add_ui	40	static
mini-gmp.c:1847:1:mpz_abs_sub_ui	40	static
mini-gmp.c:1870:1:mpz_add_ui	24	static
mini-gmp.c:1879:1:mpz_sub_ui	24	static
mini-gmp.c:1888:1:mpz_ui_sub	24	static
mini-gmp.c:1897:1:mpz_abs_add	56	static
mini-gmp.c:1919:1:mpz_abs_sub	56	static
mini-gmp.c:1944:1:mpz_add	32	static
mini-gmp.c:1957:1:mpz_sub	32	static
mini-gmp.c:1972:1:mpz_mul_si	24	static
mini-gmp.c:1984:1:mpz_mul_ui	40	static
mini-gmp.c:2009:1:mpz_mul	64	static
mini-gmp.c:2047:1:mpz_mul_2exp	48	static
mini-gmp.c:2081:1:mpz_addmul_ui	40	static
mini-gmp.c:2091:1:mpz_submul_ui	40	static
mini-gmp.c:2101:1:mpz_addmul	40	static
mini-gmp.c:2111:1:mpz_submul	40	static
mini-gmp.c:2126:1:mpz_div_qr	96	static
mini-gmp.c:2238:1:mpz_cdiv_qr	32	static
mini-gmp.c:2244:1:mpz_fdiv_qr	32	static
mini-gmp.c:2250:1:mpz_tdiv_qr	32	static
mini-gmp.c:2256:1:mpz_cdiv_q	32	static
mini-gmp.c:2262:1:mpz_fdiv_q	32	static
mini-gmp.c:2268:1:mpz_tdiv_q	32	static
mini-gmp.c:2274:1:mpz_cdiv_r	32	static
mini-gmp.c:2280:1:mpz_fdiv_r	32	static
mini-gmp.c:2286:1:mpz_tdiv_r	32	static
mini-gmp.c:2292:1:mpz_mod	32	static
mini-gmp.c:2298:1:mpz_div_q_2exp	48	static
mini-gmp.c:2353:1:mpz_div_r_2exp	64	static
mini-gmp.c:2440:1:mpz_cdiv_q_2exp	24	static
mini-gmp.c:2446:1:mpz_fdiv_q_2exp	24	static
mini-gmp.c:2452:1:mpz_tdiv_q_2exp	24	static
mini-gmp.c:2458:1:mpz_cdiv_r_2exp	24	static
mini-gmp.c:2464:1:mpz_fdiv_r_2exp	24	static
mini-gmp.c:2470:1:mpz_tdiv_r_2exp	24	static
mini-gmp.c:2476:1:mpz_divexact	40	static
mini-gmp.c:2482:1:mpz_divisible_p	24	static
mini-gmp.c:2488:1:mpz_congruent_p	40	static
mini-gmp.c:2506:1:mpz_div_qr_ui	48	static
mini-gmp.c:2562:1:mpz_cdiv_qr_ui	32	static
mini-gmp.c:2568:1:mpz_fdiv_qr_ui	32	static
mini-gmp.c:2574:1:mpz_tdiv_qr_ui	32	static
mini-gmp.c:2580:1:mpz_cdiv_q_ui	32	static
mini-gmp.c:2586:1:mpz_fdiv_q_ui	32	static
mini-gmp.c:2592:1:mpz_tdiv_q_ui	32	static
mini-gmp.c:2598:1:mpz_cdiv_r_ui	32	static
mini-gmp.c:2603:1:mpz_fdiv_r_ui	32	static
mini-gmp.c:2608:1:mpz_tdiv_r_ui	32	static
mini-gmp.c:2614:1:mpz_cdiv_ui	24	static
mini-gmp.c:2620:1:mpz_fdiv_ui	24	static
mini-gmp.c:2626:1:mpz_tdiv_ui	24	static
mini-gmp.c:2632:1:mpz_mod_ui	32	static
mini-gmp.c:2638:1:mpz_divexact_ui	40	static
mini-gmp.c:2644:1:mpz_divisible_ui_p	24	static
mini-gmp.c:2652:1:mpn_gcd_11	40	static
mini-gmp.c:2695:1:mpz_gcd_ui	32	static
mini-gmp.c:2718:1:mpz_make_odd	32	static
mini-gmp.c:2731:1:mpz_gcd	72	static
mini-gmp.c:2794:1:mpz_gcdext	144	static
mini-gmp.c:2976:1:mpz_lcm	40	static
mini-gmp.c:2997:1:mpz_lcm_ui	24	static
mini-gmp.c:3012:1:mpz_invert	64	static
mini-gmp.c:3047:1:mpz_pow_ui	40	static
mini-gmp.c:3068:1:mpz_ui_pow_ui	40	static
mini-gmp.c:3075:1:mpz_powm	120	static
mini-gmp.c:3180:1:mpz_powm_ui	40	static
mini-gmp.c:3188:1:mpz_rootrem	72	static
mini-gmp.c:3252:1:mpz_root	40	static
mini-gmp.c:3267:1:mpz_sqrtrem	24	static
mini-gmp.c:3273:1:mpz_sqrt	16	static
mini-gmp.c:3279:1:mpz_perfect_square_p	16	static
mini-gmp.c:3288:1:mpn_perfect_square_p	32	static
mini-gmp.c:3298:1:mpn_sqrtrem	64	static
mini-gmp.c:3323:1:mpz_fac_ui	16	static
mini-gmp.c:3331:1:mpz_bin_uiui	40	static
mini-gmp.c:3353:1:gmp_millerrabin	24	static
mini-gmp.c:3386:1:mpz_probab_prime_p	72	static
mini-gmp.c:3472:1:mpz_tstbit	40	static
mini-gmp.c:3505:1:mpz_abs_add_bit	40	static
mini-gmp.c:3546:1:mpz_abs_sub_bit	40	static
mini-gmp.c:3567:1:mpz_setbit	16	static
mini-gmp.c:3579:1:mpz_clrbit	16	static
mini-gmp.c:3591:1:mpz_combit	16	static
mini-gmp.c:3600:1:mpz_com	16	static
mini-gmp.c:3607:1:mpz_and	96	static
mini-gmp.c:3679:1:mpz_ior	96	static
mini-gmp.c:3752:1:mpz_xor	96	static
mini-gmp.c:3821:1:gmp_popcount_limb	24	static
mini-gmp.c:3838:1:mpn_popcount	24	static
mini-gmp.c:3850:1:mpz_popcount	24	static
mini-gmp.c:3863:1:mpz_hamdist	72	static
mini-gmp.c:3914:1:mpz_scan1	48	static
mini-gmp.c:3950:1:mpz_scan0	48	static
mini-gmp.c:3982:1:mpz_sizeinbase	64	static
mini-gmp.c:4035:1:mpz_get_str	64	static
mini-gmp.c:4100:1:mpz_set_str	72	static
mini-gmp.c:4192:1:mpz_init_set_str	24	static
mini-gmp.c:4199:1:mpz_out_str	32	static
mini-gmp.c:4213:1:gmp_detect_endian	16	static
mini-gmp.c:4222:1:mpz_import	56	static
mini-gmp.c:4290:1:mpz_export	64	static
