Archive member included to satisfy reference by file (symbol)

libs/tomcrypt/objs-EVB-V2/libtomcrypt.a(aes.o)
                              objs-EVB-V2/test_aes.o (aes_desc)
libs/tomcrypt/objs-EVB-V2/libtomcrypt.a(ccm_memory.o)
                              objs-EVB-V2/test_aes.o (ccm_memory)
libs/tomcrypt/objs-EVB-V2/libtomcrypt.a(gcm_memory.o)
                              objs-EVB-V2/test_aes.o (gcm_memory)
libs/tomcrypt/objs-EVB-V2/libtomcrypt.a(gcm_process.o)
                              libs/tomcrypt/objs-EVB-V2/libtomcrypt.a(gcm_memory.o) (gcm_process)
libs/tomcrypt/objs-EVB-V2/libtomcrypt.a(sha1.o)
                              objs-EVB-V2/test_ecc.o (sha1_desc)
libs/tomcrypt/objs-EVB-V2/libtomcrypt.a(sha224.o)
                              objs-EVB-V2/test_ecc.o (sha224_desc)
libs/tomcrypt/objs-EVB-V2/libtomcrypt.a(sha256.o)
                              objs-EVB-V2/test_sha.o (sha256_done)
libs/tomcrypt/objs-EVB-V2/libtomcrypt.a(sha384.o)
                              objs-EVB-V2/test_sha.o (sha384_init)
libs/tomcrypt/objs-EVB-V2/libtomcrypt.a(sha512.o)
                              libs/tomcrypt/objs-EVB-V2/libtomcrypt.a(sha384.o) (sha512_done)
libs/tomcrypt/objs-EVB-V2/libtomcrypt.a(omac_memory.o)
                              objs-EVB-V2/test_aes.o (omac_memory)
libs/tomcrypt/objs-EVB-V2/libtomcrypt.a(omac_init.o)
                              libs/tomcrypt/objs-EVB-V2/libtomcrypt.a(omac_memory.o) (omac_init)
libs/tomcrypt/objs-EVB-V2/libtomcrypt.a(omac_done.o)
                              libs/tomcrypt/objs-EVB-V2/libtomcrypt.a(omac_memory.o) (omac_done)
libs/tomcrypt/objs-EVB-V2/libtomcrypt.a(gmp_desc.o)
                              objs-EVB-V2/test_ecc.o (gmp_desc)
libs/tomcrypt/objs-EVB-V2/libtomcrypt.a(multi.o)
                              objs-EVB-V2/test_ecc.o (ltc_init_multi)
libs/tomcrypt/objs-EVB-V2/libtomcrypt.a(pka_desc.o)
                              objs-EVB-V2/test_ecc.o (pka_set_alg_width)
libs/tomcrypt/objs-EVB-V2/libtomcrypt.a(mini-gmp.o)
                              libs/tomcrypt/objs-EVB-V2/libtomcrypt.a(gmp_desc.o) (mpz_init)
libs/tomcrypt/objs-EVB-V2/libtomcrypt.a(crypt.o)
                              objs-EVB-V2/test_ecc.o (crypt_build_settings)
libs/tomcrypt/objs-EVB-V2/libtomcrypt.a(crypt_argchk.o)
                              objs-EVB-V2/test_ecc.o (crypt_argchk)
libs/tomcrypt/objs-EVB-V2/libtomcrypt.a(crypt_cipher_descriptor.o)
                              libs/tomcrypt/objs-EVB-V2/libtomcrypt.a(ccm_memory.o) (cipher_descriptor)
libs/tomcrypt/objs-EVB-V2/libtomcrypt.a(crypt_cipher_is_valid.o)
                              libs/tomcrypt/objs-EVB-V2/libtomcrypt.a(ccm_memory.o) (cipher_is_valid)
libs/tomcrypt/objs-EVB-V2/libtomcrypt.a(crypt_find_hash.o)
                              objs-EVB-V2/test_ecc.o (find_hash)
libs/tomcrypt/objs-EVB-V2/libtomcrypt.a(crypt_find_prng.o)
                              objs-EVB-V2/test_ecc.o (find_prng)
libs/tomcrypt/objs-EVB-V2/libtomcrypt.a(crypt_hash_descriptor.o)
                              libs/tomcrypt/objs-EVB-V2/libtomcrypt.a(crypt_find_hash.o) (hash_descriptor)
libs/tomcrypt/objs-EVB-V2/libtomcrypt.a(crypt_ltc_mp_descriptor.o)
                              objs-EVB-V2/test_ecc.o (ltc_mp)
libs/tomcrypt/objs-EVB-V2/libtomcrypt.a(crypt_prng_descriptor.o)
                              libs/tomcrypt/objs-EVB-V2/libtomcrypt.a(crypt_find_prng.o) (prng_descriptor)
libs/tomcrypt/objs-EVB-V2/libtomcrypt.a(crypt_register_cipher.o)
                              objs-EVB-V2/test_aes.o (register_cipher)
libs/tomcrypt/objs-EVB-V2/libtomcrypt.a(crypt_register_hash.o)
                              objs-EVB-V2/test_ecc.o (register_hash)
libs/tomcrypt/objs-EVB-V2/libtomcrypt.a(crypt_register_prng.o)
                              objs-EVB-V2/test_ecc.o (register_prng)
libs/tomcrypt/objs-EVB-V2/libtomcrypt.a(crypt_find_cipher.o)
                              objs-EVB-V2/test_aes.o (find_cipher)
libs/tomcrypt/objs-EVB-V2/libtomcrypt.a(error_to_string.o)
                              objs-EVB-V2/test_aes.o (error_to_string)
libs/tomcrypt/objs-EVB-V2/libtomcrypt.a(zeromem.o)
                              objs-EVB-V2/test_ecc.o (zeromem)
libs/tomcrypt/objs-EVB-V2/libtomcrypt.a(mem_neq.o)
                              libs/tomcrypt/objs-EVB-V2/libtomcrypt.a(ccm_memory.o) (mem_neq)
libs/tomcrypt/objs-EVB-V2/libtomcrypt.a(ecb_decrypt.o)
                              objs-EVB-V2/test_aes.o (ecb_decrypt)
libs/tomcrypt/objs-EVB-V2/libtomcrypt.a(ecb_encrypt.o)
                              objs-EVB-V2/test_aes.o (ecb_encrypt)
libs/tomcrypt/objs-EVB-V2/libtomcrypt.a(ecb_start.o)
                              objs-EVB-V2/test_aes.o (ecb_start)
libs/tomcrypt/objs-EVB-V2/libtomcrypt.a(ecb_done.o)
                              objs-EVB-V2/test_aes.o (ecb_done)
libs/tomcrypt/objs-EVB-V2/libtomcrypt.a(cbc_decrypt.o)
                              objs-EVB-V2/test_aes.o (cbc_decrypt)
libs/tomcrypt/objs-EVB-V2/libtomcrypt.a(cbc_encrypt.o)
[...]
Memory Configuration

Name             Origin             Length             Attributes
DDR              0x43f80000         0x04080000         xrw
*default*        0x00000000         0xffffffff

Linker script and memory map

                0x43f80000                ddr_start = 0x43f80000
                0x48000000                ddr_end = 0x48000000
                0x04080000                ddr_size = (ddr_end - ddr_start)

.text           0x43f80000    0xa3030
                0x43f80000                _text = .
 *(.vectors)
 .vectors       0x43f80000      0x288 objs-EVB-V2/start.o
                0x43f80000                _start
                0x43f80020                _undefined_instruction
                0x43f80024                _software_interrupt
                0x43f80028                _prefetch_abort
                0x43f8002c                _data_abort
                0x43f80030                _not_used
                0x43f80034                _irq
                0x43f80038                _fiq
                0x43f800a0                reset
                0x43f801d0                memcpy32_asm
                0x43f801f8                memset32_asm
                0x43f8021c                copy_data
                0x43f80238                clear_bss
 *(.text*)
 .text.cache_enable
                0x43f80288       0x60 objs-EVB-V2/main.o
                0x43f80288                cache_enable
 .text.one_device_test
                0x43f802e8       0xfc objs-EVB-V2/main.o
                0x43f802e8                one_device_test
 .text.startup.main
                0x43f803e4      0x404 objs-EVB-V2/main.o
                0x43f803e4                main
 .text.print_hex_dump
                0x43f807e8      0x104 objs-EVB-V2/test_utils.o
                0x43f807e8                print_hex_dump
 .text.dump_memory32
                0x43f808ec       0x98 objs-EVB-V2/test_utils.o
                0x43f808ec                dump_memory32
 .text.otp_test_init
                0x43f80984       0x40 objs-EVB-V2/test_otp.o
 .text.otp_low_power_test
                0x43f809c4      0x1e8 objs-EVB-V2/test_otp.o
 .text.otp_key_dis_chk
                0x43f80bac      0x290 objs-EVB-V2/test_otp.o
 .text.otp_get_onebyte
                0x43f80e3c      0x120 objs-EVB-V2/test_otp.o
 .text.otp_test
                0x43f80f5c      0x458 objs-EVB-V2/test_otp.o
 .text.otp_set_onebyte
                0x43f813b4      0x254 objs-EVB-V2/test_otp.o
 .text.otp_get_onebit
                0x43f81608      0x138 objs-EVB-V2/test_otp.o
 .text.otp_set_onebit
                0x43f81740      0x244 objs-EVB-V2/test_otp.o
 .text.otp_secure_show
                0x43f81984      0x438 objs-EVB-V2/test_otp.o
 .text.otp_non_secure_show_robust
                0x43f81dbc      0x33c objs-EVB-V2/test_otp.o
 .text.cmd_help
                0x43f820f8        0xc objs-EVB-V2/test_otp.o
 .text.otp_int_handler
                0x43f82104       0x50 objs-EVB-V2/test_otp.o
                0x43f82104                otp_int_handler
 .text.otp_int  0x43f82154      0x154 objs-EVB-V2/test_otp.o
 .text.otp_key_disable
                0x43f822a8       0x54 objs-EVB-V2/test_otp.o
 .text.otp_config_show
                0x43f822fc      0x3a4 objs-EVB-V2/test_otp.o
 .text.otp_non_secure_show
                0x43f826a0      0x178 objs-EVB-V2/test_otp.o
 .text.otp_reset_test
                0x43f82818       0x20 objs-EVB-V2/test_otp.o
                0x43f82818                otp_reset_test
 .text.otp_cg_test
                0x43f82838      0x118 objs-EVB-V2/test_otp.o
                0x43f82838                otp_cg_test
 .text.FindOneInNumber
                0x43f82950       0x78 objs-EVB-V2/test_adc.o
 .text.adc_int  0x43f829c8      0x1b4 objs-EVB-V2/test_adc.o
 .text.adc_single_mode_test
                0x43f82b7c      0x1e0 objs-EVB-V2/test_adc.o
 .text.cmd_help
                0x43f82d5c        0xc objs-EVB-V2/test_adc.o
 .text.adc_int_handler
                0x43f82d68       0x44 objs-EVB-V2/test_adc.o
                0x43f82d68                adc_int_handler
 .text.adc_continue_mode_test
                0x43f82dac      0x1e8 objs-EVB-V2/test_adc.o
 .text.adc_reset_test
                0x43f82f94       0xfc objs-EVB-V2/test_adc.o
                0x43f82f94                adc_reset_test
 .text.adc_cg_test
                0x43f83090      0x14c objs-EVB-V2/test_adc.o
                0x43f83090                adc_cg_test
 .text.cmd_help
                0x43f831dc        0xc objs-EVB-V2/test_aes.o
 .text.aes_print_buffer.part.0
                0x43f831e8       0x78 objs-EVB-V2/test_aes.o
 .text.aes_print_buffer
                0x43f83260       0x34 objs-EVB-V2/test_aes.o
 .text.aes_test_init
                0x43f83294       0x50 objs-EVB-V2/test_aes.o
                0x43f83294                aes_test_init
 .text.aes_cmac_multi
                0x43f832e4      0x780 objs-EVB-V2/test_aes.o
 .text.aes_gcm_multi
                0x43f83a64      0xf4c objs-EVB-V2/test_aes.o
 .text.aes_ccm_multi
                0x43f849b0     0x1074 objs-EVB-V2/test_aes.o
 .text.aes_cbc_multi
                0x43f85a24      0xb68 objs-EVB-V2/test_aes.o
 .text.aes_ecb_multi
                0x43f8658c      0xa54 objs-EVB-V2/test_aes.o
 .text.aes_ccm_star
                0x43f86fe0     0x14ac objs-EVB-V2/test_aes.o
 .text.aes_cmac
                0x43f8848c      0x67c objs-EVB-V2/test_aes.o
 .text.aes_gcm_fixdata
                0x43f88b08      0x73c objs-EVB-V2/test_aes.o
 .text.aes_gcm  0x43f89244      0xd44 objs-EVB-V2/test_aes.o
 .text.aes_ccm_fixdata
                0x43f89f88      0x70c objs-EVB-V2/test_aes.o
 .text.aes_ccm  0x43f8a694      0xde8 objs-EVB-V2/test_aes.o
 .text.aes_cbc  0x43f8b47c      0xafc objs-EVB-V2/test_aes.o
 .text.aes_ecb  0x43f8bf78      0x980 objs-EVB-V2/test_aes.o
 .text.KEK_KEY_Generate
                0x43f8c8f8      0x8a0 objs-EVB-V2/test_aes.o
 .text.aes_reset_test
                0x43f8d198       0x98 objs-EVB-V2/test_aes.o
                0x43f8d198                aes_reset_test
 .text.aes_cg_test
                0x43f8d230       0xe0 objs-EVB-V2/test_aes.o
                0x43f8d230                aes_cg_test
 .text.cmd_help
                0x43f8d310        0xc objs-EVB-V2/test_sha.o
 .text.sha_robust
                0x43f8d31c      0x218 objs-EVB-V2/test_sha.o
 .text.test_sha384_with_key2
                0x43f8d534      0x474 objs-EVB-V2/test_sha.o
 .text.sha_int  0x43f8d9a8       0xdc objs-EVB-V2/test_sha.o
 .text.test_sha256
                0x43f8da84      0x1d8 objs-EVB-V2/test_sha.o
 .text.test_sha384
                0x43f8dc5c      0x1d8 objs-EVB-V2/test_sha.o
 .text.sha_int_handler
                0x43f8de34       0x3c objs-EVB-V2/test_sha.o
                0x43f8de34                sha_int_handler
 .text.sha_reset_test
                0x43f8de70       0x98 objs-EVB-V2/test_sha.o
                0x43f8de70                sha_reset_test
 .text.sha_cg_test
                0x43f8df08       0xe0 objs-EVB-V2/test_sha.o
                0x43f8df08                sha_cg_test
 .text.rf_boot_test
                0x43f8dfe8      0x270 objs-EVB-V2/test_ipc.o
 .text.plc_boot_test
                0x43f8e258      0x27c objs-EVB-V2/test_ipc.o
 .text.ipc_free_time
                0x43f8e4d4      0x21c objs-EVB-V2/test_ipc.o
 .text.ipc_int  0x43f8e6f0      0x174 objs-EVB-V2/test_ipc.o
 .text.ipc_get_msg
                0x43f8e864      0x228 objs-EVB-V2/test_ipc.o
 .text.ipc_set_msg
                0x43f8ea8c      0x360 objs-EVB-V2/test_ipc.o
 .text.cmd_help
                0x43f8edec        0xc objs-EVB-V2/test_ipc.o
 .text.a7_ipc_int_rf
                0x43f8edf8       0xb0 objs-EVB-V2/test_ipc.o
                0x43f8edf8                a7_ipc_int_rf
 .text.a7_ipc_int_plc
                0x43f8eea8       0xb0 objs-EVB-V2/test_ipc.o
                0x43f8eea8                a7_ipc_int_plc
 .text.plcrf_spboot_test
                0x43f8ef58      0x4e0 objs-EVB-V2/test_ipc.o
 .text.rf_spboot_test
                0x43f8f438      0x2d0 objs-EVB-V2/test_ipc.o
 .text.plc_spboot_test
                0x43f8f708      0x2cc objs-EVB-V2/test_ipc.o
 .text.plcrf_boot_test
                0x43f8f9d4      0x424 objs-EVB-V2/test_ipc.o
 .text.ipc_test_prepare
                0x43f8fdf8       0xa0 objs-EVB-V2/test_ipc.o
                0x43f8fdf8                ipc_test_prepare
 .text.ipc_reset_test
                0x43f8fe98       0xe0 objs-EVB-V2/test_ipc.o
                0x43f8fe98                ipc_reset_test
 .text.ipc_cg_test
                0x43f8ff78      0x130 objs-EVB-V2/test_ipc.o
                0x43f8ff78                ipc_cg_test
 .text.timer_reload
                0x43f900a8      0x188 objs-EVB-V2/test_timer.o
 .text.cmd_help
                0x43f90230        0xc objs-EVB-V2/test_timer.o
 .text.timer_int_handler
                0x43f9023c       0x68 objs-EVB-V2/test_timer.o
                0x43f9023c                timer_int_handler
 .text.timer_int_cmp_handler
                0x43f902a4       0x88 objs-EVB-V2/test_timer.o
                0x43f902a4                timer_int_cmp_handler
 .text.timer_reg_dump
                0x43f9032c       0x78 objs-EVB-V2/test_timer.o
 .text.timer_pwm
                0x43f903a4      0x29c objs-EVB-V2/test_timer.o
 .text.timer_compare
                0x43f90640      0x240 objs-EVB-V2/test_timer.o
 .text.timer_capture_gpio
                0x43f90880      0x2dc objs-EVB-V2/test_timer.o
 .text.timer_capture
                0x43f90b5c      0x2c4 objs-EVB-V2/test_timer.o
 .text.timer_int
                0x43f90e20      0x220 objs-EVB-V2/test_timer.o
 .text.timer_div
                0x43f91040      0x258 objs-EVB-V2/test_timer.o
 .text.timer_check_counter
                0x43f91298       0xc4 objs-EVB-V2/test_timer.o
 .text.timer_reset
                0x43f9135c      0x168 objs-EVB-V2/test_timer.o
 .text.timer_count_mode
                0x43f914c4      0x214 objs-EVB-V2/test_timer.o
 .text.timer_start_stop
                0x43f916d8      0x104 objs-EVB-V2/test_timer.o
 .text.timer_overflow
                0x43f917dc      0x3e0 objs-EVB-V2/test_timer.o
 .text.timer_restore_system.part.8
                0x43f91bbc       0x34 objs-EVB-V2/test_timer.o
 .text.timer_rtc_capture
                0x43f91bf0      0x27c objs-EVB-V2/test_timer.o
                0x43f91bf0                timer_rtc_capture
 .text.timer_test_cleanup
                0x43f91e6c       0x58 objs-EVB-V2/test_timer.o
                0x43f91e6c                timer_test_cleanup
 .text.timer_test_prepare
                0x43f91ec4       0x14 objs-EVB-V2/test_timer.o
                0x43f91ec4                timer_test_prepare
 .text.timer_reset_test
                0x43f91ed8      0x114 objs-EVB-V2/test_timer.o
                0x43f91ed8                timer_reset_test
 .text.timer_cg_test
                0x43f91fec      0x168 objs-EVB-V2/test_timer.o
                0x43f91fec                timer_cg_test
 .text.wdt_reg_dump
                0x43f92154       0x28 objs-EVB-V2/test_wdt.o
 .text.wdt_int  0x43f9217c      0x11c objs-EVB-V2/test_wdt.o
 .text.wdt_fly  0x43f92298      0x130 objs-EVB-V2/test_wdt.o
 .text.wdt_div  0x43f923c8      0x2d0 objs-EVB-V2/test_wdt.o
 .text.wdt_reload
                0x43f92698      0x394 objs-EVB-V2/test_wdt.o
 .text.wdt_check_counter
                0x43f92a2c      0x13c objs-EVB-V2/test_wdt.o
 .text.cmd_help
                0x43f92b68        0xc objs-EVB-V2/test_wdt.o
 .text.wdt_int_handler
                0x43f92b74       0x40 objs-EVB-V2/test_wdt.o
                0x43f92b74                wdt_int_handler
 .text.wdt_interrupt_timeout
                0x43f92bb4      0x3c4 objs-EVB-V2/test_wdt.o
 .text.wdt_reset
                0x43f92f78      0x218 objs-EVB-V2/test_wdt.o
 .text.wdt_start_stop
                0x43f93190       0x94 objs-EVB-V2/test_wdt.o
 .text.wdt_test_prepare
                0x43f93224       0x24 objs-EVB-V2/test_wdt.o
                0x43f93224                wdt_test_prepare
 .text.wdt_reset_test
                0x43f93248       0xd8 objs-EVB-V2/test_wdt.o
                0x43f93248                wdt_reset_test
 .text.wdt_cg_test
                0x43f93320      0x128 objs-EVB-V2/test_wdt.o
                0x43f93320                wdt_cg_test
 .text.rtc_set_trim
                0x43f93448      0x260 objs-EVB-V2/test_rtc.o
 .text.rtc_calibration_para_show
                0x43f936a8       0x3c objs-EVB-V2/test_rtc.o
 .text.rtc_calibrate
                0x43f936e4      0x2dc objs-EVB-V2/test_rtc.o
 .text.cmd_help
                0x43f939c0        0xc objs-EVB-V2/test_rtc.o
 .text.display_rtc_time.constprop.5
                0x43f939cc       0xd0 objs-EVB-V2/test_rtc.o
 .text.rtc_int_handler
                0x43f93a9c       0x68 objs-EVB-V2/test_rtc.o
                0x43f93a9c                rtc_int_handler
 .text.rtc_get_mode_hour
                0x43f93b04      0x124 objs-EVB-V2/test_rtc.o
                0x43f93b04                rtc_get_mode_hour
 .text.rtc_get_time_robust
                0x43f93c28       0xf8 objs-EVB-V2/test_rtc.o
 .text.rtc_get_time
                0x43f93d20       0xb8 objs-EVB-V2/test_rtc.o
 .text.rtc_set_time
                0x43f93dd8      0x1d8 objs-EVB-V2/test_rtc.o
 .text.rtc_get_trigger_mode
                0x43f93fb0      0x1c4 objs-EVB-V2/test_rtc.o
                0x43f93fb0                rtc_get_trigger_mode
 .text.rtc_int_for_dsp
                0x43f94174      0x238 objs-EVB-V2/test_rtc.o
 .text.rtc_int  0x43f943ac      0x2ec objs-EVB-V2/test_rtc.o
 .text.rtc_alarm
                0x43f94698      0x2e4 objs-EVB-V2/test_rtc.o
 .text.rtc_get_multi_trigger_mode
                0x43f9497c      0x1e4 objs-EVB-V2/test_rtc.o
                0x43f9497c                rtc_get_multi_trigger_mode
 .text.rtc_alarm_multi_mode
                0x43f94b60      0x310 objs-EVB-V2/test_rtc.o
 .text.rtc_test_prepare
                0x43f94e70       0x24 objs-EVB-V2/test_rtc.o
                0x43f94e70                rtc_test_prepare
 .text.i2c_int_slave
                0x43f94e94      0x140 objs-EVB-V2/test_i2c.o
 .text.i2c_slave
                0x43f94fd4      0x150 objs-EVB-V2/test_i2c.o
 .text.i2c_int_master
                0x43f95124      0x22c objs-EVB-V2/test_i2c.o
 .text.i2c_real
                0x43f95350      0x350 objs-EVB-V2/test_i2c.o
 .text.i2c_robust
                0x43f956a0      0x334 objs-EVB-V2/test_i2c.o
 .text.i2c_master2
                0x43f959d4      0x294 objs-EVB-V2/test_i2c.o
 .text.i2c_master
                0x43f95c68      0x380 objs-EVB-V2/test_i2c.o
 .text.cmd_help
                0x43f95fe8        0xc objs-EVB-V2/test_i2c.o
 .text.i2c_master_int_test_ISR
                0x43f95ff4      0x108 objs-EVB-V2/test_i2c.o
                0x43f95ff4                i2c_master_int_test_ISR
 .text.i2c_slave_int_test_ISR
                0x43f960fc      0x144 objs-EVB-V2/test_i2c.o
                0x43f960fc                i2c_slave_int_test_ISR
 .text.i2c_slave_int_handler
                0x43f96240       0x24 objs-EVB-V2/test_i2c.o
                0x43f96240                i2c_slave_int_handler
 .text.i2c_test_prepare
                0x43f96264      0x158 objs-EVB-V2/test_i2c.o
                0x43f96264                i2c_test_prepare
 .text.i2c_test_cleanup
                0x43f963bc       0x44 objs-EVB-V2/test_i2c.o
                0x43f963bc                i2c_test_cleanup
 .text.i2c_reset_test
                0x43f96400      0x114 objs-EVB-V2/test_i2c.o
                0x43f96400                i2c_reset_test
 .text.i2c_cg_test
                0x43f96514      0x16c objs-EVB-V2/test_i2c.o
                0x43f96514                i2c_cg_test
 .text.dma_test_prepare_share_ram
                0x43f96680       0x8c objs-EVB-V2/test_dma.o
 .text.dma_prepare_buffer
                0x43f9670c      0x168 objs-EVB-V2/test_dma.o
 .text.dma_test_unprepare_share_ram
                0x43f96874       0x38 objs-EVB-V2/test_dma.o
 .text.dma_timer_trigger
                0x43f968ac      0x228 objs-EVB-V2/test_dma.o
 .text.dma_gpio_trigger
                0x43f96ad4      0x2ac objs-EVB-V2/test_dma.o
 .text.dma_int  0x43f96d80      0x3e4 objs-EVB-V2/test_dma.o
 .text.cmd_help
                0x43f97164        0xc objs-EVB-V2/test_dma.o
 .text.dma_int_handler
                0x43f97170      0x258 objs-EVB-V2/test_dma.o
                0x43f97170                dma_int_handler
 .text.dummy_timer_int_handler
                0x43f973c8       0x54 objs-EVB-V2/test_dma.o
                0x43f973c8                dummy_timer_int_handler
 .text.dma_check_param_valid.isra.0
                0x43f9741c      0x120 objs-EVB-V2/test_dma.o
 .text.dma_check_buffer_single
                0x43f9753c       0x8c objs-EVB-V2/test_dma.o
 .text.dma_check_buffer
                0x43f975c8      0x2ec objs-EVB-V2/test_dma.o
 .text.dma_mc   0x43f978b4      0x4d4 objs-EVB-V2/test_dma.o
 .text.dma_m2m_robust
                0x43f97d88      0x3d4 objs-EVB-V2/test_dma.o
 .text.dma_ch_reset
                0x43f9815c      0x204 objs-EVB-V2/test_dma.o
 .text.dma_cfg2
                0x43f98360      0x960 objs-EVB-V2/test_dma.o
 .text.dma_mb   0x43f98cc0      0x434 objs-EVB-V2/test_dma.o
 .text.dma_cfg  0x43f990f4      0x44c objs-EVB-V2/test_dma.o
 .text.dma_m2m  0x43f99540      0x404 objs-EVB-V2/test_dma.o
 .text.dummy_gpio_int_handler
                0x43f99944       0x64 objs-EVB-V2/test_dma.o
                0x43f99944                dummy_gpio_int_handler
 .text.dma_test_prepare
                0x43f999a8       0x9c objs-EVB-V2/test_dma.o
                0x43f999a8                dma_test_prepare
 .text.dma_reset_test
                0x43f99a44       0xc4 objs-EVB-V2/test_dma.o
                0x43f99a44                dma_reset_test
 .text.dma_cg_test
                0x43f99b08      0x114 objs-EVB-V2/test_dma.o
                0x43f99b08                dma_cg_test
 .text.gpio_vec
                0x43f99c1c       0x78 objs-EVB-V2/test_gpio.o
 .text.cmd_help
                0x43f99c94        0xc objs-EVB-V2/test_gpio.o
 .text.gpio_int_handler
                0x43f99ca0       0xa0 objs-EVB-V2/test_gpio.o
                0x43f99ca0                gpio_int_handler
 .text.gpio_int_handler_1
                0x43f99d40       0x54 objs-EVB-V2/test_gpio.o
                0x43f99d40                gpio_int_handler_1
 .text.gpio_get_port
                0x43f99d94      0x108 objs-EVB-V2/test_gpio.o
                0x43f99d94                gpio_get_port
 .text.gpio_input_pu
                0x43f99e9c      0x1d0 objs-EVB-V2/test_gpio.o
 .text.gpio_output_pu
                0x43f9a06c      0x184 objs-EVB-V2/test_gpio.o
 .text.gpio_debounce
                0x43f9a1f0      0x40c objs-EVB-V2/test_gpio.o
 .text.gpio_int_type
                0x43f9a5fc      0x334 objs-EVB-V2/test_gpio.o
 .text.gpio_input
                0x43f9a930      0x14c objs-EVB-V2/test_gpio.o
 .text.gpio_output
                0x43f9aa7c      0x174 objs-EVB-V2/test_gpio.o
 .text.gpio_reset_test
                0x43f9abf0       0xfc objs-EVB-V2/test_gpio.o
                0x43f9abf0                gpio_reset_test
 .text.gpio_cg_test
                0x43f9acec      0x150 objs-EVB-V2/test_gpio.o
                0x43f9acec                gpio_cg_test
 .text.cmd_help
                0x43f9ae3c        0xc objs-EVB-V2/test_qspi.o
 .text.qspi_int_handler
                0x43f9ae48       0x3c objs-EVB-V2/test_qspi.o
                0x43f9ae48                qspi_int_handler
 .text.qspi_check_bb
                0x43f9ae84      0x100 objs-EVB-V2/test_qspi.o
 .text.qspi_detect
                0x43f9af84      0x164 objs-EVB-V2/test_qspi.o
                0x43f9af84                qspi_detect
 .text.qspi_init
                0x43f9b0e8      0x218 objs-EVB-V2/test_qspi.o
 .text.qspi_mode_write_only
                0x43f9b300      0x350 objs-EVB-V2/test_qspi.o
 .text.qspi_ecc_test
                0x43f9b650      0x994 objs-EVB-V2/test_qspi.o
 .text.qspi_read_bbt
                0x43f9bfe4      0x104 objs-EVB-V2/test_qspi.o
 .text.qspi_write_bbt
                0x43f9c0e8       0x84 objs-EVB-V2/test_qspi.o
 .text.qspi_mark_bb
                0x43f9c16c       0xcc objs-EVB-V2/test_qspi.o
 .text.qspi_scan_bbt
                0x43f9c238      0x104 objs-EVB-V2/test_qspi.o
 .text.qspi_erase_all
                0x43f9c33c       0xc8 objs-EVB-V2/test_qspi.o
 .text.qspi_int
                0x43f9c404       0xe4 objs-EVB-V2/test_qspi.o
 .text.qspi_mode
                0x43f9c4e8      0x524 objs-EVB-V2/test_qspi.o
 .text.qspi_read
                0x43f9ca0c      0x2a8 objs-EVB-V2/test_qspi.o
 .text.qspi_write
                0x43f9ccb4      0x4fc objs-EVB-V2/test_qspi.o
 .text.qspi_erase
                0x43f9d1b0      0x1e0 objs-EVB-V2/test_qspi.o
 .text.qspi_probe
                0x43f9d390       0x50 objs-EVB-V2/test_qspi.o
 .text.qspi_reset_test
                0x43f9d3e0       0x98 objs-EVB-V2/test_qspi.o
                0x43f9d3e0                qspi_reset_test
 .text.qspi_cg_test
                0x43f9d478       0xe0 objs-EVB-V2/test_qspi.o
                0x43f9d478                qspi_cg_test
 .text.four_uarts_tx
                0x43f9d558      0x190 objs-EVB-V2/test_uart.o
 .text.console_switch
                0x43f9d6e8      0x11c objs-EVB-V2/test_uart.o
 .text.uart_cleanup
                0x43f9d804      0x17c objs-EVB-V2/test_uart.o
 .text.uart_reset
                0x43f9d980      0x10c objs-EVB-V2/test_uart.o
 .text.uart_generate_random_data
                0x43f9da8c       0x90 objs-EVB-V2/test_uart.o
 .text.uart_line
                0x43f9db1c       0xc8 objs-EVB-V2/test_uart.o
 .text.uart_modem
                0x43f9dbe4      0x198 objs-EVB-V2/test_uart.o
 .text.uart_line_master
                0x43f9dd7c      0x120 objs-EVB-V2/test_uart.o
 .text.uart_modem_loopback
                0x43f9de9c      0x2f8 objs-EVB-V2/test_uart.o
 .text.cmd_help
                0x43f9e194        0xc objs-EVB-V2/test_uart.o
 .text.uart_transfer_int_handler
                0x43f9e1a0       0x4c objs-EVB-V2/test_uart.o
                0x43f9e1a0                uart_transfer_int_handler
 .text.uart_int_handler
                0x43f9e1ec      0x130 objs-EVB-V2/test_uart.o
                0x43f9e1ec                uart_int_handler
 .text.uart_dma_block_int_handler
                0x43f9e31c      0x18c objs-EVB-V2/test_uart.o
                0x43f9e31c                uart_dma_block_int_handler
 .text.uart_dma_block_echo_int_handler
                0x43f9e4a8      0x208 objs-EVB-V2/test_uart.o
                0x43f9e4a8                uart_dma_block_echo_int_handler
 .text.uart_reg_dump
                0x43f9e6b0       0x9c objs-EVB-V2/test_uart.o
 .text.uart_recv
                0x43f9e74c       0xbc objs-EVB-V2/test_uart.o
 .text.uart_init
                0x43f9e808      0x254 objs-EVB-V2/test_uart.o
 .text.uart_cfg
                0x43f9ea5c      0x16c objs-EVB-V2/test_uart.o
 .text.uart_external_loopback
                0x43f9ebc8      0x1c0 objs-EVB-V2/test_uart.o
 .text.uart_loopback
                0x43f9ed88      0x218 objs-EVB-V2/test_uart.o
 .text.uart_compare_result
                0x43f9efa0       0xd4 objs-EVB-V2/test_uart.o
 .text.uart_dma_block
                0x43f9f074      0x640 objs-EVB-V2/test_uart.o
 .text.uart_echo
                0x43f9f6b4       0xf8 objs-EVB-V2/test_uart.o
 .text.uart_int
                0x43f9f7ac      0x420 objs-EVB-V2/test_uart.o
 .text.uart_modem_master
                0x43f9fbcc      0x1a0 objs-EVB-V2/test_uart.o
 .text.uart_echo_int_handler
                0x43f9fd6c       0xa0 objs-EVB-V2/test_uart.o
                0x43f9fd6c                uart_echo_int_handler
 .text.uart_line_int_handler
                0x43f9fe0c       0x98 objs-EVB-V2/test_uart.o
                0x43f9fe0c                uart_line_int_handler
 .text.uart_flowctrl
                0x43f9fea4      0x168 objs-EVB-V2/test_uart.o
 .text.uart_transfer
                0x43fa000c      0x25c objs-EVB-V2/test_uart.o
 .text.uart_send
                0x43fa0268       0x88 objs-EVB-V2/test_uart.o
 .text.uart_test_prepare
                0x43fa02f0      0x310 objs-EVB-V2/test_uart.o
                0x43fa02f0                uart_test_prepare
 .text.uart_reset_test
                0x43fa0600       0xec objs-EVB-V2/test_uart.o
                0x43fa0600                uart_reset_test
 .text.uart_cg_test
                0x43fa06ec      0x140 objs-EVB-V2/test_uart.o
                0x43fa06ec                uart_cg_test
 .text.spi_check_data
                0x43fa082c      0x1c8 objs-EVB-V2/test_spi.o
 .text.spi_slave_parse_cmd
                0x43fa09f4      0x11c objs-EVB-V2/test_spi.o
 .text.spi_package_xfer
                0x43fa0b10       0xb8 objs-EVB-V2/test_spi.o
 .text.spi_int  0x43fa0bc8      0x3ec objs-EVB-V2/test_spi.o
 .text.spi_int_handler
                0x43fa0fb4       0x6c objs-EVB-V2/test_spi.o
 .text.spi_slave_dma_int_handler
                0x43fa1020      0x650 objs-EVB-V2/test_spi.o
 .text.cmd_help
                0x43fa1670        0xc objs-EVB-V2/test_spi.o
 .text.generate_spi_cmd
                0x43fa167c      0x100 objs-EVB-V2/test_spi.o
 .text.spi_test_init
                0x43fa177c      0x108 objs-EVB-V2/test_spi.o
 .text.spi_robust
                0x43fa1884      0x2bc objs-EVB-V2/test_spi.o
 .text.spi_full_duplex_robust
                0x43fa1b40      0x368 objs-EVB-V2/test_spi.o
 .text.spi_debug
                0x43fa1ea8      0x200 objs-EVB-V2/test_spi.o
 .text.spi_slave_debug
                0x43fa20a8      0x1a4 objs-EVB-V2/test_spi.o
 .text.spi_full_duplex
                0x43fa224c      0x374 objs-EVB-V2/test_spi.o
 .text.spi_master
                0x43fa25c0      0x2b4 objs-EVB-V2/test_spi.o
 .text.spi_loopback
                0x43fa2874      0x1ec objs-EVB-V2/test_spi.o
 .text.spi_flash_test
                0x43fa2a60      0x224 objs-EVB-V2/test_spi.o
 .text.spi_slave
                0x43fa2c84      0x2cc objs-EVB-V2/test_spi.o
 .text.spi_test_prepare
                0x43fa2f50      0x190 objs-EVB-V2/test_spi.o
                0x43fa2f50                spi_test_prepare
 .text.spi_reset_test
                0x43fa30e0       0xcc objs-EVB-V2/test_spi.o
                0x43fa30e0                spi_reset_test
 .text.spi_cg_test
                0x43fa31ac      0x124 objs-EVB-V2/test_spi.o
                0x43fa31ac                spi_cg_test
 .text.mmc_init
                0x43fa32d0      0x27c objs-EVB-V2/test_mmc.o
 .text.mmc_multi_robust
                0x43fa354c      0x37c objs-EVB-V2/test_mmc.o
 .text.mmc_multi
                0x43fa38c8      0x2d4 objs-EVB-V2/test_mmc.o
 .text.mmc_single
                0x43fa3b9c      0x29c objs-EVB-V2/test_mmc.o
 .text.cmd_help
                0x43fa3e38        0xc objs-EVB-V2/test_mmc.o
 .text.mmc_int_handler
                0x43fa3e44      0x2d0 objs-EVB-V2/test_mmc.o
                0x43fa3e44                mmc_int_handler
 .text.mmc_int  0x43fa4114      0x138 objs-EVB-V2/test_mmc.o
 .text.mmc_probe
                0x43fa424c       0x34 objs-EVB-V2/test_mmc.o
 .text.mmc_read
                0x43fa4280      0x1b8 objs-EVB-V2/test_mmc.o
 .text.mmc_test_prepare
                0x43fa4438       0xe8 objs-EVB-V2/test_mmc.o
                0x43fa4438                mmc_test_prepare
 .text.mmc_reset_test
                0x43fa4520       0xc0 objs-EVB-V2/test_mmc.o
                0x43fa4520                mmc_reset_test
 .text.mmc_cg_test
                0x43fa45e0      0x10c objs-EVB-V2/test_mmc.o
                0x43fa45e0                mmc_cg_test
 .text.cmd_help
                0x43fa46ec        0xc objs-EVB-V2/test_nand.o
 .text.nand_int_handler
                0x43fa46f8       0x54 objs-EVB-V2/test_nand.o
                0x43fa46f8                nand_int_handler
 .text.nand_check_bb
                0x43fa474c      0x100 objs-EVB-V2/test_nand.o
 .text.nand_detect
                0x43fa484c       0x5c objs-EVB-V2/test_nand.o
                0x43fa484c                nand_detect
 .text.nand_init
                0x43fa48a8      0x168 objs-EVB-V2/test_nand.o
 .text.nand_read_bbt
                0x43fa4a10      0x124 objs-EVB-V2/test_nand.o
 .text.nand_write_bbt
                0x43fa4b34       0xa8 objs-EVB-V2/test_nand.o
 .text.nand_mark_bb
                0x43fa4bdc       0xcc objs-EVB-V2/test_nand.o
 .text.nand_scan_bbt
                0x43fa4ca8      0x124 objs-EVB-V2/test_nand.o
 .text.nand_erase_all
                0x43fa4dcc      0x104 objs-EVB-V2/test_nand.o
 .text.nand_int
                0x43fa4ed0      0x120 objs-EVB-V2/test_nand.o
 .text.nand_ecc
                0x43fa4ff0      0x4f8 objs-EVB-V2/test_nand.o
 .text.nand_read
                0x43fa54e8      0x284 objs-EVB-V2/test_nand.o
 .text.nand_1wmr
                0x43fa576c      0x5c0 objs-EVB-V2/test_nand.o
 .text.nand_write
                0x43fa5d2c      0x55c objs-EVB-V2/test_nand.o
 .text.nand_erase
                0x43fa6288      0x1e0 objs-EVB-V2/test_nand.o
 .text.nand_probe
                0x43fa6468       0x50 objs-EVB-V2/test_nand.o
 .text.nfc_reset_test
                0x43fa64b8       0x9c objs-EVB-V2/test_nand.o
                0x43fa64b8                nfc_reset_test
 .text.nfc_cg_test
                0x43fa6554       0xe0 objs-EVB-V2/test_nand.o
                0x43fa6554                nfc_cg_test
 .text.usb      0x43fa6634       0x60 objs-EVB-V2/test_usb.o
 .text.usb_host_mass_fix
                0x43fa6694      0x1e4 objs-EVB-V2/test_usb.o
 .text.usb_host_mass
                0x43fa6878      0x2fc objs-EVB-V2/test_usb.o
 .text.ums_test
                0x43fa6b74      0x100 objs-EVB-V2/test_usb.o
 .text.cmd_help
                0x43fa6c74        0xc objs-EVB-V2/test_usb.o
 .text.usb_int_handler
                0x43fa6c80      0x1e4 objs-EVB-V2/test_usb.o
                0x43fa6c80                usb_int_handler
 .text.dev_mass_read_sector
                0x43fa6e64       0x68 objs-EVB-V2/test_usb.o
                0x43fa6e64                dev_mass_read_sector
 .text.dev_mass_write_sector
                0x43fa6ecc       0x68 objs-EVB-V2/test_usb.o
                0x43fa6ecc                dev_mass_write_sector
 .text.dev_mass_init
                0x43fa6f34      0x1c8 objs-EVB-V2/test_usb.o
                0x43fa6f34                dev_mass_init
 .text.usb_int  0x43fa70fc      0x284 objs-EVB-V2/test_usb.o
 .text.usb_dev_mass
                0x43fa7380      0x194 objs-EVB-V2/test_usb.o
 .text.dev_mass_get_lba
                0x43fa7514       0x44 objs-EVB-V2/test_usb.o
                0x43fa7514                dev_mass_get_lba
 .text.usb_test_prepare
                0x43fa7558       0xec objs-EVB-V2/test_usb.o
                0x43fa7558                usb_test_prepare
 .text.usb_reset_test
                0x43fa7644       0xc8 objs-EVB-V2/test_usb.o
                0x43fa7644                usb_reset_test
 .text.usb_cg_test
                0x43fa770c      0x124 objs-EVB-V2/test_usb.o
                0x43fa770c                usb_cg_test
 .text.cmd_help
                0x43fa7830        0xc objs-EVB-V2/test_crc.o
 .text.crc_init.part.0
                0x43fa783c       0x40 objs-EVB-V2/test_crc.o
 .text.crc_robust
                0x43fa787c      0x1dc objs-EVB-V2/test_crc.o
 .text.crc_ccitt
                0x43fa7a58      0x1a0 objs-EVB-V2/test_crc.o
 .text.crc_multiple
                0x43fa7bf8      0x23c objs-EVB-V2/test_crc.o
 .text.crc_xmodem
                0x43fa7e34      0x188 objs-EVB-V2/test_crc.o
 .text.crc_reset_test
                0x43fa7fbc       0x70 objs-EVB-V2/test_crc.o
                0x43fa7fbc                crc_reset_test
 .text.crc_cg_test
                0x43fa802c       0xec objs-EVB-V2/test_crc.o
                0x43fa802c                crc_cg_test
 .text.cmd_help
                0x43fa8118        0xc objs-EVB-V2/test_ecc.o
 .text.run_cmd  0x43fa8124       0xa8 objs-EVB-V2/test_ecc.o
                0x43fa8124                run_cmd
 .text.reg_algs
                0x43fa81cc      0x19c objs-EVB-V2/test_ecc.o
                0x43fa81cc                reg_algs
 .text.libtomcrypt_init
                0x43fa8368       0x64 objs-EVB-V2/test_ecc.o
                0x43fa8368                libtomcrypt_init
 .text.ecc_test_shamir
                0x43fa83cc      0x67c objs-EVB-V2/test_ecc.o
 .text.ecc_test_sign_verify
                0x43fa8a48      0x63c objs-EVB-V2/test_ecc.o
 .text.ecc_test_basic_ex
                0x43fa9084      0x240 objs-EVB-V2/test_ecc.o
                0x43fa9084                ecc_test_basic_ex
 .text.ecc_test_basic
                0x43fa92c4       0x9c objs-EVB-V2/test_ecc.o
 .text.ecc_reset_test
                0x43fa9360       0x94 objs-EVB-V2/test_ecc.o
                0x43fa9360                ecc_reset_test
 .text.ecc_cg_test
                0x43fa93f4       0xe0 objs-EVB-V2/test_ecc.o
                0x43fa93f4                ecc_cg_test
 .text.epf_test_ISR_no_hs
                0x43fa94d4      0x104 objs-EVB-V2/test_epf.o
 .text.epf_int_handler_noks
                0x43fa95d8       0x30 objs-EVB-V2/test_epf.o
                0x43fa95d8                epf_int_handler_noks
 .text.cmd_help
                0x43fa9608        0xc objs-EVB-V2/test_epf.o
 .text.epf_test
                0x43fa9614      0x23c objs-EVB-V2/test_epf.o
 .text.epf_int_handler
                0x43fa9850       0xe4 objs-EVB-V2/test_epf.o
                0x43fa9850                epf_int_handler
 .text.get_boot_interface
                0x43fa9934       0x30 objs-EVB-V2/test_APIs.o
 .text.aes_print_buffer
                0x43fa9964       0x8c objs-EVB-V2/test_APIs.o
 .text.rng_data_dump
                0x43fa99f0       0xf4 objs-EVB-V2/test_APIs.o
 .text.aes_cbc_test
                0x43fa9ae4      0x5b4 objs-EVB-V2/test_APIs.o
 .text.aes_gcm_test
                0x43faa098      0x618 objs-EVB-V2/test_APIs.o
 .text.aes_ccm_test
                0x43faa6b0      0x650 objs-EVB-V2/test_APIs.o
 .text.aes_func_test
                0x43faad00      0x2f8 objs-EVB-V2/test_APIs.o
 .text.get_secure_key
                0x43faaff8       0xe8 objs-EVB-V2/test_APIs.o
 .text.cmd_help
                0x43fab0e0        0xc objs-EVB-V2/test_APIs.o
 .text.rng_test
                0x43fab0ec       0xbc objs-EVB-V2/test_APIs.o
 .text.image_verify_test
                0x43fab1a8      0x178 objs-EVB-V2/test_APIs.o
 .text.get_non_secure_byte
                0x43fab320       0x7c objs-EVB-V2/test_APIs.o
 .text.secure_key_disable
                0x43fab39c       0x6c objs-EVB-V2/test_APIs.o
 .text.set_secure_byte
                0x43fab408       0x84 objs-EVB-V2/test_APIs.o
 .text.set_non_secure_byte
                0x43fab48c       0x84 objs-EVB-V2/test_APIs.o
 .text.sec_api_init
                0x43fab510       0x88 objs-EVB-V2/test_APIs.o
                0x43fab510                sec_api_init
 .text.ecc384_sign_verify_test
                0x43fab598      0x108 objs-EVB-V2/test_APIs.o
                0x43fab598                ecc384_sign_verify_test
 .text.ecc384_test
                0x43fab6a0       0x38 objs-EVB-V2/test_APIs.o
 .text.APIs_test_prepare
                0x43fab6d8       0x88 objs-EVB-V2/test_APIs.o
                0x43fab6d8                APIs_test_prepare
 .text.APIs_test_cleanup
                0x43fab760        0x8 objs-EVB-V2/test_APIs.o
                0x43fab760                APIs_test_cleanup
 .text.tamp_count_clear
                0x43fab768       0x20 objs-EVB-V2/test_tamp.o
 .text.display_tamp_time
                0x43fab788      0x124 objs-EVB-V2/test_tamp.o
 .text.tamp_read
                0x43fab8ac       0xd4 objs-EVB-V2/test_tamp.o
 .text.tamp_int_handler
                0x43fab980       0x54 objs-EVB-V2/test_tamp.o
                0x43fab980                tamp_int_handler
 .text.cmd_help
                0x43fab9d4        0xc objs-EVB-V2/test_tamp.o
 .text.tamp_int
                0x43fab9e0      0x2c8 objs-EVB-V2/test_tamp.o
 .text.clk_status
                0x43fabca8       0x10 objs-EVB-V2/test_pll.o
 .text.arm_child_rate_div
                0x43fabcb8      0x200 objs-EVB-V2/test_pll.o
 .text.periph_rate_div
                0x43fabeb8        0xc objs-EVB-V2/test_pll.o
 .text.bus_rate_div
                0x43fabec4        0xc objs-EVB-V2/test_pll.o
 .text.arm_clk_switch
                0x43fabed0      0x190 objs-EVB-V2/test_pll.o
 .text.pll_freq_src
                0x43fac060      0x220 objs-EVB-V2/test_pll.o
 .text.cmd_help
                0x43fac280        0xc objs-EVB-V2/test_pll.o
 .text.uart_tune_clk_for_baud
                0x43fac28c       0x34 objs-EVB-V2/test_pll.o
                0x43fac28c                uart_tune_clk_for_baud
 .text.console_pclk_change_cb
                0x43fac2c0       0x1c objs-EVB-V2/test_pll.o
                0x43fac2c0                console_pclk_change_cb
 .text.system_timer_pclk_change_cb
                0x43fac2dc       0x54 objs-EVB-V2/test_pll.o
                0x43fac2dc                system_timer_pclk_change_cb
 .text.regions_cmp
                0x43fac330      0x100 objs-EVB-V2/test_ddr.o
 .text.walkbits1_cmp
                0x43fac430      0x158 objs-EVB-V2/test_ddr.o
 .text.walkbits0_cmp
                0x43fac588      0x158 objs-EVB-V2/test_ddr.o
 .text.bitflip_cmp
                0x43fac6e0      0x140 objs-EVB-V2/test_ddr.o
 .text.bitspread_cmp
                0x43fac820      0x1a0 objs-EVB-V2/test_ddr.o
 .text.chkboard_cmp
                0x43fac9c0      0x130 objs-EVB-V2/test_ddr.o
 .text.blockseq_cmp
                0x43facaf0      0x12c objs-EVB-V2/test_ddr.o
 .text.solidbits_cmp
                0x43facc1c      0x128 objs-EVB-V2/test_ddr.o
 .text.ddr_post_addrline
                0x43facd44       0x88 objs-EVB-V2/test_ddr.o
 .text.ddr_walkbits1_cmp_test
                0x43facdcc      0x140 objs-EVB-V2/test_ddr.o
 .text.ddr_walkbits0_cmp_test
                0x43facf0c      0x140 objs-EVB-V2/test_ddr.o
 .text.ddr_bitflip_cmp_test
                0x43fad04c      0x140 objs-EVB-V2/test_ddr.o
 .text.ddr_bitspread_cmp_test
                0x43fad18c      0x140 objs-EVB-V2/test_ddr.o
 .text.ddr_chkboard_cmp_test
                0x43fad2cc      0x140 objs-EVB-V2/test_ddr.o
 .text.ddr_blockseq_cmp_test
                0x43fad40c      0x140 objs-EVB-V2/test_ddr.o
 .text.ddr_solidbits_cmp_test
                0x43fad54c      0x140 objs-EVB-V2/test_ddr.o
 .text.ddr_addrline_probe
                0x43fad68c      0x13c objs-EVB-V2/test_ddr.o
 .text.wide16bits_random_cmp
                0x43fad7c8      0x170 objs-EVB-V2/test_ddr.o
 .text.ddr_wide16bits_cmp_test
                0x43fad938      0x140 objs-EVB-V2/test_ddr.o
 .text.wide8bits_random_cmp
                0x43fada78      0x17c objs-EVB-V2/test_ddr.o
 .text.ddr_wide8bits_cmp_test
                0x43fadbf4      0x140 objs-EVB-V2/test_ddr.o
 .text.seqinc_cmp
                0x43fadd34       0xec objs-EVB-V2/test_ddr.o
 .text.ddr_seqinc_cmp_test
                0x43fade20      0x140 objs-EVB-V2/test_ddr.o
 .text.and_cmp  0x43fadf60       0xf0 objs-EVB-V2/test_ddr.o
 .text.ddr_and_cmp_test
                0x43fae050      0x140 objs-EVB-V2/test_ddr.o
 .text.or_cmp   0x43fae190       0xf0 objs-EVB-V2/test_ddr.o
 .text.ddr_or_cmp_test
                0x43fae280      0x140 objs-EVB-V2/test_ddr.o
 .text.div_cmp  0x43fae3c0       0xf8 objs-EVB-V2/test_ddr.o
 .text.ddr_div_cmp_test
                0x43fae4b8      0x140 objs-EVB-V2/test_ddr.o
 .text.mul_cmp  0x43fae5f8       0xf0 objs-EVB-V2/test_ddr.o
 .text.ddr_mul_cmp_test
                0x43fae6e8      0x140 objs-EVB-V2/test_ddr.o
 .text.sub_cmp  0x43fae828       0xf0 objs-EVB-V2/test_ddr.o
 .text.ddr_sub_cmp_test
                0x43fae918      0x140 objs-EVB-V2/test_ddr.o
 .text.xor_cmp  0x43faea58       0xf0 objs-EVB-V2/test_ddr.o
 .text.ddr_xor_cmp_test
                0x43faeb48      0x140 objs-EVB-V2/test_ddr.o
 .text.random_value_cmp
                0x43faec88       0xd4 objs-EVB-V2/test_ddr.o
 .text.ddr_random_value_test
                0x43faed5c      0x140 objs-EVB-V2/test_ddr.o
 .text.cmd_help
                0x43faee9c        0xc objs-EVB-V2/test_ddr.o
 .text.ddr_dataline_probe
                0x43faeea8       0x98 objs-EVB-V2/test_ddr.o
 .text.ddr_test_prepare
                0x43faef40       0x6c objs-EVB-V2/test_ddr.o
                0x43faef40                ddr_test_prepare
 .text.misc_chip_id_test
                0x43faefac       0x3c objs-EVB-V2/test_sys.o
 .text.prcm_reset_test
                0x43faefe8      0x8c0 objs-EVB-V2/test_sys.o
 .text.cmd_help
                0x43faf8a8        0xc objs-EVB-V2/test_sys.o
 .text.mem_dumps
                0x43faf8b4       0x74 objs-EVB-V2/test_sys.o
 .text.misc_io_ds_test
                0x43faf928      0x4ec objs-EVB-V2/test_sys.o
 .text.prcm_blk_cg_test
                0x43fafe14      0x5e4 objs-EVB-V2/test_sys.o
 .text.bram_data_compare
                0x43fb03f8      0x138 objs-EVB-V2/test_bburam.o
 .text.cmd_help
                0x43fb0530        0xc objs-EVB-V2/test_bburam.o
 .text.bram_writes_test
                0x43fb053c      0x128 objs-EVB-V2/test_bburam.o
 .text.bram_reads_test
                0x43fb0664      0x128 objs-EVB-V2/test_bburam.o
 .text.trng_int
                0x43fb078c      0x1c8 objs-EVB-V2/test_dwc_trng.o
 .text.trng_manual_more
                0x43fb0954      0x17c objs-EVB-V2/test_dwc_trng.o
 .text.trng_manual
                0x43fb0ad0      0x114 objs-EVB-V2/test_dwc_trng.o
 .text.cmd_help
                0x43fb0be4        0xc objs-EVB-V2/test_dwc_trng.o
 .text.dwc_trng_int_test_ISR
                0x43fb0bf0       0xf4 objs-EVB-V2/test_dwc_trng.o
                0x43fb0bf0                dwc_trng_int_test_ISR
 .text.trng_kat_test
                0x43fb0ce4       0xd0 objs-EVB-V2/test_dwc_trng.o
                0x43fb0ce4                trng_kat_test
 .text.trng_quality
                0x43fb0db4      0x39c objs-EVB-V2/test_dwc_trng.o
 .text.dwc_trng_reset_test
                0x43fb1150       0xc4 objs-EVB-V2/test_dwc_trng.o
                0x43fb1150                dwc_trng_reset_test
 .text.dwc_trng_cg_test
                0x43fb1214      0x108 objs-EVB-V2/test_dwc_trng.o
                0x43fb1214                dwc_trng_cg_test
 .text.rijndael_done
                0x43fb131c        0x4 libs/tomcrypt/objs-EVB-V2/libtomcrypt.a(aes.o)
                0x43fb131c                rijndael_done
 .text.rijndael_ecb_encrypt
                0x43fb1320      0x504 libs/tomcrypt/objs-EVB-V2/libtomcrypt.a(aes.o)
                0x43fb1320                rijndael_ecb_encrypt
 .text.rijndael_ecb_decrypt
                0x43fb1824      0x514 libs/tomcrypt/objs-EVB-V2/libtomcrypt.a(aes.o)
                0x43fb1824                rijndael_ecb_decrypt
 .text.rijndael_setup
                0x43fb1d38      0x664 libs/tomcrypt/objs-EVB-V2/libtomcrypt.a(aes.o)
                0x43fb1d38                rijndael_setup
 .text.rijndael_test
                0x43fb239c      0x134 libs/tomcrypt/objs-EVB-V2/libtomcrypt.a(aes.o)
                0x43fb239c                rijndael_test
 .text.rijndael_keysize
                0x43fb24d0       0x68 libs/tomcrypt/objs-EVB-V2/libtomcrypt.a(aes.o)
                0x43fb24d0                rijndael_keysize
 .text.ccm_memory
                0x43fb2538      0x938 libs/tomcrypt/objs-EVB-V2/libtomcrypt.a(ccm_memory.o)
                0x43fb2538                ccm_memory
 .text.gcm_memory
                0x43fb2e70      0x1b4 libs/tomcrypt/objs-EVB-V2/libtomcrypt.a(gcm_memory.o)
                0x43fb2e70                gcm_memory
 .text.gcm_process
                0x43fb3024      0x23c libs/tomcrypt/objs-EVB-V2/libtomcrypt.a(gcm_process.o)
                0x43fb3024                gcm_process
 .text.sha1_compress
                0x43fb3260      0x4c8 libs/tomcrypt/objs-EVB-V2/libtomcrypt.a(sha1.o)
 .text.sha1_done
                0x43fb3728      0x188 libs/tomcrypt/objs-EVB-V2/libtomcrypt.a(sha1.o)
                0x43fb3728                sha1_done
 .text.sha1_init
                0x43fb38b0       0x7c libs/tomcrypt/objs-EVB-V2/libtomcrypt.a(sha1.o)
                0x43fb38b0                sha1_init
 .text.sha1_process
                0x43fb392c      0x150 libs/tomcrypt/objs-EVB-V2/libtomcrypt.a(sha1.o)
                0x43fb392c                sha1_process
 .text.sha1_test
                0x43fb3a7c       0xd0 libs/tomcrypt/objs-EVB-V2/libtomcrypt.a(sha1.o)
                0x43fb3a7c                sha1_test
 .text.sha224_init
                0x43fb3b4c       0xa0 libs/tomcrypt/objs-EVB-V2/libtomcrypt.a(sha224.o)
                0x43fb3b4c                sha224_init
 .text.sha224_done
                0x43fb3bec       0x70 libs/tomcrypt/objs-EVB-V2/libtomcrypt.a(sha224.o)
                0x43fb3bec                sha224_done
 .text.sha224_test
                0x43fb3c5c       0xf4 libs/tomcrypt/objs-EVB-V2/libtomcrypt.a(sha224.o)
                0x43fb3c5c                sha224_test
 .text.sha256_compress
                0x43fb3d50     0x1830 libs/tomcrypt/objs-EVB-V2/libtomcrypt.a(sha256.o)
 .text.sha256_done
                0x43fb5580      0x188 libs/tomcrypt/objs-EVB-V2/libtomcrypt.a(sha256.o)
                0x43fb5580                sha256_done
 .text.sha256_init
                0x43fb5708       0xa0 libs/tomcrypt/objs-EVB-V2/libtomcrypt.a(sha256.o)
                0x43fb5708                sha256_init
 .text.sha256_process
                0x43fb57a8      0x150 libs/tomcrypt/objs-EVB-V2/libtomcrypt.a(sha256.o)
                0x43fb57a8                sha256_process
 .text.sha256_test
                0x43fb58f8       0xf4 libs/tomcrypt/objs-EVB-V2/libtomcrypt.a(sha256.o)
                0x43fb58f8                sha256_test
 *fill*         0x43fb59ec        0x4 
 .text.sha384_init
                0x43fb59f0       0xe0 libs/tomcrypt/objs-EVB-V2/libtomcrypt.a(sha384.o)
                0x43fb59f0                sha384_init
 .text.sha384_done
                0x43fb5ad0       0x84 libs/tomcrypt/objs-EVB-V2/libtomcrypt.a(sha384.o)
                0x43fb5ad0                sha384_done
 .text.sha384_test
                0x43fb5b54       0x88 libs/tomcrypt/objs-EVB-V2/libtomcrypt.a(sha384.o)
                0x43fb5b54                sha384_test
 *fill*         0x43fb5bdc        0x4 
 .text.sha512_compress
                0x43fb5be0     0x1498 libs/tomcrypt/objs-EVB-V2/libtomcrypt.a(sha512.o)
 .text.sha512_done
                0x43fb7078      0x1a8 libs/tomcrypt/objs-EVB-V2/libtomcrypt.a(sha512.o)
                0x43fb7078                sha512_done
 .text.sha512_init
                0x43fb7220       0xe0 libs/tomcrypt/objs-EVB-V2/libtomcrypt.a(sha512.o)
                0x43fb7220                sha512_init
 .text.sha512_process
                0x43fb7300      0x150 libs/tomcrypt/objs-EVB-V2/libtomcrypt.a(sha512.o)
                0x43fb7300                sha512_process
 .text.sha512_test
                0x43fb7450       0x88 libs/tomcrypt/objs-EVB-V2/libtomcrypt.a(sha512.o)
                0x43fb7450                sha512_test
 .text.omac_memory
                0x43fb74d8      0x188 libs/tomcrypt/objs-EVB-V2/libtomcrypt.a(omac_memory.o)
                0x43fb74d8                omac_memory
 .text.omac_init
                0x43fb7660      0x1c0 libs/tomcrypt/objs-EVB-V2/libtomcrypt.a(omac_init.o)
                0x43fb7660                omac_init
 .text.omac_done
                0x43fb7820      0x1e4 libs/tomcrypt/objs-EVB-V2/libtomcrypt.a(omac_done.o)
                0x43fb7820                omac_done
 .text.montgomery_deinit
                0x43fb7a04        0x4 libs/tomcrypt/objs-EVB-V2/libtomcrypt.a(gmp_desc.o)
 .text.read_radix
                0x43fb7a08      0x168 libs/tomcrypt/objs-EVB-V2/libtomcrypt.a(gmp_desc.o)
 .text.montgomery_setup
                0x43fb7b70       0x50 libs/tomcrypt/objs-EVB-V2/libtomcrypt.a(gmp_desc.o)
 .text.set_rand
                0x43fb7bc0       0x38 libs/tomcrypt/objs-EVB-V2/libtomcrypt.a(gmp_desc.o)
 .text.sub      0x43fb7bf8       0x74 libs/tomcrypt/objs-EVB-V2/libtomcrypt.a(gmp_desc.o)
 .text.submod   0x43fb7c6c       0xa8 libs/tomcrypt/objs-EVB-V2/libtomcrypt.a(gmp_desc.o)
 .text.montgomery_reduce
                0x43fb7d14       0x70 libs/tomcrypt/objs-EVB-V2/libtomcrypt.a(gmp_desc.o)
 .text.addmod   0x43fb7d84       0xa8 libs/tomcrypt/objs-EVB-V2/libtomcrypt.a(gmp_desc.o)
 .text.add      0x43fb7e2c       0x74 libs/tomcrypt/objs-EVB-V2/libtomcrypt.a(gmp_desc.o)
 .text.isprime  0x43fb7ea0       0x68 libs/tomcrypt/objs-EVB-V2/libtomcrypt.a(gmp_desc.o)
 .text.exptmod  0x43fb7f08       0x94 libs/tomcrypt/objs-EVB-V2/libtomcrypt.a(gmp_desc.o)
 .text.montgomery_normalization
                0x43fb7f9c       0x50 libs/tomcrypt/objs-EVB-V2/libtomcrypt.a(gmp_desc.o)
 .text.set_int  0x43fb7fec       0x30 libs/tomcrypt/objs-EVB-V2/libtomcrypt.a(gmp_desc.o)
 .text.invmod   0x43fb801c       0x74 libs/tomcrypt/objs-EVB-V2/libtomcrypt.a(gmp_desc.o)
 .text.sqrmod   0x43fb8090       0x8c libs/tomcrypt/objs-EVB-V2/libtomcrypt.a(gmp_desc.o)
 .text.mulmod   0x43fb811c       0xa8 libs/tomcrypt/objs-EVB-V2/libtomcrypt.a(gmp_desc.o)
 .text.sqr      0x43fb81c4       0x54 libs/tomcrypt/objs-EVB-V2/libtomcrypt.a(gmp_desc.o)
 .text.mul      0x43fb8218       0x74 libs/tomcrypt/objs-EVB-V2/libtomcrypt.a(gmp_desc.o)
 .text.lcm      0x43fb828c       0x74 libs/tomcrypt/objs-EVB-V2/libtomcrypt.a(gmp_desc.o)
 .text.gcd      0x43fb8300       0x74 libs/tomcrypt/objs-EVB-V2/libtomcrypt.a(gmp_desc.o)
 .text.modi     0x43fb8374       0x54 libs/tomcrypt/objs-EVB-V2/libtomcrypt.a(gmp_desc.o)
 .text.div_2    0x43fb83c8       0x58 libs/tomcrypt/objs-EVB-V2/libtomcrypt.a(gmp_desc.o)
 .text.copy     0x43fb8420       0x54 libs/tomcrypt/objs-EVB-V2/libtomcrypt.a(gmp_desc.o)
 .text.divide   0x43fb8474       0xc4 libs/tomcrypt/objs-EVB-V2/libtomcrypt.a(gmp_desc.o)
 .text.muli     0x43fb8538       0x58 libs/tomcrypt/objs-EVB-V2/libtomcrypt.a(gmp_desc.o)
 .text.subi     0x43fb8590       0x58 libs/tomcrypt/objs-EVB-V2/libtomcrypt.a(gmp_desc.o)
 .text.addi     0x43fb85e8       0x58 libs/tomcrypt/objs-EVB-V2/libtomcrypt.a(gmp_desc.o)
 .text.unsigned_read
                0x43fb8640       0x6c libs/tomcrypt/objs-EVB-V2/libtomcrypt.a(gmp_desc.o)
 .text.unsigned_write
                0x43fb86ac       0x70 libs/tomcrypt/objs-EVB-V2/libtomcrypt.a(gmp_desc.o)
 .text.count_bits
                0x43fb871c       0x2c libs/tomcrypt/objs-EVB-V2/libtomcrypt.a(gmp_desc.o)
 .text.unsigned_size
                0x43fb8748       0x54 libs/tomcrypt/objs-EVB-V2/libtomcrypt.a(gmp_desc.o)
 .text.compare_d
                0x43fb879c       0x44 libs/tomcrypt/objs-EVB-V2/libtomcrypt.a(gmp_desc.o)
 .text.write_radix
                0x43fb87e0       0x64 libs/tomcrypt/objs-EVB-V2/libtomcrypt.a(gmp_desc.o)
 .text.deinit   0x43fb8844       0x54 libs/tomcrypt/objs-EVB-V2/libtomcrypt.a(gmp_desc.o)
 .text.twoexpt  0x43fb8898       0x44 libs/tomcrypt/objs-EVB-V2/libtomcrypt.a(gmp_desc.o)
 .text.count_lsb_bits
                0x43fb88dc       0x2c libs/tomcrypt/objs-EVB-V2/libtomcrypt.a(gmp_desc.o)
 .text.compare  0x43fb8908       0x60 libs/tomcrypt/objs-EVB-V2/libtomcrypt.a(gmp_desc.o)
 .text.get_digit_count
                0x43fb8968       0x28 libs/tomcrypt/objs-EVB-V2/libtomcrypt.a(gmp_desc.o)
 .text.get_digit
                0x43fb8990       0x28 libs/tomcrypt/objs-EVB-V2/libtomcrypt.a(gmp_desc.o)
 .text.get_int  0x43fb89b8       0x28 libs/tomcrypt/objs-EVB-V2/libtomcrypt.a(gmp_desc.o)
 .text.neg      0x43fb89e0       0x54 libs/tomcrypt/objs-EVB-V2/libtomcrypt.a(gmp_desc.o)
 .text.init     0x43fb8a34       0x70 libs/tomcrypt/objs-EVB-V2/libtomcrypt.a(gmp_desc.o)
 .text.init_copy
                0x43fb8aa4       0x30 libs/tomcrypt/objs-EVB-V2/libtomcrypt.a(gmp_desc.o)
 .text.ltc_init_multi
                0x43fb8ad4       0xbc libs/tomcrypt/objs-EVB-V2/libtomcrypt.a(multi.o)
                0x43fb8ad4                ltc_init_multi
 .text.ltc_deinit_multi
                0x43fb8b90       0x54 libs/tomcrypt/objs-EVB-V2/libtomcrypt.a(multi.o)
                0x43fb8b90                ltc_deinit_multi
 .text.montgomery_normalization
                0x43fb8be4        0x8 libs/tomcrypt/objs-EVB-V2/libtomcrypt.a(pka_desc.o)
 .text.montgomery_deinit
                0x43fb8bec        0x4 libs/tomcrypt/objs-EVB-V2/libtomcrypt.a(pka_desc.o)
 .text.ecc_map  0x43fb8bf0        0x8 libs/tomcrypt/objs-EVB-V2/libtomcrypt.a(pka_desc.o)
 .text.read_radix
                0x43fb8bf8      0x168 libs/tomcrypt/objs-EVB-V2/libtomcrypt.a(pka_desc.o)
 .text.subi     0x43fb8d60       0x58 libs/tomcrypt/objs-EVB-V2/libtomcrypt.a(pka_desc.o)
 .text.compare  0x43fb8db8       0x60 libs/tomcrypt/objs-EVB-V2/libtomcrypt.a(pka_desc.o)
 .text.set_rand
                0x43fb8e18       0x38 libs/tomcrypt/objs-EVB-V2/libtomcrypt.a(pka_desc.o)
 .text.submod   0x43fb8e50       0xac libs/tomcrypt/objs-EVB-V2/libtomcrypt.a(pka_desc.o)
 .text.addmod   0x43fb8efc       0xac libs/tomcrypt/objs-EVB-V2/libtomcrypt.a(pka_desc.o)
 .text.isprime  0x43fb8fa8       0x68 libs/tomcrypt/objs-EVB-V2/libtomcrypt.a(pka_desc.o)
 .text.exptmod  0x43fb9010       0x94 libs/tomcrypt/objs-EVB-V2/libtomcrypt.a(pka_desc.o)
 .text.invmod   0x43fb90a4       0x80 libs/tomcrypt/objs-EVB-V2/libtomcrypt.a(pka_desc.o)
 .text.lcm      0x43fb9124       0x74 libs/tomcrypt/objs-EVB-V2/libtomcrypt.a(pka_desc.o)
 .text.gcd      0x43fb9198       0x74 libs/tomcrypt/objs-EVB-V2/libtomcrypt.a(pka_desc.o)
 .text.modi     0x43fb920c       0x54 libs/tomcrypt/objs-EVB-V2/libtomcrypt.a(pka_desc.o)
 .text.div_2    0x43fb9260       0x58 libs/tomcrypt/objs-EVB-V2/libtomcrypt.a(pka_desc.o)
 .text.divide   0x43fb92b8       0xc4 libs/tomcrypt/objs-EVB-V2/libtomcrypt.a(pka_desc.o)
 .text.copy     0x43fb937c       0x54 libs/tomcrypt/objs-EVB-V2/libtomcrypt.a(pka_desc.o)
 .text.sqr      0x43fb93d0       0x54 libs/tomcrypt/objs-EVB-V2/libtomcrypt.a(pka_desc.o)
 .text.mul      0x43fb9424       0x74 libs/tomcrypt/objs-EVB-V2/libtomcrypt.a(pka_desc.o)
 .text.muli     0x43fb9498       0x58 libs/tomcrypt/objs-EVB-V2/libtomcrypt.a(pka_desc.o)
 .text.sub      0x43fb94f0       0x74 libs/tomcrypt/objs-EVB-V2/libtomcrypt.a(pka_desc.o)
 .text.addi     0x43fb9564       0x58 libs/tomcrypt/objs-EVB-V2/libtomcrypt.a(pka_desc.o)
 .text.add      0x43fb95bc       0x74 libs/tomcrypt/objs-EVB-V2/libtomcrypt.a(pka_desc.o)
 .text.unsigned_read
                0x43fb9630       0x6c libs/tomcrypt/objs-EVB-V2/libtomcrypt.a(pka_desc.o)
 .text.unsigned_write
                0x43fb969c       0x70 libs/tomcrypt/objs-EVB-V2/libtomcrypt.a(pka_desc.o)
 .text.count_bits
                0x43fb970c       0x2c libs/tomcrypt/objs-EVB-V2/libtomcrypt.a(pka_desc.o)
 .text.unsigned_size
                0x43fb9738       0x54 libs/tomcrypt/objs-EVB-V2/libtomcrypt.a(pka_desc.o)
 .text.compare_d
                0x43fb978c       0x44 libs/tomcrypt/objs-EVB-V2/libtomcrypt.a(pka_desc.o)
 .text.write_radix
                0x43fb97d0       0x64 libs/tomcrypt/objs-EVB-V2/libtomcrypt.a(pka_desc.o)
 .text.deinit   0x43fb9834       0x54 libs/tomcrypt/objs-EVB-V2/libtomcrypt.a(pka_desc.o)
 .text.set_int  0x43fb9888       0x30 libs/tomcrypt/objs-EVB-V2/libtomcrypt.a(pka_desc.o)
 .text.twoexpt  0x43fb98b8       0x44 libs/tomcrypt/objs-EVB-V2/libtomcrypt.a(pka_desc.o)
 .text.count_lsb_bits
                0x43fb98fc       0x2c libs/tomcrypt/objs-EVB-V2/libtomcrypt.a(pka_desc.o)
 .text.get_digit_count
                0x43fb9928       0x28 libs/tomcrypt/objs-EVB-V2/libtomcrypt.a(pka_desc.o)
 .text.get_digit
                0x43fb9950       0x28 libs/tomcrypt/objs-EVB-V2/libtomcrypt.a(pka_desc.o)
 .text.get_int  0x43fb9978       0x28 libs/tomcrypt/objs-EVB-V2/libtomcrypt.a(pka_desc.o)
 .text.neg      0x43fb99a0       0x54 libs/tomcrypt/objs-EVB-V2/libtomcrypt.a(pka_desc.o)
 .text.init     0x43fb99f4       0x70 libs/tomcrypt/objs-EVB-V2/libtomcrypt.a(pka_desc.o)
 .text.init_copy
                0x43fb9a64       0x30 libs/tomcrypt/objs-EVB-V2/libtomcrypt.a(pka_desc.o)
 .text.pka_set_curve_a_b.part.36
                0x43fb9a94       0x44 libs/tomcrypt/objs-EVB-V2/libtomcrypt.a(pka_desc.o)
 .text.montgomery_reduce
                0x43fb9ad8        0x8 libs/tomcrypt/objs-EVB-V2/libtomcrypt.a(pka_desc.o)
 .text.montgomery_setup
                0x43fb9ae0        0x8 libs/tomcrypt/objs-EVB-V2/libtomcrypt.a(pka_desc.o)
 .text.pka_clear_params
                0x43fb9ae8       0x38 libs/tomcrypt/objs-EVB-V2/libtomcrypt.a(pka_desc.o)
                0x43fb9ae8                pka_clear_params
 .text.pka_montg_comp_cached
                0x43fb9b20       0xe8 libs/tomcrypt/objs-EVB-V2/libtomcrypt.a(pka_desc.o)
                0x43fb9b20                pka_montg_comp_cached
 .text.pka_set_alg_width
                0x43fb9c08       0x54 libs/tomcrypt/objs-EVB-V2/libtomcrypt.a(pka_desc.o)
                0x43fb9c08                pka_set_alg_width
 .text.ecc_mul2add
                0x43fb9c5c       0x9c libs/tomcrypt/objs-EVB-V2/libtomcrypt.a(pka_desc.o)
 .text.ecc_dbl_point
                0x43fb9cf8       0x74 libs/tomcrypt/objs-EVB-V2/libtomcrypt.a(pka_desc.o)
 .text.ecc_add_point
                0x43fb9d6c       0x84 libs/tomcrypt/objs-EVB-V2/libtomcrypt.a(pka_desc.o)
 .text.ecc_mulmod
                0x43fb9df0       0x98 libs/tomcrypt/objs-EVB-V2/libtomcrypt.a(pka_desc.o)
 .text.sqrmod   0x43fb9e88       0xbc libs/tomcrypt/objs-EVB-V2/libtomcrypt.a(pka_desc.o)
 .text.mulmod   0x43fb9f44       0xdc libs/tomcrypt/objs-EVB-V2/libtomcrypt.a(pka_desc.o)
 .text.mpn_base_power_of_two_p
                0x43fba020       0x90 libs/tomcrypt/objs-EVB-V2/libtomcrypt.a(mini-gmp.o)
 .text.mpn_set_str_bits
                0x43fba0b0       0xb0 libs/tomcrypt/objs-EVB-V2/libtomcrypt.a(mini-gmp.o)
 .text.gmp_default_free
                0x43fba160       0x28 libs/tomcrypt/objs-EVB-V2/libtomcrypt.a(mini-gmp.o)
 .text.unlikely.gmp_die
                0x43fba188       0x18 libs/tomcrypt/objs-EVB-V2/libtomcrypt.a(mini-gmp.o)
 .text.gmp_default_realloc
                0x43fba1a0       0x44 libs/tomcrypt/objs-EVB-V2/libtomcrypt.a(mini-gmp.o)
 .text.mpn_common_scan
                0x43fba1e4       0xf8 libs/tomcrypt/objs-EVB-V2/libtomcrypt.a(mini-gmp.o)
 .text.mpn_limb_get_str
                0x43fba2dc       0xe8 libs/tomcrypt/objs-EVB-V2/libtomcrypt.a(mini-gmp.o)
 .text.gmp_xrealloc_limbs
                0x43fba3c4       0x44 libs/tomcrypt/objs-EVB-V2/libtomcrypt.a(mini-gmp.o)
 .text.mpn_gcd_11
                0x43fba408       0xf8 libs/tomcrypt/objs-EVB-V2/libtomcrypt.a(mini-gmp.o)
 .text.mpn_limb_size_in_base_2
                0x43fba500       0x64 libs/tomcrypt/objs-EVB-V2/libtomcrypt.a(mini-gmp.o)
 .text.mpn_get_str_bits
                0x43fba564       0xa0 libs/tomcrypt/objs-EVB-V2/libtomcrypt.a(mini-gmp.o)
 .text.gmp_default_alloc
                0x43fba604       0x64 libs/tomcrypt/objs-EVB-V2/libtomcrypt.a(mini-gmp.o)
 .text.unlikely.mpn_add_1.part.3
                0x43fba668       0x24 libs/tomcrypt/objs-EVB-V2/libtomcrypt.a(mini-gmp.o)
 .text.mpz_abs_add_bit
                0x43fba68c      0x168 libs/tomcrypt/objs-EVB-V2/libtomcrypt.a(mini-gmp.o)
 .text.mpz_abs_add_ui.isra.4
                0x43fba7f4       0xcc libs/tomcrypt/objs-EVB-V2/libtomcrypt.a(mini-gmp.o)
 .text.unlikely.mpn_sub_1.part.6
                0x43fba8c0       0x24 libs/tomcrypt/objs-EVB-V2/libtomcrypt.a(mini-gmp.o)
 .text.mpz_abs_sub_ui.isra.7
                0x43fba8e4      0x12c libs/tomcrypt/objs-EVB-V2/libtomcrypt.a(mini-gmp.o)
 .text.mpz_abs_sub_bit.isra.8
                0x43fbaa10       0xd8 libs/tomcrypt/objs-EVB-V2/libtomcrypt.a(mini-gmp.o)
 .text.mpn_add  0x43fbaae8       0xc4 libs/tomcrypt/objs-EVB-V2/libtomcrypt.a(mini-gmp.o)
                0x43fbaae8                mpn_add
 .text.mpz_abs_add
                0x43fbabac       0xc0 libs/tomcrypt/objs-EVB-V2/libtomcrypt.a(mini-gmp.o)
 .text.mpn_sub  0x43fbac6c       0xd0 libs/tomcrypt/objs-EVB-V2/libtomcrypt.a(mini-gmp.o)
                0x43fbac6c                mpn_sub
 .text.mpz_abs_sub.isra.10
                0x43fbad3c      0x220 libs/tomcrypt/objs-EVB-V2/libtomcrypt.a(mini-gmp.o)
 .text.mpn_mul_1
                0x43fbaf5c       0x90 libs/tomcrypt/objs-EVB-V2/libtomcrypt.a(mini-gmp.o)
                0x43fbaf5c                mpn_mul_1
 .text.mpn_set_str_other
                0x43fbafec      0x144 libs/tomcrypt/objs-EVB-V2/libtomcrypt.a(mini-gmp.o)
 .text.mpn_addmul_1
                0x43fbb130       0x9c libs/tomcrypt/objs-EVB-V2/libtomcrypt.a(mini-gmp.o)
                0x43fbb130                mpn_addmul_1
 .text.mpn_submul_1
                0x43fbb1cc       0xa8 libs/tomcrypt/objs-EVB-V2/libtomcrypt.a(mini-gmp.o)
                0x43fbb1cc                mpn_submul_1
 .text.mpn_mul  0x43fbb274       0xa0 libs/tomcrypt/objs-EVB-V2/libtomcrypt.a(mini-gmp.o)
                0x43fbb274                mpn_mul
 .text.mpn_lshift
                0x43fbb314       0xc4 libs/tomcrypt/objs-EVB-V2/libtomcrypt.a(mini-gmp.o)
                0x43fbb314                mpn_lshift
 .text.mpn_div_qr_1_preinv
                0x43fbb3d8      0x144 libs/tomcrypt/objs-EVB-V2/libtomcrypt.a(mini-gmp.o)
 .text.mpn_rshift
                0x43fbb51c       0xb8 libs/tomcrypt/objs-EVB-V2/libtomcrypt.a(mini-gmp.o)
                0x43fbb51c                mpn_rshift
 .text.mpn_div_qr_preinv
                0x43fbb5d4      0x6a8 libs/tomcrypt/objs-EVB-V2/libtomcrypt.a(mini-gmp.o)
 .text.mpn_invert_3by2
                0x43fbbc7c      0x158 libs/tomcrypt/objs-EVB-V2/libtomcrypt.a(mini-gmp.o)
                0x43fbbc7c                mpn_invert_3by2
 .text.mpn_div_qr_1_invert
                0x43fbbdd4       0x80 libs/tomcrypt/objs-EVB-V2/libtomcrypt.a(mini-gmp.o)
 .text.mpn_get_str_other
                0x43fbbe54      0x100 libs/tomcrypt/objs-EVB-V2/libtomcrypt.a(mini-gmp.o)
 .text.mpn_div_qr_1
                0x43fbbf54      0x110 libs/tomcrypt/objs-EVB-V2/libtomcrypt.a(mini-gmp.o)
 .text.mpz_div_qr_ui.isra.18
                0x43fbc064      0x1f4 libs/tomcrypt/objs-EVB-V2/libtomcrypt.a(mini-gmp.o)
 .text.mpn_div_qr_invert
                0x43fbc258      0x1a8 libs/tomcrypt/objs-EVB-V2/libtomcrypt.a(mini-gmp.o)
 .text.mpz_init
                0x43fbc400       0x30 libs/tomcrypt/objs-EVB-V2/libtomcrypt.a(mini-gmp.o)
                0x43fbc400                mpz_init
 .text.mpz_clear
                0x43fbc430       0x34 libs/tomcrypt/objs-EVB-V2/libtomcrypt.a(mini-gmp.o)
                0x43fbc430                mpz_clear
 .text.mpz_set_ui
                0x43fbc464       0x1c libs/tomcrypt/objs-EVB-V2/libtomcrypt.a(mini-gmp.o)
                0x43fbc464                mpz_set_ui
 .text.mpz_set  0x43fbc480       0x9c libs/tomcrypt/objs-EVB-V2/libtomcrypt.a(mini-gmp.o)
                0x43fbc480                mpz_set
 .text.mpz_init_set
                0x43fbc51c       0x40 libs/tomcrypt/objs-EVB-V2/libtomcrypt.a(mini-gmp.o)
                0x43fbc51c                mpz_init_set
 .text.mpz_get_ui
                0x43fbc55c       0x18 libs/tomcrypt/objs-EVB-V2/libtomcrypt.a(mini-gmp.o)
                0x43fbc55c                mpz_get_ui
 .text.mpz_size
                0x43fbc574       0x10 libs/tomcrypt/objs-EVB-V2/libtomcrypt.a(mini-gmp.o)
                0x43fbc574                mpz_size
 .text.mpz_getlimbn
                0x43fbc584       0x30 libs/tomcrypt/objs-EVB-V2/libtomcrypt.a(mini-gmp.o)
                0x43fbc584                mpz_getlimbn
 .text.mpz_realloc2
                0x43fbc5b4       0x50 libs/tomcrypt/objs-EVB-V2/libtomcrypt.a(mini-gmp.o)
                0x43fbc5b4                mpz_realloc2
 .text.mpz_cmp_ui
                0x43fbc604       0x5c libs/tomcrypt/objs-EVB-V2/libtomcrypt.a(mini-gmp.o)
                0x43fbc604                mpz_cmp_ui
 .text.mpz_cmp  0x43fbc660       0xa0 libs/tomcrypt/objs-EVB-V2/libtomcrypt.a(mini-gmp.o)
                0x43fbc660                mpz_cmp
 .text.mpz_cmpabs
                0x43fbc700       0x70 libs/tomcrypt/objs-EVB-V2/libtomcrypt.a(mini-gmp.o)
                0x43fbc700                mpz_cmpabs
 .text.mpz_neg  0x43fbc770       0x1c libs/tomcrypt/objs-EVB-V2/libtomcrypt.a(mini-gmp.o)
                0x43fbc770                mpz_neg
 .text.mpz_add_ui
                0x43fbc78c       0x38 libs/tomcrypt/objs-EVB-V2/libtomcrypt.a(mini-gmp.o)
                0x43fbc78c                mpz_add_ui
 .text.mpz_div_q_2exp.isra.21
                0x43fbc7c4      0x1e4 libs/tomcrypt/objs-EVB-V2/libtomcrypt.a(mini-gmp.o)
 .text.mpz_make_odd
                0x43fbc9a8       0x80 libs/tomcrypt/objs-EVB-V2/libtomcrypt.a(mini-gmp.o)
 .text.mpz_sub_ui
                0x43fbca28       0x38 libs/tomcrypt/objs-EVB-V2/libtomcrypt.a(mini-gmp.o)
                0x43fbca28                mpz_sub_ui
 .text.mpz_add  0x43fbca60       0x54 libs/tomcrypt/objs-EVB-V2/libtomcrypt.a(mini-gmp.o)
                0x43fbca60                mpz_add
 .text.mpz_sub  0x43fbcab4       0x54 libs/tomcrypt/objs-EVB-V2/libtomcrypt.a(mini-gmp.o)
                0x43fbcab4                mpz_sub
 .text.mpz_div_qr
                0x43fbcb08      0x498 libs/tomcrypt/objs-EVB-V2/libtomcrypt.a(mini-gmp.o)
 .text.mpz_mul_ui
                0x43fbcfa0       0xb8 libs/tomcrypt/objs-EVB-V2/libtomcrypt.a(mini-gmp.o)
                0x43fbcfa0                mpz_mul_ui
 .text.mpz_mul  0x43fbd058       0xf8 libs/tomcrypt/objs-EVB-V2/libtomcrypt.a(mini-gmp.o)
                0x43fbd058                mpz_mul
 .text.mpz_mul_2exp
                0x43fbd150      0x128 libs/tomcrypt/objs-EVB-V2/libtomcrypt.a(mini-gmp.o)
                0x43fbd150                mpz_mul_2exp
 .text.mpz_mod  0x43fbd278       0x30 libs/tomcrypt/objs-EVB-V2/libtomcrypt.a(mini-gmp.o)
                0x43fbd278                mpz_mod
 .text.mpz_divexact
                0x43fbd2a8       0x50 libs/tomcrypt/objs-EVB-V2/libtomcrypt.a(mini-gmp.o)
                0x43fbd2a8                mpz_divexact
 .text.mpz_fdiv_ui
                0x43fbd2f8       0x2c libs/tomcrypt/objs-EVB-V2/libtomcrypt.a(mini-gmp.o)
                0x43fbd2f8                mpz_fdiv_ui
 .text.mpz_divexact_ui
                0x43fbd324       0x54 libs/tomcrypt/objs-EVB-V2/libtomcrypt.a(mini-gmp.o)
                0x43fbd324                mpz_divexact_ui
 .text.mpz_gcd_ui
                0x43fbd378       0xa0 libs/tomcrypt/objs-EVB-V2/libtomcrypt.a(mini-gmp.o)
                0x43fbd378                mpz_gcd_ui
 .text.mpz_gcd  0x43fbd418      0x2c8 libs/tomcrypt/objs-EVB-V2/libtomcrypt.a(mini-gmp.o)
                0x43fbd418                mpz_gcd
 .text.mpz_lcm  0x43fbd6e0       0xd8 libs/tomcrypt/objs-EVB-V2/libtomcrypt.a(mini-gmp.o)
                0x43fbd6e0                mpz_lcm
 .text.mpz_tstbit
                0x43fbd7b8       0x7c libs/tomcrypt/objs-EVB-V2/libtomcrypt.a(mini-gmp.o)
                0x43fbd7b8                mpz_tstbit
 .text.mpz_setbit
                0x43fbd834       0x48 libs/tomcrypt/objs-EVB-V2/libtomcrypt.a(mini-gmp.o)
                0x43fbd834                mpz_setbit
 .text.mpz_gcdext
                0x43fbd87c      0x700 libs/tomcrypt/objs-EVB-V2/libtomcrypt.a(mini-gmp.o)
                0x43fbd87c                mpz_gcdext
 .text.mpz_invert
                0x43fbdf7c      0x1c4 libs/tomcrypt/objs-EVB-V2/libtomcrypt.a(mini-gmp.o)
                0x43fbdf7c                mpz_invert
 .text.mpz_powm
                0x43fbe140      0x478 libs/tomcrypt/objs-EVB-V2/libtomcrypt.a(mini-gmp.o)
                0x43fbe140                mpz_powm
 .text.mpz_powm_ui
                0x43fbe5b8       0x38 libs/tomcrypt/objs-EVB-V2/libtomcrypt.a(mini-gmp.o)
                0x43fbe5b8                mpz_powm_ui
 .text.mpz_scan1
                0x43fbe5f0       0xd4 libs/tomcrypt/objs-EVB-V2/libtomcrypt.a(mini-gmp.o)
                0x43fbe5f0                mpz_scan1
 .text.mpz_probab_prime_p
                0x43fbe6c4      0x398 libs/tomcrypt/objs-EVB-V2/libtomcrypt.a(mini-gmp.o)
                0x43fbe6c4                mpz_probab_prime_p
 .text.mpz_sizeinbase
                0x43fbea5c      0x200 libs/tomcrypt/objs-EVB-V2/libtomcrypt.a(mini-gmp.o)
                0x43fbea5c                mpz_sizeinbase
 .text.mpz_get_str
                0x43fbec5c      0x1b8 libs/tomcrypt/objs-EVB-V2/libtomcrypt.a(mini-gmp.o)
                0x43fbec5c                mpz_get_str
 .text.mpz_set_str
                0x43fbee14      0x2ec libs/tomcrypt/objs-EVB-V2/libtomcrypt.a(mini-gmp.o)
                0x43fbee14                mpz_set_str
 .text.mpz_import
                0x43fbf100      0x23c libs/tomcrypt/objs-EVB-V2/libtomcrypt.a(mini-gmp.o)
                0x43fbf100                mpz_import
 .text.mpz_export
                0x43fbf33c      0x218 libs/tomcrypt/objs-EVB-V2/libtomcrypt.a(mini-gmp.o)
                0x43fbf33c                mpz_export
 .text.crypt_argchk
                0x43fbf554       0x1c libs/tomcrypt/objs-EVB-V2/libtomcrypt.a(crypt_argchk.o)
                0x43fbf554                crypt_argchk
 .text.cipher_is_valid
                0x43fbf570       0x34 libs/tomcrypt/objs-EVB-V2/libtomcrypt.a(crypt_cipher_is_valid.o)
                0x43fbf570                cipher_is_valid
 .text.find_hash
                0x43fbf5a4       0x74 libs/tomcrypt/objs-EVB-V2/libtomcrypt.a(crypt_find_hash.o)
                0x43fbf5a4                find_hash
 .text.find_prng
                0x43fbf618       0x74 libs/tomcrypt/objs-EVB-V2/libtomcrypt.a(crypt_find_prng.o)
                0x43fbf618                find_prng
 .text.register_cipher
                0x43fbf68c       0xa4 libs/tomcrypt/objs-EVB-V2/libtomcrypt.a(crypt_register_cipher.o)
                0x43fbf68c                register_cipher
 .text.register_hash
                0x43fbf730       0xb0 libs/tomcrypt/objs-EVB-V2/libtomcrypt.a(crypt_register_hash.o)
                0x43fbf730                register_hash
 .text.register_prng
                0x43fbf7e0       0xb0 libs/tomcrypt/objs-EVB-V2/libtomcrypt.a(crypt_register_prng.o)
                0x43fbf7e0                register_prng
 .text.find_cipher
                0x43fbf890       0x74 libs/tomcrypt/objs-EVB-V2/libtomcrypt.a(crypt_find_cipher.o)
                0x43fbf890                find_cipher
 .text.error_to_string
                0x43fbf904       0x1c libs/tomcrypt/objs-EVB-V2/libtomcrypt.a(error_to_string.o)
                0x43fbf904                error_to_string
 .text.zeromem  0x43fbf920       0x4c libs/tomcrypt/objs-EVB-V2/libtomcrypt.a(zeromem.o)
                0x43fbf920                zeromem
 .text.mem_neq  0x43fbf96c       0x8c libs/tomcrypt/objs-EVB-V2/libtomcrypt.a(mem_neq.o)
                0x43fbf96c                mem_neq
 .text.ecb_decrypt
                0x43fbf9f8      0x134 libs/tomcrypt/objs-EVB-V2/libtomcrypt.a(ecb_decrypt.o)
                0x43fbf9f8                ecb_decrypt
 .text.ecb_encrypt
                0x43fbfb2c      0x134 libs/tomcrypt/objs-EVB-V2/libtomcrypt.a(ecb_encrypt.o)
                0x43fbfb2c                ecb_encrypt
 .text.ecb_start
                0x43fbfc60       0x98 libs/tomcrypt/objs-EVB-V2/libtomcrypt.a(ecb_start.o)
                0x43fbfc60                ecb_start
 .text.ecb_done
                0x43fbfcf8       0x5c libs/tomcrypt/objs-EVB-V2/libtomcrypt.a(ecb_done.o)
                0x43fbfcf8                ecb_done
 .text.cbc_decrypt
                0x43fbfd54      0x180 libs/tomcrypt/objs-EVB-V2/libtomcrypt.a(cbc_decrypt.o)
                0x43fbfd54                cbc_decrypt
 .text.cbc_encrypt
                0x43fbfed4      0x18c libs/tomcrypt/objs-EVB-V2/libtomcrypt.a(cbc_encrypt.o)
                0x43fbfed4                cbc_encrypt
 .text.cbc_start
                0x43fc0060       0xe4 libs/tomcrypt/objs-EVB-V2/libtomcrypt.a(cbc_start.o)
                0x43fc0060                cbc_start
 .text.cbc_done
                0x43fc0144       0x5c libs/tomcrypt/objs-EVB-V2/libtomcrypt.a(cbc_done.o)
                0x43fc0144                cbc_done
 .text.ecc_decrypt_key
                0x43fc01a0      0x3a0 libs/tomcrypt/objs-EVB-V2/libtomcrypt.a(ecc_decrypt_key.o)
                0x43fc01a0                ecc_decrypt_key
 .text.ecc_encrypt_key
                0x43fc0540      0x374 libs/tomcrypt/objs-EVB-V2/libtomcrypt.a(ecc_encrypt_key.o)
                0x43fc0540                ecc_encrypt_key
 .text.ecc_export
                0x43fc08b4      0x19c libs/tomcrypt/objs-EVB-V2/libtomcrypt.a(ecc_export.o)
                0x43fc08b4                ecc_export
 .text.ecc_free
                0x43fc0a50       0x48 libs/tomcrypt/objs-EVB-V2/libtomcrypt.a(ecc_free.o)
                0x43fc0a50                ecc_free
 .text.ecc_import_ex
                0x43fc0a98      0x4a4 libs/tomcrypt/objs-EVB-V2/libtomcrypt.a(ecc_import.o)
                0x43fc0a98                ecc_import_ex
 .text.ecc_import
                0x43fc0f3c        0x8 libs/tomcrypt/objs-EVB-V2/libtomcrypt.a(ecc_import.o)
                0x43fc0f3c                ecc_import
 .text.ecc_make_key_ex
                0x43fc0f44      0x314 libs/tomcrypt/objs-EVB-V2/libtomcrypt.a(ecc_make_key.o)
                0x43fc0f44                ecc_make_key_ex
 .text.ecc_make_key
                0x43fc1258       0x98 libs/tomcrypt/objs-EVB-V2/libtomcrypt.a(ecc_make_key.o)
                0x43fc1258                ecc_make_key
 .text.ecc_shared_secret
                0x43fc12f0      0x1dc libs/tomcrypt/objs-EVB-V2/libtomcrypt.a(ecc_shared_secret.o)
                0x43fc12f0                ecc_shared_secret
 .text.ecc_sign_hash_raw
                0x43fc14cc      0x284 libs/tomcrypt/objs-EVB-V2/libtomcrypt.a(ecc_sign_hash.o)
                0x43fc14cc                ecc_sign_hash_raw
 .text.ecc_sign_hash
                0x43fc1750      0x14c libs/tomcrypt/objs-EVB-V2/libtomcrypt.a(ecc_sign_hash.o)
                0x43fc1750                ecc_sign_hash
 .text.ecc_verify_hash_raw
                0x43fc189c      0x4c0 libs/tomcrypt/objs-EVB-V2/libtomcrypt.a(ecc_verify_hash.o)
                0x43fc189c                ecc_verify_hash_raw
 .text.ecc_verify_hash
                0x43fc1d5c      0x138 libs/tomcrypt/objs-EVB-V2/libtomcrypt.a(ecc_verify_hash.o)
                0x43fc1d5c                ecc_verify_hash
 .text.ltc_ecc_is_valid_idx
                0x43fc1e94       0x44 libs/tomcrypt/objs-EVB-V2/libtomcrypt.a(ltc_ecc_is_valid_idx.o)
                0x43fc1e94                ltc_ecc_is_valid_idx
 .text.ltc_ecc_map
                0x43fc1ed8      0x1e0 libs/tomcrypt/objs-EVB-V2/libtomcrypt.a(ltc_ecc_map.o)
                0x43fc1ed8                ltc_ecc_map
 .text.ltc_ecc_mul2add
                0x43fc20b8      0x6e0 libs/tomcrypt/objs-EVB-V2/libtomcrypt.a(ltc_ecc_mul2add.o)
                0x43fc20b8                ltc_ecc_mul2add
 .text.ltc_ecc_mulmod
                0x43fc2798      0x50c libs/tomcrypt/objs-EVB-V2/libtomcrypt.a(ltc_ecc_mulmod_timing.o)
                0x43fc2798                ltc_ecc_mulmod
 .text.ltc_ecc_new_point
                0x43fc2ca4       0x78 libs/tomcrypt/objs-EVB-V2/libtomcrypt.a(ltc_ecc_points.o)
                0x43fc2ca4                ltc_ecc_new_point
 .text.ltc_ecc_del_point
                0x43fc2d1c       0x50 libs/tomcrypt/objs-EVB-V2/libtomcrypt.a(ltc_ecc_points.o)
                0x43fc2d1c                ltc_ecc_del_point
 .text.ltc_ecc_projective_add_point
                0x43fc2d6c      0x9b4 libs/tomcrypt/objs-EVB-V2/libtomcrypt.a(ltc_ecc_projective_add_point.o)
                0x43fc2d6c                ltc_ecc_projective_add_point
 .text.ltc_ecc_projective_dbl_point
                0x43fc3720      0x680 libs/tomcrypt/objs-EVB-V2/libtomcrypt.a(ltc_ecc_projective_dbl_point.o)
                0x43fc3720                ltc_ecc_projective_dbl_point
 .text.pka_montg_calc_r_inv
                0x43fc3da0       0x60 libs/tomcrypt/objs-EVB-V2/libtomcrypt.a(pka_basic_math.o)
                0x43fc3da0                pka_montg_calc_r_inv
 .text.pka_montg_calc_mp
                0x43fc3e00       0x7c libs/tomcrypt/objs-EVB-V2/libtomcrypt.a(pka_basic_math.o)
                0x43fc3e00                pka_montg_calc_mp
 .text.pka_montg_r_sqr
                0x43fc3e7c       0x7c libs/tomcrypt/objs-EVB-V2/libtomcrypt.a(pka_basic_math.o)
                0x43fc3e7c                pka_montg_r_sqr
 .text.pka_modmult
                0x43fc3ef8       0xc4 libs/tomcrypt/objs-EVB-V2/libtomcrypt.a(pka_basic_math.o)
                0x43fc3ef8                pka_modmult
 .text.pka_modadd
                0x43fc3fbc       0x94 libs/tomcrypt/objs-EVB-V2/libtomcrypt.a(pka_basic_math.o)
                0x43fc3fbc                pka_modadd
 .text.pka_modsub
                0x43fc4050       0x94 libs/tomcrypt/objs-EVB-V2/libtomcrypt.a(pka_basic_math.o)
                0x43fc4050                pka_modsub
 .text.pka_modinv
                0x43fc40e4       0x7c libs/tomcrypt/objs-EVB-V2/libtomcrypt.a(pka_basic_math.o)
                0x43fc40e4                pka_modinv
 .text.pka_set_reg_base
                0x43fc4160       0x10 libs/tomcrypt/objs-EVB-V2/libtomcrypt.a(pka_ctrl.o)
                0x43fc4160                pka_set_reg_base
 .text.pka_wr_op_blk
                0x43fc4170       0x74 libs/tomcrypt/objs-EVB-V2/libtomcrypt.a(pka_ctrl.o)
                0x43fc4170                pka_wr_op_blk
 .text.pka_rd_op_blk
                0x43fc41e4       0x6c libs/tomcrypt/objs-EVB-V2/libtomcrypt.a(pka_ctrl.o)
                0x43fc41e4                pka_rd_op_blk
 .text.log2i    0x43fc4250       0x58 libs/tomcrypt/objs-EVB-V2/libtomcrypt.a(pka_ctrl.o)
                0x43fc4250                log2i
 .text.pka_ctrl
                0x43fc42a8       0xa8 libs/tomcrypt/objs-EVB-V2/libtomcrypt.a(pka_ctrl.o)
                0x43fc42a8                pka_ctrl
 .text.pka_pre_check
                0x43fc4350       0xc0 libs/tomcrypt/objs-EVB-V2/libtomcrypt.a(pka_ctrl.o)
                0x43fc4350                pka_pre_check
 .text.pka_run_func
                0x43fc4410       0x94 libs/tomcrypt/objs-EVB-V2/libtomcrypt.a(pka_ctrl.o)
                0x43fc4410                pka_run_func
 .text.pka_ecc_pmul
                0x43fc44a4      0x158 libs/tomcrypt/objs-EVB-V2/libtomcrypt.a(pka_ecc_math.o)
                0x43fc44a4                pka_ecc_pmul
 .text.pka_ecc_padd
                0x43fc45fc      0x124 libs/tomcrypt/objs-EVB-V2/libtomcrypt.a(pka_ecc_math.o)
                0x43fc45fc                pka_ecc_padd
 .text.pka_ecc_shamir
                0x43fc4720      0x160 libs/tomcrypt/objs-EVB-V2/libtomcrypt.a(pka_ecc_math.o)
                0x43fc4720                pka_ecc_shamir
 .text.pka_ecc_pdbl
                0x43fc4880       0xf4 libs/tomcrypt/objs-EVB-V2/libtomcrypt.a(pka_ecc_math.o)
                0x43fc4880                pka_ecc_pdbl
 .text.print_hex
                0x43fc4974      0x110 libs/tomcrypt/objs-EVB-V2/libtomcrypt.a(pka_utils.o)
                0x43fc4974                print_hex
 .text.dmb      0x43fc4a84        0xc libs/tomcrypt/objs-EVB-V2/libtomcrypt.a(pka_utils.o)
                0x43fc4a84                dmb
 .text.mpz_rm_lead0
                0x43fc4a90       0x58 libs/tomcrypt/objs-EVB-V2/libtomcrypt.a(pka_utils.o)
                0x43fc4a90                mpz_rm_lead0
 .text.rng_make_prng
                0x43fc4ae8       0xd8 libs/tomcrypt/objs-EVB-V2/libtomcrypt.a(rng_make_prng.o)
                0x43fc4ae8                rng_make_prng
 .text.yarrow_add_entropy
                0x43fc4bc0       0xf4 libs/tomcrypt/objs-EVB-V2/libtomcrypt.a(yarrow.o)
                0x43fc4bc0                yarrow_add_entropy
 .text.yarrow_start
                0x43fc4cb4       0x78 libs/tomcrypt/objs-EVB-V2/libtomcrypt.a(yarrow.o)
                0x43fc4cb4                yarrow_start
 .text.yarrow_test
                0x43fc4d2c       0x70 libs/tomcrypt/objs-EVB-V2/libtomcrypt.a(yarrow.o)
                0x43fc4d2c                yarrow_test
 .text.yarrow_import
                0x43fc4d9c       0x88 libs/tomcrypt/objs-EVB-V2/libtomcrypt.a(yarrow.o)
                0x43fc4d9c                yarrow_import
 .text.yarrow_ready
                0x43fc4e24       0xb8 libs/tomcrypt/objs-EVB-V2/libtomcrypt.a(yarrow.o)
                0x43fc4e24                yarrow_ready
 .text.yarrow_read
                0x43fc4edc       0x70 libs/tomcrypt/objs-EVB-V2/libtomcrypt.a(yarrow.o)
                0x43fc4edc                yarrow_read
 .text.yarrow_export
                0x43fc4f4c       0x98 libs/tomcrypt/objs-EVB-V2/libtomcrypt.a(yarrow.o)
                0x43fc4f4c                yarrow_export
 .text.yarrow_done
                0x43fc4fe4       0x2c libs/tomcrypt/objs-EVB-V2/libtomcrypt.a(yarrow.o)
                0x43fc4fe4                yarrow_done
 .text.gcm_add_aad
                0x43fc5010      0x2cc libs/tomcrypt/objs-EVB-V2/libtomcrypt.a(gcm_add_aad.o)
                0x43fc5010                gcm_add_aad
 .text.gcm_add_iv
                0x43fc52dc      0x14c libs/tomcrypt/objs-EVB-V2/libtomcrypt.a(gcm_add_iv.o)
                0x43fc52dc                gcm_add_iv
 .text.gcm_done
                0x43fc5428      0x224 libs/tomcrypt/objs-EVB-V2/libtomcrypt.a(gcm_done.o)
                0x43fc5428                gcm_done
 .text.gcm_init
                0x43fc564c      0x118 libs/tomcrypt/objs-EVB-V2/libtomcrypt.a(gcm_init.o)
                0x43fc564c                gcm_init
 .text.gcm_mult_h
                0x43fc5764       0x30 libs/tomcrypt/objs-EVB-V2/libtomcrypt.a(gcm_mult_h.o)
                0x43fc5764                gcm_mult_h
 .text.hash_memory
                0x43fc5794      0x160 libs/tomcrypt/objs-EVB-V2/libtomcrypt.a(hash_memory.o)
                0x43fc5794                hash_memory
 .text.omac_process
                0x43fc58f4      0x14c libs/tomcrypt/objs-EVB-V2/libtomcrypt.a(omac_process.o)
                0x43fc58f4                omac_process
 .text.find_hash_oid
                0x43fc5a40       0x8c libs/tomcrypt/objs-EVB-V2/libtomcrypt.a(crypt_find_hash_oid.o)
                0x43fc5a40                find_hash_oid
 .text.hash_is_valid
                0x43fc5acc       0x34 libs/tomcrypt/objs-EVB-V2/libtomcrypt.a(crypt_hash_is_valid.o)
                0x43fc5acc                hash_is_valid
 .text.prng_is_valid
                0x43fc5b00       0x34 libs/tomcrypt/objs-EVB-V2/libtomcrypt.a(crypt_prng_is_valid.o)
                0x43fc5b00                prng_is_valid
 .text.ctr_done
                0x43fc5b34       0x5c libs/tomcrypt/objs-EVB-V2/libtomcrypt.a(ctr_done.o)
                0x43fc5b34                ctr_done
 .text.ctr_encrypt
                0x43fc5b90      0x26c libs/tomcrypt/objs-EVB-V2/libtomcrypt.a(ctr_encrypt.o)
                0x43fc5b90                ctr_encrypt
 .text.ctr_start
                0x43fc5dfc      0x24c libs/tomcrypt/objs-EVB-V2/libtomcrypt.a(ctr_start.o)
                0x43fc5dfc                ctr_start
 .text.der_decode_sequence_ex
                0x43fc6048      0x5bc libs/tomcrypt/objs-EVB-V2/libtomcrypt.a(der_decode_sequence_ex.o)
                0x43fc6048                der_decode_sequence_ex
 .text.der_decode_sequence_multi
                0x43fc6604      0x1a4 libs/tomcrypt/objs-EVB-V2/libtomcrypt.a(der_decode_sequence_multi.o)
                0x43fc6604                der_decode_sequence_multi
 .text.der_encode_sequence_multi
                0x43fc67a8      0x214 libs/tomcrypt/objs-EVB-V2/libtomcrypt.a(der_encode_sequence_multi.o)
                0x43fc67a8                der_encode_sequence_multi
 .text.der_length_sequence
                0x43fc69bc      0x248 libs/tomcrypt/objs-EVB-V2/libtomcrypt.a(der_length_sequence.o)
                0x43fc69bc                der_length_sequence
 .text.der_decode_short_integer
                0x43fc6c04       0xa4 libs/tomcrypt/objs-EVB-V2/libtomcrypt.a(der_decode_short_integer.o)
                0x43fc6c04                der_decode_short_integer
 .text.der_length_short_integer
                0x43fc6ca8       0x80 libs/tomcrypt/objs-EVB-V2/libtomcrypt.a(der_length_short_integer.o)
                0x43fc6ca8                der_length_short_integer
 .text.der_decode_teletex_string
                0x43fc6d28      0x14c libs/tomcrypt/objs-EVB-V2/libtomcrypt.a(der_decode_teletex_string.o)
                0x43fc6d28                der_decode_teletex_string
 .text.der_teletex_value_decode
                0x43fc6e74       0x48 libs/tomcrypt/objs-EVB-V2/libtomcrypt.a(der_length_teletex_string.o)
                0x43fc6e74                der_teletex_value_decode
 .text.der_length_teletex_string
                0x43fc6ebc       0xfc libs/tomcrypt/objs-EVB-V2/libtomcrypt.a(der_length_teletex_string.o)
                0x43fc6ebc                der_length_teletex_string
 .text.der_decode_utctime
                0x43fc6fb8      0x570 libs/tomcrypt/objs-EVB-V2/libtomcrypt.a(der_decode_utctime.o)
                0x43fc6fb8                der_decode_utctime
 .text.der_length_utctime
                0x43fc7528       0x78 libs/tomcrypt/objs-EVB-V2/libtomcrypt.a(der_length_utctime.o)
                0x43fc7528                der_length_utctime
 .text.der_decode_utf8_string
                0x43fc75a0      0x1d4 libs/tomcrypt/objs-EVB-V2/libtomcrypt.a(der_decode_utf8_string.o)
                0x43fc75a0                der_decode_utf8_string
 .text.der_utf8_charsize
                0x43fc7774       0x30 libs/tomcrypt/objs-EVB-V2/libtomcrypt.a(der_length_utf8_string.o)
                0x43fc7774                der_utf8_charsize
 .text.der_length_utf8_string
                0x43fc77a4      0x124 libs/tomcrypt/objs-EVB-V2/libtomcrypt.a(der_length_utf8_string.o)
                0x43fc77a4                der_length_utf8_string
 .text.rng_get_bytes
                0x43fc78c8       0x28 libs/tomcrypt/objs-EVB-V2/libtomcrypt.a(rng_get_bytes.o)
                0x43fc78c8                rng_get_bytes
 .text.gcm_gf_mult
                0x43fc78f0       0xe4 libs/tomcrypt/objs-EVB-V2/libtomcrypt.a(gcm_gf_mult.o)
                0x43fc78f0                gcm_gf_mult
 .text.der_decode_bit_string
                0x43fc79d4      0x168 libs/tomcrypt/objs-EVB-V2/libtomcrypt.a(der_decode_bit_string.o)
                0x43fc79d4                der_decode_bit_string
 .text.der_decode_raw_bit_string
                0x43fc7b3c      0x164 libs/tomcrypt/objs-EVB-V2/libtomcrypt.a(der_decode_raw_bit_string.o)
                0x43fc7b3c                der_decode_raw_bit_string
 .text.der_length_bit_string
                0x43fc7ca0       0x7c libs/tomcrypt/objs-EVB-V2/libtomcrypt.a(der_length_bit_string.o)
                0x43fc7ca0                der_length_bit_string
 .text.der_decode_boolean
                0x43fc7d1c       0x94 libs/tomcrypt/objs-EVB-V2/libtomcrypt.a(der_decode_boolean.o)
                0x43fc7d1c                der_decode_boolean
 .text.der_length_boolean
                0x43fc7db0       0x34 libs/tomcrypt/objs-EVB-V2/libtomcrypt.a(der_length_boolean.o)
                0x43fc7db0                der_length_boolean
 .text.der_decode_choice
                0x43fc7de4      0x434 libs/tomcrypt/objs-EVB-V2/libtomcrypt.a(der_decode_choice.o)
                0x43fc7de4                der_decode_choice
 .text.der_decode_ia5_string
                0x43fc8218      0x14c libs/tomcrypt/objs-EVB-V2/libtomcrypt.a(der_decode_ia5_string.o)
                0x43fc8218                der_decode_ia5_string
 .text.der_ia5_char_encode
                0x43fc8364       0x44 libs/tomcrypt/objs-EVB-V2/libtomcrypt.a(der_length_ia5_string.o)
                0x43fc8364                der_ia5_char_encode
 .text.der_ia5_value_decode
                0x43fc83a8       0x48 libs/tomcrypt/objs-EVB-V2/libtomcrypt.a(der_length_ia5_string.o)
                0x43fc83a8                der_ia5_value_decode
 .text.der_length_ia5_string
                0x43fc83f0       0xfc libs/tomcrypt/objs-EVB-V2/libtomcrypt.a(der_length_ia5_string.o)
                0x43fc83f0                der_length_ia5_string
 .text.der_decode_integer
                0x43fc84ec      0x1ac libs/tomcrypt/objs-EVB-V2/libtomcrypt.a(der_decode_integer.o)
                0x43fc84ec                der_decode_integer
 .text.der_length_integer
                0x43fc8698      0x120 libs/tomcrypt/objs-EVB-V2/libtomcrypt.a(der_length_integer.o)
                0x43fc8698                der_length_integer
 .text.der_decode_object_identifier
                0x43fc87b8      0x16c libs/tomcrypt/objs-EVB-V2/libtomcrypt.a(der_decode_object_identifier.o)
                0x43fc87b8                der_decode_object_identifier
 .text.der_object_identifier_bits
                0x43fc8924       0x24 libs/tomcrypt/objs-EVB-V2/libtomcrypt.a(der_length_object_identifier.o)
                0x43fc8924                der_object_identifier_bits
 .text.der_length_object_identifier
                0x43fc8948      0x130 libs/tomcrypt/objs-EVB-V2/libtomcrypt.a(der_length_object_identifier.o)
                0x43fc8948                der_length_object_identifier
 .text.der_decode_octet_string
                0x43fc8a78      0x120 libs/tomcrypt/objs-EVB-V2/libtomcrypt.a(der_decode_octet_string.o)
                0x43fc8a78                der_decode_octet_string
 .text.der_length_octet_string
                0x43fc8b98       0x84 libs/tomcrypt/objs-EVB-V2/libtomcrypt.a(der_length_octet_string.o)
                0x43fc8b98                der_length_octet_string
 .text.der_decode_printable_string
                0x43fc8c1c      0x14c libs/tomcrypt/objs-EVB-V2/libtomcrypt.a(der_decode_printable_string.o)
                0x43fc8c1c                der_decode_printable_string
 .text.der_printable_char_encode
                0x43fc8d68       0x44 libs/tomcrypt/objs-EVB-V2/libtomcrypt.a(der_length_printable_string.o)
                0x43fc8d68                der_printable_char_encode
 .text.der_printable_value_decode
                0x43fc8dac       0x48 libs/tomcrypt/objs-EVB-V2/libtomcrypt.a(der_length_printable_string.o)
                0x43fc8dac                der_printable_value_decode
 .text.der_length_printable_string
                0x43fc8df4       0xfc libs/tomcrypt/objs-EVB-V2/libtomcrypt.a(der_length_printable_string.o)
                0x43fc8df4                der_length_printable_string
 .text.der_encode_sequence_ex
                0x43fc8ef0      0x5f0 libs/tomcrypt/objs-EVB-V2/libtomcrypt.a(der_encode_sequence_ex.o)
                0x43fc8ef0                der_encode_sequence_ex
 .text.qsort_helper
                0x43fc94e0       0x68 libs/tomcrypt/objs-EVB-V2/libtomcrypt.a(der_encode_set.o)
 .text.der_encode_set
                0x43fc9548       0xec libs/tomcrypt/objs-EVB-V2/libtomcrypt.a(der_encode_set.o)
                0x43fc9548                der_encode_set
 .text.qsort_helper
                0x43fc9634       0xc0 libs/tomcrypt/objs-EVB-V2/libtomcrypt.a(der_encode_setof.o)
 .text.der_encode_setof
                0x43fc96f4      0x26c libs/tomcrypt/objs-EVB-V2/libtomcrypt.a(der_encode_setof.o)
                0x43fc96f4                der_encode_setof
 .text.der_encode_short_integer
                0x43fc9960      0x154 libs/tomcrypt/objs-EVB-V2/libtomcrypt.a(der_encode_short_integer.o)
                0x43fc9960                der_encode_short_integer
 .text.der_encode_utctime
                0x43fc9ab4      0x324 libs/tomcrypt/objs-EVB-V2/libtomcrypt.a(der_encode_utctime.o)
                0x43fc9ab4                der_encode_utctime
 .text.der_encode_utf8_string
                0x43fc9dd8      0x2e8 libs/tomcrypt/objs-EVB-V2/libtomcrypt.a(der_encode_utf8_string.o)
                0x43fc9dd8                der_encode_utf8_string
 .text.rng_hw   0x43fca0c0       0x6c libs/tomcrypt/objs-EVB-V2/libtomcrypt.a(brite_prng.o)
                0x43fca0c0                rng_hw
 .text.der_encode_bit_string
                0x43fca12c      0x198 libs/tomcrypt/objs-EVB-V2/libtomcrypt.a(der_encode_bit_string.o)
                0x43fca12c                der_encode_bit_string
 .text.der_encode_raw_bit_string
                0x43fca2c4      0x1a0 libs/tomcrypt/objs-EVB-V2/libtomcrypt.a(der_encode_raw_bit_string.o)
                0x43fca2c4                der_encode_raw_bit_string
 .text.der_encode_boolean
                0x43fca464       0x88 libs/tomcrypt/objs-EVB-V2/libtomcrypt.a(der_encode_boolean.o)
                0x43fca464                der_encode_boolean
 .text.der_encode_ia5_string
                0x43fca4ec      0x160 libs/tomcrypt/objs-EVB-V2/libtomcrypt.a(der_encode_ia5_string.o)
                0x43fca4ec                der_encode_ia5_string
 .text.der_encode_integer
                0x43fca64c      0x33c libs/tomcrypt/objs-EVB-V2/libtomcrypt.a(der_encode_integer.o)
                0x43fca64c                der_encode_integer
 .text.der_encode_object_identifier
                0x43fca988      0x268 libs/tomcrypt/objs-EVB-V2/libtomcrypt.a(der_encode_object_identifier.o)
                0x43fca988                der_encode_object_identifier
 .text.der_encode_octet_string
                0x43fcabf0      0x160 libs/tomcrypt/objs-EVB-V2/libtomcrypt.a(der_encode_octet_string.o)
                0x43fcabf0                der_encode_octet_string
 .text.der_encode_printable_string
                0x43fcad50      0x160 libs/tomcrypt/objs-EVB-V2/libtomcrypt.a(der_encode_printable_string.o)
                0x43fcad50                der_encode_printable_string
 .text.console_init
                0x43fcaeb0       0x54 drivers/objs-EVB-V2/libdriver.a(console.o)
                0x43fcaeb0                console_init
 .text.console_reinit_baud
                0x43fcaf04       0x3c drivers/objs-EVB-V2/libdriver.a(console.o)
                0x43fcaf04                console_reinit_baud
 .text.console_tstc
                0x43fcaf40       0x10 drivers/objs-EVB-V2/libdriver.a(console.o)
                0x43fcaf40                console_tstc
 .text.console_flush
                0x43fcaf50       0x10 drivers/objs-EVB-V2/libdriver.a(console.o)
                0x43fcaf50                console_flush
 .text.console_baud
                0x43fcaf60       0x14 drivers/objs-EVB-V2/libdriver.a(console.o)
                0x43fcaf60                console_baud
 .text.console_putc
                0x43fcaf74       0x44 drivers/objs-EVB-V2/libdriver.a(console.o)
                0x43fcaf74                console_putc
 .text.console_getc
                0x43fcafb8       0x10 drivers/objs-EVB-V2/libdriver.a(console.o)
                0x43fcafb8                console_getc
 .text.console_puts
                0x43fcafc8       0x28 drivers/objs-EVB-V2/libdriver.a(console.o)
                0x43fcafc8                console_puts
 .text.console_gets
                0x43fcaff0       0xe4 drivers/objs-EVB-V2/libdriver.a(console.o)
                0x43fcaff0                console_gets
 .text.console_printf
                0x43fcb0d4       0x6c drivers/objs-EVB-V2/libdriver.a(console.o)
                0x43fcb0d4                console_printf
 .text.printf   0x43fcb140       0x6c drivers/objs-EVB-V2/libdriver.a(console.o)
                0x43fcb140                printf
 .text.console_check_char