test_ddr.c:222:13:regions_cmp	48	static
test_ddr.c:693:13:walkbits1_cmp	72	static
test_ddr.c:651:13:walkbits0_cmp	72	static
test_ddr.c:613:13:bitflip_cmp	72	static
test_ddr.c:568:13:bitspread_cmp	88	static
test_ddr.c:532:13:chkboard_cmp	64	static
test_ddr.c:499:13:blockseq_cmp	64	static
test_ddr.c:463:13:solidbits_cmp	64	static
test_ddr.c:190:13:ddr_post_addrline	24	static
test_ddr.c:1740:12:ddr_walkbits1_cmp_test	24	static
test_ddr.c:1681:12:ddr_walkbits0_cmp_test	24	static
test_ddr.c:1622:12:ddr_bitflip_cmp_test	24	static
test_ddr.c:1563:12:ddr_bitspread_cmp_test	24	static
test_ddr.c:1504:12:ddr_chkboard_cmp_test	24	static
test_ddr.c:1445:12:ddr_blockseq_cmp_test	24	static
test_ddr.c:1386:12:ddr_solidbits_cmp_test	24	static
test_ddr.c:859:12:ddr_addrline_probe	24	static
test_ddr.c:785:13:wide16bits_random_cmp	64	static
test_ddr.c:1858:12:ddr_wide16bits_cmp_test	24	static
test_ddr.c:735:13:wide8bits_random_cmp	64	static
test_ddr.c:1799:12:ddr_wide8bits_cmp_test	24	static
test_ddr.c:439:13:seqinc_cmp	64	static
test_ddr.c:1327:12:ddr_seqinc_cmp_test	24	static
test_ddr.c:412:13:and_cmp	64	static
test_ddr.c:1268:12:ddr_and_cmp_test	24	static
test_ddr.c:385:13:or_cmp	64	static
test_ddr.c:1209:12:ddr_or_cmp_test	24	static
test_ddr.c:353:13:div_cmp	64	static
test_ddr.c:1150:12:ddr_div_cmp_test	24	static
test_ddr.c:326:13:mul_cmp	64	static
test_ddr.c:1091:12:ddr_mul_cmp_test	24	static
test_ddr.c:299:13:sub_cmp	64	static
test_ddr.c:1032:12:ddr_sub_cmp_test	24	static
test_ddr.c:272:13:xor_cmp	64	static
test_ddr.c:973:12:ddr_xor_cmp_test	24	static
test_ddr.c:250:13:random_value_cmp	48	static
test_ddr.c:914:12:ddr_random_value_test	24	static
test_ddr.c:50:12:cmd_help	0	static
test_ddr.c:835:12:ddr_dataline_probe	80	static
test_ddr.c:1955:5:ddr_test_prepare	16	static
