test_uart.c:1557:12:four_uarts_tx	408	static
test_uart.c:1505:12:console_switch	16	static
test_uart.c:1479:12:uart_cleanup	16	static
test_uart.c:1387:12:uart_reset	24	static
test_uart.c:160:13:uart_generate_random_data	24	static
test_uart.c:820:12:uart_line	24	static
test_uart.c:686:12:uart_modem	32	static
test_uart.c:846:12:uart_line_master	32	static
test_uart.c:410:12:uart_modem_loopback	32	static
test_uart.c:205:12:cmd_help	0	static
test_uart.c:515:6:uart_transfer_int_handler	8	static
test_uart.c:882:6:uart_int_handler	16	static
test_uart.c:1034:6:uart_dma_block_int_handler	32	static
test_uart.c:1114:6:uart_dma_block_echo_int_handler	32	static
test_uart.c:1533:12:uart_reg_dump	32	static
test_uart.c:1450:12:uart_recv	16	static
test_uart.c:41:12:uart_init	48	static
test_uart.c:136:12:uart_cfg	32	static
test_uart.c:346:12:uart_external_loopback	56	static
test_uart.c:277:12:uart_loopback	64	static
test_uart.c:181:12:uart_compare_result	24	static
test_uart.c:1206:12:uart_dma_block	56	static
test_uart.c:648:12:uart_echo	16	static
test_uart.c:915:12:uart_int	48	static
test_uart.c:754:12:uart_modem_master	24	static
test_uart.c:620:6:uart_echo_int_handler	80	static
test_uart.c:791:6:uart_line_int_handler	16	static
test_uart.c:586:12:uart_flowctrl	32	static
test_uart.c:535:12:uart_transfer	56	static
test_uart.c:1428:12:uart_send	16	static
test_uart.c:1648:5:uart_test_prepare	24	static
test_uart.c:1742:6:uart_reset_test	24	static
test_uart.c:1785:6:uart_cg_test	24	static
