test_timer.c:157:12:timer_reload	24	static
test_timer.c:100:12:cmd_help	0	static
test_timer.c:662:6:timer_int_handler	16	static
test_timer.c:687:6:timer_int_cmp_handler	16	static
test_timer.c:1336:12:timer_reg_dump	16	static
test_timer.c:1102:12:timer_pwm	32	static
test_timer.c:1014:12:timer_compare	24	static
test_timer.c:908:12:timer_capture_gpio	40	static
test_timer.c:793:12:timer_capture	40	static
test_timer.c:708:12:timer_int	32	static
test_timer.c:541:12:timer_div	32	static
test_timer.c:42:12:timer_check_counter	32	static
test_timer.c:473:12:timer_reset	32	static
test_timer.c:240:12:timer_count_mode	56	static
test_timer.c:108:12:timer_start_stop	16	static
test_timer.c:325:12:timer_overflow	72	static
test_timer.c:29:13:timer_restore_system.part.8	8	static
test_timer.c:1200:5:timer_rtc_capture	56	static
test_timer.c:1317:5:timer_test_cleanup	8	static
test_timer.c:1384:5:timer_test_prepare	8	static
test_timer.c:1391:6:timer_reset_test	24	static
test_timer.c:1439:6:timer_cg_test	24	static
