test_otp.c:19:12:otp_test_init	8	static
test_otp.c:735:12:otp_low_power_test	24	static
test_otp.c:570:12:otp_key_dis_chk	544	static
test_otp.c:417:12:otp_get_onebyte	24	static
test_otp.c:470:12:otp_test	664	static
test_otp.c:304:12:otp_set_onebyte	32	static
test_otp.c:248:12:otp_get_onebit	32	static
test_otp.c:170:12:otp_set_onebit	32	static
test_otp.c:1046:12:otp_secure_show	104	static
test_otp.c:1118:12:otp_non_secure_show_robust	120	static
test_otp.c:15:12:cmd_help	0	static
test_otp.c:834:6:otp_int_handler	16	static
test_otp.c:851:12:otp_int	16	static
test_otp.c:710:12:otp_key_disable	8	static
test_otp.c:1206:12:otp_config_show	32	static
test_otp.c:1072:12:otp_non_secure_show	96	static
test_otp.c:1308:6:otp_reset_test	8	static
test_otp.c:1314:6:otp_cg_test	24	static
