test_nand.c:152:12:cmd_help	0	static
test_nand.c:816:6:nand_int_handler	8	static
test_nand.c:1058:12:nand_check_bb	16	static
test_nand.c:33:6:nand_detect	32	static
test_nand.c:57:12:nand_init	280	static
test_nand.c:1229:12:nand_read_bbt	40	static
test_nand.c:1188:12:nand_write_bbt	16	static
test_nand.c:1151:12:nand_mark_bb	16	static
test_nand.c:1098:12:nand_scan_bbt	40	static
test_nand.c:270:12:nand_erase_all	24	static
test_nand.c:834:12:nand_int	24	static
test_nand.c:895:12:nand_ecc	56	static
test_nand.c:706:12:nand_read	48	static
test_nand.c:523:12:nand_1wmr	72	static
test_nand.c:319:12:nand_write	64	static
test_nand.c:187:12:nand_erase	40	static
test_nand.c:160:12:nand_probe	16	static
test_nand.c:1307:6:nfc_reset_test	16	static
test_nand.c:1340:6:nfc_cg_test	16	static
