test_APIs.c:1596:12:get_boot_interface	8	static
test_APIs.c:425:13:aes_print_buffer	32	static
test_APIs.c:1455:12:rng_data_dump	32	static
test_APIs.c:599:12:aes_cbc_test	560	static
test_APIs.c:827:12:aes_gcm_test	584	static
test_APIs.c:1072:12:aes_ccm_test	640	static
test_APIs.c:1346:12:aes_func_test	280	static
test_APIs.c:275:12:get_secure_key	64	static
test_APIs.c:215:12:cmd_help	0	static
test_APIs.c:1427:12:rng_test	80	static
test_APIs.c:1367:12:image_verify_test	24	static
test_APIs.c:369:12:get_non_secure_byte	8	static
test_APIs.c:340:12:secure_key_disable	8	static
test_APIs.c:309:12:set_secure_byte	16	static
test_APIs.c:396:12:set_non_secure_byte	16	static
test_APIs.c:220:5:sec_api_init	64	static
test_APIs.c:1542:6:ecc384_sign_verify_test	16	dynamic
test_APIs.c:1581:12:ecc384_test	8	static
test_APIs.c:1634:5:APIs_test_prepare	16	static
test_APIs.c:1650:5:APIs_test_cleanup	0	static
