test_qspi.c:46:12:cmd_help	0	static
test_qspi.c:681:6:qspi_int_handler	8	static
test_qspi.c:1030:12:qspi_check_bb	16	static
test_qspi.c:54:6:qspi_detect	40	static
test_qspi.c:114:12:qspi_init	296	static
test_qspi.c:1457:12:qspi_mode_write_only	56	static
test_qspi.c:1150:12:qspi_ecc_test	96	static
test_qspi.c:1104:12:qspi_read_bbt	40	static
test_qspi.c:1070:12:qspi_write_bbt	16	static
test_qspi.c:993:12:qspi_mark_bb	16	static
test_qspi.c:947:12:qspi_scan_bbt	40	static
test_qspi.c:336:12:qspi_erase_all	24	static
test_qspi.c:698:12:qspi_int	16	static
test_qspi.c:750:12:qspi_mode	72	static
test_qspi.c:567:12:qspi_read	48	static
test_qspi.c:380:12:qspi_write	64	static
test_qspi.c:253:12:qspi_erase	40	static
test_qspi.c:226:12:qspi_probe	16	static
test_qspi.c:1631:6:qspi_reset_test	16	static
test_qspi.c:1663:6:qspi_cg_test	16	static
