test_dma.c:493:12:dma_test_prepare_share_ram	16	static
test_dma.c:50:13:dma_prepare_buffer	56	static
test_dma.c:512:12:dma_test_unprepare_share_ram	16	static
test_dma.c:1655:12:dma_timer_trigger	40	static
test_dma.c:1503:12:dma_gpio_trigger	40	static
test_dma.c:1338:12:dma_int	104	static
test_dma.c:2168:12:cmd_help	0	static
test_dma.c:1255:6:dma_int_handler	24	static
test_dma.c:1633:6:dummy_timer_int_handler	8	static
test_dma.c:455:12:dma_check_param_valid.isra.0	8	static
test_dma.c:163:12:dma_check_buffer_single	16	static
test_dma.c:315:12:dma_check_buffer	40	static
test_dma.c:1751:12:dma_mc	112	static
test_dma.c:523:12:dma_m2m_robust	88	static
test_dma.c:2082:12:dma_ch_reset	48	static
test_dma.c:1135:12:dma_cfg2	112	static
test_dma.c:1925:12:dma_mb	80	static
test_dma.c:836:12:dma_cfg	72	static
test_dma.c:673:12:dma_m2m	64	static
test_dma.c:1476:6:dummy_gpio_int_handler	8	static
test_dma.c:2199:5:dma_test_prepare	16	static
test_dma.c:2229:6:dma_reset_test	24	static
test_dma.c:2268:6:dma_cg_test	24	static
