test_aes.c:38:12:cmd_help	0	static
test_aes.c:42:13:aes_print_buffer.part.0	32	static
test_aes.c:42:13:aes_print_buffer	16	static
test_aes.c:63:6:aes_test_init	8	static
test_aes.c:4106:12:aes_cmac_multi	168	static
test_aes.c:3745:12:aes_gcm_multi	272	static
test_aes.c:3371:12:aes_ccm_multi	280	static
test_aes.c:3092:12:aes_cbc_multi	840	static
test_aes.c:2834:12:aes_ecb_multi	632	static
test_aes.c:2167:12:aes_ccm_star	1232	static
test_aes.c:1986:12:aes_cmac	152	static
test_aes.c:1733:12:aes_gcm_fixdata	288	static
test_aes.c:1414:12:aes_gcm	240	static
test_aes.c:1189:12:aes_ccm_fixdata	240	static
test_aes.c:864:12:aes_ccm	240	static
test_aes.c:576:12:aes_cbc	816	static
test_aes.c:327:12:aes_ecb	616	static
test_aes.c:86:12:KEK_KEY_Generate	608	static
test_aes.c:4336:6:aes_reset_test	16	static
test_aes.c:4367:6:aes_cg_test	16	static
