f_dfu.c:766:12:dfu_set_alt	0	static
f_dfu.c:779:12:__dfu_get_alt	0	static
f_dfu.c:787:13:dfu_disable	0	static
f_dfu.c:825:5:dfu_add	24	static
f_dfu.c:594:1:dfu_handle	24	static
f_dfu.c:170:13:dnload_request_flush	8	static
f_dfu.c:157:13:dnload_request_complete	16	static
f_dfu.c:740:13:dfu_unbind	40	static
f_dfu.c:699:12:dfu_bind	48	static
f_dfu.c:182:13:handle_getstatus.isra.3	24	static
f_dfu.c:400:12:state_dfu_dnbusy	8	static
f_dfu.c:456:12:state_dfu_manifest_sync	16	static
f_dfu.c:263:12:state_app_idle	8	static
f_dfu.c:239:12:handle_upload.isra.10	16	static
f_dfu.c:315:12:state_dfu_idle	8	static
f_dfu.c:511:12:state_dfu_upload_idle	16	static
f_dfu.c:484:12:state_dfu_manifest	8	static
f_dfu.c:291:12:state_app_detach	8	static
f_dfu.c:376:12:state_dfu_dnload_sync	8	static
f_dfu.c:549:12:state_dfu_error	8	static
f_dfu.c:421:12:state_dfu_dnload_idle	16	static
