f_fastboot.c:532:13:do_bootm_on_complete	0	static
f_fastboot.c:217:28:fastboot_start_ep	16	static
f_fastboot.c:193:13:fastboot_unbind	0	static
f_fastboot.c:292:12:fastboot_add	16	static
f_fastboot.c:198:13:fastboot_disable	8	static
f_fastboot.c:146:13:fastboot_complete	0	static
f_fastboot.c:556:13:do_exit_on_complete	0	static
f_fastboot.c:370:12:strcmp_l1	16	static
f_fastboot.c:342:12:fastboot_tx_write_str	16	static
f_fastboot.c:680:13:rx_handler_command	24	static
f_fastboot.c:596:13:cb_oem	8	static
f_fastboot.c:561:13:cb_continue	0	static
f_fastboot.c:550:13:cb_boot	0	static
f_fastboot.c:502:13:cb_download	104	static
f_fastboot.c:446:13:rx_handler_dl_image	104	static
f_fastboot.c:377:13:cb_getvar	96	static
f_fastboot.c:347:13:compl_do_reset	0	static
f_fastboot.c:154:12:fastboot_bind	24	static
f_fastboot.c:236:12:fastboot_set_alt	16	static
f_fastboot.c:134:6:fastboot_fail	16	static
f_fastboot.c:140:6:fastboot_okay	16	static
f_fastboot.c:352:12:fb_set_reboot_flag	0	static
f_fastboot.c:357:13:cb_reboot	8	static
