usb.c:316:1:usb_set_maxpacket_ep	4	static
usb.c:131:5:usb_stop	8	static
usb.c:152:5:usb_detect_change	32	static
usb.c:180:5:usb_disable_asynch	0	static
usb.c:198:5:usb_submit_int_msg	0	static
usb.c:213:5:usb_control_msg	104	static
usb.c:555:12:usb_get_descriptor	40	static
usb.c:935:12:get_descriptor_len	576	static
usb.c:727:12:usb_get_string	56	static
usb.c:763:12:usb_string_sub	32	static
usb.c:266:5:usb_bulk_msg	16	static
usb.c:295:5:usb_maxpacket	0	static
usb.c:526:5:usb_clear_halt	48	static
usb.c:569:5:usb_get_configuration_len	88	static
usb.c:592:5:usb_get_configuration_no	16	static
usb.c:626:5:usb_set_interface	32	static
usb.c:684:5:usb_set_protocol	32	static
usb.c:694:5:usb_set_idle	40	static
usb.c:704:5:usb_get_report	40	static
usb.c:716:5:usb_get_class_descriptor	40	static
usb.c:803:5:usb_string	568	static
usb.c:863:20:usb_get_dev_index	0	static
usb.c:871:5:usb_alloc_new_device	24	static
usb.c:897:6:usb_free_device	16	static
usb.c:911:12:usb_alloc_device	0	static
usb.c:1071:5:usb_select_config	80	static
usb.c:1138:5:usb_setup_device	56	static
usb.c:1164:5:usb_new_device	8	static
usb.c:57:5:usb_init	40	static
usb.c:1189:5:board_usb_init	0	static
usb.c:1195:5:board_usb_cleanup	0	static
usb.c:1200:6:usb_device_has_child_on_port	0	static
usb.c:1206:6:usb_find_usb2_hub_address_port	16	static
