string.c:30:5:strncasecmp	16	static
string.c:72:5:strcasecmp	0	static
string.c:85:7:strcpy	0	static
string.c:106:7:strncpy	0	static
string.c:149:7:strcat	0	static
string.c:174:7:strncat	4	static
string.c:204:5:strcmp	0	static
string.c:227:5:strncmp	8	static
string.c:250:7:strchr	0	static
string.c:269:7:strrchr	0	static
string.c:289:8:strlen	0	static
string.c:308:8:strnlen	0	static
string.c:322:7:strdup	8	static
string.c:343:8:strspn	8	static
string.c:375:7:strpbrk	4	static
string.c:402:7:strtok	16	static
string.c:440:7:strsep	12	static
string.c:468:7:strswab	0	static
string.c:501:7:memset	4	static
string.c:546:7:bcopy	4	static
string.c:569:7:memcpy	8	static
string.c:129:8:strlcpy	16	static
string.c:610:7:memmove	0	static
string.c:650:5:memcmp	4	static
string.c:677:7:memscan	0	static
string.c:700:7:strstr	20	static
string.c:734:7:memchr	0	static
string.c:771:7:memchr_inv	20	static
