mu_hst.c:346:13:MGC_EhsetSuspend	0	static
mu_hst.c:354:13:MGC_EhsetResume	0	static
mu_hst.c:380:13:MGC_EhsetGetDescriptorIn	8	static
mu_hst.c:390:13:MGC_EhsetGetDescriptorStatus	8	static
mu_hst.c:479:17:MGC_SkipEntry	0	static
mu_hst.c:2253:13:MGC_DriverTimerExpired	0	static
mu_hst.c:362:13:MGC_EhsetGetDescriptorSetup	16	static
mu_hst.c:400:13:MGC_Ehset.isra.0	24	static
mu_hst.c:518:20:MGC_HostFindDriver	56	static
mu_hst.c:1070:9:MGC_AllocateAddress	8	static
mu_hst.c:1113:6:MGC_ReleaseAddress	0	static
mu_hst.c:1124:9:MGC_EnumerateDevice	40	static
mu_hst.c:1231:6:MUSB_RejectDevice	48	static
mu_hst.c:1297:6:MUSB_RejectInterfaces	72	static
mu_hst.c:1432:6:MUSB_DeviceDisconnected	16	static
mu_hst.c:1173:9:MGC_HostDestroy	24	static
mu_hst.c:1465:10:MUSB_SetTreeSuspend	0	static
mu_hst.c:1475:9:MGC_StartNextControlTransfer	32	static
mu_hst.c:1509:9:MGC_RunScheduledTransfers	0	static
mu_hst.c:1991:11:MUSB_OpenPipe	88	static
mu_hst.c:2083:10:MUSB_ClosePipe	32	static
mu_hst.c:2139:10:MUSB_StartControlTransfer	32	static
mu_hst.c:250:13:MGC_HostGetShortDescriptor	16	static
mu_hst.c:719:13:MGC_HostEnumerator	64	static
mu_hst.c:299:13:MGC_HostGetConfig	32	static
mu_hst.c:275:13:MGC_HostGetFullDescriptor	16	static
mu_hst.c:219:13:MGC_HostSetDeviceAddress	32	static
mu_hst.c:2184:10:MUSB_CancelControlTransfer	24	static
mu_hst.c:2267:10:MUSB_ArmTimer	24	static
mu_hst.c:2291:10:MUSB_CancelTimer	8	static
mu_hst.c:2302:10:MGC_HostSetMaxPower	8	static
