mu_hdr.c:1964:13:MGC_HdrcResumeOff	8	static
mu_hdr.c:1953:13:MGC_HdrcResetOff	8	static
mu_hdr.c:137:9:MGC_HdrcInit	24	static
mu_hdr.c:242:6:MGC_HdrcDynamicFifoLocation	0	static
mu_hdr.c:315:5:MGC_HdrcIsr	16	static
mu_hdr.c:361:10:MGC_HdrcStart	40	static
mu_hdr.c:391:10:MGC_HdrcStop	0	static
mu_hdr.c:409:10:MGC_HdrcDestroy	8	static
mu_hdr.c:422:10:MGC_HdrcReadBusState	8	static
mu_hdr.c:480:10:MGC_HdrcProgramBusState	48	static
mu_hdr.c:591:23:MGC_HdrcBindEndpoint	40	static
mu_hdr.c:774:10:MGC_HdrcStartRx	64	static
mu_hdr.c:1024:10:MGC_HdrcStartTx	32	static
mu_hdr.c:1175:10:MGC_HdrcFlushEndpoint	40	static
mu_hdr.c:1262:10:MGC_HdrcHaltEndpoint	16	static
mu_hdr.c:1437:9:MGC_HdrcServiceDefaultEnd	64	static
mu_hdr.c:1602:9:MGC_HdrcServiceTransmitAvail	40	static
mu_hdr.c:1755:9:MGC_HdrcServiceReceiveReady	40	static
mu_hdr.c:1978:6:MGC_HdrcSetPortTestMode	64	static
mu_hdr.c:2109:9:MGC_HdrcLoadFifo	16	static
mu_hdr.c:1383:10:MGC_HdrcDefaultEndResponse	32	static
mu_hdr.c:2142:9:MGC_HdrcUnloadFifo	16	static
mu_hdr.c:2172:9:MGC_HdrcUlpiVbusControl	0	static
mu_hdr.c:2190:9:MGC_HdrcReadUlpiReg	0	static
mu_hdr.c:2216:9:MGC_HdrcWriteUlpiReg	0	static
mu_hdr.c:2241:9:MGC_HdrcDmaChannelStatusChanged	0	static
mu_hdr.c:2351:5:MGC_HdrcDumpState	0	static
mu_hdr.c:2360:5:MGC_HdrcDumpEndpoint	0	static
